Archive member included because of file (symbol)

/home/taga/NuttX/gcc-arm-none-eabi-4_7-2013q1/bin/../lib/gcc/arm-none-eabi/4.7.3/armv7-ar/thumb/libgcc.a(_udivsi3.o)
                              arch/arm/cpu/armv7/sunxi/libsunxi.o (__aeabi_uidiv)
/home/taga/NuttX/gcc-arm-none-eabi-4_7-2013q1/bin/../lib/gcc/arm-none-eabi/4.7.3/armv7-ar/thumb/libgcc.a(_divsi3.o)
                              arch/arm/cpu/armv7/sunxi/libsunxi.o (__aeabi_idiv)
/home/taga/NuttX/gcc-arm-none-eabi-4_7-2013q1/bin/../lib/gcc/arm-none-eabi/4.7.3/armv7-ar/thumb/libgcc.a(_dvmd_tls.o)
                              /home/taga/NuttX/gcc-arm-none-eabi-4_7-2013q1/bin/../lib/gcc/arm-none-eabi/4.7.3/armv7-ar/thumb/libgcc.a(_udivsi3.o) (__aeabi_idiv0)
/home/taga/NuttX/gcc-arm-none-eabi-4_7-2013q1/bin/../lib/gcc/arm-none-eabi/4.7.3/armv7-ar/thumb/libgcc.a(_lshrdi3.o)
                              lib/libgeneric.o (__aeabi_llsr)
/home/taga/NuttX/gcc-arm-none-eabi-4_7-2013q1/bin/../lib/gcc/arm-none-eabi/4.7.3/armv7-ar/thumb/libgcc.a(_ashldi3.o)
                              drivers/mmc/libmmc.o (__aeabi_llsl)

Discarded input sections

 .data          0x00000000        0x0 arch/arm/cpu/armv7/start.o
 .bss           0x00000000        0x0 arch/arm/cpu/armv7/start.o
 .text.v7_maint_dcache_all
                0x00000000       0xd0 arch/arm/cpu/armv7/libarmv7.o
 .text.v7_dcache_inval_range
                0x00000000       0x80 arch/arm/cpu/armv7/libarmv7.o
 .text.invalidate_icache_all
                0x00000000       0x18 arch/arm/cpu/armv7/libarmv7.o
 .text.__v7_outer_cache_enable
                0x00000000        0x4 arch/arm/cpu/armv7/libarmv7.o
 .text.__v7_outer_cache_disable
                0x00000000        0x4 arch/arm/cpu/armv7/libarmv7.o
 .text.__v7_outer_cache_flush_all
                0x00000000        0x4 arch/arm/cpu/armv7/libarmv7.o
 .text.flush_dcache_all
                0x00000000       0x14 arch/arm/cpu/armv7/libarmv7.o
 .text.__v7_outer_cache_inval_all
                0x00000000        0x4 arch/arm/cpu/armv7/libarmv7.o
 .text.invalidate_dcache_all
                0x00000000       0x14 arch/arm/cpu/armv7/libarmv7.o
 .text.arm_init_before_mmu
                0x00000000       0x28 arch/arm/cpu/armv7/libarmv7.o
 .text.__v7_outer_cache_flush_range
                0x00000000        0x4 arch/arm/cpu/armv7/libarmv7.o
 .text.flush_dcache_range
                0x00000000       0x3c arch/arm/cpu/armv7/libarmv7.o
 .text.flush_cache
                0x00000000        0x8 arch/arm/cpu/armv7/libarmv7.o
 .text.__v7_outer_cache_inval_range
                0x00000000        0x4 arch/arm/cpu/armv7/libarmv7.o
 .text.invalidate_dcache_range
                0x00000000       0x3c arch/arm/cpu/armv7/libarmv7.o
 .text.cpu_cache_initialization
                0x00000000        0x4 arch/arm/cpu/armv7/libarmv7.o
 .text.cleanup_before_linux
                0x00000000       0x24 arch/arm/cpu/armv7/libarmv7.o
 .text.wait_on_value
                0x00000000       0x34 arch/arm/cpu/armv7/libarmv7.o
 .rodata.str1.1
                0x00000000       0x65 arch/arm/cpu/armv7/libarmv7.o
 .rodata.__func__.5807
                0x00000000       0x16 arch/arm/cpu/armv7/libarmv7.o
 .data          0x00000000        0x0 arch/arm/cpu/armv7/libarmv7.o
 .bss           0x00000000        0x0 arch/arm/cpu/armv7/libarmv7.o
 .text          0x00000000       0x18 arch/arm/cpu/armv7/sunxi/libsunxi.o
 .text.get_timer_masked
                0x00000000       0x58 arch/arm/cpu/armv7/sunxi/libsunxi.o
 .text.get_timer
                0x00000000       0x14 arch/arm/cpu/armv7/sunxi/libsunxi.o
 .text.get_ticks
                0x00000000       0x10 arch/arm/cpu/armv7/sunxi/libsunxi.o
 .text.get_tbclk
                0x00000000        0x8 arch/arm/cpu/armv7/sunxi/libsunxi.o
 .text.reset_cpu
                0x00000000        0x4 arch/arm/cpu/armv7/sunxi/libsunxi.o
 .text.enable_caches
                0x00000000        0x4 arch/arm/cpu/armv7/sunxi/libsunxi.o
 .text.sunxi_gpio_output
                0x00000000       0x38 arch/arm/cpu/armv7/sunxi/libsunxi.o
 .text.sunxi_gpio_input
                0x00000000       0x28 arch/arm/cpu/armv7/sunxi/libsunxi.o
 .text.gpio_request
                0x00000000        0x8 arch/arm/cpu/armv7/sunxi/libsunxi.o
 .text.gpio_free
                0x00000000        0x8 arch/arm/cpu/armv7/sunxi/libsunxi.o
 .text.gpio_direction_input
                0x00000000       0x1c arch/arm/cpu/armv7/sunxi/libsunxi.o
 .text.gpio_direction_output
                0x00000000       0x24 arch/arm/cpu/armv7/sunxi/libsunxi.o
 .text.gpio_get_value
                0x00000000        0x4 arch/arm/cpu/armv7/sunxi/libsunxi.o
 .text.gpio_set_value
                0x00000000        0x4 arch/arm/cpu/armv7/sunxi/libsunxi.o
 .data          0x00000000        0x0 arch/arm/cpu/armv7/sunxi/libsunxi.o
 .bss           0x00000000        0x0 arch/arm/cpu/armv7/sunxi/libsunxi.o
 .text          0x00000000        0x0 arch/arm/lib/libarm.o
 .text.__flush_cache
                0x00000000        0x4 arch/arm/lib/libarm.o
 .text.__flush_dcache_all
                0x00000000        0xc arch/arm/lib/libarm.o
 .text.__enable_caches
                0x00000000        0xc arch/arm/lib/libarm.o
 .text.cp_delay
                0x00000000       0x30 arch/arm/lib/libarm.o
 .text.__arm_init_before_mmu
                0x00000000        0x4 arch/arm/lib/libarm.o
 .text.mmu_setup
                0x00000000       0x8c arch/arm/lib/libarm.o
 .text.icache_enable
                0x00000000       0x18 arch/arm/lib/libarm.o
 .text.icache_disable
                0x00000000       0x18 arch/arm/lib/libarm.o
 .text.icache_status
                0x00000000        0xc arch/arm/lib/libarm.o
 .text.dcache_enable
                0x00000000       0x28 arch/arm/lib/libarm.o
 .text.dcache_disable
                0x00000000       0x24 arch/arm/lib/libarm.o
 .text.dcache_status
                0x00000000        0xc arch/arm/lib/libarm.o
 .rodata.str1.1
                0x00000000       0x1d arch/arm/lib/libarm.o
 .bss           0x00000000        0x0 arch/arm/lib/libarm.o
 .text          0x00000000        0x0 board/allwinner/common/liballwinner.o
 .text.board_init
                0x00000000       0x18 board/allwinner/common/liballwinner.o
 .text.dram_init_banksize
                0x00000000       0x24 board/allwinner/common/liballwinner.o
 .text.dram_init
                0x00000000       0x24 board/allwinner/common/liballwinner.o
 .data          0x00000000        0x0 board/allwinner/common/liballwinner.o
 .bss           0x00000000        0x0 board/allwinner/common/liballwinner.o
 .text          0x00000000        0x0 board/allwinner/pcduino/libpcduino.o
 .text.checkboard
                0x00000000       0x18 board/allwinner/pcduino/libpcduino.o
 .rodata.str1.1
                0x00000000       0x10 board/allwinner/pcduino/libpcduino.o
 .data          0x00000000        0x0 board/allwinner/pcduino/libpcduino.o
 .bss           0x00000000        0x0 board/allwinner/pcduino/libpcduino.o
 .text          0x00000000        0x0 common/libcommon.o
 .text.console_setfile
                0x00000000       0x9c common/libcommon.o
 .text.serial_printf
                0x00000000       0x40 common/libcommon.o
 .text.fgetc    0x00000000       0x2c common/libcommon.o
 .text.ftstc    0x00000000       0x2c common/libcommon.o
 .text.fputc    0x00000000       0x28 common/libcommon.o
 .text.fputs    0x00000000       0x28 common/libcommon.o
 .text.fprintf  0x00000000       0x48 common/libcommon.o
 .text.getc     0x00000000       0x3c common/libcommon.o
 .text.tstc     0x00000000       0x3c common/libcommon.o
 .text.putc     0x00000000       0x3c common/libcommon.o
 .text.vprintf  0x00000000       0x40 common/libcommon.o
 .text.ctrlc    0x00000000       0x58 common/libcommon.o
 .text.disable_ctrlc
                0x00000000       0x18 common/libcommon.o
 .text.had_ctrlc
                0x00000000       0x10 common/libcommon.o
 .text.clear_ctrlc
                0x00000000       0x14 common/libcommon.o
 .text.dbg      0x00000000        0xc common/libcommon.o
 .text.search_device
                0x00000000       0x30 common/libcommon.o
 .text.console_assign
                0x00000000       0x44 common/libcommon.o
 .text.console_init_f
                0x00000000       0x10 common/libcommon.o
 .text.stdio_print_current_devices
                0x00000000       0xb0 common/libcommon.o
 .text.console_init_r
                0x00000000       0xd4 common/libcommon.o
 .text.sbrk     0x00000000       0x70 common/libcommon.o
 .text.mem_malloc_init
                0x00000000       0x34 common/libcommon.o
 .text.malloc_trim
                0x00000000       0xcc common/libcommon.o
 .text.free     0x00000000      0x22c common/libcommon.o
 .text.cfree    0x00000000        0x4 common/libcommon.o
 .text.malloc   0x00000000      0x5dc common/libcommon.o
 .text.calloc   0x00000000       0xd8 common/libcommon.o
 .text.memalign
                0x00000000      0x10c common/libcommon.o
 .text.pvalloc  0x00000000       0x18 common/libcommon.o
 .text.valloc   0x00000000        0xc common/libcommon.o
 .text.realloc  0x00000000      0x410 common/libcommon.o
 .text.malloc_usable_size
                0x00000000       0x3c common/libcommon.o
 .text.mallopt  0x00000000       0x68 common/libcommon.o
 .text.__fswab32
                0x00000000        0x8 common/libcommon.o
 .text.image_get_magic
                0x00000000        0x8 common/libcommon.o
 .text.image_get_size
                0x00000000        0x8 common/libcommon.o
 .text.image_check_hcrc
                0x00000000       0x50 common/libcommon.o
 .text.image_check_dcrc
                0x00000000       0x3c common/libcommon.o
 .text.image_multi_count
                0x00000000       0x20 common/libcommon.o
 .text.image_multi_getimg
                0x00000000       0x88 common/libcommon.o
 .text.getenv_yesno
                0x00000000       0x28 common/libcommon.o
 .text.getenv_bootm_low
                0x00000000       0x30 common/libcommon.o
 .text.getenv_bootm_size
                0x00000000       0x5c common/libcommon.o
 .text.getenv_bootm_mapsize
                0x00000000       0x30 common/libcommon.o
 .text.memmove_wd
                0x00000000        0xc common/libcommon.o
 .text.genimg_print_size
                0x00000000       0x30 common/libcommon.o
 .text.get_table_entry_name
                0x00000000       0x28 common/libcommon.o
 .text.genimg_get_os_name
                0x00000000       0x18 common/libcommon.o
 .text.genimg_get_arch_name
                0x00000000       0x18 common/libcommon.o
 .text.genimg_get_type_name
                0x00000000       0x18 common/libcommon.o
 .text.genimg_get_comp_name
                0x00000000       0x18 common/libcommon.o
 .text.image_print_contents
                0x00000000      0x178 common/libcommon.o
 .text.get_table_entry_id
                0x00000000       0x50 common/libcommon.o
 .text.genimg_get_os_id
                0x00000000       0x18 common/libcommon.o
 .text.genimg_get_arch_id
                0x00000000       0x18 common/libcommon.o
 .text.genimg_get_type_id
                0x00000000       0x18 common/libcommon.o
 .text.genimg_get_comp_id
                0x00000000       0x18 common/libcommon.o
 .text.genimg_get_format
                0x00000000       0x20 common/libcommon.o
 .text.genimg_get_image
                0x00000000        0x4 common/libcommon.o
 .text.genimg_has_config
                0x00000000        0x8 common/libcommon.o
 .text.boot_get_ramdisk
                0x00000000      0x1d0 common/libcommon.o
 .text.boot_ramdisk_high
                0x00000000      0x124 common/libcommon.o
 .text.boot_get_cmdline
                0x00000000       0x80 common/libcommon.o
 .text.get_ram_size
                0x00000000       0xfc common/libcommon.o
 .text.stdio_get_list
                0x00000000        0xc common/libcommon.o
 .text.stdio_get_by_name
                0x00000000       0x54 common/libcommon.o
 .text.stdio_clone
                0x00000000       0x4c common/libcommon.o
 .text.stdio_register
                0x00000000       0x44 common/libcommon.o
 .text.stdio_init
                0x00000000       0x98 common/libcommon.o
 .rodata.str1.1
                0x00000000      0x69a common/libcommon.o
 .rodata.uimage_comp
                0x00000000       0x48 common/libcommon.o
 .rodata.uimage_os
                0x00000000       0x54 common/libcommon.o
 .rodata.uimage_arch
                0x00000000       0xfc common/libcommon.o
 .rodata.uimage_type
                0x00000000       0xcc common/libcommon.o
 .data          0x00000000        0x0 common/libcommon.o
 .data.av_      0x00000000      0x408 common/libcommon.o
 .data.mmap_threshold
                0x00000000        0x4 common/libcommon.o
 .data.sbrk_base
                0x00000000        0x4 common/libcommon.o
 .data.trim_threshold
                0x00000000        0x4 common/libcommon.o
 .data.stdio_names
                0x00000000        0xc common/libcommon.o
 .bss           0x00000000        0x0 common/libcommon.o
 .bss.ctrlc_was_pressed
                0x00000000        0x4 common/libcommon.o
 .bss.ctrlc_disabled
                0x00000000        0x4 common/libcommon.o
 .bss.max_total_mem
                0x00000000        0x4 common/libcommon.o
 .bss.mem_malloc_brk
                0x00000000        0x4 common/libcommon.o
 .bss.max_sbrked_mem
                0x00000000        0x4 common/libcommon.o
 .bss.current_mallinfo
                0x00000000       0x28 common/libcommon.o
 .bss.mem_malloc_end
                0x00000000        0x4 common/libcommon.o
 .bss.top_pad   0x00000000        0x4 common/libcommon.o
 .bss.mem_malloc_start
                0x00000000        0x4 common/libcommon.o
 .bss.n_mmaps_max
                0x00000000        0x4 common/libcommon.o
 .bss.devs      0x00000000       0x3c common/libcommon.o
 .text          0x00000000        0x0 common/spl/libspl.o
 .bss           0x00000000        0x0 common/spl/libspl.o
 .text          0x00000000        0x0 disk/libdisk.o
 .text.get_dev  0x00000000       0x60 disk/libdisk.o
 .text.dev_print
                0x00000000      0x210 disk/libdisk.o
 .text.print_part
                0x00000000       0xe8 disk/libdisk.o
 .text.get_partition_info
                0x00000000       0x2c disk/libdisk.o
 .text.get_device
                0x00000000       0x80 disk/libdisk.o
 .text.get_device_and_partition
                0x00000000      0x2dc disk/libdisk.o
 .text.le32_to_int
                0x00000000       0x24 disk/libdisk.o
 .text.is_extended
                0x00000000       0x24 disk/libdisk.o
 .text.print_partition_extended
                0x00000000      0x1e4 disk/libdisk.o
 .text.get_partition_info_extended.constprop.2
                0x00000000      0x26c disk/libdisk.o
 .text.print_part_dos
                0x00000000       0x2c disk/libdisk.o
 .text.get_partition_info_dos
                0x00000000       0x1c disk/libdisk.o
 .rodata.block_drvr
                0x00000000       0x10 disk/libdisk.o
 .data          0x00000000        0x0 disk/libdisk.o
 .bss           0x00000000        0x0 disk/libdisk.o
 .text          0x00000000        0x0 drivers/i2c/libi2c.o
 .text.i2c_probe
                0x00000000        0x8 drivers/i2c/libi2c.o
 .bss           0x00000000        0x0 drivers/i2c/libi2c.o
 .text          0x00000000        0x0 drivers/mmc/libmmc.o
 .text.mmc_switch_part
                0x00000000       0x3c drivers/mmc/libmmc.o
 .text.mmc_set_bus_width
                0x00000000        0x8 drivers/mmc/libmmc.o
 .text.mmc_get_dev
                0x00000000       0x2c drivers/mmc/libmmc.o
 .text.get_mmc_num
                0x00000000       0x10 drivers/mmc/libmmc.o
 .data          0x00000000        0x0 drivers/mmc/libmmc.o
 .bss           0x00000000        0x0 drivers/mmc/libmmc.o
 .text          0x00000000        0x0 drivers/power/libpower.o
 .text.axp209_poweroff
                0x00000000       0x40 drivers/power/libpower.o
 .data          0x00000000        0x0 drivers/power/libpower.o
 .bss           0x00000000        0x0 drivers/power/libpower.o
 .text          0x00000000        0x0 drivers/serial/libserial.o
 .text.NS16550_reinit
                0x00000000       0x4c drivers/serial/libserial.o
 .text.NS16550_getc
                0x00000000       0x14 drivers/serial/libserial.o
 .text.NS16550_tstc
                0x00000000        0xc drivers/serial/libserial.o
 .text._serial_putc_raw
                0x00000000       0x1c drivers/serial/libserial.o
 .text._serial_getc
                0x00000000       0x1c drivers/serial/libserial.o
 .text._serial_tstc
                0x00000000       0x14 drivers/serial/libserial.o
 .text._serial_setbrg
                0x00000000       0x28 drivers/serial/libserial.o
 .text.serial_putc
                0x00000000        0x8 drivers/serial/libserial.o
 .text.serial_putc_raw
                0x00000000        0x8 drivers/serial/libserial.o
 .text.serial_getc
                0x00000000        0x8 drivers/serial/libserial.o
 .text.serial_tstc
                0x00000000        0x8 drivers/serial/libserial.o
 .text.serial_setbrg
                0x00000000        0x8 drivers/serial/libserial.o
 .data          0x00000000        0x0 drivers/serial/libserial.o
 .bss           0x00000000        0x0 drivers/serial/libserial.o
 .text          0x00000000        0x0 lib/libgeneric.o
 .text.crc32_no_comp
                0x00000000       0xd8 lib/libgeneric.o
 .text.crc32    0x00000000       0x14 lib/libgeneric.o
 .text.crc32_wd
                0x00000000        0x4 lib/libgeneric.o
 .text.strcpy   0x00000000       0x1c lib/libgeneric.o
 .text.strncpy  0x00000000       0x24 lib/libgeneric.o
 .text.strcat   0x00000000       0x30 lib/libgeneric.o
 .text.strncat  0x00000000       0x50 lib/libgeneric.o
 .text.strcmp   0x00000000       0x2c lib/libgeneric.o
 .text.strchr   0x00000000       0x2c lib/libgeneric.o
 .text.skip_spaces
                0x00000000       0x30 lib/libgeneric.o
 .text.strlen   0x00000000       0x20 lib/libgeneric.o
 .text.strim    0x00000000       0x68 lib/libgeneric.o
 .text.strrchr  0x00000000       0x3c lib/libgeneric.o
 .text.strdup   0x00000000       0x38 lib/libgeneric.o
 .text.strspn   0x00000000       0x3c lib/libgeneric.o
 .text.strpbrk  0x00000000       0x3c lib/libgeneric.o
 .text.strtok   0x00000000       0x78 lib/libgeneric.o
 .text.strsep   0x00000000       0x34 lib/libgeneric.o
 .text.strswab  0x00000000       0x4c lib/libgeneric.o
 .text.bcopy    0x00000000       0x24 lib/libgeneric.o
 .text.memmove  0x00000000       0x64 lib/libgeneric.o
 .text.memscan  0x00000000       0x2c lib/libgeneric.o
 .text.strstr   0x00000000       0x6c lib/libgeneric.o
 .text.memchr   0x00000000       0x34 lib/libgeneric.o
 .text.mdelay   0x00000000       0x24 lib/libgeneric.o
 .text.simple_strtoul
                0x00000000       0xc8 lib/libgeneric.o
 .text.strict_strtoul
                0x00000000       0x78 lib/libgeneric.o
 .text.simple_strtol
                0x00000000       0x28 lib/libgeneric.o
 .text.ustrtoul
                0x00000000       0x70 lib/libgeneric.o
 .text.simple_strtoull
                0x00000000       0xe8 lib/libgeneric.o
 .text.panic    0x00000000       0x44 lib/libgeneric.o
 .text.__assert_fail
                0x00000000       0x14 lib/libgeneric.o
 .text.simple_itoa
                0x00000000       0x58 lib/libgeneric.o
 .rodata.crc_table
                0x00000000      0x400 lib/libgeneric.o
 .rodata.hex_asc
                0x00000000       0x11 lib/libgeneric.o
 .data          0x00000000        0x0 lib/libgeneric.o
 .bss           0x00000000        0x0 lib/libgeneric.o
 .bss.___strtok
                0x00000000        0x4 lib/libgeneric.o
 .bss.local.5932
                0x00000000       0x16 lib/libgeneric.o
 .text          0x00000000        0x0 /home/taga/NuttX/u-boot-sunxi/spl/arch/arm/lib/eabi_compat.o
 .data          0x00000000        0x0 /home/taga/NuttX/u-boot-sunxi/spl/arch/arm/lib/eabi_compat.o
 .bss           0x00000000        0x0 /home/taga/NuttX/u-boot-sunxi/spl/arch/arm/lib/eabi_compat.o
 .text.raise    0x00000000        0x8 /home/taga/NuttX/u-boot-sunxi/spl/arch/arm/lib/eabi_compat.o
 .text.__aeabi_unwind_cpp_pr0
                0x00000000        0x4 /home/taga/NuttX/u-boot-sunxi/spl/arch/arm/lib/eabi_compat.o
 .text.__aeabi_unwind_cpp_pr1
                0x00000000        0x4 /home/taga/NuttX/u-boot-sunxi/spl/arch/arm/lib/eabi_compat.o
 .debug_info    0x00000000      0x316 /home/taga/NuttX/u-boot-sunxi/spl/arch/arm/lib/eabi_compat.o
 .debug_abbrev  0x00000000      0x11e /home/taga/NuttX/u-boot-sunxi/spl/arch/arm/lib/eabi_compat.o
 .debug_loc     0x00000000       0x21 /home/taga/NuttX/u-boot-sunxi/spl/arch/arm/lib/eabi_compat.o
 .debug_aranges
                0x00000000       0x30 /home/taga/NuttX/u-boot-sunxi/spl/arch/arm/lib/eabi_compat.o
 .debug_ranges  0x00000000       0x20 /home/taga/NuttX/u-boot-sunxi/spl/arch/arm/lib/eabi_compat.o
 .debug_line    0x00000000       0xf8 /home/taga/NuttX/u-boot-sunxi/spl/arch/arm/lib/eabi_compat.o
 .debug_str     0x00000000      0x27d /home/taga/NuttX/u-boot-sunxi/spl/arch/arm/lib/eabi_compat.o
 .comment       0x00000000       0x71 /home/taga/NuttX/u-boot-sunxi/spl/arch/arm/lib/eabi_compat.o
 .ARM.attributes
                0x00000000       0x2d /home/taga/NuttX/u-boot-sunxi/spl/arch/arm/lib/eabi_compat.o
 .debug_frame   0x00000000       0x40 /home/taga/NuttX/u-boot-sunxi/spl/arch/arm/lib/eabi_compat.o
 .data          0x00000000        0x0 /home/taga/NuttX/gcc-arm-none-eabi-4_7-2013q1/bin/../lib/gcc/arm-none-eabi/4.7.3/armv7-ar/thumb/libgcc.a(_udivsi3.o)
 .bss           0x00000000        0x0 /home/taga/NuttX/gcc-arm-none-eabi-4_7-2013q1/bin/../lib/gcc/arm-none-eabi/4.7.3/armv7-ar/thumb/libgcc.a(_udivsi3.o)
 .data          0x00000000        0x0 /home/taga/NuttX/gcc-arm-none-eabi-4_7-2013q1/bin/../lib/gcc/arm-none-eabi/4.7.3/armv7-ar/thumb/libgcc.a(_divsi3.o)
 .bss           0x00000000        0x0 /home/taga/NuttX/gcc-arm-none-eabi-4_7-2013q1/bin/../lib/gcc/arm-none-eabi/4.7.3/armv7-ar/thumb/libgcc.a(_divsi3.o)
 .data          0x00000000        0x0 /home/taga/NuttX/gcc-arm-none-eabi-4_7-2013q1/bin/../lib/gcc/arm-none-eabi/4.7.3/armv7-ar/thumb/libgcc.a(_dvmd_tls.o)
 .bss           0x00000000        0x0 /home/taga/NuttX/gcc-arm-none-eabi-4_7-2013q1/bin/../lib/gcc/arm-none-eabi/4.7.3/armv7-ar/thumb/libgcc.a(_dvmd_tls.o)
 .data          0x00000000        0x0 /home/taga/NuttX/gcc-arm-none-eabi-4_7-2013q1/bin/../lib/gcc/arm-none-eabi/4.7.3/armv7-ar/thumb/libgcc.a(_lshrdi3.o)
 .bss           0x00000000        0x0 /home/taga/NuttX/gcc-arm-none-eabi-4_7-2013q1/bin/../lib/gcc/arm-none-eabi/4.7.3/armv7-ar/thumb/libgcc.a(_lshrdi3.o)
 .data          0x00000000        0x0 /home/taga/NuttX/gcc-arm-none-eabi-4_7-2013q1/bin/../lib/gcc/arm-none-eabi/4.7.3/armv7-ar/thumb/libgcc.a(_ashldi3.o)
 .bss           0x00000000        0x0 /home/taga/NuttX/gcc-arm-none-eabi-4_7-2013q1/bin/../lib/gcc/arm-none-eabi/4.7.3/armv7-ar/thumb/libgcc.a(_ashldi3.o)

Memory Configuration

Name             Origin             Length             Attributes
.sram            0x00000030         0x00008000
.sdram           0x50000000         0x00080000
*default*        0x00000000         0xffffffff

Linker script and memory map


.text           0x00000030     0x434c
                0x00000030                __start = .
 arch/arm/cpu/armv7/start.o(.text)
 .text          0x00000030      0x100 arch/arm/cpu/armv7/start.o
                0x00000040                _start
                0x00000080                _end_vect
                0x00000080                _TEXT_BASE
                0x00000084                _bss_start_ofs
                0x00000088                _image_copy_end_ofs
                0x0000008c                _bss_end_ofs
                0x00000090                _end_ofs
                0x00000094                IRQ_STACK_START_IN
                0x000000dc                save_boot_params
                0x000000e0                cpu_init_cp15
                0x00000118                cpu_init_crit
 *(.text*)
 .text          0x00000130       0x18 arch/arm/cpu/armv7/libarmv7.o
                0x00000130                lowlevel_init
 .text.sdelay   0x00000148        0xc arch/arm/cpu/armv7/libarmv7.o
                0x00000148                sdelay
 .text.sr32     0x00000154       0x24 arch/arm/cpu/armv7/libarmv7.o
                0x00000154                sr32
 .text.timer_init
                0x00000178       0x20 arch/arm/cpu/armv7/sunxi/libsunxi.o
                0x00000178                timer_init
 .text.__udelay
                0x00000198       0x58 arch/arm/cpu/armv7/sunxi/libsunxi.o
                0x00000198                __udelay
 .text.DRAMC_get_dram_size
                0x000001f0       0x74 arch/arm/cpu/armv7/sunxi/libsunxi.o
                0x000001f0                DRAMC_get_dram_size
 .text.DRAMC_init
                0x00000264      0x484 arch/arm/cpu/armv7/sunxi/libsunxi.o
                0x00000264                DRAMC_init
 .text.spl_boot_device
                0x000006e8       0x2c arch/arm/cpu/armv7/sunxi/libsunxi.o
                0x000006e8                spl_boot_device
 .text.spl_boot_mode
                0x00000714        0x8 arch/arm/cpu/armv7/sunxi/libsunxi.o
                0x00000714                spl_boot_mode
 .text.gpio_init
                0x0000071c       0x24 arch/arm/cpu/armv7/sunxi/libsunxi.o
                0x0000071c                gpio_init
 .text.s_init   0x00000740       0x30 arch/arm/cpu/armv7/sunxi/libsunxi.o
                0x00000740                s_init
 .text.clock_init
                0x00000770       0x98 arch/arm/cpu/armv7/sunxi/libsunxi.o
                0x00000770                clock_init
 .text.clock_twi_onoff
                0x00000808       0x38 arch/arm/cpu/armv7/sunxi/libsunxi.o
                0x00000808                clock_twi_onoff
 .text.clock_set_pll1
                0x00000840       0xe4 arch/arm/cpu/armv7/sunxi/libsunxi.o
                0x00000840                clock_set_pll1
 .text.sunxi_gpio_set_cfgpin
                0x00000924       0x40 arch/arm/cpu/armv7/sunxi/libsunxi.o
                0x00000924                sunxi_gpio_set_cfgpin
 .text.sunxi_gpio_get_cfgpin
                0x00000964       0x30 arch/arm/cpu/armv7/sunxi/libsunxi.o
                0x00000964                sunxi_gpio_get_cfgpin
 .text.board_init_f
                0x00000994       0x3c arch/arm/lib/libarm.o
                0x00000994                board_init_f
 .text.board_mmc_init
                0x000009d0       0x14 board/allwinner/common/liballwinner.o
                0x000009d0                board_mmc_init
 .text.sunxi_board_init
                0x000009e4       0xb8 board/allwinner/common/liballwinner.o
                0x000009e4                sunxi_board_init
 .text.sunxi_dram_init
                0x00000a9c        0xc board/allwinner/pcduino/libpcduino.o
                0x00000a9c                sunxi_dram_init
 .text.puts     0x00000aa8       0x3c common/libcommon.o
                0x00000aa8                puts
 .text.printf   0x00000ae4       0x4c common/libcommon.o
                0x00000ae4                printf
 .text.__fswab32
                0x00000b30        0x8 common/spl/libspl.o
 .text.image_get_load
                0x00000b38        0x8 common/spl/libspl.o
 .text.image_get_size
                0x00000b40        0x8 common/spl/libspl.o
 .text.hang     0x00000b48       0x14 common/spl/libspl.o
                0x00000b48                hang
 .text.spl_parse_image_header
                0x00000b5c       0xb8 common/spl/libspl.o
                0x00000b5c                spl_parse_image_header
 .text.board_init_r
                0x00000c14       0x50 common/spl/libspl.o
                0x00000c14                board_init_r
 .text.preloader_console_init
                0x00000c64       0x44 common/spl/libspl.o
                0x00000c64                preloader_console_init
 .text.init_part
                0x00000ca8       0x20 disk/libdisk.o
                0x00000ca8                init_part
 .text.test_block_type
                0x00000cc8       0x6c disk/libdisk.o
 .text.test_part_dos
                0x00000d34       0x64 disk/libdisk.o
                0x00000d34                test_part_dos
 .text.i2c_wait_ctl
                0x00000d98       0x4c drivers/i2c/libi2c.o
 .text.i2c_wait_irq_status
                0x00000de4       0x40 drivers/i2c/libi2c.o
 .text.i2c_send_data
                0x00000e24       0x3c drivers/i2c/libi2c.o
 .text.i2c_start
                0x00000e60       0x78 drivers/i2c/libi2c.o
 .text.i2c_stop
                0x00000ed8       0x98 drivers/i2c/libi2c.o
 .text.i2c_init
                0x00000f70       0x68 drivers/i2c/libi2c.o
                0x00000f70                i2c_init
 .text.i2c_do_read
                0x00000fd8      0x104 drivers/i2c/libi2c.o
                0x00000fd8                i2c_do_read
 .text.i2c_read
                0x000010dc       0x20 drivers/i2c/libi2c.o
                0x000010dc                i2c_read
 .text.i2c_write
                0x000010fc       0x94 drivers/i2c/libi2c.o
                0x000010fc                i2c_write
 .text.spl_mmc_load_image
                0x00001190       0xdc drivers/mmc/libmmc.o
                0x00001190                spl_mmc_load_image
 .text.__fswab32
                0x0000126c        0x8 drivers/mmc/libmmc.o
 .text.__board_mmc_getcd
                0x00001274        0x8 drivers/mmc/libmmc.o
                0x00001274                __board_mmc_getcd
                0x00001274                board_mmc_getcd
 .text.mmc_send_cmd
                0x0000127c      0x318 drivers/mmc/libmmc.o
                0x0000127c                mmc_send_cmd
 .text.mmc_send_status
                0x00001594       0xcc drivers/mmc/libmmc.o
                0x00001594                mmc_send_status
 .text.mmc_set_blocklen
                0x00001660       0x30 drivers/mmc/libmmc.o
                0x00001660                mmc_set_blocklen
 .text.find_mmc_device
                0x00001690       0x4c drivers/mmc/libmmc.o
                0x00001690                find_mmc_device
 .text.mmc_berase
                0x000016dc      0x18c drivers/mmc/libmmc.o
 .text.mmc_bwrite
                0x00001868      0x160 drivers/mmc/libmmc.o
 .text.mmc_read_blocks
                0x000019c8       0xbc drivers/mmc/libmmc.o
                0x000019c8                mmc_read_blocks
 .text.mmc_bread
                0x00001a84       0x9c drivers/mmc/libmmc.o
 .text.mmc_go_idle
                0x00001b20       0x4c drivers/mmc/libmmc.o
                0x00001b20                mmc_go_idle
 .text.sd_send_op_cond
                0x00001b6c      0x144 drivers/mmc/libmmc.o
                0x00001b6c                sd_send_op_cond
 .text.mmc_send_op_cond
                0x00001cb0      0x140 drivers/mmc/libmmc.o
                0x00001cb0                mmc_send_op_cond
 .text.mmc_send_ext_csd
                0x00001df0       0x4c drivers/mmc/libmmc.o
                0x00001df0                mmc_send_ext_csd
 .text.mmc_switch
                0x00001e3c       0x54 drivers/mmc/libmmc.o
                0x00001e3c                mmc_switch
 .text.mmc_change_freq
                0x00001e90       0xb8 drivers/mmc/libmmc.o
                0x00001e90                mmc_change_freq
 .text.mmc_getcd
                0x00001f48       0x2c drivers/mmc/libmmc.o
                0x00001f48                mmc_getcd
 .text.sd_switch
                0x00001f74       0x64 drivers/mmc/libmmc.o
                0x00001f74                sd_switch
 .text.sd_change_freq
                0x00001fd8      0x1e4 drivers/mmc/libmmc.o
                0x00001fd8                sd_change_freq
 .text.mmc_set_ios
                0x000021bc       0xd4 drivers/mmc/libmmc.o
                0x000021bc                mmc_set_ios
 .text.mmc_set_clock
                0x00002290       0x20 drivers/mmc/libmmc.o
                0x00002290                mmc_set_clock
 .text.mmc_startup
                0x000022b0      0x69c drivers/mmc/libmmc.o
                0x000022b0                mmc_startup
 .text.mmc_send_if_cond
                0x0000294c       0x74 drivers/mmc/libmmc.o
                0x0000294c                mmc_send_if_cond
 .text.mmc_register
                0x000029c0       0x84 drivers/mmc/libmmc.o
                0x000029c0                mmc_register
 .text.mmc_init
                0x00002a44       0xdc drivers/mmc/libmmc.o
                0x00002a44                mmc_init
 .text.__def_mmc_init
                0x00002b20        0x8 drivers/mmc/libmmc.o
                0x00002b20                cpu_mmc_init
 .text.print_mmc_devices
                0x00002b28       0x6c drivers/mmc/libmmc.o
                0x00002b28                print_mmc_devices
 .text.mmc_initialize
                0x00002b94       0x4c drivers/mmc/libmmc.o
                0x00002b94                mmc_initialize
 .text.mmc_update_clk
                0x00002be0       0x60 drivers/mmc/libmmc.o
 .text.mmc_core_init
                0x00002c40       0x18 drivers/mmc/libmmc.o
 .text.sunxi_mmc_init
                0x00002c58      0x2a0 drivers/mmc/libmmc.o
                0x00002c58                sunxi_mmc_init
 .text.axp209_write
                0x00002ef8       0x2c drivers/power/libpower.o
                0x00002ef8                axp209_write
 .text.axp209_read
                0x00002f24       0x24 drivers/power/libpower.o
                0x00002f24                axp209_read
 .text.axp209_set_dcdc2
                0x00002f48       0x6c drivers/power/libpower.o
                0x00002f48                axp209_set_dcdc2
 .text.axp209_set_dcdc3
                0x00002fb4       0x48 drivers/power/libpower.o
                0x00002fb4                axp209_set_dcdc3
 .text.axp209_set_ldo2
                0x00002ffc       0x5c drivers/power/libpower.o
                0x00002ffc                axp209_set_ldo2
 .text.axp209_set_ldo3
                0x00003058       0x40 drivers/power/libpower.o
                0x00003058                axp209_set_ldo3
 .text.axp209_set_ldo4
                0x00003098       0x60 drivers/power/libpower.o
                0x00003098                axp209_set_ldo4
 .text.axp209_init
                0x000030f8       0x2c drivers/power/libpower.o
                0x000030f8                axp209_init
 .text.NS16550_init
                0x00003124       0x48 drivers/serial/libserial.o
                0x00003124                NS16550_init
 .text.NS16550_putc
                0x0000316c       0x1c drivers/serial/libserial.o
                0x0000316c                NS16550_putc
 .text.calc_divisor.isra.0
                0x00003188       0x24 drivers/serial/libserial.o
 .text.serial_init
                0x000031ac       0x5c drivers/serial/libserial.o
                0x000031ac                serial_init
 .text._serial_putc
                0x00003208       0x38 drivers/serial/libserial.o
                0x00003208                _serial_putc
 .text._serial_puts
                0x00003240       0x28 drivers/serial/libserial.o
                0x00003240                _serial_puts
 .text.serial_puts
                0x00003268        0x8 drivers/serial/libserial.o
                0x00003268                serial_puts
 .text.__div64_32
                0x00003270       0xd0 lib/libgeneric.o
                0x00003270                __div64_32
 .text.strncmp  0x00003340       0x40 lib/libgeneric.o
                0x00003340                strncmp
 .text.strnlen  0x00003380       0x30 lib/libgeneric.o
                0x00003380                strnlen
 .text.memset   0x000033b0       0x68 lib/libgeneric.o
                0x000033b0                memset
 .text.memcpy   0x00003418       0x68 lib/libgeneric.o
                0x00003418                memcpy
 .text.memcmp   0x00003480       0x34 lib/libgeneric.o
                0x00003480                memcmp
 .text.udelay   0x000034b4       0x2c lib/libgeneric.o
                0x000034b4                udelay
 .text.put_dec  0x000034e0      0x1ec lib/libgeneric.o
 .text.string.isra.0
                0x000036cc       0x9c lib/libgeneric.o
 .text.number.isra.1
                0x00003768      0x260 lib/libgeneric.o
 .text.vsnprintf_internal.isra.3
                0x000039c8      0x430 lib/libgeneric.o
 .text.vsprintf
                0x00003df8        0x4 lib/libgeneric.o
                0x00003df8                vsprintf
 .text.sprintf  0x00003dfc       0x24 lib/libgeneric.o
                0x00003dfc                sprintf
 .text          0x00003e20      0x278 /home/taga/NuttX/gcc-arm-none-eabi-4_7-2013q1/bin/../lib/gcc/arm-none-eabi/4.7.3/armv7-ar/thumb/libgcc.a(_udivsi3.o)
                0x00003e20                __udivsi3
                0x00003e20                __aeabi_uidiv
                0x0000407c                __aeabi_uidivmod
 .text          0x00004098      0x2b0 /home/taga/NuttX/gcc-arm-none-eabi-4_7-2013q1/bin/../lib/gcc/arm-none-eabi/4.7.3/armv7-ar/thumb/libgcc.a(_divsi3.o)
                0x00004098                __aeabi_idiv
                0x00004098                __divsi3
                0x0000432c                __aeabi_idivmod
 .text          0x00004348        0x4 /home/taga/NuttX/gcc-arm-none-eabi-4_7-2013q1/bin/../lib/gcc/arm-none-eabi/4.7.3/armv7-ar/thumb/libgcc.a(_dvmd_tls.o)
                0x00004348                __aeabi_ldiv0
                0x00004348                __aeabi_idiv0
 .text          0x0000434c       0x18 /home/taga/NuttX/gcc-arm-none-eabi-4_7-2013q1/bin/../lib/gcc/arm-none-eabi/4.7.3/armv7-ar/thumb/libgcc.a(_lshrdi3.o)
                0x0000434c                __aeabi_llsr
                0x0000434c                __lshrdi3
 .text          0x00004364       0x18 /home/taga/NuttX/gcc-arm-none-eabi-4_7-2013q1/bin/../lib/gcc/arm-none-eabi/4.7.3/armv7-ar/thumb/libgcc.a(_ashldi3.o)
                0x00004364                __ashldi3
                0x00004364                __aeabi_llsl

.glue_7         0x0000437c        0x0
 .glue_7        0x00000000        0x0 linker stubs

.glue_7t        0x0000437c        0x0
 .glue_7t       0x00000000        0x0 linker stubs

.vfp11_veneer   0x0000437c        0x0
 .vfp11_veneer  0x00000000        0x0 linker stubs

.v4_bx          0x0000437c        0x0
 .v4_bx         0x00000000        0x0 linker stubs

.iplt           0x0000437c        0x0
 .iplt          0x00000000        0x0 arch/arm/cpu/armv7/start.o
                0x0000437c                . = ALIGN (0x4)

.rodata         0x0000437c      0x8e3
 *(SORT(.rodata*))
 .rodata.hpcr_value
                0x0000437c       0x80 arch/arm/cpu/armv7/sunxi/libsunxi.o
 .rodata.multipliers
                0x000043fc       0x40 drivers/mmc/libmmc.o
 .rodata.fbase  0x0000443c       0x10 drivers/mmc/libmmc.o
 .rodata.vindex.5816
                0x0000444c       0x40 drivers/power/libpower.o
 .rodata.serial_ports
                0x0000448c       0x10 drivers/serial/libserial.o
 .rodata.str1.1
                0x0000449c       0x10 board/allwinner/common/liballwinner.o
 .rodata.str1.1
                0x000044ac       0x6e common/spl/libspl.o
 .rodata.str1.1
                0x0000451a      0x3f0 disk/libdisk.o
                                0x414 (size before relaxing)
 .rodata.str1.1
                0x0000490a      0x215 drivers/mmc/libmmc.o
                                0x217 (size before relaxing)
 .rodata._ctype
                0x00004b1f      0x100 lib/libgeneric.o
                0x00004b1f                _ctype
 .rodata.str1.1
                0x00004c1f       0x30 lib/libgeneric.o
 .rodata.digits.5805
                0x00004c4f       0x10 lib/libgeneric.o

.rel.dyn        0x00004c60        0x0
 .rel.iplt      0x00000000        0x0 arch/arm/cpu/armv7/start.o
                0x00004c60                . = ALIGN (0x4)

.data           0x00004c60      0x164
 *(SORT(.data*))
 .data          0x00004c60       0x78 arch/arm/lib/libarm.o
                0x00004c60                gdata
 .data.pll1_para
                0x00004cd8       0x78 arch/arm/cpu/armv7/sunxi/libsunxi.o
                0x00004cd8                pll1_para
 .data.dram_para
                0x00004d50       0x4c board/allwinner/pcduino/libpcduino.o
 .data          0x00004d9c       0x20 common/spl/libspl.o
 .data          0x00004dbc        0x4 drivers/i2c/libi2c.o
 .data.cur_dev_num
                0x00004dc0        0x4 drivers/mmc/libmmc.o

.igot.plt       0x00004dc4        0x0
 .igot.plt      0x00000000        0x0 arch/arm/cpu/armv7/start.o
                0x00004dc4                . = ALIGN (0x4)
                0x00004dc4                __image_copy_end = .
                0x00004dc4                _end = .

.bss            0x50000000      0x550
                0x50000000                . = ALIGN (0x4)
                0x50000000                __bss_start = .
 *(.bss*)
 .bss.stdio_devices
                0x50000000        0xc common/libcommon.o
                0x50000000                stdio_devices
 .bss.spl_image
                0x5000000c       0x18 common/spl/libspl.o
                0x5000000c                spl_image
 .bss.boot_params_ptr
                0x50000024        0x4 common/spl/libspl.o
                0x50000024                boot_params_ptr
 .bss.mmc_devices
                0x50000028        0x8 drivers/mmc/libmmc.o
 .bss.mmc_dev   0x50000030      0x4a0 drivers/mmc/libmmc.o
                0x50000030                mmc_dev
 .bss.mmc_host  0x500004d0       0x80 drivers/mmc/libmmc.o
                0x500004d0                mmc_host
                0x50000550                . = ALIGN (0x4)
                0x50000550                __bss_end__ = .
Address of section .text set to 0x30
LOAD arch/arm/cpu/armv7/start.o
START GROUP
LOAD arch/arm/cpu/armv7/libarmv7.o
LOAD arch/arm/cpu/armv7/sunxi/libsunxi.o
LOAD arch/arm/lib/libarm.o
LOAD board/allwinner/common/liballwinner.o
LOAD board/allwinner/pcduino/libpcduino.o
LOAD common/libcommon.o
LOAD common/spl/libspl.o
LOAD disk/libdisk.o
LOAD drivers/i2c/libi2c.o
LOAD drivers/mmc/libmmc.o
LOAD drivers/power/libpower.o
LOAD drivers/serial/libserial.o
LOAD lib/libgeneric.o
END GROUP
LOAD /home/taga/NuttX/u-boot-sunxi/spl/arch/arm/lib/eabi_compat.o
LOAD /home/taga/NuttX/gcc-arm-none-eabi-4_7-2013q1/bin/../lib/gcc/arm-none-eabi/4.7.3/armv7-ar/thumb/libgcc.a
LOAD /home/taga/NuttX/gcc-arm-none-eabi-4_7-2013q1/bin/../lib/gcc/arm-none-eabi/4.7.3/armv7-ar/thumb/libgcc.a
OUTPUT(u-boot-spl elf32-littlearm)

.ARM.attributes
                0x00000000       0x29
 .ARM.attributes
                0x00000000       0x1d arch/arm/cpu/armv7/start.o
 .ARM.attributes
                0x0000001d       0x2b arch/arm/cpu/armv7/libarmv7.o
 .ARM.attributes
                0x00000048       0x2b arch/arm/cpu/armv7/sunxi/libsunxi.o
 .ARM.attributes
                0x00000073       0x2d arch/arm/lib/libarm.o
 .ARM.attributes
                0x000000a0       0x2d board/allwinner/common/liballwinner.o
 .ARM.attributes
                0x000000cd       0x2d board/allwinner/pcduino/libpcduino.o
 .ARM.attributes
                0x000000fa       0x2d common/libcommon.o
 .ARM.attributes
                0x00000127       0x2d common/spl/libspl.o
 .ARM.attributes
                0x00000154       0x2d disk/libdisk.o
 .ARM.attributes
                0x00000181       0x2d drivers/i2c/libi2c.o
 .ARM.attributes
                0x000001ae       0x2d drivers/mmc/libmmc.o
 .ARM.attributes
                0x000001db       0x2d drivers/power/libpower.o
 .ARM.attributes
                0x00000208       0x2d drivers/serial/libserial.o
 .ARM.attributes
                0x00000235       0x2d lib/libgeneric.o
 .ARM.attributes
                0x00000262       0x19 /home/taga/NuttX/gcc-arm-none-eabi-4_7-2013q1/bin/../lib/gcc/arm-none-eabi/4.7.3/armv7-ar/thumb/libgcc.a(_udivsi3.o)
 .ARM.attributes
                0x0000027b       0x19 /home/taga/NuttX/gcc-arm-none-eabi-4_7-2013q1/bin/../lib/gcc/arm-none-eabi/4.7.3/armv7-ar/thumb/libgcc.a(_divsi3.o)
 .ARM.attributes
                0x00000294       0x19 /home/taga/NuttX/gcc-arm-none-eabi-4_7-2013q1/bin/../lib/gcc/arm-none-eabi/4.7.3/armv7-ar/thumb/libgcc.a(_dvmd_tls.o)
 .ARM.attributes
                0x000002ad       0x19 /home/taga/NuttX/gcc-arm-none-eabi-4_7-2013q1/bin/../lib/gcc/arm-none-eabi/4.7.3/armv7-ar/thumb/libgcc.a(_lshrdi3.o)
 .ARM.attributes
                0x000002c6       0x19 /home/taga/NuttX/gcc-arm-none-eabi-4_7-2013q1/bin/../lib/gcc/arm-none-eabi/4.7.3/armv7-ar/thumb/libgcc.a(_ashldi3.o)

.comment        0x00000000       0x70
 .comment       0x00000000       0x70 arch/arm/cpu/armv7/libarmv7.o
                                0x153 (size before relaxing)
 .comment       0x00000000      0x2a6 arch/arm/cpu/armv7/sunxi/libsunxi.o
 .comment       0x00000000      0x153 arch/arm/lib/libarm.o
 .comment       0x00000000       0x71 board/allwinner/common/liballwinner.o
 .comment       0x00000000       0xe2 board/allwinner/pcduino/libpcduino.o
 .comment       0x00000000      0x235 common/libcommon.o
 .comment       0x00000000       0x71 common/spl/libspl.o
 .comment       0x00000000       0xe2 disk/libdisk.o
 .comment       0x00000000       0x71 drivers/i2c/libi2c.o
 .comment       0x00000000      0x153 drivers/mmc/libmmc.o
 .comment       0x00000000       0x71 drivers/power/libpower.o
 .comment       0x00000000       0xe2 drivers/serial/libserial.o
 .comment       0x00000000      0x2a6 lib/libgeneric.o

.debug_line     0x00000000     0x52c0
 .debug_line    0x00000000       0x74 arch/arm/cpu/armv7/start.o
 .debug_line    0x00000074      0x4ec arch/arm/cpu/armv7/libarmv7.o
 .debug_line    0x00000560      0xa45 arch/arm/cpu/armv7/sunxi/libsunxi.o
 .debug_line    0x00000fa5      0x48a arch/arm/lib/libarm.o
 .debug_line    0x0000142f      0x1b2 board/allwinner/common/liballwinner.o
 .debug_line    0x000015e1      0x1fa board/allwinner/pcduino/libpcduino.o
 .debug_line    0x000017db     0x11f4 common/libcommon.o
 .debug_line    0x000029cf      0x21c common/spl/libspl.o
 .debug_line    0x00002beb      0x568 disk/libdisk.o
 .debug_line    0x00003153      0x27b drivers/i2c/libi2c.o
 .debug_line    0x000033ce      0xc76 drivers/mmc/libmmc.o
 .debug_line    0x00004044      0x1db drivers/power/libpower.o
 .debug_line    0x0000421f      0x354 drivers/serial/libserial.o
 .debug_line    0x00004573      0xd4d lib/libgeneric.o

.debug_info     0x00000000    0x17449
 .debug_info    0x00000000       0x61 arch/arm/cpu/armv7/start.o
 .debug_info    0x00000061     0x1397 arch/arm/cpu/armv7/libarmv7.o
 .debug_info    0x000013f8     0x2c9b arch/arm/cpu/armv7/sunxi/libsunxi.o
 .debug_info    0x00004093     0x11fb arch/arm/lib/libarm.o
 .debug_info    0x0000528e      0x75f board/allwinner/common/liballwinner.o
 .debug_info    0x000059ed      0x752 board/allwinner/pcduino/libpcduino.o
 .debug_info    0x0000613f     0x5142 common/libcommon.o
 .debug_info    0x0000b281      0xa16 common/spl/libspl.o
 .debug_info    0x0000bc97     0x1e13 disk/libdisk.o
 .debug_info    0x0000daaa      0xcf2 drivers/i2c/libi2c.o
 .debug_info    0x0000e79c     0x4b9f drivers/mmc/libmmc.o
 .debug_info    0x0001333b      0x79f drivers/power/libpower.o
 .debug_info    0x00013ada     0x1270 drivers/serial/libserial.o
 .debug_info    0x00014d4a     0x26ff lib/libgeneric.o

.debug_abbrev   0x00000000     0x585e
 .debug_abbrev  0x00000000       0x14 arch/arm/cpu/armv7/start.o
 .debug_abbrev  0x00000014      0x62d arch/arm/cpu/armv7/libarmv7.o
 .debug_abbrev  0x00000641      0xc71 arch/arm/cpu/armv7/sunxi/libsunxi.o
 .debug_abbrev  0x000012b2      0x583 arch/arm/lib/libarm.o
 .debug_abbrev  0x00001835      0x21d board/allwinner/common/liballwinner.o
 .debug_abbrev  0x00001a52      0x279 board/allwinner/pcduino/libpcduino.o
 .debug_abbrev  0x00001ccb     0x10f5 common/libcommon.o
 .debug_abbrev  0x00002dc0      0x2ff common/spl/libspl.o
 .debug_abbrev  0x000030bf      0x71b disk/libdisk.o
 .debug_abbrev  0x000037da      0x337 drivers/i2c/libi2c.o
 .debug_abbrev  0x00003b11      0xcd6 drivers/mmc/libmmc.o
 .debug_abbrev  0x000047e7      0x200 drivers/power/libpower.o
 .debug_abbrev  0x000049e7      0x408 drivers/serial/libserial.o
 .debug_abbrev  0x00004def      0xa6f lib/libgeneric.o

.debug_aranges  0x00000000      0xc98
 .debug_aranges
                0x00000000       0x20 arch/arm/cpu/armv7/start.o
 .debug_aranges
                0x00000020      0x108 arch/arm/cpu/armv7/libarmv7.o
 .debug_aranges
                0x00000128      0x188 arch/arm/cpu/armv7/sunxi/libsunxi.o
 .debug_aranges
                0x000002b0       0xb0 arch/arm/lib/libarm.o
 .debug_aranges
                0x00000360       0x40 board/allwinner/common/liballwinner.o
 .debug_aranges
                0x000003a0       0x40 board/allwinner/pcduino/libpcduino.o
 .debug_aranges
                0x000003e0      0x2b8 common/libcommon.o
 .debug_aranges
                0x00000698       0x50 common/spl/libspl.o
 .debug_aranges
                0x000006e8       0xa8 disk/libdisk.o
 .debug_aranges
                0x00000790       0x68 drivers/i2c/libi2c.o
 .debug_aranges
                0x000007f8      0x178 drivers/mmc/libmmc.o
 .debug_aranges
                0x00000970       0x60 drivers/power/libpower.o
 .debug_aranges
                0x000009d0       0xc8 drivers/serial/libserial.o
 .debug_aranges
                0x00000a98      0x200 lib/libgeneric.o

.debug_frame    0x00000000     0x1cb4
 .debug_frame   0x00000000      0x1d0 arch/arm/cpu/armv7/libarmv7.o
 .debug_frame   0x000001d0      0x280 arch/arm/cpu/armv7/sunxi/libsunxi.o
 .debug_frame   0x00000450      0x134 arch/arm/lib/libarm.o
 .debug_frame   0x00000584       0x80 board/allwinner/common/liballwinner.o
 .debug_frame   0x00000604       0x48 board/allwinner/pcduino/libpcduino.o
 .debug_frame   0x0000064c      0x708 common/libcommon.o
 .debug_frame   0x00000d54       0xa4 common/spl/libspl.o
 .debug_frame   0x00000df8      0x1d4 disk/libdisk.o
 .debug_frame   0x00000fcc      0x104 drivers/i2c/libi2c.o
 .debug_frame   0x000010d0      0x428 drivers/mmc/libmmc.o
 .debug_frame   0x000014f8      0x10c drivers/power/libpower.o
 .debug_frame   0x00001604      0x188 drivers/serial/libserial.o
 .debug_frame   0x0000178c      0x4e8 lib/libgeneric.o
 .debug_frame   0x00001c74       0x20 /home/taga/NuttX/gcc-arm-none-eabi-4_7-2013q1/bin/../lib/gcc/arm-none-eabi/4.7.3/armv7-ar/thumb/libgcc.a(_udivsi3.o)
 .debug_frame   0x00001c94       0x20 /home/taga/NuttX/gcc-arm-none-eabi-4_7-2013q1/bin/../lib/gcc/arm-none-eabi/4.7.3/armv7-ar/thumb/libgcc.a(_divsi3.o)

.debug_str      0x00000000     0x39d1
 .debug_str     0x00000000      0x4f9 arch/arm/cpu/armv7/libarmv7.o
                                0xa94 (size before relaxing)
 .debug_str     0x000004f9      0x8db arch/arm/cpu/armv7/sunxi/libsunxi.o
                               0x17cc (size before relaxing)
 .debug_str     0x00000dd4      0x15b arch/arm/lib/libarm.o
                                0x9ed (size before relaxing)
 .debug_str     0x00000f2f       0xfb board/allwinner/common/liballwinner.o
                                0x42c (size before relaxing)
 .debug_str     0x0000102a       0x41 board/allwinner/pcduino/libpcduino.o
                                0x525 (size before relaxing)
 .debug_str     0x0000106b     0x1808 common/libcommon.o
                               0x2738 (size before relaxing)
 .debug_str     0x00002873       0xfe common/spl/libspl.o
                                0x54f (size before relaxing)
 .debug_str     0x00002971      0x38c disk/libdisk.o
                                0xa56 (size before relaxing)
 .debug_str     0x00002cfd      0x10e drivers/i2c/libi2c.o
                                0x456 (size before relaxing)
 .debug_str     0x00002e0b      0x65e drivers/mmc/libmmc.o
                               0x156f (size before relaxing)
 .debug_str     0x00003469       0xed drivers/power/libpower.o
                                0x388 (size before relaxing)
 .debug_str     0x00003556      0x229 drivers/serial/libserial.o
                                0x83a (size before relaxing)
 .debug_str     0x0000377f      0x252 lib/libgeneric.o
                                0xd95 (size before relaxing)

.debug_loc      0x00000000     0xb6a8
 .debug_loc     0x00000000      0x667 arch/arm/cpu/armv7/libarmv7.o
 .debug_loc     0x00000667      0xe28 arch/arm/cpu/armv7/sunxi/libsunxi.o
 .debug_loc     0x0000148f      0x2ca arch/arm/lib/libarm.o
 .debug_loc     0x00001759      0x125 board/allwinner/common/liballwinner.o
 .debug_loc     0x0000187e       0x20 board/allwinner/pcduino/libpcduino.o
 .debug_loc     0x0000189e     0x3457 common/libcommon.o
 .debug_loc     0x00004cf5      0x1f7 common/spl/libspl.o
 .debug_loc     0x00004eec      0xd66 disk/libdisk.o
 .debug_loc     0x00005c52      0x7b4 drivers/i2c/libi2c.o
 .debug_loc     0x00006406     0x267c drivers/mmc/libmmc.o
 .debug_loc     0x00008a82      0x4a7 drivers/power/libpower.o
 .debug_loc     0x00008f29      0x3cf drivers/serial/libserial.o
 .debug_loc     0x000092f8     0x23b0 lib/libgeneric.o

.debug_ranges   0x00000000     0x1178
 .debug_ranges  0x00000000       0xb8 arch/arm/cpu/armv7/libarmv7.o
 .debug_ranges  0x000000b8      0x238 arch/arm/cpu/armv7/sunxi/libsunxi.o
 .debug_ranges  0x000002f0       0xb0 arch/arm/lib/libarm.o
 .debug_ranges  0x000003a0       0x30 board/allwinner/common/liballwinner.o
 .debug_ranges  0x000003d0       0x20 board/allwinner/pcduino/libpcduino.o
 .debug_ranges  0x000003f0      0x3f0 common/libcommon.o
 .debug_ranges  0x000007e0       0x40 common/spl/libspl.o
 .debug_ranges  0x00000820       0xe8 disk/libdisk.o
 .debug_ranges  0x00000908      0x160 drivers/i2c/libi2c.o
 .debug_ranges  0x00000a68      0x438 drivers/mmc/libmmc.o
 .debug_ranges  0x00000ea0       0x50 drivers/power/libpower.o
 .debug_ranges  0x00000ef0       0xa8 drivers/serial/libserial.o
 .debug_ranges  0x00000f98      0x1e0 lib/libgeneric.o
