usb_burn.c:1101:13:sunxi_pburn_reset	0	static
usb_burn.c:1122:14:sunxi_pburn_usb_rx_dma_isr	0	static
usb_burn.c:1144:14:sunxi_pburn_usb_tx_dma_isr	0	static
usb_burn.c:1069:12:sunxi_pburn_exit	8	static
usb_burn.c:1167:12:sunxi_pburn_standard_req_op	40	static
usb_burn.c:1025:12:sunxi_pburn_init	16	static
usb_burn.c:1237:12:sunxi_pburn_nonstandard_req_op	8	static
usb_burn.c:43:5:sunxi_key_ladder_verify_rotpk_hash	8	static
usb_burn.c:50:5:smc_set_sst_crypt_name	8	static
usb_burn.c:57:5:sunxi_verify_rotpk_hash	8	static
usb_burn.c:64:5:sunxi_deal_hdcp_key	8	static
usb_burn.c:71:5:sunxi_secure_object_down	8	static
usb_burn.c:79:5:sunxi_efuse_write	8	static
usb_burn.c:86:5:sunxi_efuse_read	8	static
usb_burn.c:142:6:set_usb_burn_boot_init_flag	0	static
usb_burn.c:547:5:__sunxi_burn_key	112	static
usb_burn.c:708:5:__sunxi_read_key_by_name	4128	static
usb_burn.c:812:5:__sunxi_erase_key	8	static
usb_burn.c:862:5:__sunxi_burn_flag	528	static
usb_burn.c:927:5:sunxi_burn_part_verify	24	static
usb_burn.c:972:5:burn_part_probe	24	static
usb_burn.c:1286:12:sunxi_pburn_state_loop	552	static
