usb_efex.c:565:13:sunxi_efex_reset	0	static
usb_efex.c:588:14:sunxi_efex_usb_rx_dma_isr	0	static
usb_efex.c:610:14:sunxi_efex_usb_tx_dma_isr	0	static
usb_efex.c:753:13:__sunxi_usb_efex_fill_status	16	static
usb_efex.c:529:12:sunxi_efex_exit	8	static
usb_efex.c:469:12:sunxi_efex_init	16	static
usb_efex.c:784:12:__sunxi_usb_efex_op_cmd	232	static
usb_efex.c:1445:13:dram_data_recv_finish	24	static
usb_efex.c:1574:12:sunxi_efex_state_loop	24	static
usb_efex.c:634:12:sunxi_efex_standard_req_op	40	static
usb_efex.c:704:12:sunxi_efex_nonstandard_req_op	8	static
