usb_fastboot.c:1463:13:sunxi_fastboot_reset	0	static
usb_fastboot.c:1596:12:sunxi_fastboot_nonstandard_req_op	0	static
usb_fastboot.c:1506:14:sunxi_fastboot_usb_tx_dma_isr	0	static
usb_fastboot.c:1484:14:sunxi_fastboot_usb_rx_dma_isr	8	static
usb_fastboot.c:597:12:erase_userdata	16	static
usb_fastboot.c:1437:12:sunxi_fastboot_exit	8	static
usb_fastboot.c:481:12:__fastboot_reboot	16	static
usb_fastboot.c:1617:13:__limited_fastboot	72	static
usb_fastboot.c:1526:12:sunxi_fastboot_standard_req_op	40	static
usb_fastboot.c:1394:12:sunxi_fastboot_init	16	static
usb_fastboot.c:58:5:get_fastboot_data_flag	0	static
usb_fastboot.c:63:27:sunxi_secure_storage_init	0	static
usb_fastboot.c:68:27:sunxi_secure_storage_exit	0	static
usb_fastboot.c:73:27:sunxi_secure_object_read	0	static
usb_fastboot.c:78:27:sunxi_secure_object_write	0	static
usb_fastboot.c:1148:12:sunxi_fastboot_write_status_flag	8	static
usb_fastboot.c:1081:5:sunxi_oem_op_lock	80	static
usb_fastboot.c:1647:5:sunxi_fastboot_status_read	560	static
usb_fastboot.c:1688:12:sunxi_fastboot_status	8	static
usb_fastboot.c:1714:12:sunxi_fastboot_state_loop	808	static
