usb_base_platform.c:617:13:__usb_bulk_ep_reset	24	static
usb_base_platform.c:542:13:5	16	static
usb_base_platform.c:655:12:__usb_read_ep0_data	24	static
usb_base_platform.c:578:13:4	16	static
usb_base_platform.c:74:12:get_fastboot_data_flag	0	static
usb_base_platform.c:80:13:set_usb_burn_boot_init_flag	0	static
usb_base_platform.c:106:6:sunxi_usb_irq	40	static
usb_base_platform.c:86:13:otg_phy_config	0	static
usb_base_platform.c:242:5:sunxi_usb_init	24	static
usb_base_platform.c:409:5:sunxi_usb_exit	8	static
usb_base_platform.c:868:6:sunxi_udc_ep_reset	0	static
usb_base_platform.c:888:5:sunxi_udc_start_recv_by_dma	24	static
usb_base_platform.c:928:6:sunxi_udc_send_setup	16	static
usb_base_platform.c:960:5:sunxi_udc_set_configuration	0	static
usb_base_platform.c:980:5:sunxi_udc_set_address	8	static
usb_base_platform.c:1002:5:sunxi_udc_send_data	32	static
usb_base_platform.c:1024:5:sunxi_udc_get_ep_max	0	static
usb_base_platform.c:1044:5:sunxi_udc_get_ep_in_type	0	static
usb_base_platform.c:1064:5:sunxi_udc_get_ep_out_type	0	static
usb_base_platform.c:1445:6:sunxi_usb_main_loop	16	static
usb_base_platform.c:1495:5:sunxi_usb_extern_loop	8	static
