ns16550.c:361:5:ns16550_serial_ofdata_to_platdata	16	static
ns16550.c:95:13:ns16550_writeb.isra.0	0	static
ns16550.c:149:13:NS16550_setbrg	16	static
ns16550.c:324:12:ns16550_serial_setbrg	16	static
ns16550.c:110:12:ns16550_readb.isra.1	0	static
ns16550.c:304:12:ns16550_serial_pending	8	static
ns16550.c:284:12:ns16550_serial_putc	16	static
ns16550.c:314:12:ns16550_serial_getc	8	static
ns16550.c:142:5:ns16550_calc_divisor	8	static
ns16550.c:157:6:NS16550_init	16	static
ns16550.c:337:5:ns16550_serial_probe	16	static
ns16550.c:197:6:NS16550_reinit	16	static
ns16550.c:207:6:NS16550_putc	8	static
ns16550.c:224:6:NS16550_getc	8	static
ns16550.c:236:5:NS16550_tstc	8	static
