serial-uclass.c:169:13:_serial_putc	16	static
serial-uclass.c:188:12:__serial_getc	16	static
serial-uclass.c:202:12:__serial_tstc	0	static
serial-uclass.c:314:13:serial_stub_putc	0	static
serial-uclass.c:325:12:serial_stub_getc	0	static
serial-uclass.c:330:12:serial_stub_tstc	0	static
serial-uclass.c:455:12:serial_pre_remove	8	static
serial-uclass.c:398:12:serial_post_probe	96	static
serial-uclass.c:320:13:serial_stub_puts	16	static
serial-uclass.c:155:5:serial_init	24	static
serial-uclass.c:164:6:serial_initialize	0	static
serial-uclass.c:253:6:serial_putc	0	static
serial-uclass.c:259:6:serial_puts	16	static
serial-uclass.c:265:5:serial_getc	0	static
serial-uclass.c:273:5:serial_tstc	0	static
serial-uclass.c:281:6:serial_setbrg	0	static
serial-uclass.c:341:12:on_baudrate	16	static
serial-uclass.c:293:5:serial_setconfig	0	static
serial-uclass.c:307:6:serial_stdio_init	0	static
