Archive member included because of file (symbol)

/home/taga/NuttX/brandy/gcc-linaro/bin/../lib/gcc/arm-linux-gnueabi/4.6.3/libgcc.a(_aeabi_uldivmod.o)
                              /home/taga/NuttX/brandy/u-boot-2011.09/sunxi_spl/boot0/spl/libsource_spl.o (__aeabi_uldivmod)
/home/taga/NuttX/brandy/gcc-linaro/bin/../lib/gcc/arm-linux-gnueabi/4.6.3/libgcc.a(_dvmd_lnx.o)
                              /home/taga/NuttX/brandy/gcc-linaro/bin/../lib/gcc/arm-linux-gnueabi/4.6.3/libgcc.a(_aeabi_uldivmod.o) (__aeabi_ldiv0)
/home/taga/NuttX/brandy/gcc-linaro/bin/../lib/gcc/arm-linux-gnueabi/4.6.3/libgcc.a(bpabi.o)
                              /home/taga/NuttX/brandy/gcc-linaro/bin/../lib/gcc/arm-linux-gnueabi/4.6.3/libgcc.a(_aeabi_uldivmod.o) (__gnu_uldivmod_helper)
/home/taga/NuttX/brandy/gcc-linaro/bin/../lib/gcc/arm-linux-gnueabi/4.6.3/libgcc.a(_divdi3.o)
                              /home/taga/NuttX/brandy/gcc-linaro/bin/../lib/gcc/arm-linux-gnueabi/4.6.3/libgcc.a(bpabi.o) (__divdi3)
/home/taga/NuttX/brandy/gcc-linaro/bin/../lib/gcc/arm-linux-gnueabi/4.6.3/libgcc.a(_udivdi3.o)
                              /home/taga/NuttX/brandy/gcc-linaro/bin/../lib/gcc/arm-linux-gnueabi/4.6.3/libgcc.a(bpabi.o) (__udivdi3)
/home/taga/NuttX/brandy/gcc-linaro/bin/../lib/gcc/arm-linux-gnueabi/4.6.3/libgcc.a(_udivsi3.o)
                              /home/taga/NuttX/brandy/gcc-linaro/bin/../lib/gcc/arm-linux-gnueabi/4.6.3/libgcc.a(_divdi3.o) (__aeabi_uidiv)

Memory Configuration

Name             Origin             Length             Attributes
*default*        0x00000000         0xffffffff

Linker script and memory map

LOAD /home/taga/NuttX/brandy/u-boot-2011.09/arch/arm/cpu/armv7/sun8iw5/dram/libdram.o
LOAD /home/taga/NuttX/brandy/u-boot-2011.09/sunxi_spl/boot0/libs/libgeneric.o
LOAD /home/taga/NuttX/brandy/u-boot-2011.09/sunxi_spl/boot0/main/libmain.o
LOAD /home/taga/NuttX/brandy/u-boot-2011.09/sunxi_spl/boot0/spl/libsource_spl.o
LOAD /home/taga/NuttX/brandy/u-boot-2011.09/sunxi_spl/spl/lib/libgeneric.o
LOAD /home/taga/NuttX/brandy/u-boot-2011.09/arch/arm/cpu/armv7/sun8iw5/nand/libnand.o
LOAD /home/taga/NuttX/brandy/u-boot-2011.09/sunxi_spl/boot0/load_nand/libloadnand.o
LOAD /home/taga/NuttX/brandy/gcc-linaro/bin/../lib/gcc/arm-linux-gnueabi/4.6.3/libgcc.a
                0x00000000                . = 0x0
                0x00000000                . = ALIGN (0x4)

.head           0x00000000      0x2f8
 main/boot0_head.o(.rodata)
 .rodata        0x00000000      0x2f8 main/boot0_head.o
                0x00000000                BT0_head

.hash           0x000002f8       0x40
 main/boot0_hash.o(.data)
 .data          0x000002f8       0x40 main/boot0_hash.o
                0x000002f8                boot0_hash_value
                0x00000338                . = ALIGN (0x1)

.text           0x00000338     0x5e00
 main/boot0_entry.o(.text)
 .text          0x00000338       0x70 main/boot0_entry.o
                0x00000338                _start
 *(.text)
 .text          0x000003a8     0x1af4 /home/taga/NuttX/brandy/u-boot-2011.09/arch/arm/cpu/armv7/sun8iw5/dram/libdram.o
                0x000003a8                local_delay
                0x000003ac                paraconfig
                0x000003b8                set_master_priority
                0x000003dc                auto_set_timing_para
                0x00000a00                ccm_set_pll_ddr_clk
                0x00000a34                ccm_set_pll_ddr1_clk
                0x00000a6c                mctl_sys_init
                0x00000cc4                mctl_com_init
                0x00000d68                mctl_channel_init
                0x00001300                DRAMC_get_dram_size
                0x00001328                auto_detect_dram_size
                0x00001494                init_DRAM
                0x0000161c                mctl_init
                0x00001688                binding_chip_id
                0x0000172c                sunxi_rsb_init
                0x000018cc                sunxi_rsb_config
                0x00001a04                sunxi_rsb_exit
                0x00001a08                sunxi_rsb_read
                0x00001b9c                sunxi_rsb_write
                0x00001d30                set_ddr_voltage
                0x00001e48                get_axp_chip_id
 .text          0x00001e9c      0x290 /home/taga/NuttX/brandy/u-boot-2011.09/sunxi_spl/boot0/libs/libgeneric.o
                0x00001e9c                check_magic
                0x00001eb2                check_sum
                0x00001f24                check_file
                0x00001f4c                verify_addsum
                0x00001fbc                BOOT_NandGetPara
                0x00001fd0                get_page_buf
                0x00001fd8                g_mod
                0x00001ffc                set_dram_para
                0x00002018                cpu_init_s
                0x00002028                mmu_setup
                0x000020a0                mmu_turn_off
                0x000020d0                raise
                0x000020d4                __aeabi_unwind_cpp_pr0
                0x000020d8                set_debugmode_flag
 .text          0x0000212c       0x76 /home/taga/NuttX/brandy/u-boot-2011.09/sunxi_spl/boot0/main/libmain.o
                0x0000212c                bias_calibration
                0x0000212e                AXP22X_setDLDO1
                0x0000216e                AXP22_closeDLDO1
 *fill*         0x000021a2        0x2 00
 .text          0x000021a4      0xcd4 /home/taga/NuttX/brandy/u-boot-2011.09/sunxi_spl/boot0/spl/libsource_spl.o
                0x000021a4                rtc_region_probe_fel_flag
                0x000021dc                rtc_region_clear_fel_flag
                0x000021e8                timer_init
                0x00002224                __msdelay
                0x0000223c                __usdelay
                0x00002254                timer_exit
                0x00002256                get_ticks
                0x00002264                boot_set_gpio
                0x000024ec                boot_set_one_gpio
                0x0000261c                sunxi_serial_init
                0x00002688                sunxi_serial_putc
                0x0000269c                sunxi_serial_getc
                0x000026b0                sunxi_serial_tstc
                0x000026c0                set_pll
                0x00002780                reset_pll
                0x0000279c                set_gpio_gate
                0x000027bc                set_ccmu_normal
                0x000027c8                sw2001_verify
                0x00002890                iDeviceInit
                0x000028a8                iDeviceDeInit
                0x000028b2                iWriteByte
                0x000028d4                iReadByte
                0x000028f0                iSleep
                0x000028f4                iWriteData
                0x00002920                iReadData
                0x0000295e                iSetBits
                0x00002990                iClearBits
                0x000029c4                iCheckBits
                0x00002b28                set_i2c_clock
                0x00002b5c                i2c_init
                0x00002c7c                i2c_exit
                0x00002c8c                i2c_read
                0x00002dc4                i2c_write
                0x00002e54                axp_i2c_read
                0x00002e62                axp_i2c_write
 .text          0x00002e78      0x3b0 /home/taga/NuttX/brandy/u-boot-2011.09/sunxi_spl/spl/lib/libgeneric.o
                0x00002ea2                int_to_string_dec
                0x00002f02                int_to_string_hex
                0x00002f24                vsprintf
                0x00002fc2                puts
                0x00002fd6                sprintf
                0x00002fee                printf
                0x00003020                strcpy
                0x00003030                strncpy
                0x00003044                strcat
                0x00003060                strncat
                0x0000308c                strcmp
                0x000030a2                strncmp
                0x000030c0                strchr
                0x000030d8                strlen
                0x000030e8                strrchr
                0x00003108                strnlen
                0x0000311e                strspn
                0x00003142                memset
                0x00003150                memcpy
                0x00003162                memmove
                0x0000319a                memcmp
                0x000031b6                memscan
                0x000031ce                strstr
                0x00003202                memchr
                0x0000321c                boot0_jump
 .text          0x00003228     0x2430 /home/taga/NuttX/brandy/u-boot-2011.09/arch/arm/cpu/armv7/sun8iw5/nand/libnand.o
                0x00003228                load_and_check_in_one_blk
                0x0000326e                load_in_many_blks
                0x000032f4                NF_open
                0x00003360                NF_close
                0x00003374                NF_read
                0x00003424                NF_read_status
                0x00003460                load_uboot_in_one_block_judge
                0x00003474                NFB_GetFlashInfo
                0x000034a0                NFB_PhyInit
                0x000034dc                NFB_PhyExit
                0x000034e6                NFB_PhyRead
                0x000034ec                _get_pll4_periph1_clk
                0x000034f4                _Getpll6Clk
                0x000034fa                NAND_ClkRequest
                0x000035b0                NAND_ClkRelease
                0x000035b2                NAND_SetClk
                0x00003604                NAND_GetClk
                0x00003678                NAND_PIORequest
                0x000036cc                NAND_PIORelease
                0x000036ce                NAND_EnRbInt
                0x000036d0                NAND_ClearRbInt
                0x000036d2                NAND_WaitRbReady
                0x000036d6                NAND_WaitDmaFinish
                0x000036da                NAND_RbInterrupt
                0x000036dc                NAND_Malloc
                0x000036e2                NAND_Free
                0x000036e4                NAND_IORemap
                0x000036e6                NAND_Print
                0x000036fc                _InitNandPhyInfo
                0x00003778                _CheckNandID
                0x000037a0                BOOT_AnalyzeNandSystem
                0x0000386c                NAND_Getlsbpage_type
                0x0000387c                Nand_Is_lsb_page
                0x00003948                NAND_GetLsbblksize
                0x00003984                NFC_InitDDRParam
                0x00003994                nfc_repeat_mode_enable
                0x000039b4                nfc_repeat_mode_disable
                0x000039d4                _wait_cmdfifo_free
                0x00003a00                _wait_cmd_finish
                0x00003a3c                _dma_config_start
                0x00003a70                _wait_dma_end
                0x00003a9c                _reset
                0x00003ad8                _check_ecc
                0x00003b58                _disable_ecc
                0x00003b70                _enable_ecc
                0x00003ba0                _set_addr
                0x00003be8                _read_in_page_mode
                0x00003d78                NFC_Read
                0x00003d98                nfc_set_cmd_register
                0x00003e08                NFC_SetRandomSeed
                0x00003e24                NFC_RandomEnable
                0x00003e40                NFC_RandomDisable
                0x00003e5c                NFC_GetId
                0x00003ea4                NFC_GetStatus
                0x00003edc                NFC_ResetChip
                0x00003ef2                NFC_SelectChip
                0x00003f14                NFC_SelectRb
                0x00003f38                NFC_DeSelectChip
                0x00003f3c                NFC_DeSelectRb
                0x00003f40                NFC_CheckRbReady
                0x00003f68                NFC_ChangMode
                0x0000403c                NFC_SetEccMode
                0x0000405c                NFC_Init
                0x000040c0                NFC_Exit
                0x000040e8                _vender_get_param
                0x00004160                _vender_set_param
                0x00004278                _vender_pre_condition
                0x0000427c                _vender_get_param_otp_hynix
                0x000044e8                _major_check_byte
                0x000045c0                _get_read_retry_cfg
                0x000046cc                _read_otp_info_hynix
                0x00004920                _get_rr_value_otp_hynix
                0x00004990                NFC_ReadRetry
                0x00004aac                NFC_ReadRetryInit
                0x00004c50                NFC_GetOTPValue
                0x00004c88                NFC_GetDefaultParam
                0x00004d70                NFC_SetDefaultParam
                0x00004e10                NFC_ReadRetryExit
                0x00004e14                _add_cmd_list
                0x00004e36                _cal_addr_in_chip
                0x00004ea0                _cal_real_chip
                0x00004ea4                _cal_real_rb
                0x00004ea8                _read_status
                0x00004ed6                _wait_rb_ready
                0x00004ef4                _random_seed_init
                0x00004ef6                _cal_random_seed
                0x00004f08                PHY_Init
                0x00004f48                check_nand_special_info
                0x00004f84                PHY_SetDefaultParam
                0x00004fac                PHY_ChangeMode
                0x00005048                PHY_Exit
                0x00005070                PHY_ResetChip
                0x000050e6                _read_single_page
                0x00005358                PHY_ReadNandId
                0x000053a4                PHY_SimpleRead
                0x000053aa                PHY_GetDefaultParam
                0x00005584                PHY_SimpleRead_1K
                0x0000558a                PHY_SynchBank
 .text          0x00005658      0x154 /home/taga/NuttX/brandy/u-boot-2011.09/sunxi_spl/boot0/load_nand/libloadnand.o
                0x00005658                load_Boot1_from_nand
                0x000057a8                load_boot1
 .text          0x000057ac       0x2c /home/taga/NuttX/brandy/gcc-linaro/bin/../lib/gcc/arm-linux-gnueabi/4.6.3/libgcc.a(_aeabi_uldivmod.o)
                0x000057ac                __aeabi_uldivmod
 .text          0x000057d8        0xc /home/taga/NuttX/brandy/gcc-linaro/bin/../lib/gcc/arm-linux-gnueabi/4.6.3/libgcc.a(_dvmd_lnx.o)
                0x000057d8                __aeabi_ldiv0
                0x000057d8                __aeabi_idiv0
 .text          0x000057e4       0x5c /home/taga/NuttX/brandy/gcc-linaro/bin/../lib/gcc/arm-linux-gnueabi/4.6.3/libgcc.a(bpabi.o)
                0x000057e4                __gnu_ldivmod_helper
                0x00005814                __gnu_uldivmod_helper
 .text          0x00005840      0x360 /home/taga/NuttX/brandy/gcc-linaro/bin/../lib/gcc/arm-linux-gnueabi/4.6.3/libgcc.a(_divdi3.o)
                0x00005840                __divdi3
 .text          0x00005ba0      0x31c /home/taga/NuttX/brandy/gcc-linaro/bin/../lib/gcc/arm-linux-gnueabi/4.6.3/libgcc.a(_udivdi3.o)
                0x00005ba0                __udivdi3
 *fill*         0x00005ebc        0x4 00
 .text          0x00005ec0      0x278 /home/taga/NuttX/brandy/gcc-linaro/bin/../lib/gcc/arm-linux-gnueabi/4.6.3/libgcc.a(_udivsi3.o)
                0x00005ec0                __udivsi3
                0x00005ec0                __aeabi_uidiv
                0x0000611c                __aeabi_uidivmod
 .text          0x00006138        0x0 main/boot0_head.o
 .text          0x00006138        0x0 main/boot0_hash.o

.glue_7         0x00006138        0x0
 .glue_7        0x00000000        0x0 linker stubs

.glue_7t        0x00006138        0x0
 .glue_7t       0x00000000        0x0 linker stubs

.vfp11_veneer   0x00006138        0x0
 .vfp11_veneer  0x00000000        0x0 linker stubs

.v4_bx          0x00006138        0x0
 .v4_bx         0x00000000        0x0 linker stubs

.iplt           0x00006138        0x0
 .iplt          0x00000000        0x0 /home/taga/NuttX/brandy/u-boot-2011.09/arch/arm/cpu/armv7/sun8iw5/dram/libdram.o

.text.startup   0x00006138      0x1ec
 .text.startup  0x00006138      0x1ec /home/taga/NuttX/brandy/u-boot-2011.09/sunxi_spl/boot0/main/libmain.o
                0x00006138                main
                0x00006330                . = ALIGN (0x10)

.rodata         0x00006330      0x1f0
 *(.rodata)
 .rodata        0x00006330       0x48 /home/taga/NuttX/brandy/u-boot-2011.09/arch/arm/cpu/armv7/sun8iw5/dram/libdram.o
 .rodata        0x00006378       0x11 /home/taga/NuttX/brandy/u-boot-2011.09/sunxi_spl/spl/lib/libgeneric.o
 *fill*         0x00006389        0x1 00
 .rodata        0x0000638a      0x196 /home/taga/NuttX/brandy/u-boot-2011.09/arch/arm/cpu/armv7/sun8iw5/nand/libnand.o
                0x00006394                para0
                0x000063c4                para1
                0x000063f4                param0x40
                0x00006408                param0x41
                0x00006420                random_seed

.rodata.str1.1  0x00006520     0x1292
 .rodata.str1.1
                0x00006520      0x93a /home/taga/NuttX/brandy/u-boot-2011.09/arch/arm/cpu/armv7/sun8iw5/dram/libdram.o
                                0x93b (size before relaxing)
 .rodata.str1.1
                0x00006e5a       0x20 /home/taga/NuttX/brandy/u-boot-2011.09/sunxi_spl/boot0/libs/libgeneric.o
                                 0x28 (size before relaxing)
 .rodata.str1.1
                0x00006e7a      0x145 /home/taga/NuttX/brandy/u-boot-2011.09/sunxi_spl/boot0/main/libmain.o
 .rodata.str1.1
                0x00006fbf       0x4e /home/taga/NuttX/brandy/u-boot-2011.09/sunxi_spl/boot0/spl/libsource_spl.o
                                 0x50 (size before relaxing)
 .rodata.str1.1
                0x0000700d      0x63d /home/taga/NuttX/brandy/u-boot-2011.09/arch/arm/cpu/armv7/sun8iw5/nand/libnand.o
                                0x643 (size before relaxing)
 .rodata.str1.1
                0x0000764a      0x168 /home/taga/NuttX/brandy/u-boot-2011.09/sunxi_spl/boot0/load_nand/libloadnand.o

.ARM.extab      0x000077b2        0x0
 .ARM.extab     0x000077b2        0x0 /home/taga/NuttX/brandy/gcc-linaro/bin/../lib/gcc/arm-linux-gnueabi/4.6.3/libgcc.a(bpabi.o)
 .ARM.extab     0x000077b2        0x0 /home/taga/NuttX/brandy/gcc-linaro/bin/../lib/gcc/arm-linux-gnueabi/4.6.3/libgcc.a(_divdi3.o)
 .ARM.extab     0x000077b2        0x0 /home/taga/NuttX/brandy/gcc-linaro/bin/../lib/gcc/arm-linux-gnueabi/4.6.3/libgcc.a(_udivdi3.o)

.ARM.exidx      0x000077b4       0x28
 .ARM.exidx     0x000077b4       0x10 /home/taga/NuttX/brandy/gcc-linaro/bin/../lib/gcc/arm-linux-gnueabi/4.6.3/libgcc.a(bpabi.o)
 .ARM.exidx     0x000077c4        0x8 /home/taga/NuttX/brandy/gcc-linaro/bin/../lib/gcc/arm-linux-gnueabi/4.6.3/libgcc.a(_divdi3.o)
 .ARM.exidx     0x000077cc       0x10 /home/taga/NuttX/brandy/gcc-linaro/bin/../lib/gcc/arm-linux-gnueabi/4.6.3/libgcc.a(_udivdi3.o)
                                  0x8 (size before relaxing)

.rel.dyn        0x000077dc        0x0
 .rel.iplt      0x00000000        0x0 /home/taga/NuttX/brandy/u-boot-2011.09/arch/arm/cpu/armv7/sun8iw5/dram/libdram.o
                0x000077e0                . = ALIGN (0x10)

.data           0x000077e0      0x174
 *(.data)
 .data          0x000077e0       0x2c /home/taga/NuttX/brandy/u-boot-2011.09/arch/arm/cpu/armv7/sun8iw5/dram/libdram.o
 .data          0x0000780c        0x0 /home/taga/NuttX/brandy/u-boot-2011.09/sunxi_spl/boot0/libs/libgeneric.o
 .data          0x0000780c        0x0 /home/taga/NuttX/brandy/u-boot-2011.09/sunxi_spl/boot0/main/libmain.o
 .data          0x0000780c      0x144 /home/taga/NuttX/brandy/u-boot-2011.09/sunxi_spl/boot0/spl/libsource_spl.o
                0x0000780c                pt_table
                0x000078ac                ct_table
 .data          0x00007950        0x4 /home/taga/NuttX/brandy/u-boot-2011.09/sunxi_spl/spl/lib/libgeneric.o
                0x00007950                debug_mode
 .data          0x00007954        0x0 /home/taga/NuttX/brandy/u-boot-2011.09/arch/arm/cpu/armv7/sun8iw5/nand/libnand.o
 .data          0x00007954        0x0 /home/taga/NuttX/brandy/u-boot-2011.09/sunxi_spl/boot0/load_nand/libloadnand.o
 .data          0x00007954        0x0 /home/taga/NuttX/brandy/gcc-linaro/bin/../lib/gcc/arm-linux-gnueabi/4.6.3/libgcc.a(_aeabi_uldivmod.o)
 .data          0x00007954        0x0 /home/taga/NuttX/brandy/gcc-linaro/bin/../lib/gcc/arm-linux-gnueabi/4.6.3/libgcc.a(_dvmd_lnx.o)
 .data          0x00007954        0x0 /home/taga/NuttX/brandy/gcc-linaro/bin/../lib/gcc/arm-linux-gnueabi/4.6.3/libgcc.a(bpabi.o)
 .data          0x00007954        0x0 /home/taga/NuttX/brandy/gcc-linaro/bin/../lib/gcc/arm-linux-gnueabi/4.6.3/libgcc.a(_divdi3.o)
 .data          0x00007954        0x0 /home/taga/NuttX/brandy/gcc-linaro/bin/../lib/gcc/arm-linux-gnueabi/4.6.3/libgcc.a(_udivdi3.o)
 .data          0x00007954        0x0 /home/taga/NuttX/brandy/gcc-linaro/bin/../lib/gcc/arm-linux-gnueabi/4.6.3/libgcc.a(_udivsi3.o)
 .data          0x00007954        0x0 main/boot0_head.o
 .data          0x00007954        0x0 main/boot0_entry.o

.igot.plt       0x00007954        0x0
 .igot.plt      0x00000000        0x0 /home/taga/NuttX/brandy/u-boot-2011.09/arch/arm/cpu/armv7/sun8iw5/dram/libdram.o
                0x00007954                . = ALIGN (0x4)

.bss            0x00007954      0x25c
                0x00007954                __bss_start = .
 *(.bss)
 .bss           0x00007954        0x0 /home/taga/NuttX/brandy/u-boot-2011.09/arch/arm/cpu/armv7/sun8iw5/dram/libdram.o
 .bss           0x00007954        0x0 /home/taga/NuttX/brandy/u-boot-2011.09/sunxi_spl/boot0/libs/libgeneric.o
 .bss           0x00007954        0x0 /home/taga/NuttX/brandy/u-boot-2011.09/sunxi_spl/boot0/main/libmain.o
 .bss           0x00007954        0x5 /home/taga/NuttX/brandy/u-boot-2011.09/sunxi_spl/boot0/spl/libsource_spl.o
                0x00007958                SLAVE_ADDR
 .bss           0x00007959        0x0 /home/taga/NuttX/brandy/u-boot-2011.09/sunxi_spl/spl/lib/libgeneric.o
 *fill*         0x00007959        0x3 00
 .bss           0x0000795c      0x254 /home/taga/NuttX/brandy/u-boot-2011.09/arch/arm/cpu/armv7/sun8iw5/nand/libnand.o
                0x0000795c                page_with_bad_block
                0x00007960                NF_BLOCK_SIZE
                0x00007964                BOOT1_LAST_BLK_NUM
                0x00007968                BOOT1_START_BLK
                0x0000796c                NF_PAGE_SIZE
                0x00007970                NF_PG_SZ_WIDTH
                0x00007974                NF_BLK_SZ_WIDTH
                0x00007978                Two_Row_Addr_Flag
                0x0000797c                uboot_start_block
                0x00007980                uboot_next_block
                0x00007984                nand_specialinfo_page
                0x00007988                nand_specialinfo_offset
                0x0000798c                ddr_param
                0x000079ac                NandIOBase
                0x000079b4                NandIndex
                0x000079b8                pagesize
                0x000079bc                read_retry_mode
                0x000079bd                hynix16nm_read_retry_otp_value
                0x000079dd                read_retry_cycle
                0x000079de                read_retry_reg_num
                0x000079df                read_retry_default_val
                0x000079e7                read_retry_reg_adr
                0x000079f0                read_retry_val
                0x00007ae0                hynix_read_retry_otp_value
                0x00007b20                NandStorageInfo
                0x00007b98                RetryCount
                0x00007b9c                PageCachePool
 .bss           0x00007bb0        0x0 /home/taga/NuttX/brandy/u-boot-2011.09/sunxi_spl/boot0/load_nand/libloadnand.o
 .bss           0x00007bb0        0x0 /home/taga/NuttX/brandy/gcc-linaro/bin/../lib/gcc/arm-linux-gnueabi/4.6.3/libgcc.a(_aeabi_uldivmod.o)
 .bss           0x00007bb0        0x0 /home/taga/NuttX/brandy/gcc-linaro/bin/../lib/gcc/arm-linux-gnueabi/4.6.3/libgcc.a(_dvmd_lnx.o)
 .bss           0x00007bb0        0x0 /home/taga/NuttX/brandy/gcc-linaro/bin/../lib/gcc/arm-linux-gnueabi/4.6.3/libgcc.a(bpabi.o)
 .bss           0x00007bb0        0x0 /home/taga/NuttX/brandy/gcc-linaro/bin/../lib/gcc/arm-linux-gnueabi/4.6.3/libgcc.a(_divdi3.o)
 .bss           0x00007bb0        0x0 /home/taga/NuttX/brandy/gcc-linaro/bin/../lib/gcc/arm-linux-gnueabi/4.6.3/libgcc.a(_udivdi3.o)
 .bss           0x00007bb0        0x0 /home/taga/NuttX/brandy/gcc-linaro/bin/../lib/gcc/arm-linux-gnueabi/4.6.3/libgcc.a(_udivsi3.o)
 .bss           0x00007bb0        0x0 main/boot0_head.o
 .bss           0x00007bb0        0x0 main/boot0_hash.o
 .bss           0x00007bb0        0x0 main/boot0_entry.o
                0x00007bb0                . = ALIGN (0x4)
                0x00007bb0                __bss_end = .
                0x00007bb0                _end = .
OUTPUT(boot0_nand.axf elf32-littlearm)

.comment        0x00000000       0x64
 .comment       0x00000000       0x64 /home/taga/NuttX/brandy/u-boot-2011.09/arch/arm/cpu/armv7/sun8iw5/dram/libdram.o
                                0x12f (size before relaxing)
 .comment       0x00000000      0x1f9 /home/taga/NuttX/brandy/u-boot-2011.09/sunxi_spl/boot0/libs/libgeneric.o
 .comment       0x00000000       0x65 /home/taga/NuttX/brandy/u-boot-2011.09/sunxi_spl/boot0/main/libmain.o
 .comment       0x00000000      0x328 /home/taga/NuttX/brandy/u-boot-2011.09/sunxi_spl/boot0/spl/libsource_spl.o
 .comment       0x00000000      0x12f /home/taga/NuttX/brandy/u-boot-2011.09/sunxi_spl/spl/lib/libgeneric.o
 .comment       0x00000000      0x2c3 /home/taga/NuttX/brandy/u-boot-2011.09/arch/arm/cpu/armv7/sun8iw5/nand/libnand.o
 .comment       0x00000000       0x65 /home/taga/NuttX/brandy/u-boot-2011.09/sunxi_spl/boot0/load_nand/libloadnand.o
 .comment       0x00000000       0x65 main/boot0_head.o
 .comment       0x00000000       0x65 main/boot0_hash.o

.note.GNU-stack
                0x00000000        0x0
 .note.GNU-stack
                0x00000000        0x0 /home/taga/NuttX/brandy/u-boot-2011.09/arch/arm/cpu/armv7/sun8iw5/dram/libdram.o
 .note.GNU-stack
                0x00000000        0x0 /home/taga/NuttX/brandy/u-boot-2011.09/sunxi_spl/boot0/libs/libgeneric.o
 .note.GNU-stack
                0x00000000        0x0 /home/taga/NuttX/brandy/u-boot-2011.09/sunxi_spl/boot0/main/libmain.o
 .note.GNU-stack
                0x00000000        0x0 /home/taga/NuttX/brandy/u-boot-2011.09/sunxi_spl/boot0/spl/libsource_spl.o
 .note.GNU-stack
                0x00000000        0x0 /home/taga/NuttX/brandy/u-boot-2011.09/sunxi_spl/spl/lib/libgeneric.o
 .note.GNU-stack
                0x00000000        0x0 /home/taga/NuttX/brandy/u-boot-2011.09/arch/arm/cpu/armv7/sun8iw5/nand/libnand.o
 .note.GNU-stack
                0x00000000        0x0 /home/taga/NuttX/brandy/u-boot-2011.09/sunxi_spl/boot0/load_nand/libloadnand.o
 .note.GNU-stack
                0x00000000        0x0 /home/taga/NuttX/brandy/gcc-linaro/bin/../lib/gcc/arm-linux-gnueabi/4.6.3/libgcc.a(_aeabi_uldivmod.o)
 .note.GNU-stack
                0x00000000        0x0 /home/taga/NuttX/brandy/gcc-linaro/bin/../lib/gcc/arm-linux-gnueabi/4.6.3/libgcc.a(_dvmd_lnx.o)
 .note.GNU-stack
                0x00000000        0x0 /home/taga/NuttX/brandy/gcc-linaro/bin/../lib/gcc/arm-linux-gnueabi/4.6.3/libgcc.a(bpabi.o)
 .note.GNU-stack
                0x00000000        0x0 /home/taga/NuttX/brandy/gcc-linaro/bin/../lib/gcc/arm-linux-gnueabi/4.6.3/libgcc.a(_divdi3.o)
 .note.GNU-stack
                0x00000000        0x0 /home/taga/NuttX/brandy/gcc-linaro/bin/../lib/gcc/arm-linux-gnueabi/4.6.3/libgcc.a(_udivdi3.o)
 .note.GNU-stack
                0x00000000        0x0 /home/taga/NuttX/brandy/gcc-linaro/bin/../lib/gcc/arm-linux-gnueabi/4.6.3/libgcc.a(_udivsi3.o)
 .note.GNU-stack
                0x00000000        0x0 main/boot0_head.o
 .note.GNU-stack
                0x00000000        0x0 main/boot0_hash.o

.ARM.attributes
                0x00000000       0x3f
 .ARM.attributes
                0x00000000       0x3b /home/taga/NuttX/brandy/u-boot-2011.09/arch/arm/cpu/armv7/sun8iw5/dram/libdram.o
 .ARM.attributes
                0x0000003b       0x3b /home/taga/NuttX/brandy/u-boot-2011.09/sunxi_spl/boot0/libs/libgeneric.o
 .ARM.attributes
                0x00000076       0x3b /home/taga/NuttX/brandy/u-boot-2011.09/sunxi_spl/boot0/main/libmain.o
 .ARM.attributes
                0x000000b1       0x3b /home/taga/NuttX/brandy/u-boot-2011.09/sunxi_spl/boot0/spl/libsource_spl.o
 .ARM.attributes
                0x000000ec       0x3b /home/taga/NuttX/brandy/u-boot-2011.09/sunxi_spl/spl/lib/libgeneric.o
 .ARM.attributes
                0x00000127       0x3b /home/taga/NuttX/brandy/u-boot-2011.09/arch/arm/cpu/armv7/sun8iw5/nand/libnand.o
 .ARM.attributes
                0x00000162       0x3b /home/taga/NuttX/brandy/u-boot-2011.09/sunxi_spl/boot0/load_nand/libloadnand.o
 .ARM.attributes
                0x0000019d       0x23 /home/taga/NuttX/brandy/gcc-linaro/bin/../lib/gcc/arm-linux-gnueabi/4.6.3/libgcc.a(_aeabi_uldivmod.o)
 .ARM.attributes
                0x000001c0       0x23 /home/taga/NuttX/brandy/gcc-linaro/bin/../lib/gcc/arm-linux-gnueabi/4.6.3/libgcc.a(_dvmd_lnx.o)
 .ARM.attributes
                0x000001e3       0x35 /home/taga/NuttX/brandy/gcc-linaro/bin/../lib/gcc/arm-linux-gnueabi/4.6.3/libgcc.a(bpabi.o)
 .ARM.attributes
                0x00000218       0x35 /home/taga/NuttX/brandy/gcc-linaro/bin/../lib/gcc/arm-linux-gnueabi/4.6.3/libgcc.a(_divdi3.o)
 .ARM.attributes
                0x0000024d       0x35 /home/taga/NuttX/brandy/gcc-linaro/bin/../lib/gcc/arm-linux-gnueabi/4.6.3/libgcc.a(_udivdi3.o)
 .ARM.attributes
                0x00000282       0x23 /home/taga/NuttX/brandy/gcc-linaro/bin/../lib/gcc/arm-linux-gnueabi/4.6.3/libgcc.a(_udivsi3.o)
 .ARM.attributes
                0x000002a5       0x3b main/boot0_head.o
 .ARM.attributes
                0x000002e0       0x3b main/boot0_hash.o
 .ARM.attributes
                0x0000031b       0x2d main/boot0_entry.o

.debug_aranges  0x00000000      0x3a8
 .debug_aranges
                0x00000000       0x60 /home/taga/NuttX/brandy/u-boot-2011.09/arch/arm/cpu/armv7/sun8iw5/dram/libdram.o
 .debug_aranges
                0x00000060       0xa0 /home/taga/NuttX/brandy/u-boot-2011.09/sunxi_spl/boot0/libs/libgeneric.o
 .debug_aranges
                0x00000100       0x28 /home/taga/NuttX/brandy/u-boot-2011.09/sunxi_spl/boot0/main/libmain.o
 .debug_aranges
                0x00000128      0x100 /home/taga/NuttX/brandy/u-boot-2011.09/sunxi_spl/boot0/spl/libsource_spl.o
 .debug_aranges
                0x00000228       0x60 /home/taga/NuttX/brandy/u-boot-2011.09/sunxi_spl/spl/lib/libgeneric.o
 .debug_aranges
                0x00000288       0xe0 /home/taga/NuttX/brandy/u-boot-2011.09/arch/arm/cpu/armv7/sun8iw5/nand/libnand.o
 .debug_aranges
                0x00000368       0x20 /home/taga/NuttX/brandy/u-boot-2011.09/sunxi_spl/boot0/load_nand/libloadnand.o
 .debug_aranges
                0x00000388       0x20 main/boot0_entry.o

.debug_info     0x00000000     0x98f3
 .debug_info    0x00000000     0x14be /home/taga/NuttX/brandy/u-boot-2011.09/arch/arm/cpu/armv7/sun8iw5/dram/libdram.o
 .debug_info    0x000014be     0x1223 /home/taga/NuttX/brandy/u-boot-2011.09/sunxi_spl/boot0/libs/libgeneric.o
 .debug_info    0x000026e1      0x679 /home/taga/NuttX/brandy/u-boot-2011.09/sunxi_spl/boot0/main/libmain.o
 .debug_info    0x00002d5a     0x1f96 /home/taga/NuttX/brandy/u-boot-2011.09/sunxi_spl/boot0/spl/libsource_spl.o
 .debug_info    0x00004cf0      0xa7d /home/taga/NuttX/brandy/u-boot-2011.09/sunxi_spl/spl/lib/libgeneric.o
 .debug_info    0x0000576d     0x38e5 /home/taga/NuttX/brandy/u-boot-2011.09/arch/arm/cpu/armv7/sun8iw5/nand/libnand.o
 .debug_info    0x00009052      0x424 /home/taga/NuttX/brandy/u-boot-2011.09/sunxi_spl/boot0/load_nand/libloadnand.o
 .debug_info    0x00009476      0x378 main/boot0_head.o
 .debug_info    0x000097ee       0x95 main/boot0_hash.o
 .debug_info    0x00009883       0x70 main/boot0_entry.o

.debug_abbrev   0x00000000     0x2697
 .debug_abbrev  0x00000000      0x579 /home/taga/NuttX/brandy/u-boot-2011.09/arch/arm/cpu/armv7/sun8iw5/dram/libdram.o
 .debug_abbrev  0x00000579      0x3eb /home/taga/NuttX/brandy/u-boot-2011.09/sunxi_spl/boot0/libs/libgeneric.o
 .debug_abbrev  0x00000964      0x1db /home/taga/NuttX/brandy/u-boot-2011.09/sunxi_spl/boot0/main/libmain.o
 .debug_abbrev  0x00000b3f      0x9b8 /home/taga/NuttX/brandy/u-boot-2011.09/sunxi_spl/boot0/spl/libsource_spl.o
 .debug_abbrev  0x000014f7      0x32b /home/taga/NuttX/brandy/u-boot-2011.09/sunxi_spl/spl/lib/libgeneric.o
 .debug_abbrev  0x00001822      0xc63 /home/taga/NuttX/brandy/u-boot-2011.09/arch/arm/cpu/armv7/sun8iw5/nand/libnand.o
 .debug_abbrev  0x00002485      0x112 /home/taga/NuttX/brandy/u-boot-2011.09/sunxi_spl/boot0/load_nand/libloadnand.o
 .debug_abbrev  0x00002597       0x9f main/boot0_head.o
 .debug_abbrev  0x00002636       0x4d main/boot0_hash.o
 .debug_abbrev  0x00002683       0x14 main/boot0_entry.o

.debug_line     0x00000000     0x3472
 .debug_line    0x00000000      0xa5e /home/taga/NuttX/brandy/u-boot-2011.09/arch/arm/cpu/armv7/sun8iw5/dram/libdram.o
 .debug_line    0x00000a5e      0x57c /home/taga/NuttX/brandy/u-boot-2011.09/sunxi_spl/boot0/libs/libgeneric.o
 .debug_line    0x00000fda      0x1a4 /home/taga/NuttX/brandy/u-boot-2011.09/sunxi_spl/boot0/main/libmain.o
 .debug_line    0x0000117e      0xa0e /home/taga/NuttX/brandy/u-boot-2011.09/sunxi_spl/boot0/spl/libsource_spl.o
 .debug_line    0x00001b8c      0x402 /home/taga/NuttX/brandy/u-boot-2011.09/sunxi_spl/spl/lib/libgeneric.o
 .debug_line    0x00001f8e     0x1202 /home/taga/NuttX/brandy/u-boot-2011.09/arch/arm/cpu/armv7/sun8iw5/nand/libnand.o
 .debug_line    0x00003190      0x1a0 /home/taga/NuttX/brandy/u-boot-2011.09/sunxi_spl/boot0/load_nand/libloadnand.o
 .debug_line    0x00003330       0xbd main/boot0_head.o
 .debug_line    0x000033ed       0x2d main/boot0_hash.o
 .debug_line    0x0000341a       0x58 main/boot0_entry.o

.debug_frame    0x00000000     0x1640
 .debug_frame   0x00000000      0x28c /home/taga/NuttX/brandy/u-boot-2011.09/arch/arm/cpu/armv7/sun8iw5/dram/libdram.o
 .debug_frame   0x0000028c      0x18c /home/taga/NuttX/brandy/u-boot-2011.09/sunxi_spl/boot0/libs/libgeneric.o
 .debug_frame   0x00000418       0x78 /home/taga/NuttX/brandy/u-boot-2011.09/sunxi_spl/boot0/main/libmain.o
 .debug_frame   0x00000490      0x438 /home/taga/NuttX/brandy/u-boot-2011.09/sunxi_spl/boot0/spl/libsource_spl.o
 .debug_frame   0x000008c8      0x2c0 /home/taga/NuttX/brandy/u-boot-2011.09/sunxi_spl/spl/lib/libgeneric.o
 .debug_frame   0x00000b88      0x990 /home/taga/NuttX/brandy/u-boot-2011.09/arch/arm/cpu/armv7/sun8iw5/nand/libnand.o
 .debug_frame   0x00001518       0x44 /home/taga/NuttX/brandy/u-boot-2011.09/sunxi_spl/boot0/load_nand/libloadnand.o
 .debug_frame   0x0000155c       0x54 /home/taga/NuttX/brandy/gcc-linaro/bin/../lib/gcc/arm-linux-gnueabi/4.6.3/libgcc.a(bpabi.o)
 .debug_frame   0x000015b0       0x38 /home/taga/NuttX/brandy/gcc-linaro/bin/../lib/gcc/arm-linux-gnueabi/4.6.3/libgcc.a(_divdi3.o)
 .debug_frame   0x000015e8       0x38 /home/taga/NuttX/brandy/gcc-linaro/bin/../lib/gcc/arm-linux-gnueabi/4.6.3/libgcc.a(_udivdi3.o)
 .debug_frame   0x00001620       0x20 /home/taga/NuttX/brandy/gcc-linaro/bin/../lib/gcc/arm-linux-gnueabi/4.6.3/libgcc.a(_udivsi3.o)

.debug_str      0x00000000     0x25a7
 .debug_str     0x00000000      0x642 /home/taga/NuttX/brandy/u-boot-2011.09/arch/arm/cpu/armv7/sun8iw5/dram/libdram.o
                                0x937 (size before relaxing)
 .debug_str     0x00000642      0x3f5 /home/taga/NuttX/brandy/u-boot-2011.09/sunxi_spl/boot0/libs/libgeneric.o
                                0xd94 (size before relaxing)
 .debug_str     0x00000a37      0x15a /home/taga/NuttX/brandy/u-boot-2011.09/sunxi_spl/boot0/main/libmain.o
                                0x40b (size before relaxing)
 .debug_str     0x00000b91      0x65f /home/taga/NuttX/brandy/u-boot-2011.09/sunxi_spl/boot0/spl/libsource_spl.o
                                0xf60 (size before relaxing)
 .debug_str     0x000011f0      0x180 /home/taga/NuttX/brandy/u-boot-2011.09/sunxi_spl/spl/lib/libgeneric.o
                                0x44c (size before relaxing)
 .debug_str     0x00001370     0x119b /home/taga/NuttX/brandy/u-boot-2011.09/arch/arm/cpu/armv7/sun8iw5/nand/libnand.o
                               0x2004 (size before relaxing)
 .debug_str     0x0000250b       0x82 /home/taga/NuttX/brandy/u-boot-2011.09/sunxi_spl/boot0/load_nand/libloadnand.o
                                0x3b5 (size before relaxing)
 .debug_str     0x0000258d        0xd main/boot0_head.o
                                0x2ec (size before relaxing)
 .debug_str     0x0000259a        0xd main/boot0_hash.o
                                0x105 (size before relaxing)

.debug_loc      0x00000000     0x8b23
 .debug_loc     0x00000000     0x2882 /home/taga/NuttX/brandy/u-boot-2011.09/arch/arm/cpu/armv7/sun8iw5/dram/libdram.o
 .debug_loc     0x00002882      0x55e /home/taga/NuttX/brandy/u-boot-2011.09/sunxi_spl/boot0/libs/libgeneric.o
 .debug_loc     0x00002de0      0x212 /home/taga/NuttX/brandy/u-boot-2011.09/sunxi_spl/boot0/main/libmain.o
 .debug_loc     0x00002ff2     0x1eed /home/taga/NuttX/brandy/u-boot-2011.09/sunxi_spl/boot0/spl/libsource_spl.o
 .debug_loc     0x00004edf      0xb52 /home/taga/NuttX/brandy/u-boot-2011.09/sunxi_spl/spl/lib/libgeneric.o
 .debug_loc     0x00005a31     0x304a /home/taga/NuttX/brandy/u-boot-2011.09/arch/arm/cpu/armv7/sun8iw5/nand/libnand.o
 .debug_loc     0x00008a7b       0xa8 /home/taga/NuttX/brandy/u-boot-2011.09/sunxi_spl/boot0/load_nand/libloadnand.o

.debug_ranges   0x00000000      0x4c0
 .debug_ranges  0x00000000      0x1f8 /home/taga/NuttX/brandy/u-boot-2011.09/arch/arm/cpu/armv7/sun8iw5/dram/libdram.o
 .debug_ranges  0x000001f8       0x18 /home/taga/NuttX/brandy/u-boot-2011.09/sunxi_spl/boot0/main/libmain.o
 .debug_ranges  0x00000210      0x120 /home/taga/NuttX/brandy/u-boot-2011.09/sunxi_spl/boot0/spl/libsource_spl.o
 .debug_ranges  0x00000330      0x190 /home/taga/NuttX/brandy/u-boot-2011.09/arch/arm/cpu/armv7/sun8iw5/nand/libnand.o
