common.h:307:19:print_cpuinfo	0	static
trace.h:95:19:trace_early_init	0	static
board_f.c:274:12:setup_mon_len	0	static
board_f.c:287:12:arch_cpu_init	0	static
board_f.c:431:12:reserve_debugbuffer	0	static
board_f.c:480:12:reserve_round_4k	0	static
board_f.c:488:12:reserve_mmu	0	static
board_f.c:518:12:reserve_trace	0	static
board_f.c:542:12:reserve_uboot	0	static
board_f.c:566:12:reserve_malloc	0	static
board_f.c:595:12:setup_machine	0	static
board_f.c:603:12:reserve_global_data	0	static
board_f.c:613:12:reserve_sysconfig	0	static
board_f.c:648:12:reserve_parameter	0	static
board_f.c:694:12:reserve_stacks	0	static
board_f.c:748:12:display_new_sp	0	static
board_f.c:844:12:setup_dram_config	8	static
board_f.c:865:12:reloc_sysconfig	0	static
board_f.c:880:12:reloc_parameter	0	static
board_f.c:584:12:reserve_board	8	static
board_f.c:894:12:setup_reloc	8	static
board_f.c:177:12:announce_dram_init	8	static
board_f.c:154:12:display_text_info	8	static
board_f.c:852:12:reloc_fdt	8	static
board_f.c:668:12:reserve_fdt	8	static
board_f.c:946:12:init_func_pmubus	8	static
board_f.c:938:12:mark_bootstage	8	static
board_f.c:148:12:init_baud_rate	8	static
board_f.c:347:12:setup_fdt	8	static
board_f.c:88:13:__coloured_LED_init	0	static
board_f.c:91:13:__red_led_on	0	static
board_f.c:93:13:__red_led_off	0	static
board_f.c:95:13:__green_led_on	0	static
board_f.c:97:13:__green_led_off	0	static
board_f.c:99:13:__yellow_led_on	0	static
board_f.c:101:13:__yellow_led_off	0	static
board_f.c:103:13:__blue_led_on	0	static
board_f.c:105:13:__blue_led_off	0	static
board_f.c:140:6:__board_add_ram_info	0	static
board_f.c:231:6:__dram_init_banksize	8	static
board_f.c:385:14:board_get_usable_ram_top	0	static
board_f.c:390:12:setup_dest_addr	16	static
board_f.c:1188:6:board_init_f	336	static
