bootstage.h:337:19:bootstage_relocate	0	static
board_r.c:144:12:initr_trace	0	static
board_r.c:180:12:initr_reloc_global_data	0	static
board_r.c:254:12:initr_announce	0	static
board_r.c:680:12:usb_net_init	0	static
board_r.c:692:12:show_platform_info	0	static
board_r.c:324:12:run_main_loop	8	static
board_r.c:382:12:initr_sunxi_base	8	static
board_r.c:294:12:initr_env	8	static
board_r.c:388:12:sunxi_burn_key	8	static
board_r.c:672:12:platform_dma_init	8	static
board_r.c:316:12:initr_enable_interrupts	8	static
board_r.c:307:12:initr_jumptable	8	static
board_r.c:228:12:initr_malloc	8	static
board_r.c:167:12:initr_caches	8	static
board_r.c:217:12:initr_serial	8	static
board_r.c:153:12:initr_reloc	8	static
board_r.c:247:12:power_init_board	8	static
board_r.c:101:5:__board_flash_wp_on	0	static
board_r.c:114:12:sunxi_hdcp_keybox_install	0	static
board_r.c:119:12:sunxi_widevine_keybox_install	0	static
board_r.c:124:12:sunxi_get_hdcp_cfg	0	static
board_r.c:129:12:sunxi_keymaster_keybox_install	0	static
board_r.c:556:12:initr_sunxi_flash	8	static
board_r.c:175:12:fixup_cpu	0	static
board_r.c:263:5:initr_mmc	8	static
board_r.c:399:5:initr_sunxi_display	8	static
board_r.c:653:12:initr_single_core	8	static
board_r.c:832:6:intr_vector_fix	40	static
board_r.c:859:6:board_init_r	8	static
