console.c:132:12:console_setfile	16	static
console.c:41:5:set_sunxi_debug_level	0	static
console.c:47:5:get_sunxi_debug_level	0	static
console.c:289:5:serial_printf	400	static
console.c:307:5:fgetc	8	static
console.c:338:5:ftstc	8	static
console.c:346:6:fputc	8	static
console.c:352:6:fputs	8	static
console.c:358:5:fprintf	404	static
console.c:379:5:getc	0	static
console.c:398:5:tstc	0	static
console.c:450:6:putc	0	static
console.c:501:6:puts	0	static
console.c:596:5:printf	408	static
console.c:547:5:display_time	400	static
console.c:564:5:uprintf	796	static
console.c:648:5:tick_printf	784	static
console.c:675:5:sunxi_printf_all	8	static
console.c:683:5:vprintf	392	static
console.c:706:5:ctrlc	8	static
console.c:724:5:confirm_yesno	16	static
console.c:751:5:disable_ctrlc	0	static
console.c:759:5:had_ctrlc	0	static
console.c:764:6:clear_ctrlc	0	static
console.c:802:13:dbg	0	static
console.c:809:19:search_device	8	static
console.c:821:5:console_assign	8	static
console.c:52:12:on_console	24	static
console.c:850:5:console_init_f	32	static
console.c:902:6:stdio_print_current_devices	8	static
console.c:1018:5:console_init_r	16	static
