fdt_support.c:1114:12:of_bus_default_map	48	static
fdt_support.c:1092:13:of_bus_default_count_cells	24	static
fdt_support.c:1562:12:fdt_read_prop	8	static
fdt_support.c:38:12:get_cells_len	8	static
fdt_support.c:1131:12:of_bus_default_translate	40	static
fdt_support.c:241:12:6	16	static
fdt_support.c:24:6:set_working_fdt_addr	0	static
fdt_support.c:61:5:fdt_getprop_u32_default_node	24	static
fdt_support.c:91:5:fdt_getprop_u32_default	24	static
fdt_support.c:112:5:fdt_getprop_u32	32	static
fdt_support.c:150:5:fdt_getprop_u64	32	static
fdt_support.c:185:5:fdt_getprop_string	32	static
fdt_support.c:218:5:fdt_find_and_setprop	32	static
fdt_support.c:330:5:fdt_initrd	80	static
fdt_support.c:390:5:fdt_chosen	24	static
fdt_support.c:421:6:do_fixup_by_path	24	static
fdt_support.c:437:6:do_fixup_by_path_u32	24	static
fdt_support.c:444:6:do_fixup_by_prop	40	static
fdt_support.c:465:6:do_fixup_by_prop_u32	32	static
fdt_support.c:473:6:do_fixup_by_compat	40	static
fdt_support.c:492:6:do_fixup_by_compat_u32	24	static
fdt_support.c:532:5:fdt_fixup_memory_banks	56	static
fdt_support.c:575:5:fdt_fixup_memory	16	static
fdt_support.c:580:6:fdt_fixup_ethernet	88	static
fdt_support.c:628:5:fdt_resize	48	static
fdt_support.c:818:5:fdt_increase_size	0	static
fdt_support.c:1037:6:fdt_del_node_and_alias	16	static
fdt_support.c:1291:5:fdt_translate_address	112	static
fdt_support.c:1305:5:fdt_node_offset_by_compat_reg	40	static
fdt_support.c:1326:5:fdt_alloc_phandle	16	static
fdt_support.c:1345:5:fdt_set_phandle	40	static
fdt_support.c:1384:14:fdt_create_phandle	16	static
fdt_support.c:1414:5:fdt_set_node_status	40	static
fdt_support.c:1455:5:fdt_set_status_by_alias	16	static
fdt_support.c:1501:5:fdt_verify_alias_address	48	static
fdt_support.c:1542:5:fdt_get_base_address	24	static
fdt_support.c:1598:5:fdt_read_range	56	static
