swab.h:112:48:__fswab32	0	static
zfs.c:195:1:zlib_decompress	8	static
zfs.c:248:1:zio_checksum_off	0	static
swab.h:126:48:__fswab64	16	static
zfs.c:320:1:vdev_uberblock_compare	48	static
zfs.c:277:1:zio_checksum_verify	104	static
zfs.c:892:1:zap_verify	16	static
zfs.c:1706:1:int_zfs_fetch_nvlist	16	static
zfs.c:1516:1:nvlist_find_value	40	static
zfs.c:445:1:get_psize	8	static
zfs.c:452:1:1	8	static
zfs.c:522:1:zio_read_data	144	static
zfs.c:572:1:zio_read	32	static
zfs.c:641:1:dmu_read	72	static
zfs.c:1079:1:zap_iterate	112	static
zfs.c:1046:1:zap_lookup	112	static
zfs.c:1122:1:dnode_get	72	static
zfs.c:2261:12:iterate_zap	576	static
zfs.c:1374:1:make_mdn	32	static
zfs.c:1399:1:dnode_get_fullpath	104	static
zfs.c:2214:1:fill_fs_info	568	static
zfs.c:2279:12:iterate_zap_fs	1072	static
zfs.c:2297:12:iterate_zap_snap	1080	static
zfs.c:1573:1:zfs_nvlist_lookup_uint64	24	static
zfs.c:1592:1:zfs_nvlist_lookup_string	32	static
zfs.c:1619:1:zfs_nvlist_lookup_nvlist	32	static
zfs.c:1640:1:zfs_nvlist_lookup_nvlist_array_get_nelm	32	static
zfs.c:1654:1:zfs_nvlist_lookup_nvlist_array	56	static
zfs.c:1842:1:zfs_unmount	8	static
zfs.c:1856:1:zfs_mount	200	static
zfs.c:1993:1:zfs_fetch_nvlist	16	static
zfs.c:2054:1:zfs_open	32	static
zfs.c:2121:1:zfs_read	96	static
zfs.c:2189:1:zfs_close	8	static
zfs.c:2196:1:zfs_getmdnobj	32	static
zfs.c:2324:1:zfs_ls	1104	static
