swab.h:112:48:__fswab32	0	static
mmc.c:43:5:__board_mmc_getcd	0	static
mmc.c:137:5:mmc_send_cmd	32	static
mmc.c:203:5:mmc_send_status	48	static
mmc.c:247:5:mmc_set_blocklen	40	static
mmc.c:258:13:find_mmc_device	8	static
mmc.c:327:1:mmc_berase	72	static
mmc.c:417:1:mmc_bwrite	80	static
mmc.c:440:5:mmc_read_blocks	64	static
mmc.c:478:14:mmc_bread	32	static
mmc.c:510:5:mmc_go_idle	40	static
mmc.c:532:1:sd_send_op_cond	48	static
mmc.c:597:5:mmc_send_op_cond	48	static
mmc.c:661:5:mmc_send_ext_csd	56	static
mmc.c:683:5:mmc_switch	40	static
mmc.c:705:5:mmc_change_freq	592	static
mmc.c:751:5:mmc_switch_part	8	static
mmc.c:763:5:mmc_getcd	8	static
mmc.c:775:5:sd_switch	56	static
mmc.c:796:5:sd_change_freq	336	static
mmc.c:935:6:mmc_set_ios	8	static
mmc.c:940:6:mmc_set_clock	0	static
mmc.c:953:6:mmc_set_bus_width	0	static
mmc.c:960:5:mmc_startup	1240	static
mmc.c:1243:5:mmc_send_if_cond	40	static
mmc.c:1266:5:mmc_register	0	static
mmc.c:1296:5:mmc_init	16	static
mmc.c:1286:19:mmc_get_dev	8	static
mmc.c:1354:12:__def_mmc_init	0	static
mmc.c:1362:6:print_mmc_devices	16	static
mmc.c:1379:5:get_mmc_num	0	static
mmc.c:1384:5:mmc_initialize	8	static
