drv_tv.c:982:5:tv_get_input_csc	0	static
drv_tv.c:1121:5:tv_hot_plugging_detect	0	static
drv_tv.c:591:12:tve_top_clk_enable	8	static
drv_tv.c:610:12:tve_clk_enable	16	static
drv_tv.c:1017:12:__pin_config	48	static
drv_tv.c:629:13:tve_clk_config	48	static
drv_tv.c:1012:5:tv_get_hpd_status	0	static
drv_tv.c:581:5:tv_set_enhance_mode	0	static
drv_tv.c:969:5:tv_set_mode	8	static
drv_tv.c:961:5:tv_get_mode	8	static
drv_tv.c:1052:5:tv_disable	16	static
drv_tv.c:1083:5:tv_resume	32	static
drv_tv.c:1067:5:tv_suspend	16	static
drv_tv.c:1102:5:tv_mode_support	8	static
drv_tv.c:1034:5:tv_enable	16	static
drv_tv.c:990:5:tv_get_video_timing_info	8	static
drv_tv.c:543:6:tv_report_hpd_work	0	static
drv_tv.c:547:5:tv_detect_thread	0	static
drv_tv.c:552:5:tv_detect_enable	8	static
drv_tv.c:558:5:tv_detect_disable	8	static
drv_tv.c:565:5:tv_get_video_info	0	static
drv_tv.c:576:5:tv_get_list_num	0	static
drv_tv.c:925:5:tv_init	232	static
drv_tv.c:948:5:tv_exit	16	static
