Archive member included because of file (symbol)

/home/taga/NuttX/brandy-dev-moon/gcc-linaro/bin/../lib/gcc/arm-linux-gnueabi/4.6.3/libgcc.a(_ashldi3.o)
                              /home/taga/NuttX/brandy-dev-moon/u-boot-2011.09/arch/arm/cpu/armv7/sun8iw5/mmc/libmmc.o (__aeabi_llsl)
/home/taga/NuttX/brandy-dev-moon/gcc-linaro/bin/../lib/gcc/arm-linux-gnueabi/4.6.3/libgcc.a(_aeabi_uldivmod.o)
                              /home/taga/NuttX/brandy-dev-moon/u-boot-2011.09/../bootloader/sunxi_spl/boot0/spl/libsource_spl.o (__aeabi_uldivmod)
/home/taga/NuttX/brandy-dev-moon/gcc-linaro/bin/../lib/gcc/arm-linux-gnueabi/4.6.3/libgcc.a(_dvmd_lnx.o)
                              /home/taga/NuttX/brandy-dev-moon/gcc-linaro/bin/../lib/gcc/arm-linux-gnueabi/4.6.3/libgcc.a(_aeabi_uldivmod.o) (__aeabi_ldiv0)
/home/taga/NuttX/brandy-dev-moon/gcc-linaro/bin/../lib/gcc/arm-linux-gnueabi/4.6.3/libgcc.a(bpabi.o)
                              /home/taga/NuttX/brandy-dev-moon/gcc-linaro/bin/../lib/gcc/arm-linux-gnueabi/4.6.3/libgcc.a(_aeabi_uldivmod.o) (__gnu_uldivmod_helper)
/home/taga/NuttX/brandy-dev-moon/gcc-linaro/bin/../lib/gcc/arm-linux-gnueabi/4.6.3/libgcc.a(_divdi3.o)
                              /home/taga/NuttX/brandy-dev-moon/gcc-linaro/bin/../lib/gcc/arm-linux-gnueabi/4.6.3/libgcc.a(bpabi.o) (__divdi3)
/home/taga/NuttX/brandy-dev-moon/gcc-linaro/bin/../lib/gcc/arm-linux-gnueabi/4.6.3/libgcc.a(_udivdi3.o)
                              /home/taga/NuttX/brandy-dev-moon/gcc-linaro/bin/../lib/gcc/arm-linux-gnueabi/4.6.3/libgcc.a(bpabi.o) (__udivdi3)
/home/taga/NuttX/brandy-dev-moon/gcc-linaro/bin/../lib/gcc/arm-linux-gnueabi/4.6.3/libgcc.a(_udivsi3.o)
                              /home/taga/NuttX/brandy-dev-moon/gcc-linaro/bin/../lib/gcc/arm-linux-gnueabi/4.6.3/libgcc.a(_divdi3.o) (__aeabi_uidiv)

Memory Configuration

Name             Origin             Length             Attributes
*default*        0x00000000         0xffffffff

Linker script and memory map

LOAD /home/taga/NuttX/brandy-dev-moon/u-boot-2011.09/../bootloader/sunxi_spl/boot0/efuse/libcid.o
LOAD /home/taga/NuttX/brandy-dev-moon/u-boot-2011.09/../bootloader/sunxi_spl/boot0/libs/libgeneric.o
LOAD /home/taga/NuttX/brandy-dev-moon/u-boot-2011.09/../bootloader/sunxi_spl/boot0/main/libmain.o
LOAD /home/taga/NuttX/brandy-dev-moon/u-boot-2011.09/../bootloader/sunxi_spl/boot0/spl/libsource_spl.o
LOAD /home/taga/NuttX/brandy-dev-moon/u-boot-2011.09/../bootloader/sunxi_spl/dram/sun8iw5/dram/libdram.o
LOAD /home/taga/NuttX/brandy-dev-moon/u-boot-2011.09/../bootloader/sunxi_spl/spl/lib/libgeneric.o
LOAD /home/taga/NuttX/brandy-dev-moon/u-boot-2011.09/../bootloader/sunxi_spl/boot0/load_mmc/libloadmmc.o
LOAD /home/taga/NuttX/brandy-dev-moon/u-boot-2011.09/arch/arm/cpu/armv7/sun8iw5/mmc/libmmc.o
LOAD /home/taga/NuttX/brandy-dev-moon/gcc-linaro/bin/../lib/gcc/arm-linux-gnueabi/4.6.3/libgcc.a
                0x00000000                . = 0x0
                0x00000000                . = ALIGN (0x4)

.head           0x00000000      0x2f8
 main/boot0_head.o(.rodata)
 .rodata        0x00000000      0x2f8 main/boot0_head.o
                0x00000000                BT0_head

.hash           0x000002f8       0x40
 main/boot0_hash.o(.data)
 .data          0x000002f8       0x40 main/boot0_hash.o
                0x000002f8                boot0_hash_value
                0x00000338                . = ALIGN (0x1)

.text           0x00000338     0x5180
 main/boot0_entry.o(.text)
 .text          0x00000338       0x70 main/boot0_entry.o
                0x00000338                _start
 *(.text)
 .text          0x000003a8       0x34 /home/taga/NuttX/brandy-dev-moon/u-boot-2011.09/../bootloader/sunxi_spl/boot0/efuse/libcid.o
                0x000003a8                sid_read_key
                0x000003b4                sid_read_oemid
 .text          0x000003dc      0x290 /home/taga/NuttX/brandy-dev-moon/u-boot-2011.09/../bootloader/sunxi_spl/boot0/libs/libgeneric.o
                0x000003dc                check_magic
                0x000003f2                check_sum
                0x00000464                check_file
                0x0000048c                verify_addsum
                0x000004fc                BOOT_NandGetPara
                0x00000510                get_page_buf
                0x00000518                g_mod
                0x0000053c                set_dram_para
                0x00000558                cpu_init_s
                0x00000568                mmu_setup
                0x000005e0                mmu_turn_off
                0x00000610                raise
                0x00000614                __aeabi_unwind_cpp_pr0
                0x00000618                set_debugmode_flag
 .text          0x0000066c        0x2 /home/taga/NuttX/brandy-dev-moon/u-boot-2011.09/../bootloader/sunxi_spl/boot0/main/libmain.o
                0x0000066c                bias_calibration
 *fill*         0x0000066e        0x2 00
 .text          0x00000670      0xcd4 /home/taga/NuttX/brandy-dev-moon/u-boot-2011.09/../bootloader/sunxi_spl/boot0/spl/libsource_spl.o
                0x00000670                rtc_region_probe_fel_flag
                0x000006a8                rtc_region_clear_fel_flag
                0x000006b4                timer_init
                0x000006f0                __msdelay
                0x00000708                __usdelay
                0x00000720                timer_exit
                0x00000722                get_ticks
                0x00000730                boot_set_gpio
                0x000009b8                boot_set_one_gpio
                0x00000ae8                sunxi_serial_init
                0x00000b54                sunxi_serial_putc
                0x00000b68                sunxi_serial_getc
                0x00000b7c                sunxi_serial_tstc
                0x00000b8c                set_pll
                0x00000c4c                reset_pll
                0x00000c68                set_gpio_gate
                0x00000c88                set_ccmu_normal
                0x00000c94                sw2001_verify
                0x00000d5c                iDeviceInit
                0x00000d74                iDeviceDeInit
                0x00000d7e                iWriteByte
                0x00000da0                iReadByte
                0x00000dbc                iSleep
                0x00000dc0                iWriteData
                0x00000dec                iReadData
                0x00000e2a                iSetBits
                0x00000e5c                iClearBits
                0x00000e90                iCheckBits
                0x00000ff4                set_i2c_clock
                0x00001028                i2c_init
                0x00001148                i2c_exit
                0x00001158                i2c_read
                0x00001290                i2c_write
                0x00001320                axp_i2c_read
                0x0000132e                axp_i2c_write
 .text          0x00001344     0x1af4 /home/taga/NuttX/brandy-dev-moon/u-boot-2011.09/../bootloader/sunxi_spl/dram/sun8iw5/dram/libdram.o
                0x00001344                local_delay
                0x00001348                paraconfig
                0x00001354                set_master_priority
                0x00001378                auto_set_timing_para
                0x0000199c                ccm_set_pll_ddr_clk
                0x000019d0                ccm_set_pll_ddr1_clk
                0x00001a08                mctl_sys_init
                0x00001c60                mctl_com_init
                0x00001d04                mctl_channel_init
                0x0000229c                DRAMC_get_dram_size
                0x000022c4                auto_detect_dram_size
                0x00002430                init_DRAM
                0x000025b8                mctl_init
                0x00002624                binding_chip_id
                0x000026c8                sunxi_rsb_init
                0x00002868                sunxi_rsb_config
                0x000029a0                sunxi_rsb_exit
                0x000029a4                sunxi_rsb_read
                0x00002b38                sunxi_rsb_write
                0x00002ccc                set_ddr_voltage
                0x00002de4                get_axp_chip_id
 .text          0x00002e38      0x3b0 /home/taga/NuttX/brandy-dev-moon/u-boot-2011.09/../bootloader/sunxi_spl/spl/lib/libgeneric.o
                0x00002e62                int_to_string_dec
                0x00002ec2                int_to_string_hex
                0x00002ee4                vsprintf
                0x00002f82                puts
                0x00002f96                sprintf
                0x00002fae                printf
                0x00002fe0                strcpy
                0x00002ff0                strncpy
                0x00003004                strcat
                0x00003020                strncat
                0x0000304c                strcmp
                0x00003062                strncmp
                0x00003080                strchr
                0x00003098                strlen
                0x000030a8                strrchr
                0x000030c8                strnlen
                0x000030de                strspn
                0x00003102                memset
                0x00003110                memcpy
                0x00003122                memmove
                0x0000315a                memcmp
                0x00003176                memscan
                0x0000318e                strstr
                0x000031c2                memchr
                0x000031dc                boot0_jump
 .text          0x000031e8      0x158 /home/taga/NuttX/brandy-dev-moon/u-boot-2011.09/../bootloader/sunxi_spl/boot0/load_mmc/libloadmmc.o
                0x000031e8                load_boot1_from_sdmmc
                0x00003320                load_boot1
 .text          0x00003340     0x17d8 /home/taga/NuttX/brandy-dev-moon/u-boot-2011.09/arch/arm/cpu/armv7/sun8iw5/mmc/libmmc.o
                0x0000384c                sunxi_clock_get_pll6
                0x00003a24                set_mmc_para
                0x00003a5c                sunxi_mmc_init
                0x00003bf4                sunxi_mmc_exit
                0x00003c2c                mmc_send_cmd
                0x00003c36                mmc_send_status
                0x00003cb8                mmc_set_blocklen
                0x00003cdc                find_mmc_device
                0x00003cfc                mmc_read_blocks
                0x00003d90                mmc_bread
                0x00003e30                mmc_go_idle
                0x00003e70                sd_send_op_cond
                0x00003f70                mmc_send_op_cond
                0x00004068                mmc_send_ext_csd
                0x000040ac                mmc_update_phase
                0x000040b6                mmc_switch
                0x00004114                mmc_change_freq
                0x000041d4                mmc_switch_part
                0x000041fe                sd_switch
                0x00004244                sd_change_freq
                0x000043a0                mmc_set_ios
                0x000043aa                mmc_set_clock
                0x000043c6                mmc_set_bus_mode
                0x000043d2                mmc_set_bus_width
                0x000043de                mmc_startup
                0x000049c0                mmc_send_if_cond
                0x00004a1c                mmc_init
                0x00004ae8                mmc_register
                0x00004b08                mmc_unregister
 .text          0x00004b18       0x18 /home/taga/NuttX/brandy-dev-moon/gcc-linaro/bin/../lib/gcc/arm-linux-gnueabi/4.6.3/libgcc.a(_ashldi3.o)
                0x00004b18                __ashldi3
                0x00004b18                __aeabi_llsl
 .text          0x00004b30       0x2c /home/taga/NuttX/brandy-dev-moon/gcc-linaro/bin/../lib/gcc/arm-linux-gnueabi/4.6.3/libgcc.a(_aeabi_uldivmod.o)
                0x00004b30                __aeabi_uldivmod
 .text          0x00004b5c        0xc /home/taga/NuttX/brandy-dev-moon/gcc-linaro/bin/../lib/gcc/arm-linux-gnueabi/4.6.3/libgcc.a(_dvmd_lnx.o)
                0x00004b5c                __aeabi_ldiv0
                0x00004b5c                __aeabi_idiv0
 .text          0x00004b68       0x5c /home/taga/NuttX/brandy-dev-moon/gcc-linaro/bin/../lib/gcc/arm-linux-gnueabi/4.6.3/libgcc.a(bpabi.o)
                0x00004b68                __gnu_ldivmod_helper
                0x00004b98                __gnu_uldivmod_helper
 .text          0x00004bc4      0x360 /home/taga/NuttX/brandy-dev-moon/gcc-linaro/bin/../lib/gcc/arm-linux-gnueabi/4.6.3/libgcc.a(_divdi3.o)
                0x00004bc4                __divdi3
 .text          0x00004f24      0x31c /home/taga/NuttX/brandy-dev-moon/gcc-linaro/bin/../lib/gcc/arm-linux-gnueabi/4.6.3/libgcc.a(_udivdi3.o)
                0x00004f24                __udivdi3
 .text          0x00005240      0x278 /home/taga/NuttX/brandy-dev-moon/gcc-linaro/bin/../lib/gcc/arm-linux-gnueabi/4.6.3/libgcc.a(_udivsi3.o)
                0x00005240                __udivsi3
                0x00005240                __aeabi_uidiv
                0x0000549c                __aeabi_uidivmod
 .text          0x000054b8        0x0 main/boot0_head.o
 .text          0x000054b8        0x0 main/boot0_hash.o

.glue_7         0x000054b8        0x0
 .glue_7        0x00000000        0x0 linker stubs

.glue_7t        0x000054b8        0x0
 .glue_7t       0x00000000        0x0 linker stubs

.vfp11_veneer   0x000054b8        0x0
 .vfp11_veneer  0x00000000        0x0 linker stubs

.v4_bx          0x000054b8        0x0
 .v4_bx         0x00000000        0x0 linker stubs

.iplt           0x000054b8        0x0
 .iplt          0x00000000        0x0 /home/taga/NuttX/brandy-dev-moon/u-boot-2011.09/../bootloader/sunxi_spl/boot0/efuse/libcid.o

.text.startup   0x000054b8      0x1f4
 .text.startup  0x000054b8      0x1f4 /home/taga/NuttX/brandy-dev-moon/u-boot-2011.09/../bootloader/sunxi_spl/boot0/main/libmain.o
                0x000054b8                main
                0x000056b0                . = ALIGN (0x10)

.rodata         0x000056b0       0xbc
 *(.rodata)
 .rodata        0x000056b0       0x48 /home/taga/NuttX/brandy-dev-moon/u-boot-2011.09/../bootloader/sunxi_spl/dram/sun8iw5/dram/libdram.o
 .rodata        0x000056f8       0x11 /home/taga/NuttX/brandy-dev-moon/u-boot-2011.09/../bootloader/sunxi_spl/spl/lib/libgeneric.o
 *fill*         0x00005709        0x3 00
 .rodata        0x0000570c       0x60 /home/taga/NuttX/brandy-dev-moon/u-boot-2011.09/arch/arm/cpu/armv7/sun8iw5/mmc/libmmc.o

.rodata.str1.1  0x0000576c     0x170e
 .rodata.str1.1
                0x0000576c        0xa /home/taga/NuttX/brandy-dev-moon/u-boot-2011.09/../bootloader/sunxi_spl/boot0/efuse/libcid.o
 .rodata.str1.1
                0x00005776       0x20 /home/taga/NuttX/brandy-dev-moon/u-boot-2011.09/../bootloader/sunxi_spl/boot0/libs/libgeneric.o
                                 0x28 (size before relaxing)
 .rodata.str1.1
                0x00005796       0xef /home/taga/NuttX/brandy-dev-moon/u-boot-2011.09/../bootloader/sunxi_spl/boot0/main/libmain.o
 .rodata.str1.1
                0x00005885       0x4e /home/taga/NuttX/brandy-dev-moon/u-boot-2011.09/../bootloader/sunxi_spl/boot0/spl/libsource_spl.o
                                 0x50 (size before relaxing)
 .rodata.str1.1
                0x000058d3      0x93a /home/taga/NuttX/brandy-dev-moon/u-boot-2011.09/../bootloader/sunxi_spl/dram/sun8iw5/dram/libdram.o
                                0x93b (size before relaxing)
 .rodata.str1.1
                0x0000620d      0x129 /home/taga/NuttX/brandy-dev-moon/u-boot-2011.09/../bootloader/sunxi_spl/boot0/load_mmc/libloadmmc.o
 .rodata.str1.1
                0x00006336      0xb44 /home/taga/NuttX/brandy-dev-moon/u-boot-2011.09/arch/arm/cpu/armv7/sun8iw5/mmc/libmmc.o
                                0xb64 (size before relaxing)

.ARM.extab      0x00006e7a        0x0
 .ARM.extab     0x00006e7a        0x0 /home/taga/NuttX/brandy-dev-moon/gcc-linaro/bin/../lib/gcc/arm-linux-gnueabi/4.6.3/libgcc.a(bpabi.o)
 .ARM.extab     0x00006e7a        0x0 /home/taga/NuttX/brandy-dev-moon/gcc-linaro/bin/../lib/gcc/arm-linux-gnueabi/4.6.3/libgcc.a(_divdi3.o)
 .ARM.extab     0x00006e7a        0x0 /home/taga/NuttX/brandy-dev-moon/gcc-linaro/bin/../lib/gcc/arm-linux-gnueabi/4.6.3/libgcc.a(_udivdi3.o)

.ARM.exidx      0x00006e7c       0x28
 .ARM.exidx     0x00006e7c       0x10 /home/taga/NuttX/brandy-dev-moon/gcc-linaro/bin/../lib/gcc/arm-linux-gnueabi/4.6.3/libgcc.a(bpabi.o)
 .ARM.exidx     0x00006e8c        0x8 /home/taga/NuttX/brandy-dev-moon/gcc-linaro/bin/../lib/gcc/arm-linux-gnueabi/4.6.3/libgcc.a(_divdi3.o)
 .ARM.exidx     0x00006e94       0x10 /home/taga/NuttX/brandy-dev-moon/gcc-linaro/bin/../lib/gcc/arm-linux-gnueabi/4.6.3/libgcc.a(_udivdi3.o)
                                  0x8 (size before relaxing)

.rel.dyn        0x00006ea4        0x0
 .rel.iplt      0x00000000        0x0 /home/taga/NuttX/brandy-dev-moon/u-boot-2011.09/../bootloader/sunxi_spl/boot0/efuse/libcid.o
                0x00006eb0                . = ALIGN (0x10)

.data           0x00006eb0      0x174
 *(.data)
 .data          0x00006eb0        0x0 /home/taga/NuttX/brandy-dev-moon/u-boot-2011.09/../bootloader/sunxi_spl/boot0/efuse/libcid.o
 .data          0x00006eb0        0x0 /home/taga/NuttX/brandy-dev-moon/u-boot-2011.09/../bootloader/sunxi_spl/boot0/libs/libgeneric.o
 .data          0x00006eb0        0x0 /home/taga/NuttX/brandy-dev-moon/u-boot-2011.09/../bootloader/sunxi_spl/boot0/main/libmain.o
 .data          0x00006eb0      0x144 /home/taga/NuttX/brandy-dev-moon/u-boot-2011.09/../bootloader/sunxi_spl/boot0/spl/libsource_spl.o
                0x00006eb0                pt_table
                0x00006f50                ct_table
 .data          0x00006ff4       0x2c /home/taga/NuttX/brandy-dev-moon/u-boot-2011.09/../bootloader/sunxi_spl/dram/sun8iw5/dram/libdram.o
 .data          0x00007020        0x4 /home/taga/NuttX/brandy-dev-moon/u-boot-2011.09/../bootloader/sunxi_spl/spl/lib/libgeneric.o
                0x00007020                debug_mode
 .data          0x00007024        0x0 /home/taga/NuttX/brandy-dev-moon/u-boot-2011.09/../bootloader/sunxi_spl/boot0/load_mmc/libloadmmc.o
 .data          0x00007024        0x0 /home/taga/NuttX/brandy-dev-moon/u-boot-2011.09/arch/arm/cpu/armv7/sun8iw5/mmc/libmmc.o
 .data          0x00007024        0x0 /home/taga/NuttX/brandy-dev-moon/gcc-linaro/bin/../lib/gcc/arm-linux-gnueabi/4.6.3/libgcc.a(_ashldi3.o)
 .data          0x00007024        0x0 /home/taga/NuttX/brandy-dev-moon/gcc-linaro/bin/../lib/gcc/arm-linux-gnueabi/4.6.3/libgcc.a(_aeabi_uldivmod.o)
 .data          0x00007024        0x0 /home/taga/NuttX/brandy-dev-moon/gcc-linaro/bin/../lib/gcc/arm-linux-gnueabi/4.6.3/libgcc.a(_dvmd_lnx.o)
 .data          0x00007024        0x0 /home/taga/NuttX/brandy-dev-moon/gcc-linaro/bin/../lib/gcc/arm-linux-gnueabi/4.6.3/libgcc.a(bpabi.o)
 .data          0x00007024        0x0 /home/taga/NuttX/brandy-dev-moon/gcc-linaro/bin/../lib/gcc/arm-linux-gnueabi/4.6.3/libgcc.a(_divdi3.o)
 .data          0x00007024        0x0 /home/taga/NuttX/brandy-dev-moon/gcc-linaro/bin/../lib/gcc/arm-linux-gnueabi/4.6.3/libgcc.a(_udivdi3.o)
 .data          0x00007024        0x0 /home/taga/NuttX/brandy-dev-moon/gcc-linaro/bin/../lib/gcc/arm-linux-gnueabi/4.6.3/libgcc.a(_udivsi3.o)
 .data          0x00007024        0x0 main/boot0_head.o
 .data          0x00007024        0x0 main/boot0_entry.o

.igot.plt       0x00007024        0x0
 .igot.plt      0x00000000        0x0 /home/taga/NuttX/brandy-dev-moon/u-boot-2011.09/../bootloader/sunxi_spl/boot0/efuse/libcid.o
                0x00007024                . = ALIGN (0x4)

.bss            0x00007028      0x314
                0x00007028                __bss_start = .
 *(.bss)
 .bss           0x00007028        0x0 /home/taga/NuttX/brandy-dev-moon/u-boot-2011.09/../bootloader/sunxi_spl/boot0/efuse/libcid.o
 .bss           0x00007028        0x0 /home/taga/NuttX/brandy-dev-moon/u-boot-2011.09/../bootloader/sunxi_spl/boot0/libs/libgeneric.o
 .bss           0x00007028        0x4 /home/taga/NuttX/brandy-dev-moon/u-boot-2011.09/../bootloader/sunxi_spl/boot0/main/libmain.o
                0x00007028                uboot_workmode_usbback
 .bss           0x0000702c        0x5 /home/taga/NuttX/brandy-dev-moon/u-boot-2011.09/../bootloader/sunxi_spl/boot0/spl/libsource_spl.o
                0x00007030                SLAVE_ADDR
 .bss           0x00007031        0x0 /home/taga/NuttX/brandy-dev-moon/u-boot-2011.09/../bootloader/sunxi_spl/dram/sun8iw5/dram/libdram.o
 .bss           0x00007031        0x0 /home/taga/NuttX/brandy-dev-moon/u-boot-2011.09/../bootloader/sunxi_spl/spl/lib/libgeneric.o
 .bss           0x00007031        0x0 /home/taga/NuttX/brandy-dev-moon/u-boot-2011.09/../bootloader/sunxi_spl/boot0/load_mmc/libloadmmc.o
 *fill*         0x00007031        0x7 00
 .bss           0x00007038      0x304 /home/taga/NuttX/brandy-dev-moon/u-boot-2011.09/arch/arm/cpu/armv7/sun8iw5/mmc/libmmc.o
                0x00007038                mmc_host
                0x000070c0                mmc_dev
 .bss           0x0000733c        0x0 /home/taga/NuttX/brandy-dev-moon/gcc-linaro/bin/../lib/gcc/arm-linux-gnueabi/4.6.3/libgcc.a(_ashldi3.o)
 .bss           0x0000733c        0x0 /home/taga/NuttX/brandy-dev-moon/gcc-linaro/bin/../lib/gcc/arm-linux-gnueabi/4.6.3/libgcc.a(_aeabi_uldivmod.o)
 .bss           0x0000733c        0x0 /home/taga/NuttX/brandy-dev-moon/gcc-linaro/bin/../lib/gcc/arm-linux-gnueabi/4.6.3/libgcc.a(_dvmd_lnx.o)
 .bss           0x0000733c        0x0 /home/taga/NuttX/brandy-dev-moon/gcc-linaro/bin/../lib/gcc/arm-linux-gnueabi/4.6.3/libgcc.a(bpabi.o)
 .bss           0x0000733c        0x0 /home/taga/NuttX/brandy-dev-moon/gcc-linaro/bin/../lib/gcc/arm-linux-gnueabi/4.6.3/libgcc.a(_divdi3.o)
 .bss           0x0000733c        0x0 /home/taga/NuttX/brandy-dev-moon/gcc-linaro/bin/../lib/gcc/arm-linux-gnueabi/4.6.3/libgcc.a(_udivdi3.o)
 .bss           0x0000733c        0x0 /home/taga/NuttX/brandy-dev-moon/gcc-linaro/bin/../lib/gcc/arm-linux-gnueabi/4.6.3/libgcc.a(_udivsi3.o)
 .bss           0x0000733c        0x0 main/boot0_head.o
 .bss           0x0000733c        0x0 main/boot0_hash.o
 .bss           0x0000733c        0x0 main/boot0_entry.o
                0x0000733c                . = ALIGN (0x4)
                0x0000733c                __bss_end = .
                0x0000733c                _end = .
OUTPUT(boot0_sdcard.axf elf32-littlearm)

.comment        0x00000000       0x64
 .comment       0x00000000       0x64 /home/taga/NuttX/brandy-dev-moon/u-boot-2011.09/../bootloader/sunxi_spl/boot0/efuse/libcid.o
                                 0x65 (size before relaxing)
 .comment       0x00000000      0x1f9 /home/taga/NuttX/brandy-dev-moon/u-boot-2011.09/../bootloader/sunxi_spl/boot0/libs/libgeneric.o
 .comment       0x00000000       0x65 /home/taga/NuttX/brandy-dev-moon/u-boot-2011.09/../bootloader/sunxi_spl/boot0/main/libmain.o
 .comment       0x00000000      0x328 /home/taga/NuttX/brandy-dev-moon/u-boot-2011.09/../bootloader/sunxi_spl/boot0/spl/libsource_spl.o
 .comment       0x00000000      0x12f /home/taga/NuttX/brandy-dev-moon/u-boot-2011.09/../bootloader/sunxi_spl/dram/sun8iw5/dram/libdram.o
 .comment       0x00000000      0x12f /home/taga/NuttX/brandy-dev-moon/u-boot-2011.09/../bootloader/sunxi_spl/spl/lib/libgeneric.o
 .comment       0x00000000       0x65 /home/taga/NuttX/brandy-dev-moon/u-boot-2011.09/../bootloader/sunxi_spl/boot0/load_mmc/libloadmmc.o
 .comment       0x00000000       0xca /home/taga/NuttX/brandy-dev-moon/u-boot-2011.09/arch/arm/cpu/armv7/sun8iw5/mmc/libmmc.o
 .comment       0x00000000       0x65 main/boot0_head.o
 .comment       0x00000000       0x65 main/boot0_hash.o

.note.GNU-stack
                0x00000000        0x0
 .note.GNU-stack
                0x00000000        0x0 /home/taga/NuttX/brandy-dev-moon/u-boot-2011.09/../bootloader/sunxi_spl/boot0/efuse/libcid.o
 .note.GNU-stack
                0x00000000        0x0 /home/taga/NuttX/brandy-dev-moon/u-boot-2011.09/../bootloader/sunxi_spl/boot0/libs/libgeneric.o
 .note.GNU-stack
                0x00000000        0x0 /home/taga/NuttX/brandy-dev-moon/u-boot-2011.09/../bootloader/sunxi_spl/boot0/main/libmain.o
 .note.GNU-stack
                0x00000000        0x0 /home/taga/NuttX/brandy-dev-moon/u-boot-2011.09/../bootloader/sunxi_spl/boot0/spl/libsource_spl.o
 .note.GNU-stack
                0x00000000        0x0 /home/taga/NuttX/brandy-dev-moon/u-boot-2011.09/../bootloader/sunxi_spl/dram/sun8iw5/dram/libdram.o
 .note.GNU-stack
                0x00000000        0x0 /home/taga/NuttX/brandy-dev-moon/u-boot-2011.09/../bootloader/sunxi_spl/spl/lib/libgeneric.o
 .note.GNU-stack
                0x00000000        0x0 /home/taga/NuttX/brandy-dev-moon/u-boot-2011.09/../bootloader/sunxi_spl/boot0/load_mmc/libloadmmc.o
 .note.GNU-stack
                0x00000000        0x0 /home/taga/NuttX/brandy-dev-moon/u-boot-2011.09/arch/arm/cpu/armv7/sun8iw5/mmc/libmmc.o
 .note.GNU-stack
                0x00000000        0x0 /home/taga/NuttX/brandy-dev-moon/gcc-linaro/bin/../lib/gcc/arm-linux-gnueabi/4.6.3/libgcc.a(_ashldi3.o)
 .note.GNU-stack
                0x00000000        0x0 /home/taga/NuttX/brandy-dev-moon/gcc-linaro/bin/../lib/gcc/arm-linux-gnueabi/4.6.3/libgcc.a(_aeabi_uldivmod.o)
 .note.GNU-stack
                0x00000000        0x0 /home/taga/NuttX/brandy-dev-moon/gcc-linaro/bin/../lib/gcc/arm-linux-gnueabi/4.6.3/libgcc.a(_dvmd_lnx.o)
 .note.GNU-stack
                0x00000000        0x0 /home/taga/NuttX/brandy-dev-moon/gcc-linaro/bin/../lib/gcc/arm-linux-gnueabi/4.6.3/libgcc.a(bpabi.o)
 .note.GNU-stack
                0x00000000        0x0 /home/taga/NuttX/brandy-dev-moon/gcc-linaro/bin/../lib/gcc/arm-linux-gnueabi/4.6.3/libgcc.a(_divdi3.o)
 .note.GNU-stack
                0x00000000        0x0 /home/taga/NuttX/brandy-dev-moon/gcc-linaro/bin/../lib/gcc/arm-linux-gnueabi/4.6.3/libgcc.a(_udivdi3.o)
 .note.GNU-stack
                0x00000000        0x0 /home/taga/NuttX/brandy-dev-moon/gcc-linaro/bin/../lib/gcc/arm-linux-gnueabi/4.6.3/libgcc.a(_udivsi3.o)
 .note.GNU-stack
                0x00000000        0x0 main/boot0_head.o
 .note.GNU-stack
                0x00000000        0x0 main/boot0_hash.o

.ARM.attributes
                0x00000000       0x3f
 .ARM.attributes
                0x00000000       0x3b /home/taga/NuttX/brandy-dev-moon/u-boot-2011.09/../bootloader/sunxi_spl/boot0/efuse/libcid.o
 .ARM.attributes
                0x0000003b       0x3b /home/taga/NuttX/brandy-dev-moon/u-boot-2011.09/../bootloader/sunxi_spl/boot0/libs/libgeneric.o
 .ARM.attributes
                0x00000076       0x3b /home/taga/NuttX/brandy-dev-moon/u-boot-2011.09/../bootloader/sunxi_spl/boot0/main/libmain.o
 .ARM.attributes
                0x000000b1       0x3b /home/taga/NuttX/brandy-dev-moon/u-boot-2011.09/../bootloader/sunxi_spl/boot0/spl/libsource_spl.o
 .ARM.attributes
                0x000000ec       0x3b /home/taga/NuttX/brandy-dev-moon/u-boot-2011.09/../bootloader/sunxi_spl/dram/sun8iw5/dram/libdram.o
 .ARM.attributes
                0x00000127       0x3b /home/taga/NuttX/brandy-dev-moon/u-boot-2011.09/../bootloader/sunxi_spl/spl/lib/libgeneric.o
 .ARM.attributes
                0x00000162       0x3b /home/taga/NuttX/brandy-dev-moon/u-boot-2011.09/../bootloader/sunxi_spl/boot0/load_mmc/libloadmmc.o
 .ARM.attributes
                0x0000019d       0x3b /home/taga/NuttX/brandy-dev-moon/u-boot-2011.09/arch/arm/cpu/armv7/sun8iw5/mmc/libmmc.o
 .ARM.attributes
                0x000001d8       0x23 /home/taga/NuttX/brandy-dev-moon/gcc-linaro/bin/../lib/gcc/arm-linux-gnueabi/4.6.3/libgcc.a(_ashldi3.o)
 .ARM.attributes
                0x000001fb       0x23 /home/taga/NuttX/brandy-dev-moon/gcc-linaro/bin/../lib/gcc/arm-linux-gnueabi/4.6.3/libgcc.a(_aeabi_uldivmod.o)
 .ARM.attributes
                0x0000021e       0x23 /home/taga/NuttX/brandy-dev-moon/gcc-linaro/bin/../lib/gcc/arm-linux-gnueabi/4.6.3/libgcc.a(_dvmd_lnx.o)
 .ARM.attributes
                0x00000241       0x35 /home/taga/NuttX/brandy-dev-moon/gcc-linaro/bin/../lib/gcc/arm-linux-gnueabi/4.6.3/libgcc.a(bpabi.o)
 .ARM.attributes
                0x00000276       0x35 /home/taga/NuttX/brandy-dev-moon/gcc-linaro/bin/../lib/gcc/arm-linux-gnueabi/4.6.3/libgcc.a(_divdi3.o)
 .ARM.attributes
                0x000002ab       0x35 /home/taga/NuttX/brandy-dev-moon/gcc-linaro/bin/../lib/gcc/arm-linux-gnueabi/4.6.3/libgcc.a(_udivdi3.o)
 .ARM.attributes
                0x000002e0       0x23 /home/taga/NuttX/brandy-dev-moon/gcc-linaro/bin/../lib/gcc/arm-linux-gnueabi/4.6.3/libgcc.a(_udivsi3.o)
 .ARM.attributes
                0x00000303       0x3b main/boot0_head.o
 .ARM.attributes
                0x0000033e       0x3b main/boot0_hash.o
 .ARM.attributes
                0x00000379       0x2d main/boot0_entry.o

.debug_aranges  0x00000000      0x328
 .debug_aranges
                0x00000000       0x20 /home/taga/NuttX/brandy-dev-moon/u-boot-2011.09/../bootloader/sunxi_spl/boot0/efuse/libcid.o
 .debug_aranges
                0x00000020       0xa0 /home/taga/NuttX/brandy-dev-moon/u-boot-2011.09/../bootloader/sunxi_spl/boot0/libs/libgeneric.o
 .debug_aranges
                0x000000c0       0x28 /home/taga/NuttX/brandy-dev-moon/u-boot-2011.09/../bootloader/sunxi_spl/boot0/main/libmain.o
 .debug_aranges
                0x000000e8      0x100 /home/taga/NuttX/brandy-dev-moon/u-boot-2011.09/../bootloader/sunxi_spl/boot0/spl/libsource_spl.o
 .debug_aranges
                0x000001e8       0x60 /home/taga/NuttX/brandy-dev-moon/u-boot-2011.09/../bootloader/sunxi_spl/dram/sun8iw5/dram/libdram.o
 .debug_aranges
                0x00000248       0x60 /home/taga/NuttX/brandy-dev-moon/u-boot-2011.09/../bootloader/sunxi_spl/spl/lib/libgeneric.o
 .debug_aranges
                0x000002a8       0x20 /home/taga/NuttX/brandy-dev-moon/u-boot-2011.09/../bootloader/sunxi_spl/boot0/load_mmc/libloadmmc.o
 .debug_aranges
                0x000002c8       0x40 /home/taga/NuttX/brandy-dev-moon/u-boot-2011.09/arch/arm/cpu/armv7/sun8iw5/mmc/libmmc.o
 .debug_aranges
                0x00000308       0x20 main/boot0_entry.o

.debug_info     0x00000000     0x9ad8
 .debug_info    0x00000000      0x180 /home/taga/NuttX/brandy-dev-moon/u-boot-2011.09/../bootloader/sunxi_spl/boot0/efuse/libcid.o
 .debug_info    0x00000180     0x1223 /home/taga/NuttX/brandy-dev-moon/u-boot-2011.09/../bootloader/sunxi_spl/boot0/libs/libgeneric.o
 .debug_info    0x000013a3      0x815 /home/taga/NuttX/brandy-dev-moon/u-boot-2011.09/../bootloader/sunxi_spl/boot0/main/libmain.o
 .debug_info    0x00001bb8     0x1f96 /home/taga/NuttX/brandy-dev-moon/u-boot-2011.09/../bootloader/sunxi_spl/boot0/spl/libsource_spl.o
 .debug_info    0x00003b4e     0x14be /home/taga/NuttX/brandy-dev-moon/u-boot-2011.09/../bootloader/sunxi_spl/dram/sun8iw5/dram/libdram.o
 .debug_info    0x0000500c      0xa7d /home/taga/NuttX/brandy-dev-moon/u-boot-2011.09/../bootloader/sunxi_spl/spl/lib/libgeneric.o
 .debug_info    0x00005a89      0x691 /home/taga/NuttX/brandy-dev-moon/u-boot-2011.09/../bootloader/sunxi_spl/boot0/load_mmc/libloadmmc.o
 .debug_info    0x0000611a     0x353c /home/taga/NuttX/brandy-dev-moon/u-boot-2011.09/arch/arm/cpu/armv7/sun8iw5/mmc/libmmc.o
 .debug_info    0x00009656      0x378 main/boot0_head.o
 .debug_info    0x000099ce       0x95 main/boot0_hash.o
 .debug_info    0x00009a63       0x75 main/boot0_entry.o

.debug_abbrev   0x00000000     0x232d
 .debug_abbrev  0x00000000      0x112 /home/taga/NuttX/brandy-dev-moon/u-boot-2011.09/../bootloader/sunxi_spl/boot0/efuse/libcid.o
 .debug_abbrev  0x00000112      0x3eb /home/taga/NuttX/brandy-dev-moon/u-boot-2011.09/../bootloader/sunxi_spl/boot0/libs/libgeneric.o
 .debug_abbrev  0x000004fd      0x1ec /home/taga/NuttX/brandy-dev-moon/u-boot-2011.09/../bootloader/sunxi_spl/boot0/main/libmain.o
 .debug_abbrev  0x000006e9      0x9b8 /home/taga/NuttX/brandy-dev-moon/u-boot-2011.09/../bootloader/sunxi_spl/boot0/spl/libsource_spl.o
 .debug_abbrev  0x000010a1      0x579 /home/taga/NuttX/brandy-dev-moon/u-boot-2011.09/../bootloader/sunxi_spl/dram/sun8iw5/dram/libdram.o
 .debug_abbrev  0x0000161a      0x32b /home/taga/NuttX/brandy-dev-moon/u-boot-2011.09/../bootloader/sunxi_spl/spl/lib/libgeneric.o
 .debug_abbrev  0x00001945      0x11f /home/taga/NuttX/brandy-dev-moon/u-boot-2011.09/../bootloader/sunxi_spl/boot0/load_mmc/libloadmmc.o
 .debug_abbrev  0x00001a64      0x7c9 /home/taga/NuttX/brandy-dev-moon/u-boot-2011.09/arch/arm/cpu/armv7/sun8iw5/mmc/libmmc.o
 .debug_abbrev  0x0000222d       0x9f main/boot0_head.o
 .debug_abbrev  0x000022cc       0x4d main/boot0_hash.o
 .debug_abbrev  0x00002319       0x14 main/boot0_entry.o

.debug_line     0x00000000     0x2e5b
 .debug_line    0x00000000       0xd5 /home/taga/NuttX/brandy-dev-moon/u-boot-2011.09/../bootloader/sunxi_spl/boot0/efuse/libcid.o
 .debug_line    0x000000d5      0x5df /home/taga/NuttX/brandy-dev-moon/u-boot-2011.09/../bootloader/sunxi_spl/boot0/libs/libgeneric.o
 .debug_line    0x000006b4      0x206 /home/taga/NuttX/brandy-dev-moon/u-boot-2011.09/../bootloader/sunxi_spl/boot0/main/libmain.o
 .debug_line    0x000008ba      0xa9e /home/taga/NuttX/brandy-dev-moon/u-boot-2011.09/../bootloader/sunxi_spl/boot0/spl/libsource_spl.o
 .debug_line    0x00001358      0xa5e /home/taga/NuttX/brandy-dev-moon/u-boot-2011.09/../bootloader/sunxi_spl/dram/sun8iw5/dram/libdram.o
 .debug_line    0x00001db6      0x42f /home/taga/NuttX/brandy-dev-moon/u-boot-2011.09/../bootloader/sunxi_spl/spl/lib/libgeneric.o
 .debug_line    0x000021e5      0x17b /home/taga/NuttX/brandy-dev-moon/u-boot-2011.09/../bootloader/sunxi_spl/boot0/load_mmc/libloadmmc.o
 .debug_line    0x00002360      0x9a7 /home/taga/NuttX/brandy-dev-moon/u-boot-2011.09/arch/arm/cpu/armv7/sun8iw5/mmc/libmmc.o
 .debug_line    0x00002d07       0xcf main/boot0_head.o
 .debug_line    0x00002dd6       0x2d main/boot0_hash.o
 .debug_line    0x00002e03       0x58 main/boot0_entry.o

.debug_frame    0x00000000     0x10c8
 .debug_frame   0x00000000       0x38 /home/taga/NuttX/brandy-dev-moon/u-boot-2011.09/../bootloader/sunxi_spl/boot0/efuse/libcid.o
 .debug_frame   0x00000038      0x18c /home/taga/NuttX/brandy-dev-moon/u-boot-2011.09/../bootloader/sunxi_spl/boot0/libs/libgeneric.o
 .debug_frame   0x000001c4       0x3c /home/taga/NuttX/brandy-dev-moon/u-boot-2011.09/../bootloader/sunxi_spl/boot0/main/libmain.o
 .debug_frame   0x00000200      0x438 /home/taga/NuttX/brandy-dev-moon/u-boot-2011.09/../bootloader/sunxi_spl/boot0/spl/libsource_spl.o
 .debug_frame   0x00000638      0x28c /home/taga/NuttX/brandy-dev-moon/u-boot-2011.09/../bootloader/sunxi_spl/dram/sun8iw5/dram/libdram.o
 .debug_frame   0x000008c4      0x2c0 /home/taga/NuttX/brandy-dev-moon/u-boot-2011.09/../bootloader/sunxi_spl/spl/lib/libgeneric.o
 .debug_frame   0x00000b84       0x4c /home/taga/NuttX/brandy-dev-moon/u-boot-2011.09/../bootloader/sunxi_spl/boot0/load_mmc/libloadmmc.o
 .debug_frame   0x00000bd0      0x414 /home/taga/NuttX/brandy-dev-moon/u-boot-2011.09/arch/arm/cpu/armv7/sun8iw5/mmc/libmmc.o
 .debug_frame   0x00000fe4       0x54 /home/taga/NuttX/brandy-dev-moon/gcc-linaro/bin/../lib/gcc/arm-linux-gnueabi/4.6.3/libgcc.a(bpabi.o)
 .debug_frame   0x00001038       0x38 /home/taga/NuttX/brandy-dev-moon/gcc-linaro/bin/../lib/gcc/arm-linux-gnueabi/4.6.3/libgcc.a(_divdi3.o)
 .debug_frame   0x00001070       0x38 /home/taga/NuttX/brandy-dev-moon/gcc-linaro/bin/../lib/gcc/arm-linux-gnueabi/4.6.3/libgcc.a(_udivdi3.o)
 .debug_frame   0x000010a8       0x20 /home/taga/NuttX/brandy-dev-moon/gcc-linaro/bin/../lib/gcc/arm-linux-gnueabi/4.6.3/libgcc.a(_udivsi3.o)

.debug_str      0x00000000     0x1bd6
 .debug_str     0x00000000      0x106 /home/taga/NuttX/brandy-dev-moon/u-boot-2011.09/../bootloader/sunxi_spl/boot0/efuse/libcid.o
                                0x13f (size before relaxing)
 .debug_str     0x00000106      0x50c /home/taga/NuttX/brandy-dev-moon/u-boot-2011.09/../bootloader/sunxi_spl/boot0/libs/libgeneric.o
                                0xdad (size before relaxing)
 .debug_str     0x00000612      0x140 /home/taga/NuttX/brandy-dev-moon/u-boot-2011.09/../bootloader/sunxi_spl/boot0/main/libmain.o
                                0x507 (size before relaxing)
 .debug_str     0x00000752      0x6a5 /home/taga/NuttX/brandy-dev-moon/u-boot-2011.09/../bootloader/sunxi_spl/boot0/spl/libsource_spl.o
                                0xfad (size before relaxing)
 .debug_str     0x00000df7      0x48d /home/taga/NuttX/brandy-dev-moon/u-boot-2011.09/../bootloader/sunxi_spl/dram/sun8iw5/dram/libdram.o
                                0x937 (size before relaxing)
 .debug_str     0x00001284      0x185 /home/taga/NuttX/brandy-dev-moon/u-boot-2011.09/../bootloader/sunxi_spl/spl/lib/libgeneric.o
                                0x45b (size before relaxing)
 .debug_str     0x00001409      0x10d /home/taga/NuttX/brandy-dev-moon/u-boot-2011.09/../bootloader/sunxi_spl/boot0/load_mmc/libloadmmc.o
                                0x4c8 (size before relaxing)
 .debug_str     0x00001516      0x6a6 /home/taga/NuttX/brandy-dev-moon/u-boot-2011.09/arch/arm/cpu/armv7/sun8iw5/mmc/libmmc.o
                                0xd78 (size before relaxing)
 .debug_str     0x00001bbc        0xd main/boot0_head.o
                                0x2f1 (size before relaxing)
 .debug_str     0x00001bc9        0xd main/boot0_hash.o
                                0x10a (size before relaxing)

.debug_loc      0x00000000     0x820c
 .debug_loc     0x00000000       0xa3 /home/taga/NuttX/brandy-dev-moon/u-boot-2011.09/../bootloader/sunxi_spl/boot0/efuse/libcid.o
 .debug_loc     0x000000a3      0x55e /home/taga/NuttX/brandy-dev-moon/u-boot-2011.09/../bootloader/sunxi_spl/boot0/libs/libgeneric.o
 .debug_loc     0x00000601      0x1f8 /home/taga/NuttX/brandy-dev-moon/u-boot-2011.09/../bootloader/sunxi_spl/boot0/main/libmain.o
 .debug_loc     0x000007f9     0x1eed /home/taga/NuttX/brandy-dev-moon/u-boot-2011.09/../bootloader/sunxi_spl/boot0/spl/libsource_spl.o
 .debug_loc     0x000026e6     0x2882 /home/taga/NuttX/brandy-dev-moon/u-boot-2011.09/../bootloader/sunxi_spl/dram/sun8iw5/dram/libdram.o
 .debug_loc     0x00004f68      0xb52 /home/taga/NuttX/brandy-dev-moon/u-boot-2011.09/../bootloader/sunxi_spl/spl/lib/libgeneric.o
 .debug_loc     0x00005aba       0xb1 /home/taga/NuttX/brandy-dev-moon/u-boot-2011.09/../bootloader/sunxi_spl/boot0/load_mmc/libloadmmc.o
 .debug_loc     0x00005b6b     0x26a1 /home/taga/NuttX/brandy-dev-moon/u-boot-2011.09/arch/arm/cpu/armv7/sun8iw5/mmc/libmmc.o

.debug_ranges   0x00000000      0x6f8
 .debug_ranges  0x00000000       0x48 /home/taga/NuttX/brandy-dev-moon/u-boot-2011.09/../bootloader/sunxi_spl/boot0/efuse/libcid.o
 .debug_ranges  0x00000048       0x18 /home/taga/NuttX/brandy-dev-moon/u-boot-2011.09/../bootloader/sunxi_spl/boot0/main/libmain.o
 .debug_ranges  0x00000060      0x120 /home/taga/NuttX/brandy-dev-moon/u-boot-2011.09/../bootloader/sunxi_spl/boot0/spl/libsource_spl.o
 .debug_ranges  0x00000180      0x1f8 /home/taga/NuttX/brandy-dev-moon/u-boot-2011.09/../bootloader/sunxi_spl/dram/sun8iw5/dram/libdram.o
 .debug_ranges  0x00000378      0x380 /home/taga/NuttX/brandy-dev-moon/u-boot-2011.09/arch/arm/cpu/armv7/sun8iw5/mmc/libmmc.o
