disp_sys_intf.c:36:6:disp_sys_cache_flush	0	static
disp_sys_intf.c:91:5:disp_sys_register_irq	8	static
disp_sys_intf.c:119:6:disp_sys_unregister_irq	0	static
disp_sys_intf.c:142:6:disp_sys_enable_irq	0	static
disp_sys_intf.c:165:6:disp_sys_disable_irq	0	static
disp_sys_intf.c:170:6:spin_lock_init	0	static
disp_sys_intf.c:175:6:mutex_init	0	static
disp_sys_intf.c:180:6:mutex_destroy	0	static
disp_sys_intf.c:185:6:mutex_lock	0	static
disp_sys_intf.c:190:6:mutex_unlock	0	static
disp_sys_intf.c:195:6:tasklet_init	0	static
disp_sys_intf.c:207:6:tasklet_schedule	8	static
disp_sys_intf.c:216:8:kmalloc	16	static
disp_sys_intf.c:227:6:kfree	0	static
disp_sys_intf.c:260:6:disp_fdt_init	32	static
disp_sys_intf.c:271:6:disp_fdt_nodeoffset	24	static
disp_sys_intf.c:290:5:disp_sys_script_get_item	24	static
disp_sys_intf.c:358:5:disp_sys_get_ic_ver	0	static
disp_sys_intf.c:363:5:disp_sys_gpio_request	64	static
disp_sys_intf.c:388:5:disp_sys_gpio_request_simple	64	static
disp_sys_intf.c:405:5:disp_sys_gpio_release	8	static
disp_sys_intf.c:416:5:disp_sys_gpio_set_direction	0	static
disp_sys_intf.c:421:5:disp_sys_gpio_get_value	0	static
disp_sys_intf.c:426:5:disp_sys_gpio_set_value	0	static
disp_sys_intf.c:432:5:disp_sys_pin_set_state	8	static
disp_sys_intf.c:471:5:disp_sys_power_enable	8	static
disp_sys_intf.c:485:5:disp_sys_power_disable	8	static
disp_sys_intf.c:496:11:disp_sys_pwm_request	8	static
disp_sys_intf.c:502:5:disp_sys_pwm_free	0	static
disp_sys_intf.c:507:5:disp_sys_pwm_enable	0	static
disp_sys_intf.c:517:5:disp_sys_pwm_disable	8	static
disp_sys_intf.c:526:5:disp_sys_pwm_config	0	static
disp_sys_intf.c:535:5:disp_sys_pwm_set_polarity	0	static
