fat.c:29:13:downcase	12	static
fat.c:44:12:disk_read	16	static
fat.c:453:13:mkcksum	8	static
fat.c:695:13:fat_itr_child	12	static
fat_write.c:30:12:disk_write	16	static
fat_write.c:105:12:flush_dirty_fat_buffer	24	static
fat_write.c:264:12:set_fatent_value	32	static
fat.c:161:14:get_fatent	32	static
fat.c:769:19:next_dent	16	static
fat_write.c:371:14:determine_fatent	16	static
fat_write.c:625:12:clear_fatent	24	static
fat.c:246:1:get_cluster	40	dynamic
fat_write.c:395:1:set_cluster	40	dynamic
fat.c:471:1:read_bootsectandvi	24	static
fat.c:661:12:fat_itr_root	128	static
fat_write.c:959:12:split_filename	32	static
fat_write.c:1005:12:normalize_longname	48	static
fat_write.c:53:13:set_name	280	static
fat_write.c:689:1:set_contents	136	static
fat.c:843:12:fat_itr_next	56	static
fat.c:916:12:fat_itr_resolve	32	static
fat_write.c:588:12:flush_dir_table	32	static
fat_write.c:219:1:fill_dir_slot	672	static
fat_write.c:931:19:find_directory_entry	16	static
fat.c:59:5:fat_set_blk_dev	24	dynamic
fat.c:88:5:fat_register_device	136	static
fat.c:993:5:file_fat_detectfs	120	static
fat.c:1055:5:fat_exists	64	static
fat.c:1075:5:fat_size	72	static
fat.c:1111:5:file_fat_read_at	120	static
fat.c:1139:5:file_fat_read	40	static
fat.c:1151:5:fat_read_file	48	static
fat.c:1170:5:fat_opendir	24	static
fat.c:1198:5:fat_readdir	16	static
fat.c:1221:6:fat_closedir	8	static
fat.c:1228:6:fat_close	0	static
fat_write.c:1043:5:file_fat_write_at	376	static
fat_write.c:1181:5:file_fat_write	40	static
fat_write.c:1254:5:fat_unlink	136	static
fat_write.c:1319:5:fat_mkdir	384	static
