serial_ns16550.c:156:12:0	8	static
serial_ns16550.c:93:6:serial_clk_enable	0	static
serial_ns16550.c:297:1:eserial4_init	8	static
serial_ns16550.c:292:1:eserial3_init	8	static
serial_ns16550.c:287:1:eserial2_init	8	static
serial_ns16550.c:282:1:eserial1_init	8	static
serial_ns16550.c:184:1:_serial_putc	16	static
serial_ns16550.c:282:1:eserial1_putc	0	static
serial_ns16550.c:287:1:eserial2_putc	0	static
serial_ns16550.c:292:1:eserial3_putc	0	static
serial_ns16550.c:297:1:eserial4_putc	0	static
serial_ns16550.c:193:1:_serial_putc_raw	0	static
serial_ns16550.c:199:1:_serial_puts	16	static
serial_ns16550.c:282:1:eserial1_puts	0	static
serial_ns16550.c:287:1:eserial2_puts	0	static
serial_ns16550.c:292:1:eserial3_puts	0	static
serial_ns16550.c:297:1:eserial4_puts	0	static
serial_ns16550.c:208:1:_serial_getc	8	static
serial_ns16550.c:282:1:eserial1_getc	0	static
serial_ns16550.c:287:1:eserial2_getc	0	static
serial_ns16550.c:292:1:eserial3_getc	0	static
serial_ns16550.c:297:1:eserial4_getc	0	static
serial_ns16550.c:214:1:_serial_tstc	0	static
serial_ns16550.c:282:1:eserial1_tstc	0	static
serial_ns16550.c:287:1:eserial2_tstc	0	static
serial_ns16550.c:292:1:eserial3_tstc	0	static
serial_ns16550.c:297:1:eserial4_tstc	0	static
serial_ns16550.c:220:1:_serial_setbaud	8	static
serial_ns16550.c:282:1:eserial1_setbaud	0	static
serial_ns16550.c:287:1:eserial2_setbaud	0	static
serial_ns16550.c:292:1:eserial3_setbaud	0	static
serial_ns16550.c:297:1:eserial4_setbaud	0	static
serial_ns16550.c:231:1:_serial_setbrg	8	static
serial_ns16550.c:282:1:eserial1_setbrg	0	static
serial_ns16550.c:287:1:eserial2_setbrg	0	static
serial_ns16550.c:292:1:eserial3_setbrg	0	static
serial_ns16550.c:297:1:eserial4_setbrg	0	static
serial_ns16550.c:312:30:default_serial_console	0	static
serial_ns16550.c:363:6:ns16550_serial_initialize	8	static
