Archive member included because of file (symbol)

nand_sunxi/sun8iw5/libnand-sun8iw5(nftl_uboot_interface.o)
                              nand_sunxi/sun8iw5/osal/libnand_osal.o (nftl_build_one)
nand_sunxi/sun8iw5/libnand-sun8iw5(nand_format.o)
                              nand_sunxi/sun8iw5/osal/libnand_osal.o (ClearNandStruct)
nand_sunxi/sun8iw5/libnand-sun8iw5(nand_phy.o)
                              nand_sunxi/sun8iw5/osal/libnand_osal.o (PHY_SimpleRead_Seq)
nand_sunxi/sun8iw5/libnand-sun8iw5(nand_physic_interface.o)
                              nand_sunxi/sun8iw5/osal/libnand_osal.o (NandHwInit)
nand_sunxi/sun8iw5/libnand-sun8iw5(nand_scan.o)
                              nand_sunxi/sun8iw5/osal/libnand_osal.o (NAND_GetBlankBlockFlag)
nand_sunxi/sun8iw5/libnand-sun8iw5(nand_simple_r.o)
                              nand_sunxi/sun8iw5/libnand-sun8iw5(nand_phy.o) (_add_cmd_list)
nand_sunxi/sun8iw5/libnand-sun8iw5(nand_simple_w.o)
                              nand_sunxi/sun8iw5/libnand-sun8iw5(nand_phy.o) (_write_single_page_first)
nand_sunxi/sun8iw5/libnand-sun8iw5(nfc_reg.o)
                              nand_sunxi/sun8iw5/libnand-sun8iw5(nand_simple_r.o) (NDFC_READ_REG_CTL)
nand_sunxi/sun8iw5/libnand-sun8iw5(nfc_r.o)
                              nand_sunxi/sun8iw5/libnand-sun8iw5(nand_phy.o) (NFC_InitDDRParam)
nand_sunxi/sun8iw5/libnand-sun8iw5(nfc_w.o)
                              nand_sunxi/sun8iw5/libnand-sun8iw5(nand_phy.o) (NFC_GetUniqueId)
nand_sunxi/sun8iw5/libnand-sun8iw5(nand_info_init_v2.o)
                              nand_sunxi/sun8iw5/osal/libnand_osal.o (nand_info_init)
nand_sunxi/sun8iw5/libnand-sun8iw5(build_phy_partition_v2.o)
                              nand_sunxi/sun8iw5/libnand-sun8iw5(nand_info_init_v2.o) (print_partition)
nand_sunxi/sun8iw5/libnand-sun8iw5(build_nand_partition.o)
                              nand_sunxi/sun8iw5/libnand-sun8iw5(nftl_uboot_interface.o) (build_nand_partition)
nand_sunxi/sun8iw5/libnand-sun8iw5(build_phy_partition.o)
                              nand_sunxi/sun8iw5/libnand-sun8iw5(build_phy_partition_v2.o) (BlockErase)
nand_sunxi/sun8iw5/libnand-sun8iw5(nand_info_init.o)
                              nand_sunxi/sun8iw5/libnand-sun8iw5(nand_info_init_v2.o) (nand_info_init_v1)
nand_sunxi/sun8iw5/libnand-sun8iw5(nftl_init.o)
                              nand_sunxi/sun8iw5/libnand-sun8iw5(nftl_uboot_interface.o) (nftl_malloc)
nand_sunxi/sun8iw5/libnand-sun8iw5(nand_id.o)
                              nand_sunxi/sun8iw5/libnand-sun8iw5(nand_scan.o) (DefaultNandTbl)
nand_sunxi/sun8iw5/libnand-sun8iw5(nftl_cache.o)
                              nand_sunxi/sun8iw5/libnand-sun8iw5(nftl_init.o) (__nand_write)
nand_sunxi/sun8iw5/libnand-sun8iw5(nftl_common.o)
                              nand_sunxi/sun8iw5/libnand-sun8iw5(nftl_cache.o) (get_logic_page_map)
nand_sunxi/sun8iw5/libnand-sun8iw5(nftl_start.o)
                              nand_sunxi/sun8iw5/libnand-sun8iw5(nftl_init.o) (nftl_start)
nand_sunxi/sun8iw5/libnand-sun8iw5(nftl_interface.o)
                              nand_sunxi/sun8iw5/libnand-sun8iw5(nftl_init.o) (nftl_get_zone_cap)
nand_sunxi/sun8iw5/libnand-sun8iw5(nftl_logic.o)
                              nand_sunxi/sun8iw5/libnand-sun8iw5(nftl_start.o) (nftl_ops_init)
nand_sunxi/sun8iw5/libnand-sun8iw5(nftl_gc.o)
                              nand_sunxi/sun8iw5/libnand-sun8iw5(nftl_logic.o) (add_prio_gc)
nand_sunxi/sun8iw5/libnand-sun8iw5(nftl_build.o)
                              nand_sunxi/sun8iw5/libnand-sun8iw5(nftl_start.o) (zone_param_init)
nand_sunxi/sun8iw5/libnand-sun8iw5(nftl_hw_interface.o)
                              nand_sunxi/sun8iw5/libnand-sun8iw5(nftl_logic.o) (_nftl_nand_erase_superblk)
nand_sunxi/sun8iw5/libnand-sun8iw5(nftl_list.o)
                              nand_sunxi/sun8iw5/libnand-sun8iw5(nftl_gc.o) (is_block_in_free_list)
/home/taga/NuttX/brandy/gcc-linaro/bin/../lib/gcc/arm-linux-gnueabi/4.6.3/libgcc.a(_lshrdi3.o)
                              lib/libgeneric.o (__aeabi_llsr)
/home/taga/NuttX/brandy/gcc-linaro/bin/../lib/gcc/arm-linux-gnueabi/4.6.3/libgcc.a(_ashrdi3.o)
                              drivers/video_sunxi/libvideo_sunxi.o (__aeabi_lasr)
/home/taga/NuttX/brandy/gcc-linaro/bin/../lib/gcc/arm-linux-gnueabi/4.6.3/libgcc.a(_ashldi3.o)
                              drivers/mmc/libmmc.o (__aeabi_llsl)
/home/taga/NuttX/brandy/gcc-linaro/bin/../lib/gcc/arm-linux-gnueabi/4.6.3/libgcc.a(_arm_addsubdf3.o)
                              board/sunxi/libsunxi.o (__aeabi_i2d)
/home/taga/NuttX/brandy/gcc-linaro/bin/../lib/gcc/arm-linux-gnueabi/4.6.3/libgcc.a(_arm_muldivdf3.o)
                              board/sunxi/libsunxi.o (__aeabi_ddiv)
/home/taga/NuttX/brandy/gcc-linaro/bin/../lib/gcc/arm-linux-gnueabi/4.6.3/libgcc.a(_arm_truncdfsf2.o)
                              board/sunxi/libsunxi.o (__aeabi_d2f)
/home/taga/NuttX/brandy/gcc-linaro/bin/../lib/gcc/arm-linux-gnueabi/4.6.3/libgcc.a(_arm_addsubsf3.o)
[...]
Memory Configuration

Name             Origin             Length             Attributes
*default*        0x00000000         0xffffffff

Linker script and memory map

                0x47000000                . = 0x47000000
                0x47000000                . = ALIGN (0x4)

.head           0x47000000      0x500
 arch/arm/cpu/armv7/sun8iw5/spare_head.o(.data)
 .data          0x47000000      0x500 arch/arm/cpu/armv7/sun8iw5/spare_head.o
                0x47000000                uboot_spare_head

.hash           0x47000500       0x40
 arch/arm/cpu/armv7/sun8iw5/../uboot_hash.o(.data)
 .data          0x47000500       0x40 arch/arm/cpu/armv7/sun8iw5/../uboot_hash.o
                0x47000500                uboot_hash_value
                0x47000540                . = ALIGN (0x1)

.text           0x47000540    0x8be18
                0x47000540                __int_vector_start = .
 arch/arm/cpu/armv7/start.o(.text*)
 .text          0x47000540      0x4e0 arch/arm/cpu/armv7/start.o
                0x47000540                _start
                0x47000580                _TEXT_BASE
                0x47000580                _end_vect
                0x47000584                _bss_start_ofs
                0x47000588                _image_copy_end_ofs
                0x4700058c                _bss_end_ofs
                0x47000590                _end_ofs
                0x47000594                __int_vector_start__
                0x47000598                __int_vector_end__
                0x4700059c                IRQ_STACK_START
                0x470005a0                FIQ_STACK_START
                0x470005a4                IRQ_STACK_START_IN
                0x470005dc                relocate_code
                0x47000a20                __int_vector_end = .
 *(.text)
 .text          0x47000a20        0x0 arch/arm/cpu/armv7/sun8iw5/spare_head.o
 .text          0x47000a20        0x0 arch/arm/cpu/armv7/sun8iw5/../uboot_hash.o
 .text          0x47000a20      0x338 arch/arm/cpu/armv7/libarmv7.o
                0x47000bd0                invalidate_dcache_all
                0x47000be4                flush_dcache_all
                0x47000bf8                flush_icache_all
                0x47000c04                invalidate_dcache_range
                0x47000c28                flush_dcache_range
                0x47000c4c                arm_init_before_mmu
                0x47000c74                flush_cache
                0x47000c7c                invalidate_icache_all
                0x47000c94                __v7_outer_cache_enable
                0x47000c98                __v7_outer_cache_disable
                0x47000c98                v7_outer_cache_disable
                0x47000c9c                __v7_outer_cache_flush_all
                0x47000c9c                v7_outer_cache_flush_all
                0x47000ca0                __v7_outer_cache_inval_all
                0x47000ca4                __v7_outer_cache_flush_range
                0x47000ca8                __v7_outer_cache_inval_range
                0x47000ca8                v7_outer_cache_inval_range
                0x47000cac                save_boot_params
                0x47000cac                save_boot_params_default
                0x47000cb0                cleanup_before_linux
                0x47000cd0                __cpu0_set_detected_paras
                0x47000cd4                arch_cpu_init
                0x47000cf4                sdelay
                0x47000d00                sr32
                0x47000d24                wait_on_value
 .text          0x47000d58     0x2fb4 arch/arm/cpu/armv7/sun8iw5/libsun8iw5.o
                0x47000ec8                irq_enable
                0x47000f40                irq_disable
                0x47000fb8                irq_install_handler
                0x47001000                irq_free_handler
                0x47001038                do_irq
                0x47001124                arch_interrupt_init
                0x47001160                arch_interrupt_exit
                0x47001174                sunxi_clock_get_corepll
                0x470011bc                sunxi_clock_get_axi
                0x4700121c                sunxi_clock_get_apb2
                0x47001224                sunxi_clock_set_corepll
                0x470012f0                sunxi_clock_get_pll6
                0x47001320                sunxi_clock_get_ahb
                0x47001374                sunxi_clock_get_apb1
                0x470013ac                timer1_func
                0x4700140c                timer0_func
                0x4700146c                timer_init
                0x470014a4                timer_exit
                0x470014ec                watchdog_disable
                0x47001500                watchdog_enable
                0x47001518                get_timer
                0x47001534                runtime_tick
                0x47001544                get_timer_masked
                0x47001554                __usdelay
                0x4700157c                __msdelay
                0x4700159c                get_ticks
                0x470015b8                get_tbclk
                0x470015c0                init_timer
                0x470015c4                add_timer
                0x470016e0                del_timer
                0x4700175c                stick_printf
                0x47001780                tick0_printf
                0x470017d4                print_boot_type
                0x47001850                get_base
                0x4700185c                s_init
                0x47001860                reset_cpu
                0x4700186c                v7_outer_cache_enable
                0x47001870                v7_outer_cache_inval_all
                0x47001874                v7_outer_cache_flush_range
                0x47001878                enable_caches
                0x47001888                disable_caches
                0x47001898                display_inner
                0x470018b8                script_init
                0x470018f4                power_source_init
                0x47001a08                sunxi_key_init
                0x47001a38                sunxi_key_exit
                0x47001a58                sunxi_key_read
                0x47001aa8                do_key_test
                0x47001af0                USBC_GetVbusStatus
                0x47001b20                USBC_OTG_SelectMode
                0x47001b24                USBC_ReadLenFromFifo
                0x47001b50                USBC_WritePacket
                0x47001bbc                USBC_ReadPacket
                0x47001c28                USBC_ConfigFIFO_Base
                0x47001c64                USBC_GetPortFifoStartAddr
                0x47001c94                USBC_GetPortFifoSize
                0x47001cb8                USBC_SelectFIFO
                0x47001cc8                __USBC_ConfigFifo_TxEp
                0x47001d18                __USBC_ConfigFifo_RxEp_Default
                0x47001d28                __USBC_ConfigFifo_RxEp
                0x47001d78                USBC_ConfigFifo_Default
                0x47001db0                USBC_ConfigFifo
                0x47001dec                USBC_GetLastFrameNumber
                0x47001dfc                USBC_GetStatus_Dp
                0x47001e10                USBC_GetStatus_Dm
                0x47001e24                USBC_GetStatus_DpDm
                0x47001e44                USBC_GetOtgMode_Form_ID
                0x47001e5c                USBC_GetOtgMode_Form_BDevice
                0x47001e74                USBC_SelectBus
                0x47001eb8                USBC_INT_EpPending
                0x47001ef4                USBC_INT_ClearEpPending
                0x47001f48                USBC_INT_ClearEpPendingAll
                0x47001f80                USBC_INT_MiscPending
                0x47001f90                USBC_INT_ClearMiscPending
                0x47001fa4                USBC_INT_ClearMiscPendingAll
                0x47001fb8                USBC_INT_EnableEp
                0x4700200c                USBC_INT_EnableUsbMiscUint
                0x47002028                USBC_INT_DisableEp
                0x47002074                USBC_INT_DisableUsbMiscUint
                0x4700208c                USBC_INT_DisableEpAll
                0x470020bc                USBC_INT_DisableUsbMiscAll
                0x470020d0                USBC_GetActiveEp
                0x470020e0                USBC_SelectActiveEp
                0x470020f0                USBC_EnhanceSignal
                0x470020f4                USBC_EnterMode_TestPacket
                0x4700210c                USBC_EnterMode_Test_K
                0x47002124                USBC_EnterMode_Test_J
                0x4700213c                USBC_EnterMode_Test_SE0_NAK
                0x47002154                USBC_EnterMode_Idle
                0x470021a0                USBC_SetWakeUp_Default
                0x470021a4                USBC_EnableIdPullUp
                0x470021bc                USBC_DisableIdPullUp
                0x470021d4                USBC_EnableDpDmPullUp
                0x470021ec                USBC_DisableDpDmPullUp
                0x47002204                USBC_ForceId
                0x4700223c                USBC_ForceVbusValid
                0x47002284                USBC_A_valid_InputSelect
                0x47002288                USBC_EnableUsbLineStateBypass
                0x4700228c                USBC_DisableUsbLineStateBypass
                0x47002290                USBC_EnableHosc
                0x470022a8                USBC_DisableHosc
                0x470022bc                USBC_IsVbusChange
                0x470022d8                USBC_IsIdChange
                0x470022f4                USBC_IsDpDmChange
                0x47002310                USBC_DisableWakeIrq
                0x47002324                USBC_DisableVbusChange
                0x47002338                USBC_DisableIdChange
                0x4700234c                USBC_DisableDpDmChange
                0x47002360                USBC_EnableWakeIrq
                0x47002378                USBC_EnableVbusChange
                0x47002390                USBC_EnableIdChange
                0x470023a8                USBC_EnableDpDmChange
                0x470023c0                USBC_TestMode_ReadReg
                0x470023fc                USBC_PrintAllReg
                0x47002758                USBC_open_otg
                0x4700279c                USBC_close_otg
                0x470027c4                USBC_init
                0x470027cc                USBC_exit
                0x47002814                USBC_Dev_SetAddress_default
                0x47002828                USBC_Dev_SetAddress
                0x47002838                USBC_Dev_QueryTransferMode
                0x47002858                USBC_Dev_ConfigTransferMode
                0x470028c8                USBC_Dev_ConectSwitch
                0x470028ec                USBC_Dev_QueryPowerStatus
                0x47002900                USBC_Dev_ConfigEp
                0x47002a0c                USBC_Dev_ConfigEp_Default
                0x47002a74                USBC_Dev_ConfigEpDma
                0x47002adc                USBC_Dev_ClearEpDma
                0x47002b4c                USBC_Dev_IsEpStall
                0x47002b94                USBC_Dev_EpSendStall
                0x47002bfc                USBC_Dev_EpClearStall
                0x47002c94                USBC_Dev_Ctrl_IsSetupEnd
                0x47002ca8                USBC_Dev_Ctrl_ClearSetupEnd
                0x47002cc0                USBC_Dev_WriteDataStatus
                0x47002d4c                USBC_Dev_ReadDataStatus
                0x47002dcc                USBC_Dev_IsReadDataReady
                0x47002e0c                USBC_Dev_IsWriteDataReady
                0x47002e48                USBC_Dev_IsWriteDataReady_FifoEmpty
                0x47002e84                USBC_Dev_IsoUpdateEnable
                0x47002ea4                USBC_Dev_FlushFifo
                0x47002eec                USBC_Host_SetFunctionAddress_Deafult
                0x47002f48                USBC_Host_SetFunctionAddress
                0x47002fd0                USBC_Host_SetHubAddress_Deafult
                0x47003000                USBC_Host_SetHubAddress
                0x47003048                USBC_Host_SetHPortAddress_Deafult
                0x47003078                USBC_Host_SetHPortAddress
                0x470030a0                USBC_Host_QueryTransferMode
                0x470030c0                USBC_Host_ConfigTransferMode
                0x470030f4                USBC_Host_ResetPort
                0x4700310c                USBC_Host_ClearResetPortFlag
                0x47003124                USBC_Host_RusumePort
                0x4700313c                USBC_Host_ClearRusumePortFlag
                0x47003154                USBC_Host_SuspendPort
                0x4700316c                USBC_Host_QueryPowerStatus
                0x4700317c                USBC_Host_StartSession
                0x47003194                USBC_Host_EndSession
                0x470031ac                USBC_Host_PeripheralType
                0x470031cc                USBC_Host_FlushFifo
                0x47003214                USBC_Host_ConfigEp_Default
                0x47003298                USBC_Host_ConfigEp
                0x470033f4                USBC_Host_ConfigEpDma
                0x47003438                USBC_Host_ClearEpDma
                0x47003488                USBC_Host_IsEpNakTimeOut
                0x470034cc                USBC_Host_ClearEpNakTimeOut
                0x4700351c                USBC_Host_IsEpError
                0x47003570                USBC_Host_ClearEpError
                0x470035d0                USBC_Host_IsEpStall
                0x4700361c                USBC_Host_ClearEpStall
                0x4700367c                USBC_Host_ClearEpCSR
                0x470036b8                USBC_Host_IsReadDataReady
                0x470036f8                USBC_Host_IsWriteDataReady
                0x47003740                USBC_Host_ReadDataStatus
                0x470037dc                USBC_Host_WriteDataStatus
                0x47003860                USBC_Host_IsReqPktSet
                0x470038a0                USBC_Host_StartInToken
                0x470038e4                USBC_Host_StopInToken
                0x47003930                USBC_Host_ConfigRqPktCount
                0x47003944                USBC_Host_ClearRqPktCount
                0x47003958                USBC_Host_EnablePing
                0x47003974                USBC_Host_DisablePing
                0x4700398c                USBC_Host_SendCtrlStatus
                0x470039b0                USBC_Host_SendSetupPkt
                0x470039fc                USBC_PHY_SetCommonConfig
                0x47003a00                USBC_PHY_SetPrivateConfig
                0x47003a04                USBC_PHY_GetCommonConfig
                0x47003a0c                USBC_phy_Standby
                0x47003a60                USBC_Phy_Standby_Recover
                0x47003a64                usb_open_clock
                0x47003ab8                usb_close_clock
                0x47003b0c                usb_probe_vbus_type
                0x47003b70                USBC_Dma_Set_ChannalPara
                0x47003bb4                USBC_Dma_Set_PktLen
                0x47003bf4                USBC_Dma_Start
                0x47003c74                USBC_Dma_Int_Stop
                0x47003ca8                USBC_Dma_Int_Query
                0x47003cc4                USBC_Dma_Int_Clear
                0x47003cec                lowlevel_init
 .text          0x47003d0c     0x1520 arch/arm/lib/libarm.o
                0x47003d0c                memcpy
                0x47004174                __coloured_LED_init
                0x47004174                coloured_LED_init
                0x47004178                red_LED_on
                0x47004178                __red_LED_on
                0x4700417c                red_LED_off
                0x4700417c                __red_LED_off
                0x47004180                __green_LED_on
                0x47004180                green_LED_on
                0x47004184                green_LED_off
                0x47004184                __green_LED_off
                0x47004188                yellow_LED_on
                0x47004188                __yellow_LED_on
                0x4700418c                __yellow_LED_off
                0x4700418c                yellow_LED_off
                0x47004190                __blue_LED_on
                0x47004190                blue_LED_on
                0x47004194                __blue_LED_off
                0x47004194                blue_LED_off
                0x47004198                __dram_init_banksize
                0x470041b4                __sunxi_probe_securemode
                0x470041b4                sunxi_probe_securemode
                0x470041bc                __smc_init
                0x470041c4                board_init_f
                0x4700431c                board_init_r
                0x47004504                hang
                0x47004684                arch_lmb_reserve
                0x470046a8                do_bootm_linux
                0x470049f8                do_boota_linux
                0x47004da0                __flush_cache
                0x47004da4                __flush_dcache_all
                0x47004db0                __enable_caches
                0x47004f48                __arm_init_before_mmu
                0x47004f4c                icache_enable
                0x47004f54                icache_disable
                0x47004f5c                icache_status
                0x47004f68                dcache_enable
                0x47004f70                dcache_disable
                0x47004f78                dcache_status
                0x47004f84                interrupt_init
                0x47004fc4                interrupt_exit
                0x47004fc8                enable_interrupts
                0x47004fd8                disable_interrupts
                0x47004ff4                bad_mode
                0x47005004                show_regs
                0x47005144                do_undefined_instruction
                0x47005164                do_software_interrupt
                0x47005184                do_prefetch_abort
                0x470051a4                do_data_abort
                0x470051c4                do_not_used
                0x470051e4                do_fiq
                0x47005204                do_reset
 .text          0x4700522c     0xd214 common/libcommon.o
                0x4700522c                do_go_exec
                0x47005244                do_go
                0x470052b8                __do_sunxi_boot_signature
                0x470052c0                memcpy2
                0x47005314                do_boota
                0x470053fc                do_bootd
                0x47005a84                arch_preboot_os
                0x47005a84                __arch_preboot_os
                0x47005a88                do_bootm_subcommand
                0x47005ccc                do_bootm
                0x47005f60                bootm_maybe_autostart
                0x47005fd4                do_probe_secure_storage
                0x4700600c                do_burn_from_boot
                0x47006278                do_exit
                0x470062a8                do_fat_fsinfo
                0x47006380                do_fat_ls
                0x47006488                do_fat_fsdown
                0x470065f8                do_fat_fsload
                0x47006764                fat_fsload_file
                0x4700680c                do_efex
                0x47006828                do_help
                0x4700686c                do_sysconfig
                0x470069ac                do_delay_test
                0x470069fc                do_memcpy_test
                0x47006a30                do_efex_test
                0x47006a6c                do_mass_test
                0x47006aa8                do_fastboot_test
                0x47006ae4                do_sprite_test
                0x47006c48                do_power_probe
                0x47006cac                do_timer_test1
                0x47006d2c                do_timer_test
                0x47006dac                do_mem_base
                0x47006dec                do_mem_mtest
                0x47006f8c                do_mem_loop
                0x47007080                do_mem_md
                0x47007154                do_mem_crc
                0x470071fc                do_mem_cp
                0x470072dc                do_mem_cmp
                0x47007468                do_mem_mw
                0x47007660                do_mem_nm
                0x47007678                do_mem_mm
                0x47007690                do_mmcops
                0x47007a80                do_mmcinfo
                0x47007fb4                do_modify_cfg
                0x470080d0                do_savecfg
                0x47008410                do_nfs
                0x4700841c                do_tftpb
                0x47008428                do_bootp
                0x47008434                do_ping
                0x470087c4                do_env_save
                0x47008888                do_env_print
                0x4700890c                get_env_id
                0x4700891c                _do_env_set
                0x47008ce4                do_env_set
                0x47008d00                setenv
                0x47008f60                envmatch
                0x47008fc4                getenv_f
                0x47009080                getenv
                0x470090ec                do_onekey_sprite_recovery
                0x470091f4                do_shutdown
                0x470091f8                do_standby
                0x470093c8                sunxi_bmp_decode
                0x47009770                sunxi_bmp_display
                0x47009868                do_sunxi_logo
                0x47009874                do_sunxi_flash
                0x47009bc8                memtester_pagesize
                0x47009be0                usage
                0x47009efc                probe_high_level_power_mod
                0x47009f38                rsa_init
                0x47009fb8                rsa_dump
                0x4700a03c                rsa_encrypt
                0x4700a07c                rsa_decrypt
                0x4700a0c0                prepareCryptTable
                0x4700a0c4                HashString
                0x4700a510                HashString_init
                0x4700a524                signature_erase_all
                0x4700a650                sunxi_oem_op_lock
                0x4700a9ec                do_sunxi_boot_signature
                0x4700abd0                erase_private_data
                0x4700aca8                save_user_private_data
                0x4700ae88                do_save_user_data
                0x4700aebc                user_data_list
                0x4700afa8                do_check_userdata
                0x4700afd0                check_user_data
                0x4700b17c                update_user_data
                0x4700b2d4                do_false
                0x4700b2dc                do_true
                0x4700b2e4                do_test
                0x4700b750                do_version
                0x4700b788                find_cmd_tbl
                0x4700b824                find_cmd
                0x4700b84c                cmd_usage
                0x4700b8a8                _do_help
                0x4700ba2c                var_complete
                0x4700bab4                cmd_auto_complete
                0x4700bf30                cmd_get_data_size
                0x4700c024                serial_printf
                0x4700c064                fgetc
                0x4700c090                ftstc
                0x4700c0bc                fputc
                0x4700c0e4                fputs
                0x4700c10c                fprintf
                0x4700c154                getc
                0x4700c16c                tstc
                0x4700c184                putc
                0x4700c1a0                puts
                0x4700c1bc                printf
                0x4700c208                tick_printf
                0x4700c284                vprintf
                0x4700c2b8                ctrlc
                0x4700c304                disable_ctrlc
                0x4700c31c                had_ctrlc
                0x4700c32c                clear_ctrlc
                0x4700c340                dbg
                0x4700c34c                search_device
                0x4700c374                console_assign
                0x4700c3b4                console_init_f
                0x4700c3c4                stdio_print_current_devices
                0x4700c478                console_init_r
                0x4700c558                sbrk
                0x4700c5b4                mem_malloc_init
                0x4700c5d8                malloc_trim
                0x4700c6a8                free
                0x4700c8c8                cfree
                0x4700c8cc                malloc
                0x4700ce98                calloc
                0x4700cf6c                memalign
                0x4700d074                pvalloc
                0x4700d08c                valloc
                0x4700d098                realloc
                0x4700d4a0                malloc_usable_size
                0x4700d4dc                mallopt
                0x4700d550                env_get_addr
                0x4700d574                env_get_char_memory
                0x4700d584                env_get_char
                0x4700d5b8                set_default_env
                0x4700d658                env_import
                0x4700d728                env_relocate
                0x4700d758                env_complete
                0x4700da08                env_get_char_spec
                0x4700da14                env_init
                0x4700da30                saveenv
                0x4700da54                env_relocate_spec
                0x4700da68                get_version
                0x4700da70                jumptable_init
                0x4700de9c                do_showvar
                0x4700e3e0                simple_itoa
                0x4700e424                get_local_var
                0x4700e5e8                set_local_var
                0x4700e7a4                unset_local_var
                0x4700e844                new_pipe
                0x4700e8b4                reserved_word
                0x4700eb78                mapset
                0x4700eb9c                update_ifs_map
                0x4700ec0c                parse_string_outer
                0x4700faf8                parse_file_outer
                0x4700fb3c                u_boot_hush_start
                0x4700fbc4                image_check_hcrc
                0x4700fc14                image_check_dcrc
                0x4700fc50                image_multi_count
                0x4700fc74                image_multi_getimg
                0x4700fcf8                getenv_yesno
                0x4700fd20                getenv_bootm_low
                0x4700fd50                getenv_bootm_size
                0x4700fdac                getenv_bootm_mapsize
                0x4700fddc                memmove_wd
                0x4700fde8                genimg_print_size
                0x4700fe18                get_table_entry_name
                0x4700fe44                genimg_get_os_name
                0x4700fe5c                genimg_get_arch_name
                0x4700fe74                genimg_get_type_name
                0x4700fe8c                genimg_get_comp_name
                0x4700fea4                image_print_contents
                0x4701001c                get_table_entry_id
                0x47010068                genimg_get_os_id
                0x47010080                genimg_get_arch_id
                0x47010098                genimg_get_type_id
                0x470100b0                genimg_get_comp_id
                0x470100c8                genimg_get_format
                0x470100dc                genimg_get_image
                0x470100e0                genimg_has_config
                0x470100e8                boot_get_ramdisk
                0x47010318                boot_ramdisk_high
                0x47010438                boot_get_cmdline
                0x47010678                __show_boot_progress
                0x47010678                show_boot_progress
                0x4701067c                main_loop
                0x47010778                readline_into_buffer
                0x470110a0                readline
                0x470110bc                parse_line
                0x47011148                run_command
                0x470114f4                do_run
                0x47011568                get_ram_size
                0x470116dc                srec_decode
                0x4701193c                stdio_get_list
                0x47011948                stdio_get_by_name
                0x4701199c                stdio_clone
                0x470119e4                stdio_register
                0x47011a28                stdio_init
                0x47011ab0                mem_noncache_malloc_init
                0x47011adc                malloc_noncache
                0x47011b58                free_noncache
                0x47011b98                CYGACC_COMM_IF_GETC_TIMEOUT
                0x47011e7c                CYGACC_COMM_IF_PUTC
                0x47011e84                parse_num
                0x47011fa0                xyzModem_stream_open
                0x470120ec                xyzModem_stream_read
                0x4701233c                xyzModem_stream_close
                0x4701238c                xyzModem_stream_terminate
                0x47012420                xyzModem_error
 .text          0x47012440      0x8b4 disk/libdisk.o
                0x47012440                get_dev
                0x470124a0                dev_print
                0x47012694                init_part
                0x470126b0                get_partition_info
                0x470126d8                print_part
                0x47012c44                test_part_dos
                0x47012cac                print_part_dos
                0x47012cd8                get_partition_info_dos
 .text          0x47012cf4      0x590 drivers/dma/libdma.o
                0x47012d90                sunxi_dma_init
                0x47012e38                __sunxi_disable_dma_clock
                0x47012e38                sunxi_disable_dma_clock
                0x47012e3c                sunxi_dma_request
                0x47012e90                sunxi_dma_setting
                0x47012ee8                sunxi_dma_start
                0x47012f20                sunxi_dma_stop
                0x47012f3c                sunxi_dma_querystatus
                0x47012f64                sunxi_dma_install_int
                0x47012fdc                sunxi_dma_enable_int
                0x47013094                sunxi_dma_disable_int
                0x47013150                sunxi_dma_free_int
                0x470131c0                sunxi_dma_release
                0x470131fc                sunxi_dma_exit
 .text          0x47013284     0x5df8 drivers/mmc/libmmc.o
                0x4701328c                __board_mmc_getcd
                0x4701328c                board_mmc_getcd
                0x47013294                mmc_update_phase
                0x470132a4                mmc_send_cmd
                0x470132b4                mmc_send_status
                0x47013388                mmc_set_blocklen
                0x470133d4                mmc_set_erase_start_addr
                0x47013458                mmc_set_erase_end_addr
                0x470134dc                mmc_launch_erase
                0x47013514                mmc_sd_erase_timeout
                0x4701351c                mmc_mmc_def_erase_timeout
                0x470135b4                mmc_mmc_erase_timeout
                0x47013670                mmc_erase_timeout
                0x47013688                mmc_erase_group_aligned
                0x470136c0                mmc_align_erase_group
                0x47013734                mmc_add_skip_space
                0x4701375c                mmc_send_manual_stop
                0x470138e4                find_mmc_device
                0x47013bdc                mmc_read_blocks
                0x47013e90                mmc_go_idle
                0x47013ef4                sd_send_op_cond
                0x47014070                mmc_send_op_cond
                0x470141f0                mmc_send_ext_csd
                0x4701425c                mmc_mmc_update_timeout
                0x47014358                mmc_do_erase
                0x47014420                mmc_erase
                0x47014540                mmc_mmc_secure_trim
                0x47014638                mmc_mmc_discard
                0x47014730                mmc_mmc_trim
                0x47014820                mmc_insecure_secure_erase
                0x47014954                mmc_mmc_secure_erase
                0x47014a48                mmc_do_switch
                0x47014ad8                mmc_do_sanitize
                0x47014b38                mmc_mmc_sanitize
                0x47014ba4                mmc_mmc_erase
                0x47014d30                mmc_do_secure_wipe
                0x47014f88                mmc_secure_wipe
                0x47015064                mmc_switch
                0x47015078                mmc_change_freq
                0x470151a0                mmc_switch_boot_bus_cond
                0x47015278                mmc_switch_boot_part
                0x4701546c                mmc_switch_part
                0x47015524                sd_switch
                0x47015594                sd_change_freq
                0x470157b4                mmc_set_ios
                0x470157c4                mmc_set_clock
                0x47015a18                mmc_set_bus_width
                0x47015a2c                mmc_startup
                0x470164a0                mmc_send_if_cond
                0x47016530                mmc_register
                0x47016620                mmc_unregister
                0x47016628                mmc_get_dev
                0x4701663c                sunxi_need_rty
                0x47016698                mmc_write_info
                0x47016734                mmc_init
                0x47017090                cpu_mmc_init
                0x47017098                print_mmc_devices
                0x470170fc                get_mmc_num
                0x47017100                mmc_initialize
                0x4701712c                mmc_exit
                0x470172ac                sunxi_detail_errno
                0x47017b60                sunxi_decide_rty
                0x47018148                sunxi_update_sdly
                0x4701821c                mmc_dump_errinfo
                0x47018330                sunxi_mci_regs_save
                0x470183cc                sunxi_mci_regs_restore
                0x47018cf8                sunxi_mmc_init
                0x4701902c                sunxi_mmc_exit
 .text          0x4701907c        0x0 drivers/pcmcia/libpcmcia.o
 .text          0x4701907c     0x29a0 drivers/power/libpower.o
                0x4701907c                axp_probe
                0x470190ec                axp_reinit
                0x47019124                axp_get_power_vol_level
                0x4701912c                axp_probe_startup_cause
                0x47019240                axp_set_hardware_poweron_vol
                0x4701929c                axp_set_hardware_poweroff_vol
                0x470192f8                axp_set_power_off
                0x47019314                axp_probe_factory_mode
                0x470193c0                axp_set_next_poweron_status
                0x470193dc                axp_probe_pre_sys_mode
                0x470193f8                axp_power_get_dcin_battery_exist
                0x47019434                axp_probe_power_source
                0x4701946c                axp_probe_battery_vol
                0x47019488                axp_probe_rest_battery_capacity
                0x470194a4                axp_probe_key
                0x470194c0                axp_probe_charge_current
                0x470194dc                axp_set_charge_current
                0x470194f8                axp_set_charge_control
                0x47019514                axp_set_vbus_limit_dc
                0x47019548                axp_set_vbus_limit_pc
                0x4701957c                axp_set_all_limit
                0x4701964c                axp_set_suspend_chgcur
                0x4701966c                axp_set_runtime_chgcur
                0x4701968c                axp_set_charge_vol_limit
                0x470196f4                axp_set_power_supply_output
                0x470197e4                axp_slave_set_power_supply_output
                0x47019938                axp_probe_power_supply_condition
                0x47019a2c                axp_int_enable
                0x47019a68                axp_int_disable
                0x47019a8c                axp_int_query
                0x47019aa8                axp_set_supply_status
                0x47019ad0                axp_set_supply_status_byname
                0x47019b44                axp_probe_supply_status
                0x47019b6c                axp_probe_supply_status_byname
                0x47019bd0                axp_set_supply_status_byregulator
                0x47019de4                axp_probe_supply_pmu_name
                0x47019e48                axp_probe_vbus_cur_limit
                0x47019e88                axp22_set_next_sys_mode
                0x47019ea4                axp22_set_int_enable
                0x47019ef8                axp22_probe_vbus_cur_limit
                0x47019f6c                axp22_set_coulombmeter_onoff
                0x47019fbc                axp22_set_charge_control
                0x4701a02c                axp22_probe_battery_ratio
                0x4701a050                axp22_probe_power_status
                0x4701a088                axp22_probe_battery_exist
                0x4701a0b8                axp22_probe_battery_vol
                0x4701a10c                axp22_probe_key
                0x4701a158                axp22_probe_pre_sys_mode
                0x4701a178                axp22_probe_this_poweron_cause
                0x4701a19c                axp22_set_power_off
                0x4701a1d8                axp22_set_power_onoff_vol
                0x4701a260                axp22_set_charge_current
                0x4701a2cc                axp22_probe_charge_current
                0x4701a2fc                axp22_set_vbus_cur_limit
                0x4701a35c                axp22_set_vbus_vol_limit
                0x4701a3d4                axp22_probe_int_pending
                0x4701a444                axp22_probe_int_enable
                0x4701a484                axp22_probe
                0x4701b320                axp22_set_supply_status
                0x4701b41c                axp22_set_supply_status_byname
                0x4701b570                axp22_probe_supply_status
                0x4701b578                axp22_probe_supply_status_byname
                0x4701b95c                axpnull_set_coulombmeter_onoff
                0x4701b964                axpnull_set_charge_control
                0x4701b96c                axpnull_probe_battery_ratio
                0x4701b974                axpnull_probe_power_status
                0x4701b97c                axpnull_probe_battery_exist
                0x4701b984                axpnull_probe_battery_vol
                0x4701b98c                axpnull_probe_key
                0x4701b994                axpnull_probe_pre_sys_mode
                0x4701b99c                axpnull_set_next_sys_mode
                0x4701b9a4                axpnull_probe_this_poweron_cause
                0x4701b9ac                axpnull_set_power_off
                0x4701b9b4                axpnull_set_power_onoff_vol
                0x4701b9bc                axpnull_set_charge_current
                0x4701b9c4                axpnull_probe_charge_current
                0x4701b9cc                axpnull_set_vbus_cur_limit
                0x4701b9d4                axpnull_set_vbus_vol_limit
                0x4701b9dc                axpnull_probe_int_pending
                0x4701b9e4                axpnull_probe_int_enable
                0x4701b9ec                axpnull_set_int_enable
                0x4701b9f4                axpnull_probe_vbus_cur_limit
                0x4701b9fc                axpnull_set_supply_status
                0x4701ba04                axpnull_set_supply_status_byname
                0x4701ba0c                axpnull_probe_supply_status
                0x4701ba14                axpnull_probe_supply_status_byname
 .text          0x4701ba1c      0x3a4 drivers/pwm/libsunxi_pwm.o
                0x4701ba1c                sunxi_pwm_read_reg
                0x4701ba2c                sunxi_pwm_write_reg
                0x4701ba40                sunxi_pwm_get_sys_config
                0x4701bb28                sunxi_pwm_set_polarity
                0x4701bb7c                sunxi_pwm_config
                0x4701bce0                sunxi_pwm_enable
                0x4701bd4c                sunxi_pwm_disable
                0x4701bda8                sunxi_pwm_init
 .text          0x4701bdc0      0x944 drivers/rsb/librsb.o
                0x4701c438                sunxi_rsb_init
                0x4701c6b4                sunxi_rsb_exit
                0x4701c6bc                sunxi_rsb_config
                0x4701c6d4                sunxi_rsb_read
                0x4701c6ec                sunxi_rsb_write
 .text          0x4701c704        0x0 drivers/rtc/librtc.o
 .text          0x4701c704      0x278 drivers/serial/libserial.o
                0x4701c704                NS16550_init
                0x4701c74c                NS16550_reinit
                0x4701c798                NS16550_putc
                0x4701c7ac                NS16550_getc
                0x4701c7c0                NS16550_tstc
                0x4701c7ec                serial_init
                0x4701c830                _serial_putc
                0x4701c868                _serial_putc_raw
                0x4701c884                _serial_puts
                0x4701c8ac                _serial_getc
                0x4701c8c8                _serial_tstc
                0x4701c8dc                _serial_setbrg
                0x4701c904                serial_putc
                0x4701c918                serial_putc_raw
                0x4701c92c                serial_puts
                0x4701c940                serial_getc
                0x4701c954                serial_tstc
                0x4701c968                serial_setbrg
 .text          0x4701c97c       0x5c drivers/smc/libsmc.o
                0x4701c97c                smc_init
                0x4701c984                sunxi_smc_call
 .text          0x4701c9d8      0x768 drivers/spi/libspi.o
                0x4701c9d8                ccm_module_disable_bak
                0x4701ca0c                ccm_module_enable_bak
                0x4701ca40                ccm_clock_enable_bak
                0x4701ca98                ccm_clock_disable_bak
                0x4701caf0                ccm_module_reset_bak
                0x4701cb10                ccm_get_pll_periph_clk
                0x4701cb44                pattern_goto
                0x4701cb48                spi_cfg_mclk
                0x4701cc1c                spi_get_mlk
                0x4701cc2c                spi_gpio_cfg
                0x4701cc5c                spi_onoff
                0x4701cc90                spic_set_clk
                0x4701cd10                spic_init
                0x4701ced4                spic_rw
                0x4701d0fc                spic_exit
 .text          0x4701d140      0xf00 drivers/spinor/libspinor.o
                0x4701d4fc                spinor_init
                0x4701d5e0                spinor_exit
                0x4701d658                spinor_read
                0x4701d72c                spinor_write
                0x4701d820                spinor_flush_cache
                0x4701d880                spinor_erase_all_blocks
                0x4701d898                spinor_size
                0x4701d8a0                spinor_sprite_write
                0x4701d8dc                update_boot0_dram_para
                0x4701d9c4                sunxi_sprite_store_private_data
                0x4701db4c                sunxi_sprite_restore_private_data
                0x4701dc94                spinor_datafinish
                0x4701dd54                spi_nor_rw_test
                0x4701dfc0                try_spi_nor
 .text          0x4701e040      0xdb0 drivers/storage_type/libstorage_type.o
                0x4701e104                sunxi_flash_mmc_phyread
                0x4701e138                sunxi_flash_mmc_phywrite
                0x4701e1f0                sunxi_sprite_mmc_phyread
                0x4701e224                sunxi_sprite_mmc_phywrite
                0x4701e258                sunxi_sprite_mmc_force_erase
                0x4701e2a8                sunxi_flash_mmc_secread
                0x4701e2dc                sunxi_flash_mmc_secread_backup
                0x4701e310                sunxi_flash_mmc_secwrite
                0x4701e344                sunxi_sprite_mmc_secwrite
                0x4701e384                sunxi_sprite_mmc_secread
                0x4701e3c4                sunxi_sprite_mmc_secread_backup
                0x4701e404                sunxi_sprite_mmc_phyerase
                0x4701e464                sunxi_sprite_mmc_phywipe
                0x4701e4c4                sunxi_sprite_setdata_finish
                0x4701e4dc                sunxi_flash_read
                0x4701e4f4                sunxi_flash_part_read
                0x4701e540                sunxi_flash_write
                0x4701e558                sunxi_flash_part_write
                0x4701e5a4                sunxi_flash_size
                0x4701e5bc                sunxi_flash_exit
                0x4701e5d4                sunxi_flash_flush
                0x4701e5ec                sunxi_flash_phyread
                0x4701e604                sunxi_flash_phywrite
                0x4701e61c                sunxi_sprite_init
                0x4701e634                sunxi_sprite_read
                0x4701e64c                sunxi_sprite_write
                0x4701e664                sunxi_sprite_erase
                0x4701e67c                sunxi_sprite_size
                0x4701e694                sunxi_sprite_exit
                0x4701e6ac                sunxi_sprite_flush
                0x4701e6c4                sunxi_sprite_phyread
                0x4701e6dc                sunxi_sprite_phywrite
                0x4701e6f4                sunxi_sprite_force_erase
                0x4701e70c                sunxi_flash_get_dev
                0x4701e72c                sunxi_flash_init_uboot
                0x4701e780                sunxi_flash_sprite_handler
                0x4701ea68                sunxi_flash_boot_handler
                0x4701ed98                sunxi_flash_handle_init
 .text          0x4701edf0     0x2898 drivers/usb/gadget/libusb_gadget.o
                0x4701f458                usb_eth_halt
                0x47020018                strlcpy
                0x470206e8                usb_eth_initialize
                0x4702074c                usb_ep_autoconfig
                0x47020940                usb_ep_autoconfig_reset
                0x4702097c                usb_descriptor_fillbuf
                0x470209dc                usb_gadget_config_buf
                0x47020a60                usb_gadget_get_string
                0x47020c70                rndis_signal_connect
                0x47020cf8                rndis_signal_disconnect
                0x47020d18                rndis_set_host_mac
                0x47020d30                rndis_get_state
                0x47020d4c                rndis_msg_parser
                0x470213c0                rndis_register
                0x470213e8                rndis_deregister
                0x47021408                rndis_set_param_dev
                0x47021440                rndis_set_param_vendor
                0x47021468                rndis_set_param_medium
                0x47021484                rndis_add_hdr
                0x470214d8                rndis_free_response
                0x47021540                rndis_get_next_response
                0x470215b4                rndis_uninit
                0x47021600                rndis_rm_hdr
                0x47021654                rndis_init
                0x47021684                rndis_exit
 .text          0x47021688     0x2b44 drivers/usb/sunxi_usb/libusb_sunxi_usb.o
                0x47022b80                usb_gadget_register_driver
                0x47022cc4                usb_gadget_unregister_driver
                0x47022d78                sunxi_udc_dma_completion
                0x47022fcc                sunxi_udc_probe
                0x4702311c                usb_gadget_handle_interrupts
                0x47023e30                sunxi_udc_bsp_init
                0x47023edc                sunxi_udc_io_init
                0x47023f20                sunxi_udc_io_exit
                0x47023f74                dma_map_single
                0x47023f78                dma_unmap_single
                0x47023f7c                dma_sync_single_for_device
                0x47023f80                dma_sync_single_for_cpu
                0x47023f84                sunxi_udc_switch_bus_to_dma
                0x47023f88                sunxi_udc_switch_bus_to_pio
                0x47023f8c                sunxi_udc_enable_dma_channel_irq
                0x47023f90                sunxi_udc_disable_dma_channel_irq
                0x47023f94                sunxi_udc_dma_request
                0x47023fd8                sunxi_udc_dma_release
                0x47024030                sunxi_dma_set_config
                0x470240e4                sunxi_udc_dma_set_config
                0x470241a4                sunxi_udc_dma_start
                0x470241a8                sunxi_udc_dma_stop
                0x470241ac                sunxi_udc_dma_transmit_length
                0x470241b4                sunxi_udc_dma_is_busy
                0x470241bc                sunxi_udc_dma_probe
                0x470241c4                sunxi_udc_dma_remove
 .text          0x470241cc    0x1b58c drivers/video_sunxi/libvideo_sunxi.o
                0x4702445c                drv_disp_init
                0x4702458c                drv_disp_exit
                0x470245c0                sunxi_disp_get_source_ops
                0x47024688                disp_ioctl
                0x47024ba4                drv_disp_standby
                0x47024c5c                osal_ccmu_get_clk_by_name
                0x47024cfc                osal_init_clk_pll
                0x47024d00                OSAL_CCMU_SetSrcFreq
                0x47024d48                OSAL_CCMU_GetSrcFreq
                0x47024d84                OSAL_CCMU_OpenMclk
                0x47024d88                OSAL_CCMU_CloseMclk
                0x47024d90                OSAL_CCMU_SetMclkSrc
                0x47024d94                OSAL_CCMU_GetMclkSrc
                0x47024d98                OSAL_CCMU_SetMclkFreq
                0x47024d9c                OSAL_CCMU_GetMclkFreq
                0x47024da0                OSAL_CCMU_MclkOnOff
                0x47024da4                OSAL_RegISR
                0x47024dbc                OSAL_UnRegISR
                0x47024dc0                OSAL_InterruptEnable
                0x47024dc4                OSAL_InterruptDisable
                0x47024dc8                OSAL_CacheRangeFlush
                0x47024dcc                OSAL_malloc
                0x47024df4                OSAL_free
                0x47024df8                OSAL_PhyAlloc
                0x47024dfc                OSAL_PhyFree
                0x47024e00                OSAL_VAtoPA
                0x47024e04                OSAL_PAtoVA
                0x47024e08                OSAL_putchar
                0x47024e10                OSAL_puts
                0x47024e18                OSAL_getchar
                0x47024e20                OSAL_gets
                0x47024e28                OSAL_strtol
                0x47024e30                OSAL_int2str_dec
                0x47024e34                OSAL_int2str_hex
                0x47024e38                OSAL_uint2str_dec
                0x47024e3c                OSAL_GPIO_Request
                0x47024ea4                OSAL_GPIO_Request_early
                0x47024ee8                OSAL_GPIO_Request_Ex
                0x47024eec                OSAL_GPIO_Release
                0x47024f08                OSAL_GPIO_DevGetAllPins_Status
                0x47024f0c                OSAL_GPIO_DevGetONEPins_Status
                0x47024f10                OSAL_GPIO_DevSetONEPin_Status
                0x47024f14                OSAL_GPIO_DevSetONEPIN_IO_STATUS
                0x47024f18                OSAL_GPIO_DevSetONEPIN_PULL_STATUS
                0x47024f1c                OSAL_GPIO_DevREAD_ONEPIN_DATA
                0x47024f20                OSAL_GPIO_DevWRITE_ONEPIN_DATA
                0x47024f24                OSAL_Script_FetchParser_Data
                0x47024f94                OSAL_Script_FetchParser_Data_Ex
                0x47024fd0                OSAL_sw_get_ic_ver
                0x47024fd8                OSAL_Pwm_request
                0x47024fe0                OSAL_Pwm_free
                0x47024fe8                OSAL_Pwm_Enable
                0x47024ff0                OSAL_Pwm_Disable
                0x47024ff8                OSAL_Pwm_Config
                0x47025000                OSAL_Pwm_Set_Polarity
                0x47025008                OSAL_Power_Enable
                0x470250cc                OSAL_Power_Disable
                0x47025190                DE_Set_Reg_Base
                0x470251a4                DE_Get_Reg_Base
                0x470251b4                DE_BE_Reg_Init
                0x470251f0                DE_BE_Set_SystemPalette
                0x47025234                DE_BE_Get_SystemPalette
                0x47025280                DE_BE_Enable
                0x470252b0                DE_BE_Disable
                0x470252e0                DE_BE_Output_Select
                0x47025324                DE_BE_Set_BkColor
                0x4702535c                DE_BE_Set_ColorKey
                0x470253d4                DE_BE_reg_auto_load_en
                0x470253f8                DE_BE_Cfg_Ready
                0x47025418                DE_BE_Sprite_Enable
                0x4702543c                DE_BE_Sprite_Disable
                0x4702545c                DE_BE_Sprite_Set_Format
                0x4702547c                DE_BE_Sprite_Global_Alpha_Enable
                0x47025494                DE_BE_Sprite_Set_Global_Alpha
                0x470254b8                DE_BE_Sprite_Block_Set_Pos
                0x470254dc                DE_BE_Sprite_Block_Set_Size
                0x47025514                DE_BE_Sprite_Block_Set_fb
                0x47025544                DE_BE_Sprite_Block_Set_Next_Id
                0x4702556c                DE_BE_Sprite_Set_Palette_Table
                0x470255b0                DE_BE_Set_Enhance_ex
                0x47026ef4                DE_BE_enhance_enable
                0x47026f0c                DE_BE_deflicker_enable
                0x47026f30                DE_BE_Set_Outitl_enable
                0x47026f54                DE_BE_set_display_size
                0x47026f78                DE_BE_get_display_width
                0x47026f94                DE_BE_get_display_height
                0x47026fb0                DE_BE_EnableINT
                0x47026fd0                DE_BE_DisableINT
                0x47026ff0                DE_BE_QueryINT
                0x47027004                DE_BE_ClearINT
                0x4702701c                DE_SCAL_Set_Reg_Base
                0x47027030                DE_SCAL_Get_Reg_Base
                0x47027040                DE_SCAL_Config_Src
                0x4702770c                DE_SCAL_Set_Fb_Addr
                0x47027750                DE_SCAL_Set_Init_Phase
                0x47027a18                DE_SCAL_Agth_Config
                0x47027b7c                DE_SCAL_Set_Scaling_Factor
                0x47027cd4                DE_SCAL_Set_Scaling_Coef
                0x4702804c                DE_SCAL_Set_CSC_Coef
                0x4702815c                DE_SCAL_Set_Out_Format
                0x470281b4                DE_SCAL_Set_Out_Size
                0x47028294                DE_SCAL_Set_Trig_Line
                0x470282c0                DE_SCAL_Set_Int_En
                0x47028318                DE_SCAL_Set_Di_Ctrl
                0x4702836c                DE_SCAL_Set_Di_PreFrame_Addr
                0x47028398                DE_SCAL_Set_Di_MafFlag_Src
                0x470283b8                DE_SCAL_Start
                0x470283d8                DE_SCAL_Set_Filtercoef_Ready
                0x470283f8                DE_SCAL_Set_Reg_Rdy
                0x47028418                DE_SCAL_Reset
                0x4702845c                DE_SCAL_Input_Select
                0x4702847c                DE_SCAL_Output_Select
                0x470284c8                DE_SCAL_Writeback_Enable
                0x470284e8                DE_SCAL_Writeback_Disable
                0x47028508                DE_SCAL_Writeback_Linestride_Enable
                0x47028524                DE_SCAL_Writeback_Linestride_Disable
                0x4702853c                DE_SCAL_Enable
                0x47028568                DE_SCAL_Disable
                0x47028588                DE_SCAL_Set_Writeback_Addr
                0x470285b4                DE_SCAL_Get_Input_Format
                0x470285cc                DE_SCAL_Get_Input_Mode
                0x470285e4                DE_SCAL_Get_Output_Format
                0x470285fc                DE_SCAL_Get_Input_Width
                0x4702861c                DE_SCAL_Get_Input_Height
                0x47028638                DE_SCAL_Get_Output_Width
                0x47028658                DE_SCAL_Get_Output_Height
                0x47028674                DE_SCAL_Get_Start_Status
                0x470286a8                DE_SCAL_Get_Field_Status
                0x470286c0                iDE_SCAL_Matrix_Mul
                0x47029200                iDE_SCAL_Csc_Lmt
                0x47029284                DE_SCAL_Set_CSC_Coef_Enhance
                0x4702a4bc                DE_SCAL_Get_3D_In_Single_Size
                0x4702a598                DE_SCAL_Get_3D_Out_Single_Size
                0x4702a618                DE_SCAL_Get_3D_Out_Full_Size
                0x4702a698                DE_SCAL_Set_3D_Fb_Addr
                0x4702a744                DE_SCAL_Set_3D_Di_PreFrame_Addr
                0x4702a7c4                DE_SCAL_Set_3D_Ctrl
                0x4702a904                DE_SCAL_Config_3D_Src
                0x4702ba04                DE_SCAL_EnableINT
                0x4702ba24                DE_SCAL_DisableINT
                0x4702ba44                DE_SCAL_QueryINT
                0x4702ba58                DE_SCAL_ClearINT
                0x4702ba78                DE_SCAL_Set_Writeback_Addr_ex
                0x4702bbc0                DE_BE_HWC_Enable
                0x4702bbe4                DE_BE_HWC_Set_Pos
                0x4702bc28                DE_BE_HWC_Get_Pos
                0x4702bc54                DE_BE_HWC_Set_Palette
                0x4702bc94                DE_BE_HWC_Set_Src
                0x4702bd90                dif
                0x4702bda0                calc_src_coef3
                0x4702bf08                calc_src_coef2
                0x4702bfbc                de_get_pll_rate
                0x4702c184                de_set_pll_rate
                0x4702c3ec                de_clk_init_pll
                0x4702c420                de_set_mclk_src
                0x4702c538                de_get_mclk_src
                0x4702c5ec                de_set_mclk_freq
                0x4702c710                de_get_mclk_freq
                0x4702c7c4                de_pll_enable
                0x4702c8d4                de_mclk_enable
                0x4702cb28                DE_BE_Format_To_Bpp
                0x4702cb40                DE_BE_Offset_To_Addr
                0x4702cb60                DE_BE_Addr_To_Offset
                0x4702cb8c                DE_BE_Layer_Set_Work_Mode
                0x4702cbb4                DE_BE_Layer_Set_Format
                0x4702cc0c                DE_BE_Layer_Set_Framebuffer
                0x4702ccdc                DE_BE_Layer_Set_Screen_Win
                0x4702cd3c                DE_BE_Layer_Video_Enable
                0x4702cd64                DE_BE_Layer_Video_Ch_Sel
                0x4702cd8c                DE_BE_Layer_Yuv_Ch_Enable
                0x4702cdb4                DE_BE_Layer_Set_Prio
                0x4702cddc                DE_BE_Layer_Set_Pipe
                0x4702ce04                DE_BE_Layer_ColorKey_Enable
                0x4702ce30                DE_BE_Layer_Alpha_Enable
                0x4702ce5c                DE_BE_Layer_Set_Alpha_Value
                0x4702ce84                DE_BE_Layer_Enable
                0x4702ceb4                DE_BE_YUV_CH_Set_Src
                0x4702d01c                DE_BE_YUV_CH_Enable
                0x4702d044                hmdi_src_sel
                0x4702d064                dsi_src_sel
                0x4702d084                lvds_open
                0x4702d258                lvds_close
                0x4702d2f8                tcon_get_timing
                0x4702d3f8                tcon_set_reg_base
                0x4702d40c                tcon_get_reg_base
                0x4702d41c                tcon_init
                0x4702d474                tcon_exit
                0x4702d4a0                tcon_irq_enable
                0x4702d4c8                tcon_irq_disable
                0x4702d4ec                tcon_irq_query
                0x4702d524                tcon_get_start_delay
                0x4702d560                tcon_get_cur_line
                0x4702d5a0                tcon0_src_select
                0x4702d5c0                tcon0_src_get
                0x4702d5d8                tcon0_open
                0x4702d668                tcon0_close
                0x4702d6b8                tcon0_cfg_mode_auto
                0x4702d884                tcon0_cfg_mode_tri
                0x4702dae0                tcon0_tri_busy
                0x4702daf8                tcon0_tri_start
                0x4702db24                tcon0_frm
                0x4702dc3c                tcon0_cpu_16b_to_24b
                0x4702dc64                tcon0_cpu_24b_to_16b
                0x4702dc88                tcon0_cpu_busy
                0x4702dcac                tcon0_cpu_wr_24b_index
                0x4702dd0c                tcon0_cpu_wr_24b_data
                0x4702dd6c                tcon0_cpu_wr_24b
                0x4702dd90                tcon0_cpu_rd_24b
                0x4702dd98                tcon0_cpu_wr_16b
                0x4702ddd0                tcon0_cpu_wr_16b_index
                0x4702ddf4                tcon0_cpu_wr_16b_data
                0x4702de18                tcon0_cpu_rd_16b
                0x4702de20                tcon0_set_dclk_div
                0x4702de40                tcon0_get_dclk_div
                0x4702de58                tcon1_open
                0x4702de84                tcon1_close
                0x4702deb0                tcon1_cfg
                0x4702e0ec                tcon1_cfg_ex
                0x4702e0f4                tcon1_set_hdmi_mode
                0x4702e17c                tcon1_set_tv_mode
                0x4702e184                tcon1_src_select
                0x4702e1ac                tcon1_src_get
                0x4702e1c4                tcon_ceu_range_cut
                0x4702e1f0                tcon_ceu_reg_corr
                0x4702e200                tcon_ceu_rect_multi
                0x4702e2a0                tcon_ceu_rect_calc
                0x4702e410                tcon_ceu_calc
                0x4702e5ec                tcon_ceu
                0x4702ea1c                tcon_gamma
                0x4702ea78                tcon_cmap
                0x4702ebc8                tcon0_cfg
                0x4702eedc                dsi_set_reg_base
                0x4702eefc                dsi_get_reg_base
                0x4702ef0c                dsi_dphy_get_reg_base
                0x4702ef20                dsi_get_start_delay
                0x4702ef8c                dsi_get_cur_line
                0x4702efec                dsi_irq_enable
                0x4702f014                dsi_irq_disable
                0x4702f038                dsi_irq_query
                0x4702f078                dsi_inst_busy
                0x4702f090                dsi_start
                0x4702f158                dsi_open
                0x4702f188                dsi_close
                0x4702f1c0                dsi_tri_start
                0x4702f1d4                DSI_delay_ms
                0x4702f1d8                dsi_dcs_wr_index
                0x4702f1e0                dsi_dcs_wr_data
                0x4702f1e8                dsi_dphy_cfg
                0x4702f2a0                dsi_io_open
                0x4702f4a4                dsi_io_close
                0x4702f658                dsi_clk_enable
                0x4702f674                dsi_basic_cfg
                0x4702fba8                dsi_exit
                0x4702fbb0                dsi_ecc_pro
                0x4702fe4c                dsi_dcs_rd
                0x4702ffa0                dsi_set_max_ret_size
                0x4702fff0                dsi_dcs_rd_memory
                0x470300b4                dsi_crc_pro
                0x47030120                dsi_dcs_wr
                0x47030268                dsi_dcs_wr_memory
                0x47030304                dsi_dcs_wr_5para
                0x47030340                dsi_dcs_wr_4para
                0x47030374                dsi_dcs_wr_3para
                0x470303a0                dsi_dcs_wr_2para
                0x470303c4                dsi_dcs_wr_1para
                0x470303e8                dsi_dcs_wr_0para
                0x47030404                dsi_crc_pro_pd_repeat
                0x47030470                dsi_packet_cfg
                0x47030948                dsi_cfg
                0x47030978                TVE_set_reg_base
                0x470309a0                TVE_open
                0x470309c8                TVE_close
                0x47030a10                TVE_set_tv_mode
                0x47031b30                TVE_set_vga_mode
                0x47031bc4                TVE_query_int
                0x47031be8                TVE_clear_int
                0x47031c24                TVE_get_dac_status
                0x47031c84                TVE_dac_int_enable
                0x47031ccc                TVE_dac_int_disable
                0x47031d14                TVE_dac_autocheck_enable
                0x47031d58                TVE_dac_autocheck_disable
                0x47031d9c                TVE_exit
                0x47031e08                TVE_dac_enable
                0x47031e64                TVE_dac_disable
                0x47031ea4                TVE_dac_set_source
                0x47031f30                TVE_dac_get_source
                0x47031f7c                TVE_dac_set_de_bounce
                0x47032008                TVE_dac_get_de_bounce
                0x4703205c                TVE_dac_sel
                0x470321dc                TVE_csc_init
                0x47032234                TVE_init
                0x47032394                TVE_csc_enable
                0x470323c0                TVE_csc_disable
                0x470323ec                WB_EBIOS_Set_Reg_Base
                0x47032400                WB_EBIOS_Get_Reg_Base
                0x47032410                WB_EBIOS_Enable
                0x47032430                WB_EBIOS_Reset
                0x47032450                WB_EBIOS_Set_Reg_Rdy
                0x47032470                WB_EBIOS_Set_Capture_Mode
                0x4703249c                WB_EBIOS_Init
                0x470324e8                WB_EBIOS_Writeback_Enable
                0x47032508                WB_EBIOS_Writeback_Disable
                0x47032528                WB_EBIOS_Set_Para
                0x470327ec                WB_EBIOS_Set_Addr
                0x47032824                WB_EBIOS_Get_Status
                0x47032868                WB_EBIOS_EnableINT
                0x47032888                WB_EBIOS_DisableINT
                0x470328a8                WB_EBIOS_QueryINT
                0x470328bc                WB_EBIOS_ClearINT
                0x470328dc                drc_init
                0x47032990                drc_proc
                0x47032c90                drc_close_proc
                0x47032cc8                drc_enable
                0x47032cf4                IEP_Drc_Init
                0x47032e1c                IEP_Drc_Exit
                0x47032e40                IEP_Drc_Enable
                0x47032e50                IEP_Drc_Set_Winodw
                0x47032e90                IEP_Drc_Operation_In_Vblanking
                0x47032ea0                IEP_Drc_Set_Reg_Base
                0x47032eb0                IEP_Drc_Set_Mode
                0x47032ecc                IEP_Drc_Get_Cur_Backlight
                0x47032ee4                IEP_Drc_Update_Backlight
                0x47032f00                IEP_Drc_Get_Backlight_Dimming
                0x47032f18                IEP_Drc_Set_Backlight_Dimming
                0x47032f34                IEP_Drc_Early_Suspend
                0x47032f3c                iep_drc_suspend
                0x47032f44                iep_drc_resume
                0x47032f4c                IEP_Drc_Late_Resume
                0x47032f54                IEP_Drc_Set_Imgsize
                0x47032f7c                disp_al_get_priv
                0x47032fa8                disp_al_sat_notifier_callback
                0x47032ffc                disp_al_be_notifier_callback
                0x470330a8                disp_al_drc_notifier_callback
                0x4703310c                disp_al_notifier_init
                0x47033128                disp_al_notifier_register
                0x47033174                disp_al_notifier_unregister
                0x470331e8                disp_al_notifier_call_chain
                0x47033248                disp_al_query_mod
                0x47033280                disp_al_query_be_mod
                0x470332a8                disp_al_query_fe_mod
                0x470332d0                disp_al_query_lcd_mod
                0x470332f8                disp_al_query_smart_color_mod
                0x47033300                disp_al_query_drc_mod
                0x47033338                disp_al_query_dsi_mod
                0x47033360                disp_al_query_edp_mod
                0x47033368                disp_al_check_csc
                0x47033370                disp_al_check_display_size
                0x47033378                disp_al_lcd_clk_init
                0x470333a8                disp_al_lcd_clk_exit
                0x470333cc                disp_al_lcd_cfg
                0x470334c8                disp_al_edp_init
                0x470334d0                disp_al_edp_disable_cfg
                0x470334d8                disp_al_edp_cfg
                0x470334e0                disp_al_edp_int
                0x470334e8                disp_al_lcd_init
                0x470334ec                disp_al_lcd_exit
                0x470334f0                disp_al_lcd_clk_enable
                0x47033514                disp_al_lcd_clk_disable
                0x47033538                disp_al_lcd_enable
                0x47033614                disp_al_lcd_set_src
                0x47033688                disp_al_lcd_query_irq
                0x470336cc                disp_al_lcd_tri_busy
                0x470336ec                disp_al_lcd_tri_start
                0x47033728                disp_al_lcd_io_cfg
                0x4703375c                disp_al_lcd_set_clk_div
                0x47033764                disp_al_lcd_get_clk_div
                0x47033768                disp_al_lcd_get_cur_line
                0x470337b8                disp_al_lcd_get_start_delay
                0x470337f8                disp_al_manager_clk_init
                0x4703383c                disp_al_manager_clk_exit
                0x47033860                disp_al_manager_clk_enable
                0x47033884                disp_al_manager_clk_disable
                0x470338a8                disp_al_manager_init
                0x470338ac                disp_al_mnanger_exit
                0x470338b4                disp_al_manager_set_display_size
                0x470338f0                disp_al_manager_get_display_size
                0x47033934                disp_al_manager_set_backcolor
                0x4703393c                disp_al_manager_set_color_key
                0x4703395c                disp_al_manager_sync
                0x47033980                disp_al_manager_query_irq
                0x470339ac                disp_al_get_pixel_type
                0x470339bc                scaler_sw_para_to_reg
                0x47033aa0                scaler_3d_sw_para_to_reg
                0x47033b70                scaler_clk_init
                0x47033bc4                scaler_clk_exit
                0x47033c00                scaler_clk_on
                0x47033c34                scaler_clk_off
                0x47033c64                scaler_init
                0x47033ce0                scaler_exit
                0x47033d10                scaler_open
                0x47033d7c                scaler_close
                0x47033de8                disp_al_manager_enable
                0x47033ee8                scaler_request
                0x47033f68                scaler_release
                0x47033ff4                scaler_sync
                0x4703403c                disp_al_fe_notifier_callback
                0x470340d0                scaler_output_select
                0x47034110                scaler_alpha_is_support
                0x47034140                scaler_set_para
                0x470344d4                disp_al_be_sw_para_to_reg
                0x4703454c                disp_al_format_to_bpp
                0x47034568                disp_al_layer_set_pipe
                0x47034574                disp_al_layer_set_zorder
                0x470345a8                disp_al_layer_set_alpha_mode
                0x470345e4                disp_al_layer_color_key_enable
                0x470345f0                disp_al_layer_set_screen_window
                0x470345f8                disp_al_layer_set_framebuffer
                0x47034698                disp_al_layer_enable
                0x470346d0                disp_al_layer_set_extra_info
                0x47034828                disp_al_layer_sync
                0x47034840                disp_al_capture_init
                0x47034850                disp_al_capture_screen
                0x470349e0                disp_al_capture_screen_stop
                0x47034a18                disp_al_capture_screen_switch_buff
                0x47034b4c                disp_al_capture_screen_proc
                0x47034bb0                disp_al_capture_screen_get_buffer_id
                0x47034bc0                disp_al_capture_sync
                0x47034c14                disp_al_smbl_enable
                0x47034c18                disp_al_smbl_set_window
                0x47034c74                disp_al_smbl_sync
                0x47034c78                disp_al_smbl_update_backlight
                0x47034c7c                disp_al_smbl_get_backlight_dimming
                0x47034c80                disp_al_smcl_set_para
                0x47034c88                disp_al_smcl_set_window
                0x47034cc8                disp_al_smcl_enable
                0x47034d24                disp_al_smcl_sync
                0x47034d28                disp_init_al
                0x47034e20                DRC_EBIOS_Set_Reg_Base
                0x47034e34                DRC_EBIOS_Get_Reg_Base
                0x47034e44                DRC_EBIOS_Enable
                0x47034e64                DRC_EBIOS_Disable
                0x47034e84                DRC_EBIOS_Set_Mode
                0x47034ea4                DRC_EBIOS_Bist_Enable
                0x47034ec4                DRC_EBIOS_Set_Reg_Refresh_Edge
                0x47034ee4                DRC_EBIOS_Set_Csc_Coeff
                0x470350d8                DRC_EBIOS_Set_Display_Size
                0x4703510c                DRC_EBIOS_Win_Enable
                0x4703512c                DRC_EBIOS_Set_Win_Para
                0x47035174                DRC_EBIOS_Drc_Cfg_Rdy
                0x470351a0                DRC_EBIOS_Drc_Set_Lgc_Addr
                0x470351bc                DRC_EBIOS_Drc_Set_Lgc_Autoload_Disable
                0x470351dc                DRC_EBIOS_Drc_Adjust_Enable
                0x470351fc                DRC_EBIOS_Drc_Set_Adjust_Para
                0x47035224                DRC_EBIOS_Drc_Set_Spa_Coeff
                0x47035280                DRC_EBIOS_Drc_Set_Int_Coeff
                0x470352d0                DRC_EBIOS_Drc_Set_Mode
                0x47035304                DRC_EBIOS_Lh_Set_Mode
                0x47035324                DRC_EBIOS_Lh_Clr_Rec
                0x47035344                DRC_EBIOS_Lh_Set_Thres
                0x47035390                DRC_EBIOS_Lh_Get_Sum_Rec
                0x470353c0                DRC_EBIOS_Lh_Get_Cnt_Rec
                0x470353f0                SAT_Set_Reg_Base
                0x47035404                SAT_Get_Reg_Base
                0x47035414                SAT_Enable_Disable
                0x4703542c                SAT_Set_Display_Size
                0x47035448                SAT_Set_Window
                0x4703548c                SAT_Set_Sync_Para
                0x470358e4                bsp_disp_feat_get_num_screens
                0x470358f8                bsp_disp_feat_get_num_layers
                0x47035910                bsp_disp_feat_get_num_scalers
                0x47035924                bsp_disp_feat_get_num_captures
                0x47035938                bsp_disp_feat_get_num_smart_backlights
                0x4703594c                bsp_disp_feat_get_num_color_managers
                0x47035960                bsp_disp_feat_get_supported_output_types
                0x47035978                bsp_disp_feat_get_layer_feats
                0x470359a0                bsp_disp_feat_get_smart_backlight_support
                0x470359b8                bsp_disp_feat_get_image_enhance_support
                0x470359d0                disp_init_feat
                0x470359ec                disp_get_lcd
                0x47035a30                disp_lcd_get_priv
                0x47035a6c                disp_lcd_gpio_set_value
                0x47035afc                disp_lcd_gpio_set_direction
                0x47035b8c                disp_lcd_event_proc
                0x47035c8c                disp_lcd_get_panel_info
                0x47035ce0                disp_lcd_get_timing
                0x47035da4                disp_lcd_get_input_csc
                0x47035de4                disp_lcd_get_physical_size
                0x47035e38                disp_lcd_get_resolution
                0x47035e8c                disp_lcd_get_bright
                0x47035ed8                disp_lcd_is_enabled
                0x47035f1c                disp_lcd_pre_disable
                0x47035fd0                disp_lcd_post_enable
                0x47036058                disp_lcd_get_close_flow
                0x4703608c                disp_lcd_get_open_flow
                0x470360b8                disp_lcd_set_panel_funs
                0x47036140                disp_lcd_set_close_func
                0x470361a8                disp_lcd_set_open_func
                0x4703620c                disp_lcd_tcon_disable
                0x47036254                disp_lcd_tcon_enable
                0x47036298                disp_lcd_get_driver_name
                0x47036300                disp_lcd_pin_cfg
                0x47036454                disp_lcd_is_used
                0x4703648c                disp_lcd_power_disable
                0x47036558                disp_lcd_power_enable
                0x4703660c                disp_lcd_pwm_disable
                0x4703667c                disp_lcd_pwm_enable
                0x470366d4                disp_lcd_backlight_disable
                0x470367a8                disp_lcd_backlight_enable
                0x47036878                disp_lcd_set_bright
                0x470369e0                lcd_parse_panel_para
                0x47037010                lcd_get_sys_config
                0x470374e8                lcd_clk_init
                0x47037674                lcd_clk_exit
                0x470377cc                disp_lcd_exit
                0x4703789c                lcd_clk_enable
                0x47037b38                disp_lcd_pre_enable
                0x47037c24                lcd_clk_disable
                0x47037d68                disp_lcd_post_disable
                0x47037de0                disp_lcd_update_bright_dimming
                0x47037e28                disp_lcd_notifier_callback
                0x47037e78                disp_lcd_gpio_init
                0x47037f98                disp_lcd_init
                0x470381c8                disp_lcd_gpio_exit
                0x470382f8                disp_lcd_gpio_get_value
                0x47038380                disp_init_lcd
                0x470387a0                disp_get_layer
                0x47038834                disp_lyr_get_priv
                0x470388bc                disp_lyr_set_manager
                0x47038904                disp_lyr_get_frame_id
                0x47038938                disp_lyr_get_info
                0x4703898c                disp_lyr_sync
                0x470389ec                disp_lyr_is_enabled
                0x47038a20                disp_lyr_disable
                0x47038a98                disp_lyr_enable
                0x47038b0c                disp_lyr_exit
                0x47038b40                disp_lyr_init
                0x47038b74                disp_lyr_shadow_protect
                0x47038bc8                disp_lyr_update_regs
                0x47038d44                disp_lyr_clear_regs
                0x47038d98                disp_lyr_apply
                0x47038e08                disp_lyr_set_info
                0x47038e6c                disp_lyr_force_update_regs
                0x47038eac                disp_init_lyr
                0x470390c4                disp_get_layer_manager
                0x47039130                disp_mgr_get_priv
                0x47039194                disp_mgr_is_enabled
                0x470391c8                disp_mgr_add_layer
                0x47039228                disp_mgr_get_screen_size
                0x470392c0                disp_mgr_set_screen_size
                0x4703930c                disp_mgr_sync
                0x47039394                disp_mgr_get_output_type
                0x470393ec                disp_mgr_set_output_type
                0x47039430                disp_mgr_get_color_key
                0x47039484                disp_mgr_set_color_key
                0x470394e0                disp_mgr_get_back_color
                0x47039534                disp_mgr_set_back_color
                0x47039590                disp_mgr_clk_init
                0x470395d4                disp_mgr_init
                0x47039620                disp_mgr_clk_exit
                0x47039670                disp_mgr_exit
                0x470396e4                disp_mgr_clk_enable
                0x47039734                disp_mgr_clk_disable
                0x47039784                disp_mgr_shadow_protect
                0x470397d8                disp_mgr_update_regs
                0x4703987c                disp_mgr_clear_regs
                0x47039908                disp_mgr_disable
                0x4703996c                disp_mgr_apply
                0x470399dc                disp_mgr_force_update_regs
                0x47039a50                disp_mgr_enable
                0x47039ab4                disp_init_mgr
                0x47039d08                bsp_disp_delay_ms
                0x47039d18                bsp_disp_delay_us
                0x47039d5c                disp_notifier_init
                0x47039d78                disp_notifier_register
                0x47039dc4                disp_notifier_unregister
                0x47039e2c                disp_notifier_call_chain
                0x47039e84                disp_smbl_set_manager
                0x47039ea4                disp_get_smbl
                0x47039ef4                disp_smbl_get_priv
                0x47039f4c                disp_smbl_exit
                0x47039f70                disp_smbl_init
                0x47039fec                disp_smbl_is_enabled
                0x4703a020                disp_smbl_apply
                0x4703a080                disp_smbl_set_window
                0x4703a0d8                disp_smbl_disable
                0x4703a11c                disp_smbl_enable
                0x4703a160                disp_smbl_force_update_regs
                0x4703a1a0                disp_smbl_notifier_callback
                0x4703a224                disp_smbl_update_regs
                0x4703a2d0                disp_smbl_sync
                0x4703a340                disp_smbl_shadow_protect
                0x4703a384                disp_init_smbl
                0x4703a52c                disp_smcl_set_manager
                0x4703a54c                disp_get_smcl
                0x4703a59c                disp_smcl_get_priv
                0x4703a5f4                disp_smcl_exit
                0x4703a618                disp_smcl_init
                0x4703a688                disp_smcl_is_enabled
                0x4703a6ac                disp_smcl_sync
                0x4703a6f0                disp_smcl_shadow_protect
                0x4703a734                disp_smcl_update_regs
                0x4703a80c                disp_smcl_apply
                0x4703a870                disp_smcl_set_window
                0x4703a8c8                disp_smcl_set_mode
                0x4703a910                disp_smcl_set_hue
                0x4703a958                disp_smcl_set_saturation
                0x4703a9a0                disp_smcl_set_bright
                0x4703a9e8                disp_smcl_disable
                0x4703aa30                disp_smcl_enable
                0x4703aa78                disp_smcl_force_update_regs
                0x4703aab8                disp_smcl_notifier_callback
                0x4703ab0c                disp_init_smcl
                0x4703ace0                bsp_disp_exit
                0x4703ada0                bsp_disp_open
                0x4703ada8                bsp_disp_close
                0x4703adb0                disp_init_connections
                0x4703aed0                bsp_disp_init
                0x4703af54                bsp_disp_cfg_get
                0x4703af68                bsp_disp_vsync_event_enable
                0x4703af80                disp_sync_all
                0x4703b000                sync_event_proc
                0x4703b05c                bsp_disp_get_output_type
                0x4703b0a8                bsp_disp_shadow_protect
                0x4703b218                bsp_disp_get_screen_width
                0x4703b25c                bsp_disp_get_screen_height
                0x4703b2a0                bsp_disp_get_screen_physical_width
                0x4703b2dc                bsp_disp_get_screen_physical_height
                0x4703b318                bsp_disp_get_screen_width_from_output_type
                0x4703b3c8                bsp_disp_get_screen_height_from_output_type
                0x4703b480                bsp_disp_get_timming
                0x4703b4f8                bsp_disp_get_panel_info
                0x4703b544                bsp_disp_lcd_pre_enable
                0x4703b630                bsp_disp_lcd_post_enable
                0x4703b674                bsp_disp_lcd_pre_disable
                0x4703b6a4                bsp_disp_lcd_post_disable
                0x4703b730                bsp_disp_lcd_backlight_enable
                0x4703b760                bsp_disp_lcd_backlight_disable
                0x4703b790                bsp_disp_lcd_pwm_enable
                0x4703b7c0                bsp_disp_lcd_pwm_disable
                0x4703b7f0                bsp_disp_lcd_power_enable
                0x4703b828                bsp_disp_lcd_power_disable
                0x4703b864                bsp_disp_lcd_set_bright
                0x4703b89c                bsp_disp_lcd_get_bright
                0x4703b8d0                bsp_disp_lcd_get_open_flow
                0x4703b900                bsp_disp_lcd_get_close_flow
                0x4703b930                bsp_disp_lcd_set_panel_funs
                0x4703b9e8                LCD_OPEN_FUNC
                0x4703ba1c                LCD_CLOSE_FUNC
                0x4703ba50                bsp_disp_lcd_is_used
                0x4703ba80                bsp_disp_lcd_tcon_enable
                0x4703bab0                bsp_disp_lcd_tcon_disable
                0x4703bae0                bsp_disp_lcd_pin_cfg
                0x4703bb18                bsp_disp_lcd_delay_ms
                0x4703bb1c                bsp_disp_lcd_delay_us
                0x4703bb20                bsp_disp_lcd_gpio_set_value
                0x4703bb60                bsp_disp_lcd_gpio_set_direction
                0x4703bba0                bsp_disp_get_lcd_registered
                0x4703bbb4                bsp_disp_get_hdmi_registered
                0x4703bbc4                bsp_disp_layer_set_info
                0x4703bc28                bsp_disp_layer_get_info
                0x4703bc8c                bsp_disp_layer_enable
                0x4703bce8                bsp_disp_layer_disable
                0x4703bd44                bsp_disp_layer_is_enabled
                0x4703bda0                bsp_disp_layer_get_frame_id
                0x4703bdfc                bsp_disp_set_back_color
                0x4703be4c                bsp_disp_smcl_enable
                0x4703be94                bsp_disp_smcl_disable
                0x4703bedc                bsp_disp_smcl_is_enabled
                0x4703bf24                bsp_disp_smcl_set_bright
                0x4703bf74                bsp_disp_smcl_get_bright
                0x4703bfbc                bsp_disp_smcl_set_saturation
                0x4703c00c                bsp_disp_smcl_get_saturation
                0x4703c054                bsp_disp_smcl_set_contrast
                0x4703c0a4                bsp_disp_smcl_get_contrast
                0x4703c0ec                bsp_disp_smcl_set_hue
                0x4703c13c                bsp_disp_smcl_get_hue
                0x4703c184                bsp_disp_smcl_set_mode
                0x4703c1d4                bsp_disp_smcl_get_mode
                0x4703c21c                bsp_disp_smcl_set_window
                0x4703c26c                bsp_disp_smcl_get_window
                0x4703c2bc                bsp_disp_smbl_enable
                0x4703c304                bsp_disp_smbl_disable
                0x4703c34c                bsp_disp_smbl_is_enabled
                0x4703c394                bsp_disp_smbl_set_window
                0x4703c3e4                bsp_disp_smbl_get_window
                0x4703c434                LCD_set_panel_funs
                0x4703c45c                lcd_init
                0x4703c478                sunxi_lcd_delay_ms
                0x4703c4a0                sunxi_lcd_delay_us
                0x4703c4c8                sunxi_lcd_tcon_enable
                0x4703c4e8                sunxi_lcd_tcon_disable
                0x4703c508                sunxi_lcd_backlight_enable