4a000000 T __image_copy_start
4a000000 T _start
4a000020 T _undefined_instruction
4a000024 T _software_interrupt
4a000028 T _prefetch_abort
4a00002c T _data_abort
4a000030 T _not_used
4a000034 T _irq
4a000038 T _fiq
4a000040 T IRQ_STACK_START_IN
4a000060 t undefined_instruction
4a0000c0 t software_interrupt
4a000120 t prefetch_abort
4a000180 t data_abort
4a0001e0 t not_used
4a000240 t irq
4a0002a0 t fiq
4a0002e8 T reset
4a0002ec T save_boot_params_ret
4a0002fc T switch_to_hypervisor_ret
4a000338 T c_runtime_cpu_setup
4a000348 W save_boot_params
4a00034c W switch_to_hypervisor
4a000350 T cpu_init_cp15
4a0003a4 T cpu_init_crit
4a0003ac T __efi_runtime_start
4a0003b0 W efi_reset_system
4a0003b2 W efi_get_time
4a0003bc t efi_unimplemented
4a0003c4 t efi_device_error
4a0003cc t efi_invalid_parameter
4a0003d4 T efi_update_capsule
4a0003dc T efi_query_capsule_caps
4a0003e4 T efi_query_variable_info
4a0003ec T efi_update_table_header_crc32
4a000400 T crc32_no_comp
4a000490 T crc32
4a00049c T efi_runtime_relocate
4a00056c t efi_runtime_detach_list
4a0005f0 T systab
4a000638 t firmware_vendor
4a000650 T efi_runtime_services
4a0006a0 t crc_table
4a000aa0 T efi_runtime_mmio
4a000aa8 T __efi_runtime_stop
4a000ac0 T __v7_flush_dcache_all
4a000ad4 t start_flush_levels
4a000ad8 t flush_levels
4a000b14 t loop1
4a000b18 t loop2
4a000b3c t skip
4a000b48 t finished
4a000b5c T v7_flush_dcache_all
4a000b6c T __v7_invalidate_dcache_all
4a000b84 t inval_levels
4a000bc0 t inval_loop1
4a000bc4 t inval_loop2
4a000be8 t inval_skip
4a000bf4 t inval_finished
4a000c08 T v7_invalidate_dcache_all
4a000c18 T allow_unaligned
4a000c28 T invalidate_icache_all
4a000c3c W v7_outer_cache_enable
4a000c3e W v7_outer_cache_disable
4a000c40 W v7_outer_cache_flush_all
4a000c42 T flush_dcache_all
4a000c50 W v7_outer_cache_inval_all
4a000c52 T invalidate_dcache_all
4a000c60 T arm_init_before_mmu
4a000c82 W v7_outer_cache_flush_range
4a000c84 T flush_dcache_range
4a000cbc W cpu_cache_initialization
4a000cbe T cleanup_before_linux_select
4a000cfc T cleanup_before_linux
4a000d04 W lowlevel_init
4a000d28 t get_gicd_base_address
4a000d54 W psci_board_init
4a000d58 T armv7_init_nonsec
4a000dbc T armv7_apply_memory_carveout
4a000dc0 T psci_update_dt
4a000df8 T timer_init
4a000e14 T get_timer_masked
4a000e6c T get_timer
4a000e78 T __udelay
4a000eac T get_ticks
4a000eb6 T get_tbclk
4a000ec0 T _main
4a000f0c t here
4a000f60 T memset
4a001000 T memcpy
4a0012e0 T setjmp
4a0012f0 T longjmp
4a00130c W relocate_vectors
4a001318 T relocate_code
4a001328 t copy_loop
4a001340 t fixloop
4a001360 t fixnext
4a001368 t relocate_done
4a00137c T arch_fixup_fdt
4a0013b4 t setup_initrd_tag.isra.1
4a0013e0 T arch_lmb_reserve
4a00140a W board_quiesce_devices
4a00140c W setup_board_tags
4a001410 t boot_prep_linux
4a001530 W armv7_boot_nonsec_default
4a001534 T armv7_boot_nonsec
4a001574 t boot_jump_linux
4a001618 T do_bootm_linux
4a00165c T boot_prep_vxworks
4a00168c T boot_jump_vxworks
4a001694 T bootz_setup
4a001700 T arch_reserve_stacks
4a001718 T interrupt_init
4a00172c T enable_interrupts
4a00172e T disable_interrupts
4a001734 T bad_mode
4a001740 T show_regs
4a00188c T do_undefined_instruction
4a0018b4 T do_software_interrupt
4a0018dc T do_prefetch_abort
4a001904 T do_data_abort
4a00192c T do_not_used
4a001954 T do_fiq
4a00197c T do_irq
4a0019a4 W reset_misc
4a0019a8 T do_reset
4a0019d0 W flush_cache
4a0019d8 T check_cache_range
4a0019f8 t cache_disable
4a001a5a W arm_init_domains
4a001a5c T set_section_dcache
4a001a76 W dram_bank_mmu_setup
4a001aa4 t cache_enable
4a001bc4 T icache_enable
4a001bcc T icache_disable
4a001bd4 T dcache_enable
4a001bda T dcache_disable
4a001be0 T dcache_status
4a001bfc T fdt_psci
4a001da0 T s_init
4a001e10 T sunxi_get_boot_device
4a001e48 T reset_cpu
4a001e68 T enable_caches
4a001e6e T clock_init_sec
4a001e70 T clock_init
4a001e80 T sunxi_get_sram_id
4a001ea0 T print_cpuinfo
4a001eb8 T sunxi_get_sid
4a001ebc T sunxi_gpio_set_cfgbank
4a001ee0 T sunxi_gpio_set_cfgpin
4a001f08 T sunxi_gpio_get_cfgbank
4a001f24 T sunxi_gpio_set_drv
4a001f6c T sunxi_gpio_set_pull
4a001fb4 T prcm_apb0_enable
4a001fcc T pmic_bus_init
4a001ff0 T pmic_bus_read
4a001ffa T pmic_bus_write
4a002004 T pmic_bus_setbits
4a002028 T pmic_bus_clrbits
4a002050 t rsb_await_trans
4a00209c t rsb_do_trans
4a0020b0 T rsb_init
4a00214c T rsb_set_device_address
4a00216c T rsb_write
4a002198 T rsb_read
4a0021d0 T clock_init_uart
4a0021d8 T clock_set_pll3
4a002210 T clock_get_pll6
4a002234 T clock_set_de_mod_clock
4a002264 t setup_environment
4a00233c T i2c_init_board
4a002340 T board_init
4a0023c0 T dram_init
4a0023d8 T g_dnl_board_usb_cable_connected
4a002450 T get_board_serial
4a002474 T misc_init_r
4a002528 T ft_board_setup
4a00253a W do_go_exec
4a002544 t do_go
4a002590 T do_bootm
4a002630 T do_bootd
4a002648 t image_info
4a0026ec t do_iminfo
4a002728 T bootm_maybe_autostart
4a002774 t do_help
4a0027a0 t do_version
4a0027d0 T blk_common_cmd
4a0029c0 T source
4a002a50 t do_source
4a002a80 t print_num
4a002a90 t do_bdinfo
4a002b64 t efi_do_enter
4a002b8c t efi_install_fdt
4a002d00 t efi_run_in_hyp
4a002d24 t do_bootefi_exec
4a002ed8 T efi_init_obj_list
4a002f20 t do_bootefi
4a003010 T efi_set_bootdev
4a0030bc T do_bootz
4a003158 t do_coninfo
4a0031e0 t do_echo
4a003254 t load_elf_image_phdr
4a003310 T valid_elf_image
4a003340 T do_bootelf
4a0034e8 T do_bootvx
4a00371c t do_exit
4a00373c T do_ext4_size
4a00374a T do_ext4_load
4a003758 T do_ext4_ls
4a003766 T do_ext2load
4a003774 t do_ext2ls
4a003782 T do_fat_size
4a003790 T do_fat_fsload
4a00379e t do_fat_ls
4a0037ac t do_fat_fsinfo
4a003800 t do_fat_fswrite
4a0038d0 t do_fat_rm
4a0038de t do_fat_mkdir
4a0038ec t fdt_valid
4a003960 t is_printable_string
4a0039a8 t print_data
4a003aac T set_working_fdt_addr
4a003ac0 t do_fdt
4a004534 t do_size_wrapper
4a004544 t do_load_wrapper
4a004584 t do_save_wrapper
4a004592 t do_ls_wrapper
4a0045a0 t do_fstype_wrapper
4a0045a4 t gpio_get_description
4a00461c t do_gpio
4a004828 t evalexp
4a004874 t evalstr
4a0048b0 t binary_test
4a0049b0 t do_itest
4a0049fc t bin_data_init
4a004a18 t k_data_save
4a004a4c t k_data_restore
4a004a80 t getcxmodem
4a004a98 t load_serial_ymodem
4a004b28 t bin_data_char
4a004b44 t chk1.constprop.1
4a004b64 t s1_sendpacket.constprop.2
4a004b98 t load_serial
4a004cc4 t do_load_serial
4a004d50 t do_load_serial_bin
4a005258 t do_mem_md
4a0052f8 t do_mem_base
4a005320 t do_mem_crc
4a00534c t do_mem_mw
4a0053c8 t do_mem_loop
4a00544c t do_mem_cmp
4a005538 t mod_mem.isra.3.part.4
4a005620 t do_mem_mm
4a005634 t do_mem_cp
4a0056a4 t do_mem_nm
4a0056b6 t extract_range
4a0056e8 t do_mii
4a005ce0 t do_sleep
4a005d68 t netboot_common
4a005f38 t do_bootp
4a005f40 t do_dhcp
4a005f48 t do_nfs
4a005f50 T do_tftpb
4a005f78 t do_ping
4a005fc0 t do_part_list
4a0060b0 t do_part_info
4a00614c t do_part
4a0061f4 t eol_or_eof
4a006208 t do_pxe
4a006250 t label_print
4a006264 t do_get_tftp
4a006290 t from_env
4a0062ac t get_string
4a006328 t label_destroy
4a006366 t destroy_pxe_menu
4a00639c t get_token
4a006434 t parse_sliteral
4a006468 t parse_integer
4a0064ac t do_get_any
4a0064d8 t do_get_fat
4a006500 t do_get_ext2
4a006528 t format_mac_pxe.constprop.7
4a00657c t get_relfile
4a006648 t get_pxe_file
4a006684 t handle_include
4a0066ec t parse_pxefile_top
4a0069e4 t parse_pxefile
4a006a28 t get_pxelinux_path
4a006a78 t do_pxe_get
4a006b64 t get_relfile_envaddr
4a006b98 t label_boot
4a006f60 t handle_pxe_menu
4a007048 t do_pxe_boot
4a0070dc t do_sysboot
4a007218 t substitute
4a0072b0 t get_arg
4a0072e4 t regex_sub.part.1
4a0074f0 t do_setexpr
4a0075e0 t do_false
4a0075e4 t do_true
4a0075e8 t do_test
4a0077e8 t usb_get_class_desc
4a007864 t usb_display_class_sub
4a00795c t usb_display_desc
4a007a50 t usb_show_tree_graph
4a007bc8 t usb_show_subtree
4a007be4 t usb_for_each_root_dev
4a007c20 t usb_display_string
4a007c4c t usb_display_config
4a007df8 t usb_show_info
4a007e42 t usb_find_device
4a007ea8 t do_usbboot
4a007eb4 t do_usb_start
4a007ed4 T usb_show_tree
4a007ee0 t do_usb
4a008178 T common_diskboot
4a0082f8 t do_fastboot
4a008424 t do_imgextract
4a0085d8 t extract_val
4a008630 t extract_env
4a0086d0 t set_gpt_info.isra.0.constprop.2
4a008a18 t do_gpt
4a008c20 t do_env_delete
4a008c88 t do_env
4a008cc4 t env_print
4a008d3c t do_env_print
4a008db8 t do_env_import
4a008f60 t do_env_default
4a008fbc t do_env_exists
4a008ffc t _do_env_set.isra.1
4a009114 t do_env_set
4a009128 T get_env_id
4a009134 T env_set
4a009170 T env_set_ulong
4a009188 T env_set_hex
4a0091a8 t do_env_export
4a0092f8 T eth_parse_enetaddr
4a009328 T envmatch
4a009374 T env_get_f
4a0093fc T env_get
4a00944c T env_get_hex
4a00946c T eth_env_get_enetaddr
4a0094a0 T eth_env_set_enetaddr
4a0094d0 T env_get_ulong
4a0094ec t do_env_edit.part.4
4a00955c t do_env_edit
4a009578 T board_init_f_alloc_reserve
4a009582 T board_init_f_init_reserve
4a009596 W show_boot_progress
4a00959c T main_loop
4a0095e8 t mdelay
4a0095fe t dummy
4a009600 T get_version
4a009604 T jumptable_init
4a00976c T hash_command
4a0097d8 t b_reset
4a0097e6 t static_get
4a0097f8 t static_peek
4a009800 t mapset
4a009814 t syntax_err
4a009820 t free_pipe_list
4a0098b0 t xmalloc
4a0098c8 t new_pipe
4a0098e0 t xrealloc
4a0098f8 t done_command
4a00993a t done_pipe
4a009968 t done_word
4a009b28 t is_assignment
4a009b54 t file_get
4a009c94 t do_showvar
4a009d30 t b_addchr
4a009d74 t b_addqchr
4a009da4 t file_peek
4a009dac T get_local_var
4a009e04 T set_local_var
4a009f10 t insert_var_value_sub
4a00a0d4 T parse_string_outer
4a00a164 t run_list_real
4a00a62c t parse_stream_outer
4a00aa50 T parse_file_outer
4a00aa7c T u_boot_hush_start
4a00aaac T bootdelay_process
4a00ab30 T autoboot_command
4a00abd4 t log_init
4a00abd8 t log_init
4a00abdc t display_text_info
4a00abe0 t setup_mon_len
4a00abf8 W arch_cpu_init
4a00abfc t reserve_round_4k
4a00ac10 W reserve_mmu
4a00ac3e t reserve_uboot
4a00ac6e t reserve_malloc
4a00ac82 t reserve_global_data
4a00ac98 t reserve_fdt
4a00acd2 W dram_init_banksize
4a00acec t setup_reloc
4a00ad12 t reloc_fdt
4a00ad3e t reserve_board
4a00ad68 t announce_dram_init
4a00ad78 t init_baud_rate
4a00ad94 t initf_dm
4a00ad9a t initf_bootstage
4a00ada6 W arch_cpu_init_dm
4a00adaa W mach_cpu_init
4a00adae t reserve_video
4a00adb2 t reserve_trace
4a00adb6 t setup_machine
4a00adba t reserve_bootstage
4a00adbe t display_new_sp
4a00adc2 t reloc_bootstage
4a00adc6 t initf_console_record
4a00adca W reserve_arch
4a00adce W coloured_LED_init
4a00add0 W red_led_on
4a00add2 W board_add_ram_info
4a00add4 t show_dram_config
4a00adfc t setup_dest_addr
4a00ae2c t reserve_stacks
4a00ae48 T board_init_f
4a00ae68 t initr_trace
4a00ae6c t initr_reloc
4a00ae80 t run_main_loop
4a00ae88 t initr_net
4a00ae9c t initr_ethaddr
4a00aeb4 t initr_enable_interrupts
4a00aebe t initr_jumptable
4a00aec8 t initr_env
4a00af10 t initr_serial
4a00af1a t initr_dm
4a00af2c t initr_bootstage
4a00af38 t initr_malloc
4a00af54 t initr_reloc_global_data
4a00af7c t initr_caches
4a00af86 t bootstage_relocate
4a00af8a t initr_barrier
4a00af8e t initr_console_record
4a00af92 W power_init_board
4a00af96 t initr_announce
4a00af9a W cpu_secondary_init_r
4a00af9c t initr_secondary_cpu
4a00afa8 T board_init_r
4a00afc4 W checkboard
4a00afc8 W show_board_info
4a00aff4 T bootm_find_images
4a00b060 T bootm_decomp_image
4a00b140 T bootm_disable_interrupts
4a00b150 T do_bootm_states
4a00b6b0 t copy_args
4a00b6e8 t do_bootm_rtems
4a00b714 t do_bootm_plan9
4a00b77c t do_bootm_standalone
4a00b7b8 t do_bootm_qnxelf
4a00b804 t do_bootm_netbsd
4a00b8a8 T do_bootvx_fdt
4a00b964 t do_bootm_vxworks
4a00b97a W arch_preboot_os
4a00b97c T boot_selected_os
4a00b9b8 T bootm_os_get_boot_func
4a00b9c4 t of_bus_default_map
4a00ba44 t of_bus_default_translate
4a00baac T fdt_support_default_count_cells
4a00bae0 T fdt_find_and_setprop
4a00bb28 T fdt_find_or_add_subnode
4a00bb68 T fdt_root
4a00bbc8 T fdt_initrd
4a00bce8 T fdt_chosen
4a00bd78 T do_fixup_by_path
4a00bdac T fdt_fixup_memory_banks
4a00bf3c T fdt_fixup_memory
4a00bf54 T fdt_fixup_ethernet
4a00c060 T fdt_shrink_to_minimum
4a00c0f0 T fdt_translate_address
4a00c25c T fdt_setup_simplefb_node
4a00c3b0 T fdt_overlay_apply_verbose
4a00c3fc T miiphy_get_dev_by_name
4a00c430 T miiphy_init
4a00c448 T miiphy_set_current_dev
4a00c470 t miiphy_get_active_dev
4a00c4a0 T miiphy_get_current_dev
4a00c4b0 T miiphy_read
4a00c4d8 T miiphy_write
4a00c4fc T miiphy_listdev
4a00c550 T miiphy_info
4a00c5ac T miiphy_speed
4a00c62c T miiphy_duplex
4a00c6a8 T miiphy_is_1000base_x
4a00c6ac t usb_set_maxpacket_ep
4a00c702 T usb_control_msg
4a00c76e t usb_get_descriptor
4a00c7a4 t get_descriptor_len
4a00c804 t usb_setup_descriptor
4a00c888 t usb_get_string
4a00c8d8 t usb_string_sub
4a00c968 T usb_bulk_msg
4a00c9b2 T usb_maxpacket
4a00c9c6 T usb_clear_halt
4a00ca24 T usb_get_configuration_len
4a00ca74 T usb_get_configuration_no
4a00ca90 T usb_set_interface
4a00cb0c T usb_set_protocol
4a00cb3a T usb_set_idle
4a00cb6c T usb_string
4a00cc08 T usb_select_config
4a00cf20 T usb_setup_device
4a00cfcc W board_usb_init
4a00cfd0 W board_usb_cleanup
4a00cfd4 T usb_device_has_child_on_port
4a00cfd8 t usb_set_port_feature
4a00d006 t usb_clear_port_feature
4a00d034 t usb_get_hub_descriptor
4a00d076 W usb_hub_reset_devices
4a00d078 T usb_hub_is_root_hub
4a00d088 T usb_get_port_status
4a00d0f8 T usb_hub_port_connect_change
4a00d1f0 t usb_hub_configure
4a00d5d8 T usb_hub_scan
4a00d5e6 t usb_hub_post_probe
4a00d5ea t usb_stor_irq
4a00d5fa t usb_stor_BBB_reset
4a00d6a8 t usb_stor_CB_reset
4a00d734 t usb_stor_BBB_clear_endpt_stall.isra.0
4a00d760 t usb_stor_BBB_transport
4a00d934 t usb_stor_CB_comdat
4a00da88 t usb_stor_CBI_get_status.isra.2
4a00db10 t usb_stor_CB_transport
4a00dc68 t usb_request_sense.constprop.11
4a00dcb4 t usb_stor_read
4a00dda4 t usb_stor_write
4a00de94 T usb_stor_info
4a00dedc T usb_stor_reset
4a00dee8 T usb_stor_scan
4a00df18 T usb_storage_probe
4a00e09c T usb_stor_get_info
4a00e2c8 t usb_mass_storage_probe
4a00e3e8 T iomux_doenv
4a00e510 W menu_display_statusline
4a00e512 T menu_default_set
4a00e55c T menu_get_choice
4a00e67c T menu_item_add
4a00e6f8 T menu_create
4a00e74a T menu_destroy
4a00e790 t usb_kbd_remove
4a00e804 t usb_kbd_translate.part.0
4a00e8e0 t usb_kbd_probe
4a00ea24 t usb_kbd_irq_worker
4a00eb50 t usb_kbd_getc
4a00ebd0 t usb_kbd_testc
4a00ec68 t usb_kbd_irq
4a00ec80 t delete_char.part.0
4a00ed08 t cread_add_char
4a00ed88 T cli_readline_into_buffer
4a00f3d8 T cli_readline
4a00f3e8 T cli_simple_process_macros
4a00f510 t console_tstc
4a00f568 t console_putc
4a00f5a0 t console_puts
4a00f5d8 t pre_console_putc
4a00f5f0 t on_console
4a00f660 T serial_printf
4a00f694 t console_getc.isra.0
4a00f6ac T putc
4a00f6e4 T tstc
4a00f700 T getc
4a00f734 T puts
4a00f780 t print_pre_console_buffer
4a00f838 T fputs
4a00f842 T fprintf
4a00f878 T ctrlc
4a00f8ac T disable_ctrlc
4a00f8bc T had_ctrlc
4a00f8c8 T clear_ctrlc
4a00f8d4 T search_device
4a00f8ec T console_assign
4a00f970 T console_init_f
4a00f984 T stdio_print_current_devices
4a00f9fc T console_init_r
4a00fb0c T sbrk
4a00fb4c T mem_malloc_init
4a00fb68 t malloc_trim
4a00fbec t free
4a00fd50 t malloc
4a010174 t calloc
4a010204 t realloc
4a0104d4 t memalign
4a0105f6 T initf_malloc
4a01060a T malloc_simple
4a010634 t on_loadaddr
4a010654 T image_check_hcrc
4a01067e T image_check_dcrc
4a0106a0 T image_multi_count
4a0106b2 T image_multi_getimg
4a0106fc T env_get_bootm_low
4a01071c T env_get_bootm_size
4a010760 T env_get_bootm_mapsize
4a010780 T memmove_wd
4a01078c T genimg_print_size
4a0107b0 T get_table_entry
4a0107c2 T get_table_entry_name
4a0107d4 T genimg_get_os_name
4a0107e8 T genimg_get_arch_name
4a0107fc T genimg_get_type_name
4a010810 T genimg_get_comp_name
4a010824 T image_print_contents
4a010938 T genimg_get_kernel_addr_fit
4a01094c T genimg_get_kernel_addr
4a010964 T genimg_get_format
4a010994 T genimg_has_config
4a010998 T boot_get_ramdisk
4a010b70 T boot_ramdisk_high
4a010c34 T boot_get_setup
4a010c3a T image_setup_linux
4a010c70 T android_image_get_kernel
4a010dd0 T android_image_check_header
4a010de0 T android_image_get_end
4a010e58 T android_image_get_kload
4a010e98 T android_image_get_ramdisk
4a010f5c T android_print_contents
4a011100 t fdt_error
4a011124 T boot_fdt_add_mem_rsv_regions
4a011180 T boot_relocate_fdt
4a01128c T boot_get_fdt
4a011434 W ft_verify_fdt
4a011438 T image_setup_libfdt
4a011504 T get_ram_size
4a0115a2 W get_effective_memsize
4a0115a8 t nulldev_putc
4a0115aa t nulldev_puts
4a0115ac t nulldev_input
4a0115b0 t stdio_serial_tstc
4a0115b4 t stdio_serial_getc
4a0115b8 t stdio_serial_puts
4a0115be t stdio_serial_putc
4a0115c4 T stdio_get_list
4a0115cc T stdio_get_by_name
4a0115fc T stdio_clone
4a011620 T stdio_register_dev
4a011654 T stdio_register
4a01165c T stdio_deregister_dev
4a011704 T stdio_init_tables
4a011718 T stdio_add_devices
4a0117e0 T run_command
4a0117ee T run_command_list
4a011834 T do_run
4a011880 T cli_process_fdt
4a0118b0 T cli_secure_boot_cmd
4a0118fc T cli_loop
4a011904 T cli_init
4a011908 T find_cmd_tbl
4a01196c T find_cmd
4a011988 T cmd_usage
4a0119c4 T _do_help
4a011acc T var_complete
4a011b14 T cmd_auto_complete
4a011de0 T cmd_get_data_size
4a011e28 T cmd_process
4a011ebc T cmd_process_error
4a011ed8 t hex1_bin
4a011f02 t hex2_bin
4a011f26 T srec_decode
4a0120a2 t CYGACC_COMM_IF_GETC_TIMEOUT.isra.0
4a0120d0 t xyzModem_flush
4a0120e4 t xyzModem_get_hdr
4a012250 T xyzModem_stream_open
4a0123b8 T xyzModem_stream_read
4a012560 T xyzModem_stream_close
4a0125a0 T xyzModem_stream_terminate
4a012608 T xyzModem_error
4a012620 t part_driver_lookup_type
4a012664 T blk_get_dev
4a01267c T dev_print
4a0127f0 T part_init
4a01281c T part_print
4a0128c8 T part_get_info
4a012900 T part_get_info_whole_disk
4a012938 T blk_get_device_by_str
4a0129f0 T blk_get_device_part_str
4a012c34 T part_get_info_by_name_type
4a012c7c T part_get_info_by_name
4a012c84 T part_set_generic_name
4a012cb8 t test_block_type
4a012d04 t print_partition_extended
4a012e94 T part_print_dos
4a012eb4 t part_test_dos
4a012efc t part_get_info_extended
4a0130d4 T part_get_info_dos
4a0130ea T iso_dread
4a01310c T part_get_info_iso_verb
4a013364 t part_test_iso
4a013378 t part_print_iso
4a0133d8 t part_get_info_iso
4a0133e0 t print_efiname
4a01341c t part_test_efi
4a013494 t validate_gpt_entries
4a013518 t validate_gpt_header
4a0136b8 t is_gpt_valid
4a013878 t is_pte_valid
4a0138b0 T part_print_efi
4a013aa8 T part_get_info_efi
4a013c18 T get_disk_guid
4a013cbc T write_gpt_table
4a014040 T gpt_fill_pte
4a01429c T gpt_fill_header
4a014444 T gpt_restore
4a01450c T gpt_verify_headers
4a014560 T gpt_verify_partitions
4a0146d8 t device_bind_common.isra.0
4a0148d8 t alloc_priv
4a014910 T device_bind_with_driver_data
4a014926 T device_bind
4a01493c T device_bind_by_name
4a014980 T device_probe
4a014ac0 T dev_get_platdata
4a014ae0 T dev_get_parent_platdata
4a014b00 T dev_get_uclass_platdata
4a014b20 T dev_get_priv
4a014b40 T dev_get_uclass_priv
4a014b60 T dev_get_parent_priv
4a014b80 T device_get_child
4a014bb0 T device_find_first_child
4a014bc2 T device_find_next_child
4a014bd8 T dev_get_driver_data
4a014bdc T device_get_uclass_id
4a014be4 T device_has_active_children
4a014c08 T device_is_last_sibling
4a014c1c T devfdt_get_addr_index
4a014c94 T devfdt_get_addr_name
4a014cbc T devfdt_get_addr
4a014cc2 T devfdt_get_addr_ptr
4a014cc8 T lists_driver_lookup_name
4a014cf4 T lists_uclass_lookup
4a014d14 T lists_bind_drivers
4a014d6c T device_bind_driver_to_node
4a014d98 T device_bind_driver
4a014dac T lists_bind_fdt
4a014e84 t dm_scan_fdt_node
4a014f14 t dm_scan_fdt_ofnode_path
4a014f38 T dm_root
4a014f54 T dm_get_translation_offset
4a014f64 T dm_init
4a014fb0 T dm_remove_devices_flags
4a014fc4 T dm_scan_platdata
4a014fe4 T dm_scan_fdt_dev
4a015000 T dm_scan_fdt
4a015014 T dm_extended_scan_fdt
4a015044 W dm_scan_other
4a015048 T dm_init_and_scan
4a015074 T uclass_find
4a0150a2 T uclass_get
4a01514c T dev_get_uclass_index
4a015182 T uclass_find_device
4a0151c4 T uclass_find_first_device
4a0151e6 T uclass_find_next_device
4a0151fe T uclass_find_device_by_seq
4a015252 T uclass_find_device_by_of_offset
4a015292 T uclass_find_device_by_ofnode
4a0152d4 T uclass_get_device_tail
4a0152ea T uclass_get_device
4a015306 T uclass_get_device_by_seq
4a015338 T uclass_get_device_by_of_offset
4a015354 T uclass_get_device_by_ofnode
4a015370 T uclass_first_device
4a01538e T uclass_next_device
4a0153b0 T uclass_first_device_check
4a0153ce T uclass_next_device_check
4a0153e8 T uclass_bind_device
4a015422 T uclass_unbind_device
4a015448 T uclass_resolve_seq
4a0154b0 T uclass_pre_probe_device
4a0154de T uclass_post_probe_device
4a0154ec T uclass_pre_remove_device
4a0154fa T dm_warn
4a015514 T dm_fdt_pre_reloc
4a015558 T device_unbind
4a0155ee T device_chld_unbind
4a01562a T device_free
4a015670 T device_remove
4a01573c T device_chld_remove
4a015778 t simple_bus_post_bind
4a0157ac t show_devices
4a015864 T dm_dump_all
4a015894 T dm_dump_uclass
4a015938 T ofnode_read_u32
4a015966 T ofnode_read_u32_default
4a015978 T ofnode_read_u32_array
4a015990 T ofnode_get_parent
4a0159a0 T ofnode_get_name
4a0159ae T ofnode_stringlist_search
4a0159d4 T ofnode_parse_phandle_with_args
4a015a12 T ofnode_path
4a015a22 T ofnode_get_property
4a015a38 T generic_phy_get_by_index
4a015ae4 T generic_phy_get_by_name
4a015b0c T generic_phy_init
4a015b1c T generic_phy_exit
4a015b2c T generic_phy_power_on
4a015b3c T generic_phy_power_off
4a015b4c t get_desc
4a015b88 T blk_driver_lookup_type
4a015ba8 T blk_get_if_type_name
4a015bb4 T blk_list_part
4a015c06 T blk_print_part_devnum
4a015c3c T blk_list_devices
4a015c80 T blk_print_device_num
4a015cb8 T blk_show_device
4a015d14 T blk_get_devnum_by_type
4a015d34 T blk_dselect_hwpart
4a015d5c T blk_get_devnum_by_typename
4a015d98 T blk_read_devnum
4a015dc6 T blk_write_devnum
4a015df4 T fastboot_response
4a015e34 T fastboot_fail
4a015e48 T fastboot_okay
4a015e64 W fastboot_set_reboot_flag
4a015e6c T fastboot_boot
4a015ecc T fastboot_init
4a015ef8 t getvar_downloadsize
4a015f10 t getvar_has_slot
4a015f50 t getvar_slot_suffixes
4a015f5c t getvar_current_slot
4a015f68 t getvar_product
4a015f90 t getvar_version_baseband
4a015f9c t getvar_serialno
4a015fc4 t getvar_bootloader_version
4a015fd0 t getvar_version
4a015fdc T fastboot_getvar
4a016064 t reboot_bootloader
4a016088 t okay
4a016090 t download
4a016100 t getvar
4a016104 T fastboot_handle_command
4a016164 T fastboot_data_remaining
4a016178 T fastboot_data_download
4a0161e4 T fastboot_data_complete
4a01621c t sun4i_usb_phy_write
4a0162c4 t sun4i_usb_phy_passby
4a016318 t sun4i_usb_phy_exit
4a016368 t sun4i_usb_phy_xlate
4a016394 t sun4i_usb_phy_power_off
4a0163c0 t sun4i_usb_phy_power_on
4a01640c t sun4i_usb_phy_probe
4a01652c t sun4i_usb_phy_init
4a0165e0 T sun4i_usb_phy_vbus_detect
4a016622 T sun4i_usb_phy_id_detect
4a016646 T sun4i_usb_phy_set_squelch_detect
4a016658 t video_drawchars
4a016950 t video_invertchar
4a016998 t console_cursor_fix
4a0169e4 t console_cursor_set_position
4a016a04 t console_swap_colors
4a016a24 t console_clear_line
4a016a98 t console_newline
4a016b04 W board_cfb_skip
4a016b08 T console_cursor
4a016b88 t video_set_cursor
4a016ba4 t parse_putc
4a016c84 t cfb_video_putc
4a016f54 t cfb_video_puts
4a016fa0 W video_set_lut
4a016fa4 t plot_logo_or_black
4a0170c0 t do_clrlogo
4a0170e4 T video_clear
4a017118 W board_video_skip
4a01711c T drv_video_init
4a0172fc t sunxi_is_composite
4a017314 T board_get_usable_ram_top
4a017320 T video_hw_init
4a017884 T sunxi_simplefb_setup
4a017948 T sunxi_simplefb_fdt_match
4a017994 T lcdc_init
4a0179c0 T lcdc_enable
4a0179cc T lcdc_tcon0_mode_set
4a017b18 T lcdc_pll_set
4a017c2c t video_get_param_len.constprop.1
4a017c40 T video_get_video_mode
4a017d10 T video_get_ctfb_res_modes
4a017d9c T video_get_option_string
4a017e08 T video_get_option_int
4a017e5a t keyboard_start
4a017e6a t keyboard_stop
4a017e7c t keyboard_pre_probe
4a017ec4 t keyboard_tstc
4a017ef2 t keyboard_getc
4a017f20 T input_tstc
4a017f48 T input_getc
4a017f7c T input_init
4a017f90 t axp_get_gpio_ctrl_reg
4a017fa0 t axp_gpio_get_value
4a017ff8 t gpio_axp_probe
4a018014 t axp_gpio_set_value
4a01804c t axp_gpio_direction_output
4a01808c t axp_gpio_direction_input
4a0180b0 T axp_gpio_init
4a0180d4 t gpio_post_bind
4a0180d8 t get_function
4a018136 t gpio_to_device
4a018180 t check_reserved
4a0181cc t gpio_renumber
4a018212 t gpio_pre_remove
4a018242 t gpio_post_probe
4a018268 T dm_gpio_lookup_name
4a018308 T gpio_lookup_name
4a018344 T dm_gpio_request
4a0183a2 T gpio_request
4a0183ba T _dm_gpio_free
4a0183fc T gpio_free
4a018414 T gpio_direction_input
4a018440 T gpio_direction_output
4a01846c T dm_gpio_get_value
4a018498 T dm_gpio_set_value
4a0184cc T gpio_get_value
4a0184e2 T gpio_set_value
4a0184fa T gpio_get_bank_info
4a01850a T gpio_get_function
4a018512 T gpio_get_raw_function
4a01851c T gpio_get_status
4a0185d4 t sunxi_gpio_set_value
4a0185fc t sunxi_gpio_get_value
4a018618 t sunxi_gpio_get_function
4a018634 t sunxi_gpio_direction_output
4a018668 t sunxi_gpio_direction_input
4a01867e t gpio_sunxi_probe
4a01869c t gpio_sunxi_bind
4a018724 t sunxi_gpio_xlate
4a018744 T sunxi_name_to_gpio
4a01878c T axp_get_sid
4a0187d8 T do_poweroff
4a0187e4 t _serial_putc
4a018806 t __serial_getc
4a018820 t __serial_tstc
4a018830 t serial_stub_putc
4a018836 t serial_stub_getc
4a01883c t serial_stub_tstc
4a018842 t serial_pre_remove
4a01885c t serial_post_probe
4a0188d0 t serial_stub_puts
4a0188e8 T serial_init
4a0189c0 T serial_initialize
4a0189c4 T serial_putc
4a0189d6 T serial_puts
4a0189f4 T serial_getc
4a018a04 T serial_tstc
4a018a14 T serial_setbrg
4a018a34 t on_baudrate
4a018ad0 T serial_stdio_init
4a018ad4 T ns16550_serial_ofdata_to_platdata
4a018b40 t ns16550_writeb.isra.0
4a018b54 t NS16550_setbrg
4a018b88 t ns16550_serial_setbrg
4a018bac t ns16550_readb.isra.1
4a018bc0 t ns16550_serial_pending
4a018be8 t ns16550_serial_putc
4a018c12 t ns16550_serial_getc
4a018c38 T NS16550_init
4a018c7a T ns16550_serial_probe
4a018c9c T usb_ep_autoconfig
4a018db4 T usb_ep_autoconfig_reset
4a018ddc T usb_descriptor_fillbuf
4a018e12 T usb_gadget_config_buf
4a018e66 T usb_gadget_get_string
4a018f48 t count_configs
4a018f90 t collect_langs
4a018fba t composite_setup_complete
4a018fbc t composite_suspend
4a018ffc t composite_resume
4a01903c t g_dnl_unbind
4a01904e t lookup_string
4a019078 t composite_unbind
4a01912c t composite_bind
4a0191d8 t g_dnl_do_config
4a019200 t reset_config.isra.0
4a019230 t composite_disconnect
4a019258 t composite_setup
4a019790 T usb_add_function
4a019804 T usb_interface_id
4a019824 T usb_add_config
4a0198a0 T usb_string_id
4a0198bc T usb_composite_register
4a0198f8 T usb_composite_unregister
4a019918 T g_dnl_set_serialnumber
4a01993c t on_serialno
4a019948 W g_dnl_bind_fixup
4a01994c W g_dnl_get_board_bcd_device_number
4a019950 t g_dnl_bind
4a019a40 T g_dnl_detach
4a019a4c T g_dnl_trigger_detach
4a019a58 T g_dnl_clear_detach
4a019a64 T g_dnl_register
4a019a90 T g_dnl_unregister
4a019a9c t raise_exception
4a019ab6 t ep0_queue
4a019acc t fsg_set_alt
4a019ade t fsg_disable
4a019aec t fsg_setup
4a019b88 t fsg_unbind
4a019bb8 T fsg_add
4a019dd4 T usb_copy_descriptors
4a019e20 t fsg_bind
4a019eb4 t fastboot_start_ep
4a019ef0 t fastboot_unbind
4a019f00 t fastboot_add
4a019f74 t fastboot_disable
4a019fbc t fastboot_set_alt
4a01a078 t fastboot_complete
4a01a090 t compl_do_reset
4a01a09c t do_exit_on_complete
4a01a0a0 t do_bootm_on_complete
4a01a0ae t rx_bytes_expected
4a01a0dc t fastboot_tx_write_str
4a01a128 t rx_handler_command
4a01a1fc t rx_handler_dl_image
4a01a278 t fastboot_bind
4a01a320 t eth_setup_complete
4a01a324 t tx_complete
4a01a358 t eth_suspend
4a01a35c t nibble
4a01a388 t usb_eth_recv
4a01a3cc t rx_complete
4a01a454 t usb_eth_send
4a01a534 t rndis_command_complete
4a01a55c t eth_unbind
4a01a5b8 t rndis_control_ack_complete
4a01a604 t rndis_control_ack
4a01a66c t eth_reset_config
4a01a6d8 t eth_disconnect
4a01a6e0 t set_ether_config.isra.5
4a01a818 t get_ether_addr
4a01a880 t eth_bind
4a01abb0 t usb_eth_probe
4a01abec t is_eth_addr_valid.part.8
4a01ac58 t rx_submit.constprop.10
4a01acbc t usb_eth_free_pkt
4a01acd8 t eth_setup
4a01afb8 t rndis_response_complete
4a01afba t eth_resume
4a01afbc T dm_usb_init
4a01afe8 t usb_eth_start
4a01b180 T _usb_eth_halt
4a01b1ec t usb_eth_stop
4a01b1fc T usb_ether_init
4a01b240 t rndis_add_response
4a01b278 T rndis_signal_connect
4a01b2cc T rndis_signal_disconnect
4a01b2e0 T rndis_set_host_mac
4a01b2f0 T rndis_get_state
4a01b304 T rndis_msg_parser
4a01b784 T rndis_register
4a01b7a0 T rndis_deregister
4a01b7b8 T rndis_set_param_dev
4a01b7d8 T rndis_set_param_vendor
4a01b7f0 T rndis_set_param_medium
4a01b804 T rndis_add_hdr
4a01b854 T rndis_free_response
4a01b894 T rndis_get_next_response
4a01b8d0 T rndis_uninit
4a01b900 T rndis_rm_hdr
4a01b960 T rndis_init
4a01b97c T rndis_exit
4a01b97e t usb_match_device
4a01b9fc t usb_child_post_bind
4a01ba4c t usb_match_one_id_intf.isra.0
4a01ba9c t remove_inactive_children.isra.2
4a01bae4 T usb_disable_asynch
4a01baf8 T submit_int_msg
4a01bb20 T submit_control_msg
4a01bb6e T submit_bulk_msg
4a01bb92 T create_int_queue
4a01bbbc T poll_int_queue
4a01bbda T destroy_int_queue
4a01bbfa T usb_alloc_device
4a01bc0e T usb_reset_root_port
4a01bc24 T usb_update_hub_device
4a01bc3a T usb_get_max_xfer_size
4a01bc50 T usb_stop
4a01bcb4 T usb_get_bus
4a01bccc T usb_scan_device
4a01be94 t usb_scan_bus.isra.3
4a01bee0 T usb_init
4a01c004 T usb_child_pre_probe
4a01c04a t musb_gadget_enable
4a01c1f4 t musb_gadget_fifo_status
4a01c21e t musb_gadget_fifo_flush
4a01c282 t musb_gadget_get_frame
4a01c290 t musb_gadget_wakeup
4a01c294 t musb_gadget_set_self_powered
4a01c2aa t musb_gadget_vbus_draw
4a01c2ae t txstate
4a01c322 T musb_alloc_request
4a01c344 T musb_free_request
4a01c34c t init_peripheral_ep
4a01c3fc t musb_gadget_pullup
4a01c438 T musb_g_giveback
4a01c46a t rxstate
4a01c506 t musb_gadget_dequeue
4a01c546 t musb_gadget_disable
4a01c5ba T musb_g_tx
4a01c69e T musb_g_rx
4a01c714 T musb_ep_restart
4a01c734 t musb_gadget_set_halt
4a01c7f2 t musb_gadget_queue
4a01c864 T musb_gadget_setup
4a01c8f4 T musb_gadget_start
4a01c91e t musb_g_ep0_enable
4a01c924 t musb_g_ep0_disable
4a01c92a t musb_g_ep0_halt
4a01c990 t musb_g_ep0_dequeue
4a01c996 t ep0_txstate
4a01ca32 t musb_g_ep0_queue
4a01cae8 T musb_g_ep0_irq
4a01d114 t fifo_setup
4a01d214 T musb_write_fifo
4a01d288 T musb_read_fifo
4a01d2fc T musb_load_testpacket
4a01d324 T musb_start
4a01d3b2 T musb_stop
4a01d3fa T musb_interrupt
4a01d4c4 T musb_init_controller
4a01d8c0 T usb_gadget_handle_interrupts
4a01d8dc T usb_gadget_register_driver
4a01d954 T usb_gadget_unregister_driver
4a01d97c T musb_register
4a01d9ac t musb_usb_remove
4a01d9c6 t sunxi_musb_post_root_reset_end
4a01d9d2 t sunxi_musb_pre_root_reset_end
4a01d9e0 t sunxi_musb_exit
4a01da5c t sunxi_musb_init
4a01db58 t sunxi_musb_interrupt
4a01dbb8 t musb_usb_probe
4a01dc60 t sunxi_musb_disable
4a01dcbc t sunxi_musb_enable
4a01dd58 T env_get_yesno
4a01dd82 T env_get_default
4a01ddac T set_default_env
4a01de18 T set_default_vars
4a01de44 T env_relocate
4a01de54 T env_complete
4a01dee0 W env_get_location
4a01def0 t env_driver_lookup
4a01df1c W env_get_char_spec
4a01df24 T env_get_char
4a01df38 T env_load
4a01df90 T env_init
4a01dfe8 t regex_callback
4a01e0c0 T env_attr_walk
4a01e174 T env_attr_lookup
4a01e1c0 t clear_callback
4a01e1c8 t find_env_callback
4a01e200 t on_callbacks
4a01e238 t set_callback
4a01e28c T env_callback_init
4a01e304 t skip_num
4a01e340 t clear_flags
4a01e348 t on_flags
4a01e380 T env_flags_parse_vartype
4a01e3b0 T env_flags_parse_varaccess
4a01e3e0 t set_flags
4a01e448 T eth_validate_ethaddr_str
4a01e49c T env_flags_init
4a01e52c T env_flags_validate
4a01e6b4 t env_nowhere_init
4a01e6c8 t fs_probe_unsupported
4a01e6dc t fs_ls_unsupported
4a01e6e2 t fs_exists_unsupported
4a01e6e6 t fs_size_unsupported
4a01e6ec t fs_read_unsupported
4a01e6f2 t fs_close_unsupported
4a01e6f4 t fs_opendir_unsupported
4a01e6fc t fs_get_info.part.0
4a01e720 t fs_close
4a01e738 t fs_write_unsupported
4a01e73e t fs_mkdir_unsupported
4a01e744 t fs_uuid_unsupported
4a01e74a t fs_unlink_unsupported
4a01e750 T fs_set_blk_dev
4a01e7c0 T fs_set_blk_dev_with_part
4a01e818 T fs_ls
4a01e83c T fs_exists
4a01e85c T fs_size
4a01e880 T fs_read
4a01e8c0 T fs_write
4a01e920 T fs_opendir
4a01e970 T fs_readdir
4a01e9ac T fs_closedir
4a01e9d8 t fs_ls_generic
4a01ea50 T fs_unlink
4a01ea74 T fs_mkdir
4a01ea98 T do_size
4a01ead8 T do_load
4a01ec54 T do_ls
4a01ec94 T file_exists
4a01ecb0 T do_save
4a01eda8 T do_fs_type
4a01edf4 T do_rm
4a01ee20 T do_mkdir
4a01ee54 T get_fs
4a01ee5c T ext4fs_free_node
4a01ee78 T ext4fs_read_file
4a01f0c8 T ext4fs_ls
4a01f124 T ext4fs_exists
4a01f138 T ext4fs_size
4a01f13c T ext4fs_read
4a01f174 T ext4fs_probe
4a01f194 T ext4_read_file
4a01f1e4 T ext4fs_uuid
4a01f204 T ext4fs_bg_get_inode_table_id
4a01f220 T ext4fs_read_inode
4a01f2e8 T read_allocated_block
4a01f8dc T ext4fs_reinit_global
4a01f954 T ext4fs_close
4a01f98c T ext4fs_iterate_dir
4a01fb80 t ext4fs_find_file1
4a01fd34 T ext4fs_find_file
4a01fd78 T ext4fs_open
4a01fddc T ext4fs_mount
4a01fe6c T ext4fs_set_blk_dev
4a01fec0 T ext4fs_devread
4a01fee8 T ext4_read_superblock
4a01ff10 t downcase
4a01ff38 t disk_read
4a01ff68 t mkcksum
4a01ff9e t fat_itr_child
4a01ffdc t disk_write
4a02002c t flush_dirty_fat_buffer
4a020084 t set_fatent_value
4a0201f8 t get_fatent
4a020300 t next_dent
4a0203b4 t determine_fatent
4a0203d8 t clear_fatent
4a020430 t get_cluster
4a020516 t set_cluster
4a020604 t read_bootsectandvi
4a0206c0 t fat_itr_root
4a0207d8 t split_filename
4a020864 t normalize_longname
4a0208e0 t set_name
4a0209a8 t set_contents
4a021078 t fat_itr_next
4a0211f0 t fat_itr_resolve
4a0212e4 t flush_dir_table
4a021384 t fill_dir_slot
4a0214ee t find_directory_entry
4a021544 T fat_set_blk_dev
4a0215d0 T file_fat_detectfs
4a0216a4 T fat_exists
4a0216e8 T fat_size
4a021760 T file_fat_read_at
4a021a34 T fat_read_file
4a021a64 T fat_opendir
4a021ac4 T fat_readdir
4a021b18 T fat_closedir
4a021b2e T fat_close
4a021b30 T file_fat_write_at
4a021d14 T file_fat_write
4a021d30 T fat_unlink
4a021f00 T fat_mkdir
4a02218c T fs_devread
4a0222f4 t efi_uc_destroy
4a022304 t efi_uc_init
4a022314 t check_node_type
4a022368 t efi_uc_start
4a0223f4 t efi_uc_supported
4a022478 t disconnect_child
4a0224bc t efi_uc_stop
4a022590 T efi_driver_init
4a02264c t get_var.constprop.0
4a0226c8 T efi_bootmgr_load
4a0227d4 t efi_is_event
4a0227f8 T __efi_entry_check
4a022820 T __efi_exit_check
4a022840 t efi_queue_event
4a022878 t efi_set_mem
4a022894 t efi_copy_mem
4a0228ae t efi_calculate_crc32
4a0228cc t efi_set_watchdog_timer
4a0228e4 t efi_stall
4a0228fc t efi_get_next_monotonic_count
4a022924 t efi_start_image
4a022988 t efi_register_protocol_notify
4a02299c t efi_close_event
4a0229d4 t efi_free_pool_ext
4a0229ec t efi_allocate_pool_ext
4a022a08 t efi_get_memory_map_ext
4a022a2e t efi_free_pages_ext
4a022a4e t efi_allocate_pages_ext
4a022a70 t efi_raise_tpl
4a022a94 T efi_save_gd
4a022aa0 T efi_restore_gd
4a022ab0 t efi_exit
4a022ad8 T is_valid_tpl
4a022afc T efi_signal_event
4a022b88 t efi_exit_boot_services
4a022c2c t efi_signal_event_ext
4a022c5c T efi_add_handle
4a022c7c T efi_create_handle
4a022ca0 T efi_create_event
4a022d48 T efi_create_event_ex
4a022d72 t efi_create_event_ext
4a022d9c T efi_timer_check
4a022e10 t efi_check_event
4a022e68 t efi_wait_for_event
4a022f04 t efi_restore_tpl
4a022f2c T efi_set_timer
4a022fd0 t efi_set_timer_ext
4a022ff0 T efi_search_obj
4a023010 T efi_search_protocol
4a023054 T efi_remove_protocol
4a02309c t efi_locate_protocol
4a0230f4 t efi_open_protocol_information
4a023180 t efi_close_protocol
4a0231e4 t efi_locate_handle
4a023298 t efi_locate_handle_buffer
4a02330c t efi_locate_device_path
4a0233cc t efi_locate_handle_ext
4a0233f4 T efi_remove_all_protocols
4a02342c T efi_delete_handle
4a023454 t efi_protocols_per_handle
4a0234cc t efi_disconnect_controller
4a02365c t efi_open_protocol
4a0237e0 t efi_bind_controller
4a023854 t efi_handle_protocol
4a023868 t efi_disconnect_all_drivers
4a023954 t efi_connect_controller
4a023a74 t efi_unload_image
4a023a9c t efi_uninstall_protocol_interface
4a023b30 T efi_add_protocol
4a023b98 t efi_install_protocol_interface
4a023bdc t efi_uninstall_multiple_protocol_interfaces
4a023c60 t efi_install_multiple_protocol_interfaces
4a023ce4 t efi_reinstall_protocol_interface
4a023d40 T efi_install_configuration_table
4a023e10 t efi_install_configuration_table_ext
4a023e28 T efi_setup_loaded_image
4a023ec4 T efi_load_image_from_path
4a023f84 t efi_load_image
4a024038 T efi_initialize_system_table
4a024070 t efi_cout_enable_cursor
4a024094 t efi_cout_set_cursor_position
4a0240f8 t efi_cout_clear_screen
4a02411c t efi_cout_set_attribute
4a024160 t efi_cout_set_mode
4a024190 t efi_cout_test_string
4a0241a0 t efi_cout_reset
4a0241c8 t efi_cin_set_state
4a0241dc t efi_cout_output_string
4a0242a4 t efi_cin_unregister_key_notify
4a0242e8 t efi_cin_empty_buffer
4a024300 t efi_cin_reset
4a024320 t efi_cin_reset_ex
4a024340 t efi_cin_register_key_notify
4a02439c t efi_cout_query_mode
4a0243ec T set_shift_mask
4a024430 t analyze_modifiers.constprop.5
4a024488 t efi_cin_check
4a0246f8 t efi_cin_read_key_stroke
4a024750 t efi_console_timer_notify
4a024764 t efi_cin_read_key_stroke_ex
4a0247bc t efi_key_notify
4a0247d0 T efi_console_register
4a0249e8 t dp_size
4a024a1c t dp_alloc
4a024a40 t dp_part_node
4a024b70 t dp_fill.part.1
4a024c50 T efi_dp_next
4a024c72 T efi_dp_match
4a024cb4 T efi_dp_last_node
4a024cd4 T efi_dp_instance_size
4a024cfc t find_obj
4a024d90 T efi_dp_find_obj
4a024dbc T efi_dp_size
4a024ddc T efi_dp_dup
4a024e04 T efi_dp_append
4a024e58 T efi_dp_append_node
4a024ed8 T efi_dp_create_device_node
4a024ef4 T efi_dp_append_instance
4a024f58 T efi_dp_get_next_instance
4a024fac T efi_dp_is_multi_instance
4a024fcc T efi_dp_from_part
4a025030 T efi_dp_part_node
4a025054 T efi_dp_from_file
4a025100 T efi_dp_from_eth
4a025134 T efi_dp_from_mem
4a0251d8 T efi_dp_split_file_path
4a025238 t dp_unknown
4a025250 t efi_convert_single_device_node_to_text
4a025550 t efi_str_to_u16
4a025582 t efi_convert_device_path_to_text
4a0255ce t efi_convert_device_node_to_text
4a0255f8 T efi_dp_str
4a025614 t create_device_node
4a025634 t is_device_path_multi_instance
4a02564c t get_next_device_path_instance
4a025668 t append_device_path_instance
4a025684 t append_device_node
4a0256a0 t append_device_path
4a0256bc t duplicate_device_path
4a0256d4 t get_device_path_size
4a0256ee t efi_file_flush
4a0256fc t efi_file_setinfo
4a025710 t efi_file_getpos
4a02573c t efi_file_setpos
4a02576c t set_blk_dev.isra.0
4a025774 t efi_file_getinfo
4a0258bc t efi_file_write
4a025918 t efi_file_read
4a025a70 t efi_file_delete
4a025aac t file_open
4a025c80 t efi_open_volume
4a025cac t efi_file_open
4a025d30 t efi_file_close
4a025d4c T efi_file_from_path
4a025e00 T efi_simple_file_system
4a025e30 t efi_set_code_and_data_type
4a025e70 T efi_print_image_infos
4a025f08 T efi_load_pe
4a02614c t efi_mem_cmp
4a02616c t efi_find_free_memory
4a0261ec T efi_add_memory_map
4a0264d4 T efi_allocate_pages
4a026554 T efi_alloc
4a02658c T efi_free_pages
4a0265b4 T efi_allocate_pool
4a0265f4 T efi_free_pool
4a02660c T efi_get_memory_map
4a02669c W efi_add_known_memory
4a0266e4 T efi_memory_init
4a02673c T efi_root_node_register
4a0267dc t efi_reset_system_boottime
4a02682c t efi_get_time_boottime
4a026840 W efi_reset_system_init
4a026844 t efi_set_virtual_address_map
4a02696c t metai_match
4a026a04 t efi_str_to_fat
4a026a7c t efi_fat_to_str
4a026ab8 t efi_str_upr
4a026ad8 t efi_metai_match
4a026af4 t efi_stri_coll
4a026b32 t efi_str_lwr
4a026b52 t hex
4a026b7c t efi_to_native
4a026bd4 t prefix
4a026bf8 t parse_attr.part.0
4a026c68 T efi_get_variable
4a026da0 T efi_get_next_variable_name
4a026db4 T efi_set_variable
4a026f38 t efi_watchdog_timer_notify
4a026f6c T efi_set_watchdog
4a026f98 T efi_watchdog_register
4a026ff4 t efi_disk_flush_blocks
4a027004 t efi_disk_reset
4a027018 t efi_disk_add_dev.isra.0.part.1
4a027128 t efi_disk_read_blocks
4a02717c t efi_disk_write_blocks
4a0271d0 T efi_fs_from_path
4a027218 T efi_disk_create_partitions
4a0272a8 T efi_disk_register
4a027384 t efi_net_push
4a02739c t efi_network_timer_notify
4a0273c8 t efi_net_nvdata
4a0273dc t efi_net_mcastiptomac
4a0273f0 t efi_net_statistics
4a027404 t efi_net_station_address
4a027418 t efi_net_receive_filters
4a02742c t efi_net_reset
4a02743a t efi_net_start
4a027448 t efi_net_get_status
4a027484 t efi_net_receive
4a027554 t efi_net_transmit
4a02758c t efi_net_initialize
4a0275c8 t efi_net_shutdown
4a0275d6 t efi_net_stop
4a0275e4 T efi_net_set_dhcp_ack
4a027618 T efi_net_register
4a0277c4 T efi_smbios_register
4a027808 t get_code
4a027882 t read_string
4a02789c t read_console
4a0278a8 T console_read_unicode
4a0278c8 T utf8_get
4a0278d4 T utf8_put
4a027964 T utf8_utf16_strnlen
4a027996 T utf16_get
4a0279ee T utf16_put
4a027a3a T utf8_utf16_strncpy
4a027a78 T utf16_strnlen
4a027a9e T utf16_utf8_strnlen
4a027ae0 T utf16_utf8_strncpy
4a027b20 T utf_to_lower
4a027b4c T utf_to_upper
4a027b78 T u16_strlen
4a027b88 T utf16_to_utf8
4a027c54 T crc16_ccitt
4a027c78 t smbios_write_type127
4a027ca4 t smbios_write_type32
4a027cd0 t smbios_string_table_len
4a027cec t smbios_add_string
4a027d28 t smbios_write_type3
4a027d78 t smbios_write_type2
4a027dd4 t smbios_write_type0
4a027e64 t smbios_write_type1
4a027edc t smbios_write_type4
4a027f5c T write_smbios_table
4a02800c T initcall_run_list
4a02804c t lmb_add_region
4a02813e T lmb_init
4a028154 T lmb_add
4a028158 T lmb_free
4a0281d0 T lmb_reserve
4a0281d6 T __lmb_alloc_base
4a028290 T lmb_alloc_base
4a0282b0 T lmb_alloc
4a0282b6 W board_lmb_reserve
4a0282b8 T string_to_ip
4a028300 T qsort
4a028394 T strcmp_compar
4a02839c t merge
4a0283d4 T list_sort
4a0284c0 T zcalloc
4a0284c8 T zcfree
4a0284d0 T inflate_fast
4a028890 T inflate_table
4a028ba4 T inflateReset
4a028be4 T inflateInit2_
4a028c7c T inflateEnd
4a028caa T adler32
4a028ed0 T inflate
4a029bf4 T gzalloc
4a029c02 T gzfree
4a029c08 T gzip_parse_header
4a029c78 T zunzip
4a029d20 T gunzip
4a029d4c T fdt_check_header
4a029d98 T fdt_offset_ptr
4a029dcc T fdt_next_tag
4a029e90 T fdt_check_node_offset_
4a029eb4 T fdt_check_prop_offset_
4a029ed8 T fdt_next_node
4a029f46 T fdt_first_subnode
4a029f6c T fdt_next_subnode
4a029f96 T fdt_find_string_
4a029fc6 T fdt_move
4a029ff0 T fdt_setprop_inplace_namelen_partial
4a02a022 T fdt_setprop_inplace
4a02a06c T fdt_node_end_offset_
4a02a090 T fdt_strerror
4a02a0cc t fdt_blocks_misordered_
4a02a102 t fdt_splice_
4a02a14c t fdt_splice_mem_rsv_
4a02a178 t fdt_splice_struct_
4a02a19e t fdt_packblocks_
4a02a1fa t fdt_add_property_
4a02a2b8 t fdt_rw_check_header_
4a02a2f0 T fdt_add_mem_rsv
4a02a346 T fdt_del_mem_rsv
4a02a382 T fdt_set_name
4a02a3dc T fdt_setprop_placeholder
4a02a44c T fdt_setprop
4a02a472 T fdt_appendprop
4a02a4f4 T fdt_delprop
4a02a532 T fdt_add_subnode_namelen
4a02a5ca T fdt_add_subnode
4a02a5e8 T fdt_del_node
4a02a618 T fdt_open_into
4a02a700 T fdt_address_cells
4a02a734 T fdt_size_cells
4a02a768 t overlay_phandle_add_offset
4a02a7b4 t overlay_adjust_node_phandles
4a02a810 t overlay_update_local_node_references
4a02a90c t overlay_get_target
4a02a988 t overlay_apply_node
4a02aa38 T fdt_overlay_apply
4a02ae44 t fdt_path_next_separator
4a02ae6e t _nextprop.part.0
4a02aea0 T fdt_string
4a02aeaa T fdt_get_mem_rsv
4a02aeec T fdt_num_mem_rsv
4a02af0e T fdt_subnode_offset_namelen
4a02af96 T fdt_subnode_offset
4a02afb4 T fdt_get_name
4a02aff0 T fdt_first_property_offset
4a02b008 T fdt_next_property_offset
4a02b020 T fdt_get_property_by_offset
4a02b050 T fdt_get_property_namelen
4a02b0c4 T fdt_get_property
4a02b0e6 T fdt_getprop_namelen
4a02b0f8 T fdt_getprop_by_offset
4a02b11c T fdt_getprop
4a02b140 T fdt_get_phandle
4a02b180 T fdt_get_max_phandle
4a02b1c4 T fdt_get_alias_namelen
4a02b1f0 T fdt_path_offset_namelen
4a02b276 T fdt_path_offset
4a02b290 T fdt_get_alias
4a02b2aa T fdt_get_path
4a02b362 T fdt_supernode_atdepth_offset
4a02b3ca T fdt_node_depth
4a02b3e8 T fdt_parent_offset
4a02b408 T fdt_node_offset_by_phandle
4a02b44a T fdt_stringlist_contains
4a02b490 T fdt_stringlist_search
4a02b4f8 T fdt_node_check_compatible
4a02b520 T fdt_node_offset_by_compatible
4a02b560 T fdtdec_get_int
4a02b57c t get_prop_check_min_len
4a02b5a4 T fdtdec_get_is_enabled
4a02b5cc T fdtdec_get_alias_seq
4a02b678 T fdtdec_get_chosen_prop
4a02b69c T fdtdec_get_chosen_node
4a02b6b8 T fdtdec_prepare_fdt
4a02b6e8 T fdtdec_get_int_array
4a02b71e T fdtdec_parse_phandle_with_args
4a02b7e8 T fdtdec_get_config_int
4a02b810 T fdtdec_get_config_string
4a02b838 W board_fdt_blob_setup
4a02b840 T fdtdec_setup
4a02b868 t cmpkey
4a02b874 t _hdelete.isra.0
4a02b8a2 t drop_var_from_set.part.1
4a02b8d4 t match_string
4a02b950 t match_entry
4a02b9cc T hcreate_r
4a02ba24 T hdestroy_r
4a02ba68 T hmatch_r
4a02bac4 T hsearch_r
4a02bd6c T hdelete_r
4a02bdf4 T hexport_r
4a02bf80 T himport_r
4a02c1e4 T hwalk_r
4a02c214 T display_options_get_banner_priv
4a02c274 T display_options_get_banner
4a02c280 T display_options
4a02c2a4 T print_size
4a02c3c0 T print_buffer
4a02c4d4 T crc32_wd
4a02c4d8 W __div64_32
4a02c568 T hang
4a02c580 T kmalloc
4a02c5a8 T skip_spaces
4a02c5c0 T strim
4a02c5f4 t emit
4a02c614 t store_char_in_data
4a02c638 t get_escape_char
4a02c682 t relocate
4a02c6ac t match
4a02c90c t loop_greedy
4a02c962 t loop_non_greedy
4a02c9b0 t quantifier
4a02ca0c t fixup_branch
4a02ca34 t compile
4a02cc48 T slre_compile
4a02ccd4 T slre_match
4a02cd30 T strncasecmp
4a02cd74 T strcasecmp
4a02cd7c T strcpy
4a02cd8c T strncpy
4a02cda4 T strcat
4a02cdc4 T strncat
4a02cdee T strcmp
4a02ce04 T strncmp
4a02ce26 T strchr
4a02ce40 T strlen
4a02ce50 T strlcpy
4a02ce7e T strrchr
4a02ce9e T strnlen
4a02ceb6 T strdup
4a02ced8 T strpbrk
4a02cefa T strsep
4a02cf16 T memmove
4a02cf3e T memcmp
4a02cf58 T memscan
4a02cf6e T strstr
4a02cfae T memchr
4a02cfca t tick_to_time
4a02d012 W timer_get_us
4a02d030 T udelay
4a02d050 T uuid_str_valid
4a02d0a0 T uuid_str_to_bin
4a02d1cc T uuid_bin_to_str
4a02d244 T gen_rand_uuid
4a02d29a T gen_rand_uuid_str
4a02d2b6 T rand_r
4a02d2cc T rand
4a02d2d8 t panic_finish
4a02d2f8 T panic_str
4a02d302 T panic
4a02d316 t put_dec_trunc
4a02d3b0 t put_dec
4a02d4d0 t number
4a02d6c8 t string16
4a02d72c t string
4a02d79c t vsnprintf_internal
4a02dc90 T vsnprintf
4a02dc94 T vscnprintf
4a02dcaa T snprintf
4a02dcc4 T vsprintf
4a02dcd0 T sprintf
4a02dcea T printf
4a02dd1e T vprintf
4a02dd44 T simple_itoa
4a02dd80 t _parse_integer_fixup_radix
4a02dddc T simple_strtoul
4a02de2c T strict_strtoul
4a02de6e T simple_strtol
4a02de88 T ustrtoul
4a02dec4 T simple_strtoull
4a02df38 T ustrtoull
4a02df88 T trailing_strtoln
4a02dfd0 T trailing_strtol
4a02dfd6 T compute_ip_checksum
4a02e018 T ip_checksum_ok
4a02e02c T arp_init
4a02e064 T arp_raw_request
4a02e0f4 T arp_request
4a02e148 T arp_timeout_check
4a02e1a0 T arp_receive
4a02e31c t dhcp_extended
4a02e47c t dhcp_process_options
4a02e5cc t dhcp_packet_process_options
4a02e628 t dhcp_handler
4a02e8d0 T bootp_reset
4a02e8fc T bootp_request
4a02ead8 t bootp_timeout_handler
4a02eb30 T dhcp_request
4a02eb34 t eth_get_uclass_priv
4a02eb48 t eth_pre_remove
4a02eb64 t eth_post_probe
4a02ec4c t eth_write_hwaddr
4a02ecc8 t on_ethaddr
4a02ed14 t eth_post_bind
4a02ed34 T eth_set_current_to_next
4a02ed58 T eth_get_dev
4a02ed78 T eth_set_dev
4a02ed9c t eth_pre_unbind
4a02edb4 T eth_get_dev_by_name
4a02ee3c T eth_get_ethaddr
4a02ee4e T eth_halt_state_only
4a02ee64 T eth_get_dev_index
4a02ee7c T eth_init
4a02ef10 T eth_is_active
4a02ef30 T eth_halt
4a02ef54 T eth_send
4a02ef86 T eth_rx
4a02efec T eth_initialize
4a02f098 T eth_env_get_enetaddr_by_index
4a02f0c4 T eth_env_set_enetaddr_by_index
4a02f0f0 T eth_common_init
4a02f100 T eth_mac_skip
4a02f12c T eth_get_name
4a02f144 T eth_current_changed
4a02f1a0 T eth_try_another
4a02f1f4 T eth_set_current
4a02f24c t net_clear_handlers
4a02f270 t start_again_timeout_handler
4a02f27c t dummy_handler
4a02f280 t on_ipaddr
4a02f298 t on_gatewayip
4a02f2b0 t on_netmask
4a02f2c8 t on_serverip
4a02f2e0 t net_init_loop.part.0
4a02f2f8 T net_init
4a02f350 T net_start_again
4a02f43c T net_set_udp_handler
4a02f454 T net_get_arp_handler
4a02f460 T net_set_timeout_handler
4a02f49c T net_process_received_packet
4a02f6a0 T net_eth_hdr_size
4a02f6d0 T net_set_ether
4a02f74c T net_update_ether
4a02f7b4 T net_set_ip_header
4a02f81c T net_set_udp_header
4a02f890 T net_send_udp_packet
4a02f944 T copy_filename
4a02f974 T is_serverip_in_cmd
4a02f98c t net_check_prereq
4a02fa34 T net_auto_load
4a02fa9c T net_loop
4a02fc70 T net_parse_bootfile
4a02fcc0 T ip_to_string
4a02fce8 T string_to_vlan
4a02fd10 t on_nvlan
4a02fd28 t on_vlan
4a02fd40 t rpc_lookup_reply
4a02fda8 t nfs_mount_reply
4a02fe08 t nfs_umountall_reply
4a02fe60 t nfs_lookup_reply
4a02ff0c t nfs3_get_attributes_offset
4a02ff18 t nfs_readlink_reply
4a02ffc0 t basename
4a02ffe0 t rpc_req
4a0300a4 t nfs_read_req
4a030148 t nfs_read_reply.isra.0
4a030228 t nfs_umountall_req
4a03027c t nfs_readlink_req
4a030300 t nfs_mount_req
4a030388 t nfs_lookup_req
4a030494 t nfs_send
4a030568 t nfs_handler
4a0306e0 t nfs_timeout_handler
4a03072c T nfs_start
4a030894 t ping_timeout_handler
4a0308a8 T ping_start
4a030984 T ping_receive
4a030a3c t tftp_send
4a030b70 t tftp_handler
4a030de4 t tftp_timeout_handler
4a030e48 T tftp_start
4a031080 t do_dm_dump_devres
4a031084 t do_dm
4a0310c8 t do_dm_dump_uclass
4a0310d2 t do_dm_dump_all
4a0310dc T __aeabi_uidiv
4a0310dc T __udivsi3
4a031178 T __aeabi_idiv
4a031178 T __divsi3
4a031244 T __aeabi_uidivmod
4a03125c T __aeabi_idivmod
4a031274 t Ldiv0
4a031284 T __div0
4a031288 t 
4a032000 D __secure_start
4a032000 t _monitor_vectors
4a032020 t _secure_monitor
4a0320a0 T _do_nonsec_entry
4a0320b4 T _nonsec_init
4a032140 T _psci_vectors
4a032164 W default_psci_vector
4a032168 W psci_affinity_info
4a032168 W psci_cpu_default_suspend
4a032168 W psci_cpu_freeze
4a032168 W psci_cpu_suspend
4a032168 W psci_features
4a032168 W psci_migrate
4a032168 W psci_migrate_info_type
4a032168 W psci_migrate_info_up_cpu
4a032168 W psci_node_hw_state
4a032168 W psci_set_suspend_mode
4a032168 W psci_stat_count
4a032168 W psci_system_off
4a032168 W psci_system_reset
4a032168 W psci_system_suspend
4a032168 W psci_version
4a032168 W psi_stat_residency
4a032170 t _psci_table
4a032228 t _smc_psci
4a032270 W psci_get_cpu_id
4a03227c T psci_v7_flush_dcache_all
4a032298 t flush_levels
4a0322dc t loop1
4a0322e0 t loop2
4a0322fc t skip
4a032308 t finished
4a032320 W psci_disable_smp
4a032338 W psci_enable_smp
4a03234c T psci_cpu_off_common
4a032380 t psci_get_cpu_stack_top
4a032390 T psci_stack_setup
4a0323b0 W psci_arch_cpu_entry
4a0323b4 T psci_cpu_entry
4a0323ec T psci_save
4a032404 T psci_get_target_pc
4a032410 T psci_get_context_id
4a032420 T sunxi_cpu_power_off
4a0324a0 T psci_fiq_enter
4a0324f0 T psci_cpu_on
4a032568 T psci_cpu_off
4a032588 T psci_arch_init
4a0325d8 t __psci_fiq_enter_from_arm
4a0325e8 d psci_target_pc
4a0325f8 d psci_context_id
4a0335e8 B __secure_stack_start
4a035000 B __secure_stack_end
4a035000 D __secure_end
4a035008 r efi_file_handle_protocol
4a0350b8 r CSWTCH.14
4a0350d8 r CSWTCH.19
4a0350f8 r CSWTCH.39
4a03510c r CSWTCH.48
4a035124 r CSWTCH.56
4a035148 r CSWTCH.6
4a035164 r boot_os
4a0351c4 r bootm_args.7280
4a0351d0 r color
4a035210 r commands
4a035248 r desc_and_len_tbl
4a035278 R efi_device_path_to_text
4a035280 R efi_device_path_utilities
4a0352a0 R efi_unicode_collation_protocol
4a0352bc r env_flags_varaccess_mask
4a0352cc r fdt_errtable
4a035314 r generic_simple_bus_ids
4a03532c r getvar_dispatch
4a035384 r gpio_axp_ops
4a0353ac r gpio_function
4a0353c0 r gpio_sunxi_ops
4a0353e8 r hub_id_table
4a035418 r init_sequence_f
4a0354c0 r kbd_id_table
4a0354f0 r keywords
4a035588 r machines
4a035598 r mass_storage_id_table
4a0355c8 r musb_ep_ops
4a0355f0 R musb_g_ep0_ops
4a035618 r musb_gadget_operations
4a03563c r ns16550_serial_ids
4a03566c R ns16550_serial_ops
4a035684 r oid_supported_list
4a0356f4 R op_adv
4a0357f4 r op_table
4a03585c r reg_0_5_desc_tbl
4a03588c r reg_0_desc_tbl
4a035904 r reg_1_desc_tbl
4a0359c4 r reg_2_desc_tbl
4a0359d0 r reg_3_desc_tbl
4a0359f4 r reg_4_desc_tbl
4a035a84 r reg_5_desc_tbl
4a035b14 R res_mode_init
4a035d1c r root_info
4a035d24 r smbios_write_funcs
4a035d40 r soc_data_a_all
4a035d48 r soc_data_l_1
4a035d50 r soc_data_l_2
4a035d58 r soc_data_l_3
4a035d60 r sun4i_a10_cfg
4a035d70 r sun4i_a10_cfg
4a035d7c r sun4i_usb_phy_ids
4a035dd4 r sun50i_a64_cfg
4a035de4 r sun5i_a13_cfg
4a035df4 r sun6i_a31_cfg
4a035e04 r sun6i_a31_cfg
4a035e10 r sun7i_a20_cfg
4a035e20 r sun8i_a23_cfg
4a035e30 r sun8i_a33_cfg
4a035e40 r sun8i_a83t_cfg
4a035e50 r sun8i_h3_cfg
4a035e60 r sun8i_h3_cfg
4a035e6c r sun8i_v3s_cfg
4a035e7c r sunxi_gpio_ids
4a035f2c r sunxi_musb_ids
4a035f54 r sunxi_musb_ops
4a035f80 r sunxi_rgb2yuv_coef
4a035fb0 r uimage_arch
4a0360f4 r uimage_comp
4a036148 r uimage_os
4a0361d8 r uimage_type
4a036388 r usb_eth_ops
4a0363a4 r usb_hub_ids
4a0363b4 r usb_kbd_ids
4a0363c4 r usb_mass_storage_ids
4a0363d4 r video_font_draw_table15
4a0363e4 r video_font_draw_table16
4a0363f4 r video_font_draw_table24
4a0364b4 r video_font_draw_table32
4a0365b4 r video_font_draw_table8
4a0365f4 r codepage
4a0366f4 r crc16_tab
4a0368f4 r dbase.7615
4a036934 r dext.7616
4a036974 r distfix
4a036a3c r lbase.7613
4a036a7a r lenfix
4a03727a r lext.7614
4a0372b8 r order.7709
4a037318 r CSWTCH.3
4a03731c r CSWTCH.49
4a037322 r END
4a037326 r ROOT
4a03733a r __FUNCTION__.9004
4a037351 r __FUNCTION__.9168
4a037368 r __func__.10149
4a037375 r __func__.10155
4a037386 r __func__.10159
4a03739e r __func__.10163
4a0373b6 r __func__.10167
4a0373c3 r __func__.10171
4a0373d7 r __func__.10175
4a0373eb r __func__.10218
4a0373fa r __func__.10383
4a03740f r __func__.10439
4a03741b r __func__.11142
4a037432 r __func__.11250
4a037444 r __func__.11313
4a03744d r __func__.11379
4a03745c r __func__.11395
4a03746d r __func__.11539
4a03747c r __func__.12426
4a03749c r __func__.7284
4a0374a7 r __func__.7739
4a0374ae r __func__.8511
4a0374bb r __func__.8526
4a0374d6 r __func__.8546
4a0374e2 r __func__.8580
4a0374f0 r __func__.8590
4a0374ff r __func__.8602
4a037511 r __func__.8613
4a037524 r __func__.8675
4a037530 r __func__.8693
4a037543 r __func__.8743
4a037550 r __func__.8755
4a037567 r __func__.8760
4a037574 r __func__.8880
4a03758c r __func__.9010
4a03759a r __func__.9249
4a0375a8 R _ctype
4a037783 r acm_descriptor
4a038323 r call_mgmt_descriptor
4a038590 R default_environment
4a039958 r digits.8711
4a03b9aa r driver_desc
4a03b9ba R efi_block_io_guid
4a03bcd0 R efi_file_info_guid
4a03bce0 R efi_file_system_info_guid
4a03bcf7 R efi_global_variable_guid
4a03bd07 R efi_guid_device_path
4a03bd17 R efi_guid_device_path_to_text_protocol
4a03bd27 R efi_guid_device_path_utilities_protocol
4a03bd37 R efi_guid_driver_binding_protocol
4a03bd47 R efi_guid_event_group_exit_boot_services
4a03bd57 R efi_guid_event_group_reset_system
4a03bd67 R efi_guid_fdt
4a03bd77 R efi_guid_loaded_image
4a03bd87 R efi_guid_text_input_ex_protocol
4a03bd97 R efi_guid_text_input_protocol
4a03bda7 R efi_guid_text_output_protocol
4a03bdb7 R efi_guid_unicode_collation_protocol
4a03bf24 r efi_net_guid
4a03bfca r efi_pxe_guid
4a03c046 R efi_simple_file_system_protocol_guid
4a03c08a R efi_u_boot_guid
4a03c2cb r env_flags_varaccess_rep
4a03c2d0 r env_flags_vartype_rep
4a03c376 r erase_seq
4a03c7ec r fastboot_name
4a03d1dd r fsg_string_interface
4a03d6b4 r header_desc
4a03d6b9 R hex_asc
4a03d6ca r hexchars.8430
4a03d7a4 r illegal
4a03dfe0 r manufacturer
4a03e1c9 R musb_driver_name
4a03e359 r musb_test_packet
4a03e3c6 r names.7558
4a03e411 R net_bcast_ethaddr
4a03e4fc R net_null_ethaddr
4a03ee00 r partition_basic_data_guid
4a03ef23 r product
4a03f2d7 r rndis_control_intf
4a03f2e0 r rndis_data_intf
4a03f668 r smbios_guid
4a043e7d r tab_seq
4a044083 r union_desc
4a044088 r us_direction
4a0446c9 r usb_kbd_arrow
4a0446cd r usb_kbd_num_keypad
4a0446e1 r usb_kbd_numkey
4a0446fc r usb_kbd_numkey_shifted
4a044e58 V version_string
4a0451a0 d needs_init.7639
4a0451a4 d bootm_help_text
4a045530 d cmd_bootm_sub
4a04562c d source_help_text
4a04567a d bootefi_help_text
4a045804 d efi_obj_list_initialized
4a045808 d bootz_help_text
4a045a10 d fdt_help_text
4a046097 d root.8232
4a046099 d tabs.8320
4a0460bc d do_echo
4a0460c0 d dp_last_length
4a0460c4 d cmd_pxe_sub
4a0460fc D pxe_default_paths
4a04610c d usb_stor_curr_dev
4a046110 d fastboot_help_text
4a0461bb d imgextract_help_text
4a046210 d cmd_env_sub
4a04630c d env_help_text
4a04654c d env_id
4a046550 d reserved_list
4a0465d4 d init_sequence_r
4a046644 d of_busses
4a04665c d usb_scan_list
4a046664 d hist_cur
4a046668 d av_
4a046a70 d sbrk_base
4a046a74 d trim_threshold
4a046a78 D load_addr
4a046a7c D stdio_names
4a046a88 d system_guid
4a046a98 D phy_info
4a046ad8 d sun4i_usb_phy_ops
4a046af0 D linux_logo
4a0483f0 D linux_logo_blue
4a0484c6 D linux_logo_green
4a04859c D linux_logo_red
4a048674 d nl.8756
4a048678 d video_fontdata
4a049678 d composite_driver
4a04969c d device_desc
4a0496ae d device_desc
4a0496c0 d g_dnl_composite_strings
4a0496c8 d g_dnl_driver
4a0496e8 d g_dnl_string_defs
4a049708 d g_dnl_string_tab
4a049710 d fsg_fs_bulk_in_desc
4a049719 d fsg_fs_bulk_out_desc
4a049724 d fsg_fs_function
4a049734 d fsg_hs_bulk_in_desc
4a04973d d fsg_hs_bulk_out_desc
4a049748 d fsg_hs_function
4a049758 d fsg_intf_desc
4a049764 d fsg_strings
4a049774 d fsg_strings_array
4a04977c d fsg_stringtab
4a049784 d fastboot_string_defs
4a049794 d fastboot_strings
4a04979c d fb_fs_function
4a0497a8 d fb_hs_function
4a0497b8 d fs_ep_in
4a0497c1 d fs_ep_out
4a0497ca d hs_ep_in
4a0497d3 d hs_ep_out
4a0497dc d interface_desc
4a0497e8 d stringtab_fastboot
4a0497f0 d dev_qualifier
4a0497fa d eth_config
4a049804 d fs_eth_function
4a049830 d fs_rndis_function
4a04985c d fs_sink_desc
4a049865 d fs_source_desc
4a04986e d fs_status_desc
4a049878 d hs_eth_function
4a0498a4 d hs_rndis_function
4a0498d0 d hs_sink_desc
4a0498d9 d hs_source_desc
4a0498e2 d hs_status_desc
4a0498ec D l_priv
4a0498f0 d otg_descriptor
4a0498f3 d product_desc
4a04991b d rndis_config
4a049924 d strings
4a049964 d stringtab
4a04996c d ep0_cfg
4a049972 d fifo_mode
4a049974 d mode_0_cfg
4a049992 d mode_1_cfg
4a0499b0 d mode_2_cfg
4a0499d4 d mode_3_cfg
4a0499f8 d mode_4_cfg
4a049a9a d mode_5_cfg
4a049b3c d musb_config
4a049b54 d musb_config_h3
4a049b6c d sunxi_musb_mode_cfg
4a049ba8 d sunxi_musb_mode_cfg_h3
4a049bd8 D env_htab
4a049be8 d first_call
4a049bec d first_call
4a049bf0 d fstypes
4a049cb0 D ext4fs_indir1_blkno
4a049cb4 D ext4fs_indir2_blkno
4a049cb8 D ext4fs_indir3_blkno
4a049cc0 d efi_boot_services
4a049d88 D efi_events
4a049d90 D efi_obj_list
4a049d98 d efi_tpl
4a049d9c d cin_notify_functions
4a049da4 D efi_con_in
4a049db0 d efi_con_in_ex
4a049dc8 d efi_con_mode
4a049de0 D efi_con_out
4a049e08 d efi_cout_modes
4a049e2c D efi_mem
4a049e34 d lastoff.10627
4a049e38 d capitalization_table
4a04ad08 d y
4a04ad0c d first_call.7677
4a04ad10 D net_native_vlan
4a04ad12 D net_our_vlan
4a04ad14 d nfs_offset
4a04ad18 d supported_nfs_versions
4a04ad1a d tftp_block_size
4a04ad1c d tftp_block_size_option
4a04ad20 D tftp_timeout_count_max
4a04ad24 d timeout_count_max
4a04ad28 d timeout_ms
4a04ad2c d test_commands
4a04ad8c D _u_boot_list_2_blk_driver_2_usb
4a04ad8c d start.7410
4a04ad8c d start.7414
4a04ad8c d start.7429
4a04ad8c d start.7433
4a04ada4 D _u_boot_list_2_cmd_2_base
4a04ada4 d end.7417
4a04ada4 d end.7436
4a04ada4 d start.7215
4a04ada4 d start.7219
4a04ada4 d start.7349
4a04ada4 d start.7353
4a04ada4 d start.7380
4a04ada4 d start.7384
4a04adc0 D _u_boot_list_2_cmd_2_bdinfo
4a04addc D _u_boot_list_2_cmd_2_boot
4a04adf8 D _u_boot_list_2_cmd_2_bootd
4a04ae14 D _u_boot_list_2_cmd_2_bootefi
4a04ae30 D _u_boot_list_2_cmd_2_bootelf
4a04ae4c D _u_boot_list_2_cmd_2_bootm
4a04ae68 D _u_boot_list_2_cmd_2_bootp
4a04ae84 D _u_boot_list_2_cmd_2_bootvx
4a04aea0 D _u_boot_list_2_cmd_2_bootz
4a04aebc D _u_boot_list_2_cmd_2_clrlogo
4a04aed8 D _u_boot_list_2_cmd_2_cmp
4a04aef4 D _u_boot_list_2_cmd_2_coninfo
4a04af10 D _u_boot_list_2_cmd_2_cp
4a04af2c D _u_boot_list_2_cmd_2_crc32
4a04af48 D _u_boot_list_2_cmd_2_dhcp
4a04af64 D _u_boot_list_2_cmd_2_dm
4a04af80 D _u_boot_list_2_cmd_2_echo
4a04af9c D _u_boot_list_2_cmd_2_editenv
4a04afb8 D _u_boot_list_2_cmd_2_env
4a04afd4 D _u_boot_list_2_cmd_2_exit
4a04aff0 D _u_boot_list_2_cmd_2_ext2load
4a04b00c D _u_boot_list_2_cmd_2_ext2ls
4a04b028 D _u_boot_list_2_cmd_2_ext4load
4a04b044 D _u_boot_list_2_cmd_2_ext4ls
4a04b060 D _u_boot_list_2_cmd_2_ext4size
4a04b07c D _u_boot_list_2_cmd_2_false
4a04b098 D _u_boot_list_2_cmd_2_fastboot
4a04b0b4 D _u_boot_list_2_cmd_2_fatinfo
4a04b0d0 D _u_boot_list_2_cmd_2_fatload
4a04b0ec D _u_boot_list_2_cmd_2_fatls
4a04b108 D _u_boot_list_2_cmd_2_fatmkdir
4a04b124 D _u_boot_list_2_cmd_2_fatrm
4a04b140 D _u_boot_list_2_cmd_2_fatsize
4a04b15c D _u_boot_list_2_cmd_2_fatwrite
4a04b178 D _u_boot_list_2_cmd_2_fdt
4a04b194 D _u_boot_list_2_cmd_2_fstype
4a04b1b0 D _u_boot_list_2_cmd_2_go
4a04b1cc D _u_boot_list_2_cmd_2_gpio
4a04b1e8 D _u_boot_list_2_cmd_2_gpt
4a04b204 D _u_boot_list_2_cmd_2_help
4a04b220 D _u_boot_list_2_cmd_2_iminfo
4a04b23c D _u_boot_list_2_cmd_2_imxtract
4a04b258 D _u_boot_list_2_cmd_2_itest
4a04b274 D _u_boot_list_2_cmd_2_load
4a04b290 D _u_boot_list_2_cmd_2_loadb
4a04b2ac D _u_boot_list_2_cmd_2_loads
4a04b2c8 D _u_boot_list_2_cmd_2_loadx
4a04b2e4 D _u_boot_list_2_cmd_2_loady
4a04b300 D _u_boot_list_2_cmd_2_loop
4a04b31c D _u_boot_list_2_cmd_2_ls
4a04b338 D _u_boot_list_2_cmd_2_md
4a04b354 D _u_boot_list_2_cmd_2_mii
4a04b370 D _u_boot_list_2_cmd_2_mm
4a04b38c D _u_boot_list_2_cmd_2_mw
4a04b3a8 D _u_boot_list_2_cmd_2_nfs
4a04b3c4 D _u_boot_list_2_cmd_2_nm
4a04b3e0 D _u_boot_list_2_cmd_2_part
4a04b3fc D _u_boot_list_2_cmd_2_ping
4a04b418 D _u_boot_list_2_cmd_2_poweroff
4a04b434 D _u_boot_list_2_cmd_2_printenv
4a04b450 D _u_boot_list_2_cmd_2_pxe
4a04b46c D _u_boot_list_2_cmd_2_question_mark
4a04b488 D _u_boot_list_2_cmd_2_reset
4a04b4a4 D _u_boot_list_2_cmd_2_run
4a04b4c0 D _u_boot_list_2_cmd_2_save
4a04b4dc D _u_boot_list_2_cmd_2_setenv
4a04b4f8 D _u_boot_list_2_cmd_2_setexpr
4a04b514 D _u_boot_list_2_cmd_2_showvar
4a04b530 D _u_boot_list_2_cmd_2_size
4a04b54c D _u_boot_list_2_cmd_2_sleep
4a04b568 D _u_boot_list_2_cmd_2_source
4a04b584 D _u_boot_list_2_cmd_2_sysboot
4a04b5a0 D _u_boot_list_2_cmd_2_test
4a04b5bc D _u_boot_list_2_cmd_2_tftpboot
4a04b5d8 D _u_boot_list_2_cmd_2_true
4a04b5f4 D _u_boot_list_2_cmd_2_usb
4a04b610 D _u_boot_list_2_cmd_2_usbboot
4a04b62c D _u_boot_list_2_cmd_2_version
4a04b648 D _u_boot_list_2_driver_2_eth_usb
4a04b648 d end.7222
4a04b648 d end.7356
4a04b648 d end.7387
4a04b648 d start.10468
4a04b648 d start.9172
4a04b648 d start.9176
4a04b648 d start.9258
4a04b648 d start.9262
4a04b68c D _u_boot_list_2_driver_2_gpio_axp
4a04b6d0 D _u_boot_list_2_driver_2_gpio_sunxi
4a04b714 D _u_boot_list_2_driver_2_ns16550_serial
4a04b758 D _u_boot_list_2_driver_2_root_driver
4a04b79c D _u_boot_list_2_driver_2_simple_bus_drv
4a04b7e0 D _u_boot_list_2_driver_2_sun4i_usb_phy
4a04b824 D _u_boot_list_2_driver_2_usb_dev_generic_drv
4a04b868 D _u_boot_list_2_driver_2_usb_generic_hub
4a04b8ac D _u_boot_list_2_driver_2_usb_kbd
4a04b8f0 D _u_boot_list_2_driver_2_usb_mass_storage
4a04b934 D _u_boot_list_2_driver_2_usb_musb
4a04b978 D _u_boot_list_2_env_clbk_2_baudrate
4a04b978 d end.10470
4a04b978 d end.9179
4a04b978 d end.9218
4a04b978 d end.9265
4a04b978 d start.7406
4a04b978 d start.7413
4a04b978 d start.9211
4a04b978 d start.9215
4a04b980 D _u_boot_list_2_env_clbk_2_callbacks
4a04b988 D _u_boot_list_2_env_clbk_2_console
4a04b990 D _u_boot_list_2_env_clbk_2_ethaddr
4a04b998 D _u_boot_list_2_env_clbk_2_flags
4a04b9a0 D _u_boot_list_2_env_clbk_2_gatewayip
4a04b9a8 D _u_boot_list_2_env_clbk_2_ipaddr
4a04b9b0 D _u_boot_list_2_env_clbk_2_loadaddr
4a04b9b8 D _u_boot_list_2_env_clbk_2_netmask
4a04b9c0 D _u_boot_list_2_env_clbk_2_nvlan
4a04b9c8 D _u_boot_list_2_env_clbk_2_serialno
4a04b9d0 D _u_boot_list_2_env_clbk_2_serverip
4a04b9d8 D _u_boot_list_2_env_clbk_2_vlan
4a04b9e0 D _u_boot_list_2_env_driver_2_nowhere
4a04b9e0 d end.7409
4a04b9e0 d start.7406
4a04b9e0 d start.7414
4a04b9f4 D _u_boot_list_2_g_dnl_bind_callbacks_2___usb_function_name_usb_dnl_fastboot
4a04b9f4 d end.7409
4a04b9f4 d start.11464
4a04b9fc D _u_boot_list_2_g_dnl_bind_callbacks_2___usb_function_name_usb_dnl_ums
4a04ba04 D _u_boot_list_2_part_driver_2_a_efi
4a04ba04 d start.7303
4a04ba04 d start.7307
4a04ba04 d start.7375
4a04ba04 d start.7379
4a04ba1c D _u_boot_list_2_part_driver_2_dos
4a04ba34 D _u_boot_list_2_part_driver_2_iso
4a04ba4c D _u_boot_list_2_uclass_2_efi
4a04ba4c d end.7310
4a04ba4c d end.7382
4a04ba4c d start.9191
4a04ba4c d start.9195
4a04ba94 D _u_boot_list_2_uclass_2_eth
4a04badc D _u_boot_list_2_uclass_2_gpio
4a04bb24 D _u_boot_list_2_uclass_2_keyboard
4a04bb6c D _u_boot_list_2_uclass_2_phy
4a04bbb4 D _u_boot_list_2_uclass_2_root
4a04bbfc D _u_boot_list_2_uclass_2_serial
4a04bc44 D _u_boot_list_2_uclass_2_simple_bus
4a04bc8c D _u_boot_list_2_uclass_2_usb
4a04bcd4 D _u_boot_list_2_uclass_2_usb_dev_generic
4a04bd1c D _u_boot_list_2_uclass_2_usb_hub
4a04bd64 D _u_boot_list_2_uclass_2_usb_mass_storage
4a04bdac D _u_boot_list_2_usb_driver_entry_2_usb_generic_hub
4a04bdac d end.9198
4a04bdac d start.10336
4a04bdac d start.10339
4a04bdb4 D _u_boot_list_2_usb_driver_entry_2_usb_kbd
4a04bdbc D _u_boot_list_2_usb_driver_entry_2_usb_mass_storage
4a04bdc4 D __efi_runtime_rel_start
4a04bdc4 d end.10342
4a04be6c B __bss_base
4a04be6c B __bss_start
4a04be6c R __efi_runtime_rel_stop
4a04be6c R __image_copy_end
4a04be6c R __rel_dyn_start
4a04be6c b params
4a04be70 b bootefi_device_path
4a04be74 b bootefi_image_path
4a04be78 b is_nonsec
4a04be7c b data.8205
4a04c27c B working_fdt
4a04c280 b a_b
4a04c298 b bin_start_address
4a04c29c b his_eol
4a04c29d b his_pad_char
4a04c2a0 b his_pad_count
4a04c2a4 b his_quote
4a04c2a8 b k_data_escape
4a04c2ac b k_data_escape_saved
4a04c2b0 b os_data_addr
4a04c2b4 b os_data_addr_saved
4a04c2b8 b os_data_char
4a04c2bc b os_data_init
4a04c2c0 b os_data_state
4a04c2c4 b os_data_state_saved
4a04c2c8 b send_parms
4a04c2dc b send_ptr
4a04c2e0 b base_address
4a04c2e4 b dp_last_addr
4a04c2e8 b dp_last_size
4a04c2ec b mm_last_addr
4a04c2f0 b mm_last_size
4a04c2f4 b last_addr_hi
4a04c2f8 b last_addr_lo
4a04c2fc b last_data
4a04c300 b last_mask
4a04c304 b last_op
4a04c308 b last_reg_hi
4a04c30c b last_reg_lo
4a04c310 b do_getfile
4a04c314 b fs_argv
4a04c328 b is_pxe
4a04c329 b buf.7811
4a04c354 b do_repeat
4a04c358 b flag_repeat
4a04c35c b ifs
4a04c360 b last_return_code
4a04c364 b map
4a04c464 b the_command.7611
4a04c868 b top_vars
4a04c86c b stored_bootdelay
4a04c870 B monitor_flash_len
4a04c874 B images
4a04c9a4 b current_mii
4a04c9a8 b mii_devs
4a04c9b0 B usb_started
4a04c9b4 b running.10280
4a04c9b8 b CBWTag
4a04c9c0 b usb_ccb
4a04ca80 b usb_dev_desc
4a04ce38 b usb_max_devs
4a04ce3c b usb_stor
4a04cfc4 b kbd_testc_tms
4a04cfc8 B console_buffer
4a04d3cc b hist_add_idx
4a04d3d0 b hist_lines
4a0523e4 b hist_list
4a052434 b hist_max
4a052438 b hist_num
4a05243c b initted.7418
4a052440 B cd_count
4a05244c B console_devices
4a052458 b ctrlc_disabled
4a05245c b ctrlc_was_pressed
4a052460 b tstcdev
4a052464 b current_mallinfo
4a05248c b max_sbrked_mem
4a052490 b max_total_mem
4a052494 B mem_malloc_brk
4a052498 B mem_malloc_end
4a05249c B mem_malloc_start
4a0524a0 b top_pad
4a0524a4 b andr_tmp_str
4a0526a8 b devs
4a0526f4 B stdio_devices
4a052700 b tmp_buf
4a052b01 b tmp_buf.7370
4a052d04 b xyz
4a053140 b tmpbuf
4a053940 b name.8545
4a053965 b boot_addr_start.7279
4a053974 B fastboot_buf_addr
4a053978 B fastboot_buf_size
4a05397c B fastboot_progress_callback
4a053980 b fastboot_bytes_expected
4a053984 b fastboot_bytes_received
4a053988 b initial_usb_scan_delay
4a05398c b ansi_buf
4a053998 b ansi_buf_size
4a05399c b ansi_colors_need_revert
4a0539a0 b ansi_cursor_hidden
4a0539a4 b bgx
4a0539a8 b cfb_do_flush_cache
4a0539ac b console_col
4a0539b0 b console_row
4a0539b4 b cursor_state
4a0539b8 b eorx
4a0539bc b fgx
4a0539c0 b old_col
4a0539c4 b old_row
4a0539c8 b pGD
4a0539cc b video_console_address
4a0539d0 b video_fb_address
4a0539d4 B sunxi_display
4a053a74 b epnum
4a053a78 b composite
4a053a7c b g_dnl_detach_request
4a053a7d b g_dnl_serial
4a053b80 b the_fsg_common
4a053b84 b ums
4a053b88 b ums_count
4a053b8c b fastboot_func
4a053bc0 b __control_req
4a053cc0 b __status_req
4a053d00 b dev_addr
4a053d14 B eth_priv
4a053dec b ethaddr
4a053df9 b host_addr
4a053e0b b manufacturer
4a053e40 B packet_received
4a053e44 B packet_sent
4a053e48 b rndis_resp_buf
4a053e50 b serial_number
4a053e64 b rndis_per_dev_params
4a053ea0 b asynch_allowed
4a053ea4 b gadget
4a053ea8 b enabled
4a053ea9 b last_int_usb
4a053eac b callback_list
4a053eb0 b flags_list
4a053eb4 b fs_dev_desc
4a053eb8 b fs_dev_part
4a053ebc b fs_partition
4a053f34 b fs_type
4a053f38 B ext_fs
4a053f80 B ext4fs_file
4a053f84 B ext4fs_indir1_block
4a053f88 B ext4fs_indir1_size
4a053f8c B ext4fs_indir2_block
4a053f90 B ext4fs_indir2_size
4a053f94 B ext4fs_indir3_block
4a053f98 B ext4fs_indir3_size
4a053f9c B ext4fs_root
4a053fa0 b symlinknest
4a053fa4 b part_info
4a053fa8 B part_offset
4a053fac b cur_dev
4a053fb0 b cur_part_info
4a054040 B get_contents_vfatname_block
4a055cd4 R __rel_dyn_end
4a055cd4 R _end
4a055cd4 R _image_binary_end
4a064040 b tmpbuf_cluster
4a074040 b total_sector
4a074044 b rs
4a074048 b app_gd
4a07404c b efi_gd
4a074050 b entry_count
4a074058 b mono.9327
4a074060 b ret.9237
4a074064 b console_timer_event
4a074068 b key_available
4a07406c b next_key
4a074078 B efi_memory_map_key
4a07407c b watchdog_timer_event
4a074080 b dhcp_ack
4a074084 b network_timer_event
4a074088 b new_rx_packet
4a07408c b new_tx_packet
4a074090 b wait_for_packet
4a074094 B errno
4a074098 b local.8968
4a0740b0 b arp_tx_packet
4a0740b4 b arp_tx_packet_buf
4a0746f4 B arp_wait_packet_ethaddr
4a0746f8 B arp_wait_timer_start
4a0746fc B arp_wait_try
4a074700 B arp_wait_tx_packet_size
4a074704 B net_arp_wait_packet_ip
4a074708 b net_arp_wait_reply_ip
4a07470c B bootp_ids
4a07471c B bootp_num_ids
4a074720 B bootp_start
4a074724 B bootp_timeout
4a074728 B bootp_try
4a07472c b dhcp_leasetime
4a074730 b dhcp_option_overload
4a074734 b dhcp_server_ip
4a074738 b dhcp_state
4a07473c B net_hostname
4a07475c B net_nis_domain
4a07477c B net_root_path
4a0747bc b time_taken_max
4a0747c0 b eth_errno
4a0747c4 b act.9976
4a0747c8 b env_changed_id.9977
4a0747cc b first_failed.9971
4a0747d0 b arp_packet_handler
4a0747d4 B net_boot_file_expected_size_in_blocks
4a0747d8 B net_boot_file_name
4a074bd8 B net_boot_file_name_explicit
4a074bdc B net_boot_file_size
4a074be0 B net_busy_flag
4a074be4 b net_dev_exists
4a074be8 B net_dns_server
4a074bec B net_ethaddr
4a074bf4 B net_gateway
4a074bf8 B net_ip
4a074bfc b net_ip_id
4a074c00 B net_netmask
4a074c04 b net_pkt_buf
4a076a44 B net_restart_wrap
4a076a48 b net_restarted
4a076a4c B net_rx_packet
4a076a50 B net_rx_packet_len
4a076a54 B net_rx_packets
4a076a64 B net_server_ethaddr
4a076a6c B net_server_ip
4a076a70 B net_state
4a076a74 b net_try_count
4a076a78 B net_tx_packet
4a076a7c B push_packet
4a076a80 b time_delta
4a076a84 b time_handler
4a076a88 b time_start
4a076a8c b time_start
4a076a90 b udp_packet_handler
4a076a94 b dirfh
4a076ab4 b filefh
4a076af4 b filefh3_length
4a076af8 b fs_mounted
4a076afc b nfs_download_state
4a076b00 b nfs_filename
4a076b04 b nfs_len
4a076b08 b nfs_our_port
4a076b0c b nfs_path
4a076b10 b nfs_path_buff
4a077310 b nfs_server_ip
4a077314 b nfs_server_mount_port
4a077318 b nfs_server_port
4a07731c b nfs_state
4a077320 b nfs_timeout_count
4a077324 b rpc_id
4a077328 B net_ping_ip
4a07732c b ping_seq_number
4a07732e b default_filename
4a07733c b tftp_block_wrap
4a077340 b tftp_block_wrap_offset
4a077344 b tftp_cur_block
4a077348 b tftp_filename
4a0773c8 b tftp_our_port
4a0773cc b tftp_prev_block
4a0773d0 b tftp_remote_ip
4a0773d4 b tftp_remote_port
4a0773d8 b tftp_state
4a0773dc b timeout_count
4a0773e0 B __bss_end
4a0773e0 B __bss_limit
