Archive member included to satisfy reference by file (symbol)

arch/arm/lib/lib.a(lib1funcs.o)
                              arch/arm/mach-sunxi/built-in.o (__aeabi_uidiv)
arch/arm/lib/lib.a(div0.o)    arch/arm/lib/lib.a(lib1funcs.o) (__div0)

Discarded input sections

 .data          0x0000000000000000        0x0 arch/arm/cpu/armv7/start.o
 .bss           0x0000000000000000        0x0 arch/arm/cpu/armv7/start.o
 .text.mmu_page_table_flush
                0x0000000000000000       0x1e arch/arm/cpu/armv7/built-in.o
 .text.v7_outer_cache_inval_range
                0x0000000000000000        0x2 arch/arm/cpu/armv7/built-in.o
 .text.invalidate_dcache_range
                0x0000000000000000       0x42 arch/arm/cpu/armv7/built-in.o
 .text.v7_arch_cp15_set_l2aux_ctrl
                0x0000000000000000        0x6 arch/arm/cpu/armv7/built-in.o
 .text.v7_arch_cp15_set_acr
                0x0000000000000000        0x6 arch/arm/cpu/armv7/built-in.o
 .text.sdelay   0x0000000000000000        0x6 arch/arm/cpu/armv7/built-in.o
 .text.wait_on_value
                0x0000000000000000       0x1e arch/arm/cpu/armv7/built-in.o
 .text.s_init   0x0000000000000000        0x4 arch/arm/cpu/armv7/built-in.o
 .text.protect_secure_section
                0x0000000000000000        0x2 arch/arm/cpu/armv7/built-in.o
 .text.smp_kick_all_cpus
                0x0000000000000000       0x18 arch/arm/cpu/armv7/built-in.o
 .data          0x0000000000000000        0x0 arch/arm/cpu/armv7/built-in.o
 .bss           0x0000000000000000        0x0 arch/arm/cpu/armv7/built-in.o
 .text.enable_caches
                0x0000000000000000        0xc arch/arm/lib/built-in.o
 .text.invalidate_dcache_range
                0x0000000000000000        0x2 arch/arm/lib/built-in.o
 .text.flush_dcache_range
                0x0000000000000000        0x2 arch/arm/lib/built-in.o
 .text.flush_dcache_all
                0x0000000000000000        0xa arch/arm/lib/built-in.o
 .text.invalidate_l2_cache
                0x0000000000000000        0xc arch/arm/lib/built-in.o
 .text.arm_init_before_mmu
                0x0000000000000000        0x2 arch/arm/lib/built-in.o
 .text.mmu_page_table_flush
                0x0000000000000000        0x2 arch/arm/lib/built-in.o
 .text.mmu_set_region_dcache_behaviour
                0x0000000000000000       0x4c arch/arm/lib/built-in.o
 .text.icache_status
                0x0000000000000000       0x1c arch/arm/lib/built-in.o
 .rodata.enable_caches.str1.1
                0x0000000000000000       0x1d arch/arm/lib/built-in.o
 .data          0x0000000000000000        0x0 arch/arm/lib/built-in.o
 .bss           0x0000000000000000        0x0 arch/arm/lib/built-in.o
 .text          0x0000000000000000        0x0 arch/arm/mach-sunxi/built-in.o
 .text.gtbus_init
                0x0000000000000000        0x2 arch/arm/mach-sunxi/built-in.o
 .text.clock_twi_onoff
                0x0000000000000000       0x4c arch/arm/mach-sunxi/built-in.o
 .text.mctl_await_completion
                0x0000000000000000       0x34 arch/arm/mach-sunxi/built-in.o
 .text.mctl_mem_matches
                0x0000000000000000       0x34 arch/arm/mach-sunxi/built-in.o
 .text.sunxi_gpio_get_cfgpin
                0x0000000000000000       0x20 arch/arm/mach-sunxi/built-in.o
 .text.prcm_apb0_disable
                0x0000000000000000       0x1c arch/arm/mach-sunxi/built-in.o
 .text.clock_set_pll5
                0x0000000000000000       0xa0 arch/arm/mach-sunxi/built-in.o
 .text.clock_set_pll11
                0x0000000000000000       0x4c arch/arm/mach-sunxi/built-in.o
 .text.clock_get_pll3
                0x0000000000000000       0x2c arch/arm/mach-sunxi/built-in.o
 .text.clock_get_mipi_pll
                0x0000000000000000       0x40 arch/arm/mach-sunxi/built-in.o
 .rodata.mctl_await_completion.str1.1
                0x0000000000000000       0x1b arch/arm/mach-sunxi/built-in.o
 .data          0x0000000000000000       0x18 arch/arm/mach-sunxi/built-in.o
 .bss           0x0000000000000000        0x0 arch/arm/mach-sunxi/built-in.o
 .text          0x0000000000000000        0x0 board/sunxi/built-in.o
 .data          0x0000000000000000        0x0 board/sunxi/built-in.o
 .bss           0x0000000000000000        0x0 board/sunxi/built-in.o
 .text          0x0000000000000000        0x0 cmd/built-in.o
 .text.allow_unaligned
                0x0000000000000000        0x2 cmd/built-in.o
 .text.bootz_setup
                0x0000000000000000       0x14 cmd/built-in.o
 .text.sunxi_name_to_gpio
                0x0000000000000000        0x8 cmd/built-in.o
 .rodata.bootz_setup.str1.1
                0x0000000000000000       0x34 cmd/built-in.o
 .data          0x0000000000000000        0x0 cmd/built-in.o
 .bss           0x0000000000000000        0x0 cmd/built-in.o
 .text          0x0000000000000000        0x0 common/built-in.o
 .text.hash_finish_crc32
                0x0000000000000000       0x1c common/built-in.o
 .text.hash_update_crc32
[...]
Memory Configuration

Name             Origin             Length             Attributes
*default*        0x0000000000000000 0xffffffffffffffff

Linker script and memory map

Address of section .text set to 0x4a000000
                0x0000000000000000                . = 0x0
                0x0000000000000000                . = ALIGN (0x4)

.text           0x000000004a000000      0x3ac
 *(.__image_copy_start)
 .__image_copy_start
                0x000000004a000000        0x0 arch/arm/lib/built-in.o
                0x000000004a000000                __image_copy_start
 *(.vectors)
 .vectors       0x000000004a000000      0x2e8 arch/arm/lib/built-in.o
                0x000000004a000000                _start
                0x000000004a000020                _undefined_instruction
                0x000000004a000024                _software_interrupt
                0x000000004a000028                _prefetch_abort
                0x000000004a00002c                _data_abort
                0x000000004a000030                _not_used
                0x000000004a000034                _irq
                0x000000004a000038                _fiq
                0x000000004a000040                IRQ_STACK_START_IN
 arch/arm/cpu/armv7/start.o(.text*)
 .text          0x000000004a0002e8       0xc4 arch/arm/cpu/armv7/start.o
                0x000000004a0002e8                reset
                0x000000004a0002ec                save_boot_params_ret
                0x000000004a0002fc                switch_to_hypervisor_ret
                0x000000004a000338                c_runtime_cpu_setup
                0x000000004a000348                save_boot_params
                0x000000004a00034c                switch_to_hypervisor
                0x000000004a000350                cpu_init_cp15
                0x000000004a0003a4                cpu_init_crit

.glue_7         0x000000004a0003ac        0x0
 .glue_7        0x000000004a0003ac        0x0 linker stubs

.glue_7t        0x000000004a0003ac        0x0
 .glue_7t       0x000000004a0003ac        0x0 linker stubs

.vfp11_veneer   0x000000004a0003ac        0x0
 .vfp11_veneer  0x000000004a0003ac        0x0 linker stubs

.v4_bx          0x000000004a0003ac        0x0
 .v4_bx         0x000000004a0003ac        0x0 linker stubs

.iplt           0x000000004a0003ac        0x0
 .iplt          0x000000004a0003ac        0x0 arch/arm/cpu/armv7/start.o

.__efi_runtime_start
                0x000000004a0003ac        0x0
 *(.__efi_runtime_start)
 .__efi_runtime_start
                0x000000004a0003ac        0x0 arch/arm/lib/built-in.o

.efi_runtime    0x000000004a0003b0      0x6f8
 *(.text.efi_runtime*)
 .text.efi_runtime
                0x000000004a0003b0       0xec lib/built-in.o
                0x000000004a0003b0                efi_reset_system
                0x000000004a0003b2                efi_get_time
                0x000000004a0003d4                efi_update_capsule
                0x000000004a0003dc                efi_query_capsule_caps
                0x000000004a0003e4                efi_query_variable_info
                0x000000004a0003ec                efi_update_table_header_crc32
                0x000000004a000400                crc32_no_comp
                0x000000004a000490                crc32
 .text.efi_runtime_relocate
                0x000000004a00049c       0xd0 lib/built-in.o
                0x000000004a00049c                efi_runtime_relocate
 *(.rodata.efi_runtime*)
 .rodata.efi_runtime_detach_list
                0x000000004a00056c       0x50 lib/built-in.o
 .rodata.efi_runtime_relocate.str1.1
                0x000000004a0005bc       0x34 lib/built-in.o
 *(.data.efi_runtime*)
 .data.efi_runtime
                0x000000004a0005f0      0x4b0 lib/built-in.o
                0x000000004a0005f0                systab
                0x000000004a000650                efi_runtime_services
 .data.efi_runtime_mmio
                0x000000004a000aa0        0x8 lib/built-in.o
                0x000000004a000aa0                efi_runtime_mmio

.__efi_runtime_stop
                0x000000004a000aa8        0x0
 *(.__efi_runtime_stop)
 .__efi_runtime_stop
                0x000000004a000aa8        0x0 arch/arm/lib/built-in.o

.text_rest      0x000000004a000ac0    0x307cc
 *(.text*)
 .text          0x000000004a000ac0      0x168 arch/arm/cpu/armv7/built-in.o
                0x000000004a000ac0                __v7_flush_dcache_all
                0x000000004a000b5c                v7_flush_dcache_all
                0x000000004a000b6c                __v7_invalidate_dcache_all
                0x000000004a000c08                v7_invalidate_dcache_all
                0x000000004a000c18                allow_unaligned
 .text.invalidate_icache_all
                0x000000004a000c28       0x14 arch/arm/cpu/armv7/built-in.o
                0x000000004a000c28                invalidate_icache_all
 .text.v7_outer_cache_enable
                0x000000004a000c3c        0x2 arch/arm/cpu/armv7/built-in.o
                0x000000004a000c3c                v7_outer_cache_enable
 .text.v7_outer_cache_disable
                0x000000004a000c3e        0x2 arch/arm/cpu/armv7/built-in.o
                0x000000004a000c3e                v7_outer_cache_disable
 .text.v7_outer_cache_flush_all
                0x000000004a000c40        0x2 arch/arm/cpu/armv7/built-in.o
                0x000000004a000c40                v7_outer_cache_flush_all
 .text.flush_dcache_all
                0x000000004a000c42        0xe arch/arm/cpu/armv7/built-in.o
                0x000000004a000c42                flush_dcache_all
 .text.v7_outer_cache_inval_all
                0x000000004a000c50        0x2 arch/arm/cpu/armv7/built-in.o
                0x000000004a000c50                v7_outer_cache_inval_all
 .text.invalidate_dcache_all
                0x000000004a000c52        0xe arch/arm/cpu/armv7/built-in.o
                0x000000004a000c52                invalidate_dcache_all
 .text.arm_init_before_mmu
                0x000000004a000c60       0x22 arch/arm/cpu/armv7/built-in.o
                0x000000004a000c60                arm_init_before_mmu
 .text.v7_outer_cache_flush_range
                0x000000004a000c82        0x2 arch/arm/cpu/armv7/built-in.o
                0x000000004a000c82                v7_outer_cache_flush_range
 .text.flush_dcache_range
                0x000000004a000c84       0x38 arch/arm/cpu/armv7/built-in.o
                0x000000004a000c84                flush_dcache_range
 .text.cpu_cache_initialization
                0x000000004a000cbc        0x2 arch/arm/cpu/armv7/built-in.o
                0x000000004a000cbc                cpu_cache_initialization
 .text.cleanup_before_linux_select
                0x000000004a000cbe       0x3e arch/arm/cpu/armv7/built-in.o
                0x000000004a000cbe                cleanup_before_linux_select
 .text.cleanup_before_linux
                0x000000004a000cfc        0x6 arch/arm/cpu/armv7/built-in.o
                0x000000004a000cfc                cleanup_before_linux
 *fill*         0x000000004a000d02        0x2 
 .text.lowlevel_init
                0x000000004a000d04       0x24 arch/arm/cpu/armv7/built-in.o
                0x000000004a000d04                lowlevel_init
 .text.get_gicd_base_address
                0x000000004a000d28       0x2c arch/arm/cpu/armv7/built-in.o
 .text.psci_board_init
                0x000000004a000d54        0x2 arch/arm/cpu/armv7/built-in.o
                0x000000004a000d54                psci_board_init
 *fill*         0x000000004a000d56        0x2 
 .text.armv7_init_nonsec
                0x000000004a000d58       0x64 arch/arm/cpu/armv7/built-in.o
                0x000000004a000d58                armv7_init_nonsec
 .text.armv7_apply_memory_carveout
                0x000000004a000dbc        0x4 arch/arm/cpu/armv7/built-in.o
                0x000000004a000dbc                armv7_apply_memory_carveout
 .text.psci_update_dt
                0x000000004a000dc0       0x38 arch/arm/cpu/armv7/built-in.o
                0x000000004a000dc0                psci_update_dt
 .text.timer_init
                0x000000004a000df8       0x1c arch/arm/cpu/armv7/built-in.o
                0x000000004a000df8                timer_init
 .text.get_timer_masked
                0x000000004a000e14       0x58 arch/arm/cpu/armv7/built-in.o
                0x000000004a000e14                get_timer_masked
 .text.get_timer
                0x000000004a000e6c        0xc arch/arm/cpu/armv7/built-in.o
                0x000000004a000e6c                get_timer
 .text.__udelay
                0x000000004a000e78       0x34 arch/arm/cpu/armv7/built-in.o
                0x000000004a000e78                __udelay
 .text.get_ticks
                0x000000004a000eac        0xa arch/arm/cpu/armv7/built-in.o
                0x000000004a000eac                get_ticks
 .text.get_tbclk
                0x000000004a000eb6        0x6 arch/arm/cpu/armv7/built-in.o
                0x000000004a000eb6                get_tbclk
 *fill*         0x000000004a000ebc        0x4 
 .text          0x000000004a000ec0      0x420 arch/arm/lib/built-in.o
                0x000000004a000ec0                _main
                0x000000004a000f60                memset
                0x000000004a001000                memcpy
 .text.setjmp   0x000000004a0012e0       0x10 arch/arm/lib/built-in.o
                0x000000004a0012e0                setjmp
 .text.longjmp  0x000000004a0012f0       0x1c arch/arm/lib/built-in.o
                0x000000004a0012f0                longjmp
 .text.relocate_vectors
                0x000000004a00130c       0x70 arch/arm/lib/built-in.o
                0x000000004a00130c                relocate_vectors
                0x000000004a001318                relocate_code
 .text.arch_fixup_fdt
                0x000000004a00137c       0x38 arch/arm/lib/built-in.o
                0x000000004a00137c                arch_fixup_fdt
 .text.setup_initrd_tag.isra.1
                0x000000004a0013b4       0x2c arch/arm/lib/built-in.o
 .text.arch_lmb_reserve
                0x000000004a0013e0       0x2a arch/arm/lib/built-in.o
                0x000000004a0013e0                arch_lmb_reserve
 .text.board_quiesce_devices
                0x000000004a00140a        0x2 arch/arm/lib/built-in.o
                0x000000004a00140a                board_quiesce_devices
 .text.setup_board_tags
                0x000000004a00140c        0x2 arch/arm/lib/built-in.o
                0x000000004a00140c                setup_board_tags
 *fill*         0x000000004a00140e        0x2 
 .text.boot_prep_linux
                0x000000004a001410      0x120 arch/arm/lib/built-in.o
 .text.armv7_boot_nonsec_default
                0x000000004a001530        0x4 arch/arm/lib/built-in.o
                0x000000004a001530                armv7_boot_nonsec_default
 .text.armv7_boot_nonsec
                0x000000004a001534       0x40 arch/arm/lib/built-in.o
                0x000000004a001534                armv7_boot_nonsec
 .text.boot_jump_linux
                0x000000004a001574       0xa4 arch/arm/lib/built-in.o
 .text.do_bootm_linux
                0x000000004a001618       0x44 arch/arm/lib/built-in.o
                0x000000004a001618                do_bootm_linux
 .text.boot_prep_vxworks
                0x000000004a00165c       0x30 arch/arm/lib/built-in.o
                0x000000004a00165c                boot_prep_vxworks
 .text.boot_jump_vxworks
                0x000000004a00168c        0x6 arch/arm/lib/built-in.o
                0x000000004a00168c                boot_jump_vxworks
 *fill*         0x000000004a001692        0x2 
 .text.bootz_setup
                0x000000004a001694       0x6c arch/arm/lib/built-in.o
                0x000000004a001694                bootz_setup
 .text.arch_reserve_stacks
                0x000000004a001700       0x16 arch/arm/lib/built-in.o
                0x000000004a001700                arch_reserve_stacks
 *fill*         0x000000004a001716        0x2 
 .text.interrupt_init
                0x000000004a001718       0x14 arch/arm/lib/built-in.o
                0x000000004a001718                interrupt_init
 .text.enable_interrupts
                0x000000004a00172c        0x2 arch/arm/lib/built-in.o
                0x000000004a00172c                enable_interrupts
 .text.disable_interrupts
                0x000000004a00172e        0x4 arch/arm/lib/built-in.o
                0x000000004a00172e                disable_interrupts
 *fill*         0x000000004a001732        0x2 
 .text.bad_mode
                0x000000004a001734        0xc arch/arm/lib/built-in.o
                0x000000004a001734                bad_mode
 .text.show_regs
                0x000000004a001740      0x14c arch/arm/lib/built-in.o
                0x000000004a001740                show_regs
 .text.do_undefined_instruction
                0x000000004a00188c       0x28 arch/arm/lib/built-in.o
                0x000000004a00188c                do_undefined_instruction
 .text.do_software_interrupt
                0x000000004a0018b4       0x28 arch/arm/lib/built-in.o
                0x000000004a0018b4                do_software_interrupt
 .text.do_prefetch_abort
                0x000000004a0018dc       0x28 arch/arm/lib/built-in.o
                0x000000004a0018dc                do_prefetch_abort
 .text.do_data_abort
                0x000000004a001904       0x28 arch/arm/lib/built-in.o
                0x000000004a001904                do_data_abort
 .text.do_not_used
                0x000000004a00192c       0x28 arch/arm/lib/built-in.o
                0x000000004a00192c                do_not_used
 .text.do_fiq   0x000000004a001954       0x28 arch/arm/lib/built-in.o
                0x000000004a001954                do_fiq
 .text.do_irq   0x000000004a00197c       0x28 arch/arm/lib/built-in.o
                0x000000004a00197c                do_irq
 .text.reset_misc
                0x000000004a0019a4        0x2 arch/arm/lib/built-in.o
                0x000000004a0019a4                reset_misc
 *fill*         0x000000004a0019a6        0x2 
 .text.do_reset
                0x000000004a0019a8       0x28 arch/arm/lib/built-in.o
                0x000000004a0019a8                do_reset
 .text.flush_cache
                0x000000004a0019d0        0x6 arch/arm/lib/built-in.o
                0x000000004a0019d0                flush_cache
 *fill*         0x000000004a0019d6        0x2 
 .text.check_cache_range
                0x000000004a0019d8       0x20 arch/arm/lib/built-in.o
                0x000000004a0019d8                check_cache_range
 .text.cache_disable
                0x000000004a0019f8       0x62 arch/arm/lib/built-in.o
 .text.arm_init_domains
                0x000000004a001a5a        0x2 arch/arm/lib/built-in.o
                0x000000004a001a5a                arm_init_domains
 .text.set_section_dcache
                0x000000004a001a5c       0x1a arch/arm/lib/built-in.o
                0x000000004a001a5c                set_section_dcache
 .text.dram_bank_mmu_setup
                0x000000004a001a76       0x2c arch/arm/lib/built-in.o
                0x000000004a001a76                dram_bank_mmu_setup
 *fill*         0x000000004a001aa2        0x2 
 .text.cache_enable
                0x000000004a001aa4      0x120 arch/arm/lib/built-in.o
 .text.icache_enable
                0x000000004a001bc4        0x8 arch/arm/lib/built-in.o
                0x000000004a001bc4                icache_enable
 .text.icache_disable
                0x000000004a001bcc        0x8 arch/arm/lib/built-in.o
                0x000000004a001bcc                icache_disable
 .text.dcache_enable
                0x000000004a001bd4        0x6 arch/arm/lib/built-in.o
                0x000000004a001bd4                dcache_enable
 .text.dcache_disable
                0x000000004a001bda        0x6 arch/arm/lib/built-in.o
                0x000000004a001bda                dcache_disable
 .text.dcache_status
                0x000000004a001be0       0x1c arch/arm/lib/built-in.o
                0x000000004a001be0                dcache_status
 .text.fdt_psci
                0x000000004a001bfc      0x1a4 arch/arm/lib/built-in.o
                0x000000004a001bfc                fdt_psci
 .text.s_init   0x000000004a001da0       0x70 arch/arm/mach-sunxi/built-in.o
                0x000000004a001da0                s_init
 .text.sunxi_get_boot_device
                0x000000004a001e10       0x38 arch/arm/mach-sunxi/built-in.o
                0x000000004a001e10                sunxi_get_boot_device
 .text.reset_cpu
                0x000000004a001e48       0x20 arch/arm/mach-sunxi/built-in.o
                0x000000004a001e48                reset_cpu
 .text.enable_caches
                0x000000004a001e68        0x4 arch/arm/mach-sunxi/built-in.o
                0x000000004a001e68                enable_caches
 .text.clock_init_sec
                0x000000004a001e6c        0x4 arch/arm/mach-sunxi/built-in.o
                0x000000004a001e6e                clock_init_sec
 .text.clock_init
                0x000000004a001e70        0xe arch/arm/mach-sunxi/built-in.o
                0x000000004a001e70                clock_init
 *fill*         0x000000004a001e7e        0x2 
 .text.sunxi_get_sram_id
                0x000000004a001e80       0x20 arch/arm/mach-sunxi/built-in.o
                0x000000004a001e80                sunxi_get_sram_id
 .text.print_cpuinfo
                0x000000004a001ea0       0x18 arch/arm/mach-sunxi/built-in.o
                0x000000004a001ea0                print_cpuinfo
 .text.sunxi_get_sid
                0x000000004a001eb8        0x4 arch/arm/mach-sunxi/built-in.o
                0x000000004a001eb8                sunxi_get_sid
 .text.sunxi_gpio_set_cfgbank
                0x000000004a001ebc       0x22 arch/arm/mach-sunxi/built-in.o
                0x000000004a001ebc                sunxi_gpio_set_cfgbank
 *fill*         0x000000004a001ede        0x2 
 .text.sunxi_gpio_set_cfgpin
                0x000000004a001ee0       0x28 arch/arm/mach-sunxi/built-in.o
                0x000000004a001ee0                sunxi_gpio_set_cfgpin
 .text.sunxi_gpio_get_cfgbank
                0x000000004a001f08       0x1a arch/arm/mach-sunxi/built-in.o
                0x000000004a001f08                sunxi_gpio_get_cfgbank
 *fill*         0x000000004a001f22        0x2 
 .text.sunxi_gpio_set_drv
                0x000000004a001f24       0x48 arch/arm/mach-sunxi/built-in.o
                0x000000004a001f24                sunxi_gpio_set_drv
 .text.sunxi_gpio_set_pull
                0x000000004a001f6c       0x48 arch/arm/mach-sunxi/built-in.o
                0x000000004a001f6c                sunxi_gpio_set_pull
 .text.prcm_apb0_enable
                0x000000004a001fb4       0x18 arch/arm/mach-sunxi/built-in.o
                0x000000004a001fb4                prcm_apb0_enable
 .text.pmic_bus_init
                0x000000004a001fcc       0x24 arch/arm/mach-sunxi/built-in.o
                0x000000004a001fcc                pmic_bus_init
 .text.pmic_bus_read
                0x000000004a001ff0        0xa arch/arm/mach-sunxi/built-in.o
                0x000000004a001ff0                pmic_bus_read
 .text.pmic_bus_write
                0x000000004a001ffa        0xa arch/arm/mach-sunxi/built-in.o
                0x000000004a001ffa                pmic_bus_write
 .text.pmic_bus_setbits
                0x000000004a002004       0x24 arch/arm/mach-sunxi/built-in.o
                0x000000004a002004                pmic_bus_setbits
 .text.pmic_bus_clrbits
                0x000000004a002028       0x26 arch/arm/mach-sunxi/built-in.o
                0x000000004a002028                pmic_bus_clrbits
 *fill*         0x000000004a00204e        0x2 
 .text.rsb_await_trans
                0x000000004a002050       0x4c arch/arm/mach-sunxi/built-in.o
 .text.rsb_do_trans
                0x000000004a00209c       0x14 arch/arm/mach-sunxi/built-in.o
 .text.rsb_init
                0x000000004a0020b0       0x9c arch/arm/mach-sunxi/built-in.o
                0x000000004a0020b0                rsb_init
 .text.rsb_set_device_address
                0x000000004a00214c       0x20 arch/arm/mach-sunxi/built-in.o
                0x000000004a00214c                rsb_set_device_address
 .text.rsb_write
                0x000000004a00216c       0x2c arch/arm/mach-sunxi/built-in.o
                0x000000004a00216c                rsb_write
 .text.rsb_read
                0x000000004a002198       0x38 arch/arm/mach-sunxi/built-in.o
                0x000000004a002198                rsb_read
 .text.clock_init_uart
                0x000000004a0021d0        0x6 arch/arm/mach-sunxi/built-in.o
                0x000000004a0021d0                clock_init_uart
 *fill*         0x000000004a0021d6        0x2 
 .text.clock_set_pll3
                0x000000004a0021d8       0x38 arch/arm/mach-sunxi/built-in.o
                0x000000004a0021d8                clock_set_pll3
 .text.clock_get_pll6
                0x000000004a002210       0x24 arch/arm/mach-sunxi/built-in.o
                0x000000004a002210                clock_get_pll6
 .text.clock_set_de_mod_clock
                0x000000004a002234       0x30 arch/arm/mach-sunxi/built-in.o
                0x000000004a002234                clock_set_de_mod_clock
 .text.setup_environment
                0x000000004a002264       0xd8 board/sunxi/built-in.o
 .text.i2c_init_board
                0x000000004a00233c        0x2 board/sunxi/built-in.o
                0x000000004a00233c                i2c_init_board
 *fill*         0x000000004a00233e        0x2 
 .text.board_init
                0x000000004a002340       0x80 board/sunxi/built-in.o
                0x000000004a002340                board_init
 .text.dram_init
                0x000000004a0023c0       0x16 board/sunxi/built-in.o
                0x000000004a0023c0                dram_init
 *fill*         0x000000004a0023d6        0x2 
 .text.g_dnl_board_usb_cable_connected
                0x000000004a0023d8       0x78 board/sunxi/built-in.o
                0x000000004a0023d8                g_dnl_board_usb_cable_connected
 .text.get_board_serial
                0x000000004a002450       0x24 board/sunxi/built-in.o
                0x000000004a002450                get_board_serial
 .text.misc_init_r
                0x000000004a002474       0xb4 board/sunxi/built-in.o
                0x000000004a002474                misc_init_r
 .text.ft_board_setup
                0x000000004a002528       0x12 board/sunxi/built-in.o
                0x000000004a002528                ft_board_setup
 .text.do_go_exec
                0x000000004a00253a        0x8 cmd/built-in.o
                0x000000004a00253a                do_go_exec
 *fill*         0x000000004a002542        0x2 
 .text.do_go    0x000000004a002544       0x4c cmd/built-in.o
 .text.do_bootm
                0x000000004a002590       0xa0 cmd/built-in.o
                0x000000004a002590                do_bootm
 .text.do_bootd
                0x000000004a002630       0x18 cmd/built-in.o
                0x000000004a002630                do_bootd
 .text.image_info
                0x000000004a002648       0xa4 cmd/built-in.o
 .text.do_iminfo
                0x000000004a0026ec       0x3c cmd/built-in.o
 .text.bootm_maybe_autostart
                0x000000004a002728       0x4c cmd/built-in.o
                0x000000004a002728                bootm_maybe_autostart
 .text.do_help  0x000000004a002774       0x2c cmd/built-in.o
 .text.do_version
                0x000000004a0027a0       0x30 cmd/built-in.o
 .text.blk_common_cmd
                0x000000004a0027d0      0x1f0 cmd/built-in.o
                0x000000004a0027d0                blk_common_cmd
 .text.source   0x000000004a0029c0       0x90 cmd/built-in.o
                0x000000004a0029c0                source
 .text.do_source
                0x000000004a002a50       0x30 cmd/built-in.o
 .text.print_num
                0x000000004a002a80       0x10 cmd/built-in.o
 .text.do_bdinfo
                0x000000004a002a90       0xd4 cmd/built-in.o
 .text.efi_do_enter
                0x000000004a002b64       0x28 cmd/built-in.o
 .text.efi_install_fdt
                0x000000004a002b8c      0x174 cmd/built-in.o
 .text.efi_run_in_hyp
                0x000000004a002d00       0x24 cmd/built-in.o
 .text.do_bootefi_exec
                0x000000004a002d24      0x1b4 cmd/built-in.o
 .text.efi_init_obj_list
                0x000000004a002ed8       0x48 cmd/built-in.o
                0x000000004a002ed8                efi_init_obj_list
 .text.do_bootefi
                0x000000004a002f20       0xf0 cmd/built-in.o
 .text.efi_set_bootdev
                0x000000004a003010       0xac cmd/built-in.o
                0x000000004a003010                efi_set_bootdev
 .text.do_bootz
                0x000000004a0030bc       0x9c cmd/built-in.o
                0x000000004a0030bc                do_bootz
 .text.do_coninfo
                0x000000004a003158       0x88 cmd/built-in.o
 .text.do_echo  0x000000004a0031e0       0x74 cmd/built-in.o
 .text.load_elf_image_phdr
                0x000000004a003254       0xba cmd/built-in.o
 *fill*         0x000000004a00330e        0x2 
 .text.valid_elf_image
                0x000000004a003310       0x30 cmd/built-in.o
                0x000000004a003310                valid_elf_image
 .text.do_bootelf
                0x000000004a003340      0x1a8 cmd/built-in.o
                0x000000004a003340                do_bootelf
 .text.do_bootvx
                0x000000004a0034e8      0x234 cmd/built-in.o
                0x000000004a0034e8                do_bootvx
 .text.do_exit  0x000000004a00371c       0x20 cmd/built-in.o
 .text.do_ext4_size
                0x000000004a00373c        0xe cmd/built-in.o
                0x000000004a00373c                do_ext4_size
 .text.do_ext4_load
                0x000000004a00374a        0xe cmd/built-in.o
                0x000000004a00374a                do_ext4_load
 .text.do_ext4_ls
                0x000000004a003758        0xe cmd/built-in.o
                0x000000004a003758                do_ext4_ls
 .text.do_ext2load
                0x000000004a003766        0xe cmd/built-in.o
                0x000000004a003766                do_ext2load
 .text.do_ext2ls
                0x000000004a003774        0xe cmd/built-in.o
 .text.do_fat_size
                0x000000004a003782        0xe cmd/built-in.o
                0x000000004a003782                do_fat_size
 .text.do_fat_fsload
                0x000000004a003790        0xe cmd/built-in.o
                0x000000004a003790                do_fat_fsload
 .text.do_fat_ls
                0x000000004a00379e        0xe cmd/built-in.o
 .text.do_fat_fsinfo
                0x000000004a0037ac       0x54 cmd/built-in.o
 .text.do_fat_fswrite
                0x000000004a003800       0xd0 cmd/built-in.o
 .text.do_fat_rm
                0x000000004a0038d0        0xe cmd/built-in.o
 .text.do_fat_mkdir
                0x000000004a0038de        0xe cmd/built-in.o
 .text.fdt_valid
                0x000000004a0038ec       0x74 cmd/built-in.o
 .text.is_printable_string
                0x000000004a003960       0x48 cmd/built-in.o
 .text.print_data
                0x000000004a0039a8      0x104 cmd/built-in.o
 .text.set_working_fdt_addr
                0x000000004a003aac       0x14 cmd/built-in.o
                0x000000004a003aac                set_working_fdt_addr
 .text.do_fdt   0x000000004a003ac0      0xa74 cmd/built-in.o
 .text.do_size_wrapper
                0x000000004a004534        0xe cmd/built-in.o
 *fill*         0x000000004a004542        0x2 
 .text.do_load_wrapper
                0x000000004a004544       0x40 cmd/built-in.o
 .text.do_save_wrapper
                0x000000004a004584        0xe cmd/built-in.o
 .text.do_ls_wrapper
                0x000000004a004592        0xe cmd/built-in.o
 .text.do_fstype_wrapper
                0x000000004a0045a0        0x4 cmd/built-in.o
 .text.gpio_get_description
                0x000000004a0045a4       0x78 cmd/built-in.o
 .text.do_gpio  0x000000004a00461c      0x20c cmd/built-in.o
 .text.evalexp  0x000000004a004828       0x4c cmd/built-in.o
 .text.evalstr  0x000000004a004874       0x3c cmd/built-in.o
 .text.binary_test
                0x000000004a0048b0      0x100 cmd/built-in.o
 .text.do_itest
                0x000000004a0049b0       0x4c cmd/built-in.o
 .text.bin_data_init
                0x000000004a0049fc       0x1c cmd/built-in.o
 .text.k_data_save
                0x000000004a004a18       0x34 cmd/built-in.o
 .text.k_data_restore
                0x000000004a004a4c       0x34 cmd/built-in.o
 .text.getcxmodem
                0x000000004a004a80       0x16 cmd/built-in.o
 *fill*         0x000000004a004a96        0x2 
 .text.load_serial_ymodem
                0x000000004a004a98       0x90 cmd/built-in.o
 .text.bin_data_char
                0x000000004a004b28       0x1c cmd/built-in.o
 .text.chk1.constprop.1
                0x000000004a004b44       0x20 cmd/built-in.o
 .text.s1_sendpacket.constprop.2
                0x000000004a004b64       0x34 cmd/built-in.o
 .text.load_serial
                0x000000004a004b98      0x12c cmd/built-in.o
 .text.do_load_serial
                0x000000004a004cc4       0x8c cmd/built-in.o
 .text.do_load_serial_bin
                0x000000004a004d50      0x508 cmd/built-in.o
 .text.do_mem_md
                0x000000004a005258       0xa0 cmd/built-in.o
 .text.do_mem_base
                0x000000004a0052f8       0x28 cmd/built-in.o
 .text.do_mem_crc
                0x000000004a005320       0x2c cmd/built-in.o
 .text.do_mem_mw
                0x000000004a00534c       0x7c cmd/built-in.o
 .text.do_mem_loop
                0x000000004a0053c8       0x82 cmd/built-in.o
 *fill*         0x000000004a00544a        0x2 
 .text.do_mem_cmp
                0x000000004a00544c       0xec cmd/built-in.o
 .text.mod_mem.isra.3.part.4
                0x000000004a005538       0xe8 cmd/built-in.o
 .text.do_mem_mm
                0x000000004a005620       0x12 cmd/built-in.o
 *fill*         0x000000004a005632        0x2 
 .text.do_mem_cp
                0x000000004a005634       0x70 cmd/built-in.o
 .text.do_mem_nm
                0x000000004a0056a4       0x12 cmd/built-in.o
 .text.extract_range
                0x000000004a0056b6       0x30 cmd/built-in.o
 *fill*         0x000000004a0056e6        0x2 
 .text.do_mii   0x000000004a0056e8      0x5f8 cmd/built-in.o
 .text.do_sleep
                0x000000004a005ce0       0x88 cmd/built-in.o
 .text.netboot_common
                0x000000004a005d68      0x1d0 cmd/built-in.o
 .text.do_bootp
                0x000000004a005f38        0x8 cmd/built-in.o
 .text.do_dhcp  0x000000004a005f40        0x8 cmd/built-in.o
 .text.do_nfs   0x000000004a005f48        0x8 cmd/built-in.o
 .text.do_tftpb
                0x000000004a005f50       0x26 cmd/built-in.o
                0x000000004a005f50                do_tftpb
 *fill*         0x000000004a005f76        0x2 
 .text.do_ping  0x000000004a005f78       0x48 cmd/built-in.o
 .text.do_part_list
                0x000000004a005fc0       0xf0 cmd/built-in.o
 .text.do_part_info
                0x000000004a0060b0       0x9c cmd/built-in.o
 .text.do_part  0x000000004a00614c       0xa8 cmd/built-in.o
 .text.eol_or_eof
                0x000000004a0061f4       0x12 cmd/built-in.o
 *fill*         0x000000004a006206        0x2 
 .text.do_pxe   0x000000004a006208       0x48 cmd/built-in.o
 .text.label_print
                0x000000004a006250       0x14 cmd/built-in.o
 .text.do_get_tftp
                0x000000004a006264       0x2c cmd/built-in.o
 .text.from_env
                0x000000004a006290       0x1c cmd/built-in.o
 .text.get_string
                0x000000004a0062ac       0x7c cmd/built-in.o
 .text.label_destroy
                0x000000004a006328       0x3e cmd/built-in.o
 .text.destroy_pxe_menu
                0x000000004a006366       0x36 cmd/built-in.o
 .text.get_token
                0x000000004a00639c       0x98 cmd/built-in.o
 .text.parse_sliteral
                0x000000004a006434       0x34 cmd/built-in.o
 .text.parse_integer
                0x000000004a006468       0x44 cmd/built-in.o
 .text.do_get_any
                0x000000004a0064ac       0x2c cmd/built-in.o
 .text.do_get_fat
                0x000000004a0064d8       0x28 cmd/built-in.o
 .text.do_get_ext2
                0x000000004a006500       0x28 cmd/built-in.o
 .text.format_mac_pxe.constprop.7
                0x000000004a006528       0x54 cmd/built-in.o
 .text.get_relfile
                0x000000004a00657c       0xcc cmd/built-in.o
 .text.get_pxe_file
                0x000000004a006648       0x3c cmd/built-in.o
 .text.handle_include
                0x000000004a006684       0x68 cmd/built-in.o
 .text.parse_pxefile_top
                0x000000004a0066ec      0x2f8 cmd/built-in.o
 .text.parse_pxefile
                0x000000004a0069e4       0x42 cmd/built-in.o
 *fill*         0x000000004a006a26        0x2 
 .text.get_pxelinux_path
                0x000000004a006a28       0x50 cmd/built-in.o
 .text.do_pxe_get
                0x000000004a006a78       0xec cmd/built-in.o
 .text.get_relfile_envaddr
                0x000000004a006b64       0x34 cmd/built-in.o
 .text.label_boot
                0x000000004a006b98      0x3c8 cmd/built-in.o
 .text.handle_pxe_menu
                0x000000004a006f60       0xe8 cmd/built-in.o
 .text.do_pxe_boot
                0x000000004a007048       0x94 cmd/built-in.o
 .text.do_sysboot
                0x000000004a0070dc      0x13c cmd/built-in.o
 .text.substitute
                0x000000004a007218       0x98 cmd/built-in.o
 .text.get_arg  0x000000004a0072b0       0x34 cmd/built-in.o
 .text.regex_sub.part.1
                0x000000004a0072e4      0x20c cmd/built-in.o
 .text.do_setexpr
                0x000000004a0074f0       0xf0 cmd/built-in.o
 .text.do_false
                0x000000004a0075e0        0x4 cmd/built-in.o
 .text.do_true  0x000000004a0075e4        0x4 cmd/built-in.o
 .text.do_test  0x000000004a0075e8      0x200 cmd/built-in.o
 .text.usb_get_class_desc
                0x000000004a0077e8       0x7c cmd/built-in.o
 .text.usb_display_class_sub
                0x000000004a007864       0xf8 cmd/built-in.o
 .text.usb_display_desc
                0x000000004a00795c       0xf4 cmd/built-in.o
 .text.usb_show_tree_graph
                0x000000004a007a50      0x178 cmd/built-in.o
 .text.usb_show_subtree
                0x000000004a007bc8       0x1c cmd/built-in.o
 .text.usb_for_each_root_dev
                0x000000004a007be4       0x3c cmd/built-in.o
 .text.usb_display_string
                0x000000004a007c20       0x2c cmd/built-in.o
 .text.usb_display_config
                0x000000004a007c4c      0x1ac cmd/built-in.o
 .text.usb_show_info
                0x000000004a007df8       0x4a cmd/built-in.o
 .text.usb_find_device
                0x000000004a007e42       0x64 cmd/built-in.o
 *fill*         0x000000004a007ea6        0x2 
 .text.do_usbboot
                0x000000004a007ea8        0xc cmd/built-in.o
 .text.do_usb_start
                0x000000004a007eb4       0x20 cmd/built-in.o
 .text.usb_show_tree
                0x000000004a007ed4        0xc cmd/built-in.o
                0x000000004a007ed4                usb_show_tree
 .text.do_usb   0x000000004a007ee0      0x298 cmd/built-in.o
 .text.common_diskboot
                0x000000004a008178      0x180 cmd/built-in.o
                0x000000004a008178                common_diskboot
 .text.do_fastboot
                0x000000004a0082f8      0x12c cmd/built-in.o
 .text.do_imgextract
                0x000000004a008424      0x1b4 cmd/built-in.o
 .text.extract_val
                0x000000004a0085d8       0x58 cmd/built-in.o
 .text.extract_env
                0x000000004a008630       0xa0 cmd/built-in.o
 .text.set_gpt_info.isra.0.constprop.2
                0x000000004a0086d0      0x348 cmd/built-in.o
 .text.do_gpt   0x000000004a008a18      0x208 cmd/built-in.o
 .text.do_env_delete
                0x000000004a008c20       0x68 cmd/built-in.o
 .text.do_env   0x000000004a008c88       0x3c cmd/built-in.o
 .text.env_print
                0x000000004a008cc4       0x78 cmd/built-in.o
 .text.do_env_print
                0x000000004a008d3c       0x7c cmd/built-in.o
 .text.do_env_import
                0x000000004a008db8      0x1a8 cmd/built-in.o
 .text.do_env_default
                0x000000004a008f60       0x5c cmd/built-in.o
 .text.do_env_exists
                0x000000004a008fbc       0x40 cmd/built-in.o
 .text._do_env_set.isra.1
                0x000000004a008ffc      0x118 cmd/built-in.o
 .text.do_env_set
                0x000000004a009114       0x14 cmd/built-in.o
 .text.get_env_id
                0x000000004a009128        0xc cmd/built-in.o
                0x000000004a009128                get_env_id
 .text.env_set  0x000000004a009134       0x3c cmd/built-in.o
                0x000000004a009134                env_set
 .text.env_set_ulong
                0x000000004a009170       0x16 cmd/built-in.o
                0x000000004a009170                env_set_ulong
 *fill*         0x000000004a009186        0x2 
 .text.env_set_hex
                0x000000004a009188       0x20 cmd/built-in.o
                0x000000004a009188                env_set_hex
 .text.do_env_export
                0x000000004a0091a8      0x150 cmd/built-in.o
 .text.eth_parse_enetaddr
                0x000000004a0092f8       0x30 cmd/built-in.o
                0x000000004a0092f8                eth_parse_enetaddr
 .text.envmatch
                0x000000004a009328       0x4a cmd/built-in.o
                0x000000004a009328                envmatch
 *fill*         0x000000004a009372        0x2 
 .text.env_get_f
                0x000000004a009374       0x88 cmd/built-in.o
                0x000000004a009374                env_get_f
 .text.env_get  0x000000004a0093fc       0x50 cmd/built-in.o
                0x000000004a0093fc                env_get
 .text.env_get_hex
                0x000000004a00944c       0x20 cmd/built-in.o
                0x000000004a00944c                env_get_hex
 .text.eth_env_get_enetaddr
                0x000000004a00946c       0x34 cmd/built-in.o
                0x000000004a00946c                eth_env_get_enetaddr
 .text.eth_env_set_enetaddr
                0x000000004a0094a0       0x30 cmd/built-in.o
                0x000000004a0094a0                eth_env_set_enetaddr
 .text.env_get_ulong
                0x000000004a0094d0       0x1c cmd/built-in.o
                0x000000004a0094d0                env_get_ulong
 .text.do_env_edit.part.4
                0x000000004a0094ec       0x70 cmd/built-in.o
 .text.do_env_edit
                0x000000004a00955c       0x1c cmd/built-in.o
 .text.board_init_f_alloc_reserve
                0x000000004a009578        0xa common/built-in.o
                0x000000004a009578                board_init_f_alloc_reserve
 .text.board_init_f_init_reserve
                0x000000004a009582       0x14 common/built-in.o
                0x000000004a009582                board_init_f_init_reserve
 .text.show_boot_progress
                0x000000004a009596        0x4 common/built-in.o
                0x000000004a009596                show_boot_progress
 *fill*         0x000000004a00959a        0x2 
 .text.main_loop
                0x000000004a00959c       0x4c common/built-in.o
                0x000000004a00959c                main_loop
 .text.mdelay   0x000000004a0095e8       0x16 common/built-in.o
 .text.dummy    0x000000004a0095fe        0x2 common/built-in.o
 .text.get_version
                0x000000004a009600        0x4 common/built-in.o
                0x000000004a009600                get_version
 .text.jumptable_init
                0x000000004a009604      0x168 common/built-in.o
                0x000000004a009604                jumptable_init
 .text.hash_command
                0x000000004a00976c       0x6c common/built-in.o
                0x000000004a00976c                hash_command
 .text.b_reset  0x000000004a0097d8        0xe common/built-in.o
 .text.static_get
                0x000000004a0097e6       0x12 common/built-in.o
 .text.static_peek
                0x000000004a0097f8        0x6 common/built-in.o
 *fill*         0x000000004a0097fe        0x2 
 .text.mapset   0x000000004a009800       0x14 common/built-in.o
 .text.syntax_err
                0x000000004a009814        0xc common/built-in.o
 .text.free_pipe_list
                0x000000004a009820       0x90 common/built-in.o
 .text.xmalloc  0x000000004a0098b0       0x18 common/built-in.o
 .text.new_pipe
                0x000000004a0098c8       0x16 common/built-in.o
 *fill*         0x000000004a0098de        0x2 
 .text.xrealloc
                0x000000004a0098e0       0x18 common/built-in.o
 .text.done_command
                0x000000004a0098f8       0x42 common/built-in.o
 .text.done_pipe
                0x000000004a00993a       0x2c common/built-in.o
 *fill*         0x000000004a009966        0x2 
 .text.done_word
                0x000000004a009968      0x1c0 common/built-in.o
 .text.is_assignment
                0x000000004a009b28       0x2c common/built-in.o
 .text.file_get
                0x000000004a009b54      0x140 common/built-in.o
 .text.do_showvar
                0x000000004a009c94       0x9c common/built-in.o
 .text.b_addchr
                0x000000004a009d30       0x42 common/built-in.o
 *fill*         0x000000004a009d72        0x2 
 .text.b_addqchr
                0x000000004a009d74       0x30 common/built-in.o
 .text.file_peek
                0x000000004a009da4        0x6 common/built-in.o
 *fill*         0x000000004a009daa        0x2 
 .text.get_local_var
                0x000000004a009dac       0x58 common/built-in.o
                0x000000004a009dac                get_local_var
 .text.set_local_var
                0x000000004a009e04      0x10c common/built-in.o
                0x000000004a009e04                set_local_var
 .text.insert_var_value_sub
                0x000000004a009f10      0x1c4 common/built-in.o
 .text.parse_string_outer
                0x000000004a00a0d4       0x90 common/built-in.o
                0x000000004a00a0d4                parse_string_outer
 .text.run_list_real
                0x000000004a00a164      0x4c8 common/built-in.o
 .text.parse_stream_outer
                0x000000004a00a62c      0x424 common/built-in.o
 .text.parse_file_outer
                0x000000004a00aa50       0x2c common/built-in.o
                0x000000004a00aa50                parse_file_outer
 .text.u_boot_hush_start
                0x000000004a00aa7c       0x30 common/built-in.o
                0x000000004a00aa7c                u_boot_hush_start
 .text.bootdelay_process
                0x000000004a00aaac       0x84 common/built-in.o
                0x000000004a00aaac                bootdelay_process
 .text.autoboot_command
                0x000000004a00ab30       0xa4 common/built-in.o
                0x000000004a00ab30                autoboot_command
 .text.log_init
                0x000000004a00abd4        0x8 common/built-in.o
 .text.display_text_info
                0x000000004a00abdc        0x4 common/built-in.o
 .text.setup_mon_len
                0x000000004a00abe0       0x18 common/built-in.o
 .text.arch_cpu_init
                0x000000004a00abf8        0x4 common/built-in.o
                0x000000004a00abf8                arch_cpu_init
 .text.reserve_round_4k
                0x000000004a00abfc       0x14 common/built-in.o
 .text.reserve_mmu
                0x000000004a00ac10       0x2e common/built-in.o
                0x000000004a00ac10                reserve_mmu
 .text.reserve_uboot
                0x000000004a00ac3e       0x30 common/built-in.o
 .text.reserve_malloc
                0x000000004a00ac6e       0x14 common/built-in.o
 .text.reserve_global_data
                0x000000004a00ac82       0x16 common/built-in.o
 .text.reserve_fdt
                0x000000004a00ac98       0x3a common/built-in.o
 .text.dram_init_banksize
                0x000000004a00acd2       0x1a common/built-in.o
                0x000000004a00acd2                dram_init_banksize
 .text.setup_reloc
                0x000000004a00acec       0x26 common/built-in.o
 .text.reloc_fdt
                0x000000004a00ad12       0x2c common/built-in.o
 .text.reserve_board
                0x000000004a00ad3e       0x28 common/built-in.o
 *fill*         0x000000004a00ad66        0x2 
 .text.announce_dram_init
                0x000000004a00ad68       0x10 common/built-in.o
 .text.init_baud_rate
                0x000000004a00ad78       0x1c common/built-in.o
 .text.initf_dm
                0x000000004a00ad94        0x6 common/built-in.o
 .text.initf_bootstage
                0x000000004a00ad9a        0xc common/built-in.o
 .text.arch_cpu_init_dm
                0x000000004a00ada6        0x4 common/built-in.o
                0x000000004a00ada6                arch_cpu_init_dm
 .text.mach_cpu_init
                0x000000004a00adaa        0x4 common/built-in.o
                0x000000004a00adaa                mach_cpu_init
 .text.reserve_video
                0x000000004a00adae        0x4 common/built-in.o
 .text.reserve_trace
                0x000000004a00adb2        0x4 common/built-in.o
 .text.setup_machine
                0x000000004a00adb6        0x4 common/built-in.o
 .text.reserve_bootstage
                0x000000004a00adba        0x4 common/built-in.o
 .text.display_new_sp
                0x000000004a00adbe        0x4 common/built-in.o
 .text.reloc_bootstage
                0x000000004a00adc2        0x4 common/built-in.o
 .text.initf_console_record
                0x000000004a00adc6        0x4 common/built-in.o
 .text.reserve_arch
                0x000000004a00adca        0x4 common/built-in.o
                0x000000004a00adca                reserve_arch
 .text.coloured_LED_init
                0x000000004a00adce        0x2 common/built-in.o
                0x000000004a00adce                coloured_LED_init
 .text.red_led_on
                0x000000004a00add0        0x2 common/built-in.o
                0x000000004a00add0                red_led_on
 .text.board_add_ram_info
                0x000000004a00add2        0x2 common/built-in.o
                0x000000004a00add2                board_add_ram_info
 .text.show_dram_config
                0x000000004a00add4       0x28 common/built-in.o
 .text.setup_dest_addr
                0x000000004a00adfc       0x30 common/built-in.o
 .text.reserve_stacks
                0x000000004a00ae2c       0x1a common/built-in.o
 *fill*         0x000000004a00ae46        0x2 
 .text.board_init_f
                0x000000004a00ae48       0x20 common/built-in.o
                0x000000004a00ae48                board_init_f
 .text.initr_trace
                0x000000004a00ae68        0x4 common/built-in.o
 .text.initr_reloc
                0x000000004a00ae6c       0x14 common/built-in.o
 .text.run_main_loop
                0x000000004a00ae80        0x8 common/built-in.o
 .text.initr_net
                0x000000004a00ae88       0x14 common/built-in.o
 .text.initr_ethaddr
                0x000000004a00ae9c       0x18 common/built-in.o
 .text.initr_enable_interrupts
                0x000000004a00aeb4        0xa common/built-in.o
 .text.initr_jumptable
                0x000000004a00aebe        0xa common/built-in.o
 .text.initr_env
                0x000000004a00aec8       0x48 common/built-in.o
 .text.initr_serial
                0x000000004a00af10        0xa common/built-in.o
 .text.initr_dm
                0x000000004a00af1a       0x12 common/built-in.o
 .text.initr_bootstage
                0x000000004a00af2c        0xc common/built-in.o
 .text.initr_malloc
                0x000000004a00af38       0x1c common/built-in.o
 .text.initr_reloc_global_data
                0x000000004a00af54       0x28 common/built-in.o
 .text.initr_caches
                0x000000004a00af7c        0xa common/built-in.o
 .text.bootstage_relocate
                0x000000004a00af86        0x4 common/built-in.o
 .text.initr_barrier
                0x000000004a00af8a        0x4 common/built-in.o
 .text.initr_console_record
                0x000000004a00af8e        0x4 common/built-in.o
 .text.power_init_board
                0x000000004a00af92        0x4 common/built-in.o
                0x000000004a00af92                power_init_board
 .text.initr_announce
                0x000000004a00af96        0x4 common/built-in.o
 .text.cpu_secondary_init_r
                0x000000004a00af9a        0x2 common/built-in.o
                0x000000004a00af9a                cpu_secondary_init_r
 .text.initr_secondary_cpu
                0x000000004a00af9c        0xa common/built-in.o
 *fill*         0x000000004a00afa6        0x2 
 .text.board_init_r
                0x000000004a00afa8       0x1c common/built-in.o
                0x000000004a00afa8                board_init_r
 .text.checkboard
                0x000000004a00afc4        0x4 common/built-in.o
                0x000000004a00afc4                checkboard
 .text.show_board_info
                0x000000004a00afc8       0x2c common/built-in.o
                0x000000004a00afc8                show_board_info
 .text.bootm_find_images
                0x000000004a00aff4       0x6c common/built-in.o
                0x000000004a00aff4                bootm_find_images
 .text.bootm_decomp_image
                0x000000004a00b060       0xe0 common/built-in.o
                0x000000004a00b060                bootm_decomp_image
 .text.bootm_disable_interrupts
                0x000000004a00b140       0x10 common/built-in.o
                0x000000004a00b140                bootm_disable_interrupts
 .text.do_bootm_states
                0x000000004a00b150      0x560 common/built-in.o
                0x000000004a00b150                do_bootm_states
 .text.copy_args
                0x000000004a00b6b0       0x36 common/built-in.o
 *fill*         0x000000004a00b6e6        0x2 
 .text.do_bootm_rtems
                0x000000004a00b6e8       0x2c common/built-in.o
 .text.do_bootm_plan9
                0x000000004a00b714       0x68 common/built-in.o
 .text.do_bootm_standalone
                0x000000004a00b77c       0x3c common/built-in.o
 .text.do_bootm_qnxelf
                0x000000004a00b7b8       0x4c common/built-in.o
 .text.do_bootm_netbsd
                0x000000004a00b804       0xa4 common/built-in.o
 .text.do_bootvx_fdt
                0x000000004a00b8a8       0xbc common/built-in.o
                0x000000004a00b8a8                do_bootvx_fdt
 .text.do_bootm_vxworks
                0x000000004a00b964       0x16 common/built-in.o
 .text.arch_preboot_os
                0x000000004a00b97a        0x2 common/built-in.o
                0x000000004a00b97a                arch_preboot_os
 .text.boot_selected_os
                0x000000004a00b97c       0x3a common/built-in.o
                0x000000004a00b97c                boot_selected_os
 *fill*         0x000000004a00b9b6        0x2 
 .text.bootm_os_get_boot_func
                0x000000004a00b9b8        0xc common/built-in.o
                0x000000004a00b9b8                bootm_os_get_boot_func
 .text.of_bus_default_map
                0x000000004a00b9c4       0x80 common/built-in.o
 .text.of_bus_default_translate
                0x000000004a00ba44       0x68 common/built-in.o
 .text.fdt_support_default_count_cells
                0x000000004a00baac       0x34 common/built-in.o
                0x000000004a00baac                fdt_support_default_count_cells
 .text.fdt_find_and_setprop
                0x000000004a00bae0       0x46 common/built-in.o
                0x000000004a00bae0                fdt_find_and_setprop
 *fill*         0x000000004a00bb26        0x2 
 .text.fdt_find_or_add_subnode
                0x000000004a00bb28       0x40 common/built-in.o
                0x000000004a00bb28                fdt_find_or_add_subnode
 .text.fdt_root
                0x000000004a00bb68       0x60 common/built-in.o
                0x000000004a00bb68                fdt_root
 .text.fdt_initrd
                0x000000004a00bbc8      0x120 common/built-in.o
                0x000000004a00bbc8                fdt_initrd
 .text.fdt_chosen
                0x000000004a00bce8       0x90 common/built-in.o
                0x000000004a00bce8                fdt_chosen
 .text.do_fixup_by_path
                0x000000004a00bd78       0x34 common/built-in.o
                0x000000004a00bd78                do_fixup_by_path
 .text.fdt_fixup_memory_banks
                0x000000004a00bdac      0x190 common/built-in.o
                0x000000004a00bdac                fdt_fixup_memory_banks
 .text.fdt_fixup_memory
                0x000000004a00bf3c       0x16 common/built-in.o
                0x000000004a00bf3c                fdt_fixup_memory
 *fill*         0x000000004a00bf52        0x2 
 .text.fdt_fixup_ethernet
                0x000000004a00bf54      0x10c common/built-in.o
                0x000000004a00bf54                fdt_fixup_ethernet
 .text.fdt_shrink_to_minimum
                0x000000004a00c060       0x8e common/built-in.o
                0x000000004a00c060                fdt_shrink_to_minimum
 *fill*         0x000000004a00c0ee        0x2 
 .text.fdt_translate_address
                0x000000004a00c0f0      0x16c common/built-in.o
                0x000000004a00c0f0                fdt_translate_address
 .text.fdt_setup_simplefb_node
                0x000000004a00c25c      0x154 common/built-in.o
                0x000000004a00c25c                fdt_setup_simplefb_node
 .text.fdt_overlay_apply_verbose
                0x000000004a00c3b0       0x4c common/built-in.o
                0x000000004a00c3b0                fdt_overlay_apply_verbose
 .text.miiphy_get_dev_by_name
                0x000000004a00c3fc       0x34 common/built-in.o
                0x000000004a00c3fc                miiphy_get_dev_by_name
 .text.miiphy_init
                0x000000004a00c430       0x18 common/built-in.o
                0x000000004a00c430                miiphy_init
 .text.miiphy_set_current_dev
                0x000000004a00c448       0x28 common/built-in.o
                0x000000004a00c448                miiphy_set_current_dev
 .text.miiphy_get_active_dev
                0x000000004a00c470       0x30 common/built-in.o
 .text.miiphy_get_current_dev
                0x000000004a00c4a0       0x10 common/built-in.o
                0x000000004a00c4a0                miiphy_get_current_dev
 .text.miiphy_read
                0x000000004a00c4b0       0x28 common/built-in.o
                0x000000004a00c4b0                miiphy_read
 .text.miiphy_write
                0x000000004a00c4d8       0x24 common/built-in.o
                0x000000004a00c4d8                miiphy_write
 .text.miiphy_listdev
                0x000000004a00c4fc       0x54 common/built-in.o
                0x000000004a00c4fc                miiphy_listdev
 .text.miiphy_info
                0x000000004a00c550       0x5c common/built-in.o
                0x000000004a00c550                miiphy_info
 .text.miiphy_speed
                0x000000004a00c5ac       0x80 common/built-in.o
                0x000000004a00c5ac                miiphy_speed
 .text.miiphy_duplex
                0x000000004a00c62c       0x7c common/built-in.o
                0x000000004a00c62c                miiphy_duplex
 .text.miiphy_is_1000base_x
                0x000000004a00c6a8        0x4 common/built-in.o
                0x000000004a00c6a8                miiphy_is_1000base_x
 .text.usb_set_maxpacket_ep
                0x000000004a00c6ac       0x56 common/built-in.o
 .text.usb_control_msg
                0x000000004a00c702       0x6c common/built-in.o
                0x000000004a00c702                usb_control_msg
 .text.usb_get_descriptor
                0x000000004a00c76e       0x36 common/built-in.o
 .text.get_descriptor_len
                0x000000004a00c7a4       0x60 common/built-in.o
 .text.usb_setup_descriptor
                0x000000004a00c804       0x84 common/built-in.o
 .text.usb_get_string
                0x000000004a00c888       0x50 common/built-in.o
 .text.usb_string_sub
                0x000000004a00c8d8       0x90 common/built-in.o
 .text.usb_bulk_msg
                0x000000004a00c968       0x4a common/built-in.o
                0x000000004a00c968                usb_bulk_msg
 .text.usb_maxpacket
                0x000000004a00c9b2       0x14 common/built-in.o
                0x000000004a00c9b2                usb_maxpacket
 .text.usb_clear_halt
                0x000000004a00c9c6       0x5c common/built-in.o
                0x000000004a00c9c6                usb_clear_halt
 *fill*         0x000000004a00ca22        0x2 
 .text.usb_get_configuration_len
                0x000000004a00ca24       0x50 common/built-in.o
                0x000000004a00ca24                usb_get_configuration_len
 .text.usb_get_configuration_no
                0x000000004a00ca74       0x1c common/built-in.o
                0x000000004a00ca74                usb_get_configuration_no
 .text.usb_set_interface
                0x000000004a00ca90       0x7c common/built-in.o
                0x000000004a00ca90                usb_set_interface
 .text.usb_set_protocol
                0x000000004a00cb0c       0x2e common/built-in.o
                0x000000004a00cb0c                usb_set_protocol
 .text.usb_set_idle
                0x000000004a00cb3a       0x32 common/built-in.o
                0x000000004a00cb3a                usb_set_idle
 .text.usb_string
                0x000000004a00cb6c       0x9c common/built-in.o
                0x000000004a00cb6c                usb_string
 .text.usb_select_config
                0x000000004a00cc08      0x318 common/built-in.o
                0x000000004a00cc08                usb_select_config
 .text.usb_setup_device
                0x000000004a00cf20       0xac common/built-in.o
                0x000000004a00cf20                usb_setup_device
 .text.board_usb_init
                0x000000004a00cfcc        0x4 common/built-in.o
                0x000000004a00cfcc                board_usb_init
 .text.board_usb_cleanup
                0x000000004a00cfd0        0x4 common/built-in.o
                0x000000004a00cfd0                board_usb_cleanup
 .text.usb_device_has_child_on_port
                0x000000004a00cfd4        0x4 common/built-in.o
                0x000000004a00cfd4                usb_device_has_child_on_port
 .text.usb_set_port_feature
                0x000000004a00cfd8       0x2e common/built-in.o
 .text.usb_clear_port_feature
                0x000000004a00d006       0x2e common/built-in.o
 .text.usb_get_hub_descriptor
                0x000000004a00d034       0x42 common/built-in.o
 .text.usb_hub_reset_devices
                0x000000004a00d076        0x2 common/built-in.o
                0x000000004a00d076                usb_hub_reset_devices
 .text.usb_hub_is_root_hub
                0x000000004a00d078       0x10 common/built-in.o
                0x000000004a00d078                usb_hub_is_root_hub
 .text.usb_get_port_status
                0x000000004a00d088       0x70 common/built-in.o
                0x000000004a00d088                usb_get_port_status
 .text.usb_hub_port_connect_change
                0x000000004a00d0f8       0xf8 common/built-in.o
                0x000000004a00d0f8                usb_hub_port_connect_change
 .text.usb_hub_configure
                0x000000004a00d1f0      0x3e8 common/built-in.o
 .text.usb_hub_scan
                0x000000004a00d5d8        0xe common/built-in.o
                0x000000004a00d5d8                usb_hub_scan
 .text.usb_hub_post_probe
                0x000000004a00d5e6        0x4 common/built-in.o
 .text.usb_stor_irq
                0x000000004a00d5ea       0x10 common/built-in.o
 .text.usb_stor_BBB_reset
                0x000000004a00d5fa       0xac common/built-in.o
 *fill*         0x000000004a00d6a6        0x2 
 .text.usb_stor_CB_reset
                0x000000004a00d6a8       0x8c common/built-in.o
 .text.usb_stor_BBB_clear_endpt_stall.isra.0
                0x000000004a00d734       0x2c common/built-in.o
 .text.usb_stor_BBB_transport
                0x000000004a00d760      0x1d4 common/built-in.o
 .text.usb_stor_CB_comdat
                0x000000004a00d934      0x154 common/built-in.o
 .text.usb_stor_CBI_get_status.isra.2
                0x000000004a00da88       0x88 common/built-in.o
 .text.usb_stor_CB_transport
                0x000000004a00db10      0x158 common/built-in.o
 .text.usb_request_sense.constprop.11
                0x000000004a00dc68       0x4c common/built-in.o
 .text.usb_stor_read
                0x000000004a00dcb4       0xf0 common/built-in.o
 .text.usb_stor_write
                0x000000004a00dda4       0xf0 common/built-in.o
 .text.usb_stor_info
                0x000000004a00de94       0x48 common/built-in.o
                0x000000004a00de94                usb_stor_info
 .text.usb_stor_reset
                0x000000004a00dedc        0xc common/built-in.o
                0x000000004a00dedc                usb_stor_reset
 .text.usb_stor_scan
                0x000000004a00dee8       0x30 common/built-in.o
                0x000000004a00dee8                usb_stor_scan
 .text.usb_storage_probe
                0x000000004a00df18      0x184 common/built-in.o
                0x000000004a00df18                usb_storage_probe
 .text.usb_stor_get_info
                0x000000004a00e09c      0x22c common/built-in.o
                0x000000004a00e09c                usb_stor_get_info
 .text.usb_mass_storage_probe
                0x000000004a00e2c8      0x120 common/built-in.o
 .text.iomux_doenv
                0x000000004a00e3e8      0x128 common/built-in.o
                0x000000004a00e3e8                iomux_doenv
 .text.menu_display_statusline
                0x000000004a00e510        0x2 common/built-in.o
                0x000000004a00e510                menu_display_statusline
 .text.menu_default_set
                0x000000004a00e512       0x4a common/built-in.o
                0x000000004a00e512                menu_default_set
 .text.menu_get_choice
                0x000000004a00e55c      0x120 common/built-in.o
                0x000000004a00e55c                menu_get_choice
 .text.menu_item_add
                0x000000004a00e67c       0x7c common/built-in.o
                0x000000004a00e67c                menu_item_add
 .text.menu_create
                0x000000004a00e6f8       0x52 common/built-in.o
                0x000000004a00e6f8                menu_create
 .text.menu_destroy
                0x000000004a00e74a       0x44 common/built-in.o
                0x000000004a00e74a                menu_destroy
 *fill*         0x000000004a00e78e        0x2 
 .text.usb_kbd_remove
                0x000000004a00e790       0x74 common/built-in.o
 .text.usb_kbd_translate.part.0
                0x000000004a00e804       0xdc common/built-in.o
 .text.usb_kbd_probe
                0x000000004a00e8e0      0x144 common/built-in.o
 .text.usb_kbd_irq_worker
                0x000000004a00ea24      0x12c common/built-in.o
 .text.usb_kbd_getc
                0x000000004a00eb50       0x80 common/built-in.o
 .text.usb_kbd_testc
                0x000000004a00ebd0       0x98 common/built-in.o
 .text.usb_kbd_irq
                0x000000004a00ec68       0x16 common/built-in.o
 *fill*         0x000000004a00ec7e        0x2 
 .text.delete_char.part.0
                0x000000004a00ec80       0x88 common/built-in.o
 .text.cread_add_char
                0x000000004a00ed08       0x80 common/built-in.o
 .text.cli_readline_into_buffer
                0x000000004a00ed88      0x650 common/built-in.o
                0x000000004a00ed88                cli_readline_into_buffer
 .text.cli_readline
                0x000000004a00f3d8       0x10 common/built-in.o
                0x000000004a00f3d8                cli_readline
 .text.cli_simple_process_macros
                0x000000004a00f3e8      0x126 common/built-in.o
                0x000000004a00f3e8                cli_simple_process_macros
 *fill*         0x000000004a00f50e        0x2 
 .text.console_tstc
                0x000000004a00f510       0x58 common/built-in.o
 .text.console_putc
                0x000000004a00f568       0x38 common/built-in.o
 .text.console_puts
                0x000000004a00f5a0       0x38 common/built-in.o
 .text.pre_console_putc
                0x000000004a00f5d8       0x16 common/built-in.o
 *fill*         0x000000004a00f5ee        0x2 
 .text.on_console
                0x000000004a00f5f0       0x70 common/built-in.o
 .text.serial_printf
                0x000000004a00f660       0x32 common/built-in.o
                0x000000004a00f660                serial_printf
 *fill*         0x000000004a00f692        0x2 
 .text.console_getc.isra.0
                0x000000004a00f694       0x18 common/built-in.o
 .text.putc     0x000000004a00f6ac       0x38 common/built-in.o
                0x000000004a00f6ac                putc
 .text.tstc     0x000000004a00f6e4       0x1a common/built-in.o
                0x000000004a00f6e4                tstc
 *fill*         0x000000004a00f6fe        0x2 
 .text.getc     0x000000004a00f700       0x34 common/built-in.o
                0x000000004a00f700                getc
 .text.puts     0x000000004a00f734       0x4c common/built-in.o
                0x000000004a00f734                puts
 .text.print_pre_console_buffer
                0x000000004a00f780       0xb8 common/built-in.o
 .text.fputs    0x000000004a00f838        0xa common/built-in.o
                0x000000004a00f838                fputs
 .text.fprintf  0x000000004a00f842       0x36 common/built-in.o
                0x000000004a00f842                fprintf
 .text.ctrlc    0x000000004a00f878       0x34 common/built-in.o
                0x000000004a00f878                ctrlc
 .text.disable_ctrlc
                0x000000004a00f8ac       0x10 common/built-in.o
                0x000000004a00f8ac                disable_ctrlc
 .text.had_ctrlc
                0x000000004a00f8bc        0xc common/built-in.o
                0x000000004a00f8bc                had_ctrlc
 .text.clear_ctrlc
                0x000000004a00f8c8        0xc common/built-in.o
                0x000000004a00f8c8                clear_ctrlc
 .text.search_device
                0x000000004a00f8d4       0x16 common/built-in.o
                0x000000004a00f8d4                search_device
 *fill*         0x000000004a00f8ea        0x2 
 .text.console_assign
                0x000000004a00f8ec       0x84 common/built-in.o
                0x000000004a00f8ec                console_assign
 .text.console_init_f
                0x000000004a00f970       0x12 common/built-in.o
                0x000000004a00f970                console_init_f
 *fill*         0x000000004a00f982        0x2 
 .text.stdio_print_current_devices
                0x000000004a00f984       0x78 common/built-in.o
                0x000000004a00f984                stdio_print_current_devices
 .text.console_init_r
                0x000000004a00f9fc      0x110 common/built-in.o
                0x000000004a00f9fc                console_init_r
 .text.sbrk     0x000000004a00fb0c       0x40 common/built-in.o
                0x000000004a00fb0c                sbrk
 .text.mem_malloc_init
                0x000000004a00fb4c       0x1c common/built-in.o
                0x000000004a00fb4c                mem_malloc_init
 .text.malloc_trim
                0x000000004a00fb68       0x84 common/built-in.o
                0x000000004a00fb68                malloc_trim
 .text.free     0x000000004a00fbec      0x164 common/built-in.o
                0x000000004a00fbec                free
 .text.malloc   0x000000004a00fd50      0x424 common/built-in.o
                0x000000004a00fd50                malloc
 .text.calloc   0x000000004a010174       0x90 common/built-in.o
                0x000000004a010174                calloc
 .text.realloc  0x000000004a010204      0x2d0 common/built-in.o
                0x000000004a010204                realloc
 .text.memalign
                0x000000004a0104d4      0x122 common/built-in.o
                0x000000004a0104d4                memalign
 .text.initf_malloc
                0x000000004a0105f6       0x14 common/built-in.o
                0x000000004a0105f6                initf_malloc
 .text.malloc_simple
                0x000000004a01060a       0x28 common/built-in.o
                0x000000004a01060a                malloc_simple
 *fill*         0x000000004a010632        0x2 
 .text.on_loadaddr
                0x000000004a010634       0x20 common/built-in.o
 .text.image_check_hcrc
                0x000000004a010654       0x2a common/built-in.o
                0x000000004a010654                image_check_hcrc
 .text.image_check_dcrc
                0x000000004a01067e       0x22 common/built-in.o
                0x000000004a01067e                image_check_dcrc
 .text.image_multi_count
                0x000000004a0106a0       0x12 common/built-in.o
                0x000000004a0106a0                image_multi_count
 .text.image_multi_getimg
                0x000000004a0106b2       0x4a common/built-in.o
                0x000000004a0106b2                image_multi_getimg
 .text.env_get_bootm_low
                0x000000004a0106fc       0x20 common/built-in.o
                0x000000004a0106fc                env_get_bootm_low
 .text.env_get_bootm_size
                0x000000004a01071c       0x44 common/built-in.o
                0x000000004a01071c                env_get_bootm_size
 .text.env_get_bootm_mapsize
                0x000000004a010760       0x20 common/built-in.o
                0x000000004a010760                env_get_bootm_mapsize
 .text.memmove_wd
                0x000000004a010780        0xa common/built-in.o
                0x000000004a010780                memmove_wd
 *fill*         0x000000004a01078a        0x2 
 .text.genimg_print_size
                0x000000004a01078c       0x24 common/built-in.o
                0x000000004a01078c                genimg_print_size
 .text.get_table_entry
                0x000000004a0107b0       0x12 common/built-in.o
                0x000000004a0107b0                get_table_entry
 .text.get_table_entry_name
                0x000000004a0107c2       0x12 common/built-in.o
                0x000000004a0107c2                get_table_entry_name
 .text.genimg_get_os_name
                0x000000004a0107d4       0x14 common/built-in.o
                0x000000004a0107d4                genimg_get_os_name
 .text.genimg_get_arch_name
                0x000000004a0107e8       0x14 common/built-in.o
                0x000000004a0107e8                genimg_get_arch_name
 .text.genimg_get_type_name
                0x000000004a0107fc       0x14 common/built-in.o
                0x000000004a0107fc                genimg_get_type_name
 .text.genimg_get_comp_name
                0x000000004a010810       0x14 common/built-in.o
                0x000000004a010810                genimg_get_comp_name
 .text.image_print_contents
                0x000000004a010824      0x114 common/built-in.o
                0x000000004a010824                image_print_contents
 .text.genimg_get_kernel_addr_fit
                0x000000004a010938       0x14 common/built-in.o
                0x000000004a010938                genimg_get_kernel_addr_fit
 .text.genimg_get_kernel_addr
                0x000000004a01094c       0x16 common/built-in.o
                0x000000004a01094c                genimg_get_kernel_addr
 *fill*         0x000000004a010962        0x2 
 .text.genimg_get_format
                0x000000004a010964       0x30 common/built-in.o
                0x000000004a010964                genimg_get_format
 .text.genimg_has_config
                0x000000004a010994        0x4 common/built-in.o
                0x000000004a010994                genimg_has_config
 .text.boot_get_ramdisk
                0x000000004a010998      0x1d8 common/built-in.o
                0x000000004a010998                boot_get_ramdisk
 .text.boot_ramdisk_high
                0x000000004a010b70       0xc4 common/built-in.o
                0x000000004a010b70                boot_ramdisk_high
 .text.boot_get_setup
                0x000000004a010c34        0x6 common/built-in.o
                0x000000004a010c34                boot_get_setup
 .text.image_setup_linux
                0x000000004a010c3a       0x36 common/built-in.o
                0x000000004a010c3a                image_setup_linux
 .text.android_image_get_kernel
                0x000000004a010c70      0x160 common/built-in.o
                0x000000004a010c70                android_image_get_kernel
 .text.android_image_check_header
                0x000000004a010dd0       0x10 common/built-in.o
                0x000000004a010dd0                android_image_check_header
 .text.android_image_get_end
                0x000000004a010de0       0x78 common/built-in.o
                0x000000004a010de0                android_image_get_end
 .text.android_image_get_kload
                0x000000004a010e58       0x40 common/built-in.o
                0x000000004a010e58                android_image_get_kload
 .text.android_image_get_ramdisk
                0x000000004a010e98       0xc4 common/built-in.o
                0x000000004a010e98                android_image_get_ramdisk
 .text.android_print_contents
                0x000000004a010f5c      0x1a4 common/built-in.o
                0x000000004a010f5c                android_print_contents
 .text.fdt_error
                0x000000004a011100       0x24 common/built-in.o
 .text.boot_fdt_add_mem_rsv_regions
                0x000000004a011124       0x5c common/built-in.o
                0x000000004a011124                boot_fdt_add_mem_rsv_regions
 .text.boot_relocate_fdt
                0x000000004a011180      0x10c common/built-in.o
                0x000000004a011180                boot_relocate_fdt
 .text.boot_get_fdt
                0x000000004a01128c      0x1a8 common/built-in.o
                0x000000004a01128c                boot_get_fdt
 .text.ft_verify_fdt
                0x000000004a011434        0x4 common/built-in.o
                0x000000004a011434                ft_verify_fdt
 .text.image_setup_libfdt
                0x000000004a011438       0xcc common/built-in.o
                0x000000004a011438                image_setup_libfdt
 .text.get_ram_size
                0x000000004a011504       0x9e common/built-in.o
                0x000000004a011504                get_ram_size
 .text.get_effective_memsize
                0x000000004a0115a2        0x6 common/built-in.o
                0x000000004a0115a2                get_effective_memsize
 .text.nulldev_putc
                0x000000004a0115a8        0x2 common/built-in.o
 .text.nulldev_puts
                0x000000004a0115aa        0x2 common/built-in.o
 .text.nulldev_input
                0x000000004a0115ac        0x4 common/built-in.o
 .text.stdio_serial_tstc
                0x000000004a0115b0        0x4 common/built-in.o
 .text.stdio_serial_getc
                0x000000004a0115b4        0x4 common/built-in.o
 .text.stdio_serial_puts
                0x000000004a0115b8        0x6 common/built-in.o
 .text.stdio_serial_putc
                0x000000004a0115be        0x6 common/built-in.o
 .text.stdio_get_list
                0x000000004a0115c4        0x8 common/built-in.o
                0x000000004a0115c4                stdio_get_list
 .text.stdio_get_by_name
                0x000000004a0115cc       0x30 common/built-in.o
                0x000000004a0115cc                stdio_get_by_name
 .text.stdio_clone
                0x000000004a0115fc       0x22 common/built-in.o
                0x000000004a0115fc                stdio_clone
 *fill*         0x000000004a01161e        0x2 
 .text.stdio_register_dev
                0x000000004a011620       0x34 common/built-in.o
                0x000000004a011620                stdio_register_dev
 .text.stdio_register
                0x000000004a011654        0x6 common/built-in.o
                0x000000004a011654                stdio_register
 *fill*         0x000000004a01165a        0x2 
 .text.stdio_deregister_dev
                0x000000004a01165c       0xa8 common/built-in.o
                0x000000004a01165c                stdio_deregister_dev
 .text.stdio_init_tables
                0x000000004a011704       0x14 common/built-in.o
                0x000000004a011704                stdio_init_tables
 .text.stdio_add_devices
                0x000000004a011718       0xc8 common/built-in.o
                0x000000004a011718                stdio_add_devices
 .text.run_command
                0x000000004a0117e0        0xe common/built-in.o
                0x000000004a0117e0                run_command
 .text.run_command_list
                0x000000004a0117ee       0x46 common/built-in.o
                0x000000004a0117ee                run_command_list
 .text.do_run   0x000000004a011834       0x4c common/built-in.o
                0x000000004a011834                do_run
 .text.cli_process_fdt
                0x000000004a011880       0x30 common/built-in.o
                0x000000004a011880                cli_process_fdt
 .text.cli_secure_boot_cmd
                0x000000004a0118b0       0x4c common/built-in.o
                0x000000004a0118b0                cli_secure_boot_cmd
 .text.cli_loop
                0x000000004a0118fc        0x8 common/built-in.o
                0x000000004a0118fc                cli_loop
 .text.cli_init
                0x000000004a011904        0x4 common/built-in.o
                0x000000004a011904                cli_init
 .text.find_cmd_tbl
                0x000000004a011908       0x62 common/built-in.o
                0x000000004a011908                find_cmd_tbl
 *fill*         0x000000004a01196a        0x2 
 .text.find_cmd
                0x000000004a01196c       0x1c common/built-in.o
                0x000000004a01196c                find_cmd
 .text.cmd_usage
                0x000000004a011988       0x3c common/built-in.o
                0x000000004a011988                cmd_usage
 .text._do_help
                0x000000004a0119c4      0x108 common/built-in.o
                0x000000004a0119c4                _do_help
 .text.var_complete
                0x000000004a011acc       0x48 common/built-in.o
                0x000000004a011acc                var_complete
 .text.cmd_auto_complete
                0x000000004a011b14      0x2cc common/built-in.o
                0x000000004a011b14                cmd_auto_complete
 .text.cmd_get_data_size
                0x000000004a011de0       0x48 common/built-in.o
                0x000000004a011de0                cmd_get_data_size
 .text.cmd_process
                0x000000004a011e28       0x94 common/built-in.o
                0x000000004a011e28                cmd_process
 .text.cmd_process_error
                0x000000004a011ebc       0x1c common/built-in.o
                0x000000004a011ebc                cmd_process_error
 .text.hex1_bin
                0x000000004a011ed8       0x2a common/built-in.o
 .text.hex2_bin
                0x000000004a011f02       0x24 common/built-in.o
 .text.srec_decode
                0x000000004a011f26      0x17c common/built-in.o
                0x000000004a011f26                srec_decode
 .text.CYGACC_COMM_IF_GETC_TIMEOUT.isra.0
                0x000000004a0120a2       0x2e common/built-in.o
 .text.xyzModem_flush
                0x000000004a0120d0       0x14 common/built-in.o
 .text.xyzModem_get_hdr
                0x000000004a0120e4      0x16c common/built-in.o
 .text.xyzModem_stream_open
                0x000000004a012250      0x168 common/built-in.o
                0x000000004a012250                xyzModem_stream_open
 .text.xyzModem_stream_read
                0x000000004a0123b8      0x1a8 common/built-in.o
                0x000000004a0123b8                xyzModem_stream_read
 .text.xyzModem_stream_close
                0x000000004a012560       0x40 common/built-in.o
                0x000000004a012560                xyzModem_stream_close
 .text.xyzModem_stream_terminate
                0x000000004a0125a0       0x68 common/built-in.o
                0x000000004a0125a0                xyzModem_stream_terminate
 .text.xyzModem_error
                0x000000004a012608       0x18 common/built-in.o
                0x000000004a012608                xyzModem_error
 .text.part_driver_lookup_type
                0x000000004a012620       0x44 disk/built-in.o
 .text.blk_get_dev
                0x000000004a012664       0x18 disk/built-in.o
                0x000000004a012664                blk_get_dev
 .text.dev_print
                0x000000004a01267c      0x174 disk/built-in.o
                0x000000004a01267c                dev_print
 .text.part_init
                0x000000004a0127f0       0x2c disk/built-in.o
                0x000000004a0127f0                part_init
 .text.part_print
                0x000000004a01281c       0xac disk/built-in.o
                0x000000004a01281c                part_print
 .text.part_get_info
                0x000000004a0128c8       0x36 disk/built-in.o
                0x000000004a0128c8                part_get_info
 *fill*         0x000000004a0128fe        0x2 
 .text.part_get_info_whole_disk
                0x000000004a012900       0x38 disk/built-in.o
                0x000000004a012900                part_get_info_whole_disk
 .text.blk_get_device_by_str
                0x000000004a012938       0xb8 disk/built-in.o
                0x000000004a012938                blk_get_device_by_str
 .text.blk_get_device_part_str
                0x000000004a0129f0      0x244 disk/built-in.o
                0x000000004a0129f0                blk_get_device_part_str
 .text.part_get_info_by_name_type
                0x000000004a012c34       0x48 disk/built-in.o
                0x000000004a012c34                part_get_info_by_name_type
 .text.part_get_info_by_name
                0x000000004a012c7c        0x8 disk/built-in.o
                0x000000004a012c7c                part_get_info_by_name
 .text.part_set_generic_name
                0x000000004a012c84       0x34 disk/built-in.o
                0x000000004a012c84                part_set_generic_name
 .text.test_block_type
                0x000000004a012cb8       0x4c disk/built-in.o
 .text.print_partition_extended
                0x000000004a012d04      0x190 disk/built-in.o
 .text.part_print_dos
                0x000000004a012e94       0x20 disk/built-in.o
                0x000000004a012e94                part_print_dos
 .text.part_test_dos
                0x000000004a012eb4       0x48 disk/built-in.o
 .text.part_get_info_extended
                0x000000004a012efc      0x1d8 disk/built-in.o
 .text.part_get_info_dos
                0x000000004a0130d4       0x16 disk/built-in.o
                0x000000004a0130d4                part_get_info_dos
 .text.iso_dread
                0x000000004a0130ea       0x22 disk/built-in.o
                0x000000004a0130ea                iso_dread
 .text.part_get_info_iso_verb
                0x000000004a01310c      0x258 disk/built-in.o
                0x000000004a01310c                part_get_info_iso_verb
 .text.part_test_iso
                0x000000004a013364       0x14 disk/built-in.o
 .text.part_print_iso
                0x000000004a013378       0x60 disk/built-in.o
 .text.part_get_info_iso
                0x000000004a0133d8        0x6 disk/built-in.o
 *fill*         0x000000004a0133de        0x2 
 .text.print_efiname
                0x000000004a0133e0       0x3c disk/built-in.o
 .text.part_test_efi
                0x000000004a01341c       0x78 disk/built-in.o
 .text.validate_gpt_entries
                0x000000004a013494       0x80 disk/built-in.o
 *fill*         0x000000004a013514        0x4 
 .text.validate_gpt_header
                0x000000004a013518      0x1a0 disk/built-in.o
 .text.is_gpt_valid
                0x000000004a0136b8      0x1c0 disk/built-in.o
 .text.is_pte_valid
                0x000000004a013878       0x38 disk/built-in.o
 .text.part_print_efi
                0x000000004a0138b0      0x1f8 disk/built-in.o
                0x000000004a0138b0                part_print_efi
 .text.part_get_info_efi
                0x000000004a013aa8      0x170 disk/built-in.o
                0x000000004a013aa8                part_get_info_efi
 .text.get_disk_guid
                0x000000004a013c18       0xa4 disk/built-in.o
                0x000000004a013c18                get_disk_guid
 .text.write_gpt_table
                0x000000004a013cbc      0x384 disk/built-in.o
                0x000000004a013cbc                write_gpt_table
 .text.gpt_fill_pte
                0x000000004a014040      0x25c disk/built-in.o
                0x000000004a014040                gpt_fill_pte
 .text.gpt_fill_header
                0x000000004a01429c      0x1a8 disk/built-in.o
                0x000000004a01429c                gpt_fill_header
 .text.gpt_restore
                0x000000004a014444       0xc8 disk/built-in.o
                0x000000004a014444                gpt_restore
 .text.gpt_verify_headers
                0x000000004a01450c       0x54 disk/built-in.o
                0x000000004a01450c                gpt_verify_headers
 .text.gpt_verify_partitions
                0x000000004a014560      0x178 disk/built-in.o
                0x000000004a014560                gpt_verify_partitions
 .text.device_bind_common.isra.0
                0x000000004a0146d8      0x200 drivers/built-in.o
 .text.alloc_priv
                0x000000004a0148d8       0x38 drivers/built-in.o
 .text.device_bind_with_driver_data
                0x000000004a014910       0x16 drivers/built-in.o
                0x000000004a014910                device_bind_with_driver_data
 .text.device_bind
                0x000000004a014926       0x16 drivers/built-in.o
                0x000000004a014926                device_bind
 .text.device_bind_by_name
                0x000000004a01493c       0x44 drivers/built-in.o
                0x000000004a01493c                device_bind_by_name
 .text.device_probe
                0x000000004a014980      0x140 drivers/built-in.o
                0x000000004a014980                device_probe
 .text.dev_get_platdata
                0x000000004a014ac0       0x20 drivers/built-in.o
                0x000000004a014ac0                dev_get_platdata
 .text.dev_get_parent_platdata
                0x000000004a014ae0       0x20 drivers/built-in.o
                0x000000004a014ae0                dev_get_parent_platdata
 .text.dev_get_uclass_platdata
                0x000000004a014b00       0x20 drivers/built-in.o
                0x000000004a014b00                dev_get_uclass_platdata
 .text.dev_get_priv
                0x000000004a014b20       0x20 drivers/built-in.o
                0x000000004a014b20                dev_get_priv
 .text.dev_get_uclass_priv
                0x000000004a014b40       0x20 drivers/built-in.o
                0x000000004a014b40                dev_get_uclass_priv
 .text.dev_get_parent_priv
                0x000000004a014b60       0x20 drivers/built-in.o
                0x000000004a014b60                dev_get_parent_priv
 .text.device_get_child
                0x000000004a014b80       0x30 drivers/built-in.o
                0x000000004a014b80                device_get_child
 .text.device_find_first_child
                0x000000004a014bb0       0x12 drivers/built-in.o
                0x000000004a014bb0                device_find_first_child
 .text.device_find_next_child
                0x000000004a014bc2       0x16 drivers/built-in.o
                0x000000004a014bc2                device_find_next_child
 .text.dev_get_driver_data
                0x000000004a014bd8        0x4 drivers/built-in.o
                0x000000004a014bd8                dev_get_driver_data
 .text.device_get_uclass_id
                0x000000004a014bdc        0x8 drivers/built-in.o
                0x000000004a014bdc                device_get_uclass_id
 .text.device_has_active_children
                0x000000004a014be4       0x24 drivers/built-in.o
                0x000000004a014be4                device_has_active_children
 .text.device_is_last_sibling
                0x000000004a014c08       0x14 drivers/built-in.o
                0x000000004a014c08                device_is_last_sibling
 .text.devfdt_get_addr_index
                0x000000004a014c1c       0x78 drivers/built-in.o
                0x000000004a014c1c                devfdt_get_addr_index
 .text.devfdt_get_addr_name
                0x000000004a014c94       0x28 drivers/built-in.o
                0x000000004a014c94                devfdt_get_addr_name
 .text.devfdt_get_addr
                0x000000004a014cbc        0x6 drivers/built-in.o
                0x000000004a014cbc                devfdt_get_addr
 .text.devfdt_get_addr_ptr
                0x000000004a014cc2        0x6 drivers/built-in.o
                0x000000004a014cc2                devfdt_get_addr_ptr
 .text.lists_driver_lookup_name
                0x000000004a014cc8       0x2c drivers/built-in.o
                0x000000004a014cc8                lists_driver_lookup_name
 .text.lists_uclass_lookup
                0x000000004a014cf4       0x20 drivers/built-in.o
                0x000000004a014cf4                lists_uclass_lookup
 .text.lists_bind_drivers
                0x000000004a014d14       0x58 drivers/built-in.o
                0x000000004a014d14                lists_bind_drivers
 .text.device_bind_driver_to_node
                0x000000004a014d6c       0x2c drivers/built-in.o
                0x000000004a014d6c                device_bind_driver_to_node
 .text.device_bind_driver
                0x000000004a014d98       0x12 drivers/built-in.o
                0x000000004a014d98                device_bind_driver
 *fill*         0x000000004a014daa        0x2 
 .text.lists_bind_fdt
                0x000000004a014dac       0xd8 drivers/built-in.o
                0x000000004a014dac                lists_bind_fdt
 .text.dm_scan_fdt_node
                0x000000004a014e84       0x90 drivers/built-in.o
 .text.dm_scan_fdt_ofnode_path
                0x000000004a014f14       0x24 drivers/built-in.o
 .text.dm_root  0x000000004a014f38       0x1c drivers/built-in.o
                0x000000004a014f38                dm_root
 .text.dm_get_translation_offset
                0x000000004a014f54        0xe drivers/built-in.o
                0x000000004a014f54                dm_get_translation_offset
 *fill*         0x000000004a014f62        0x2 
 .text.dm_init  0x000000004a014f64       0x4c drivers/built-in.o
                0x000000004a014f64                dm_init
 .text.dm_remove_devices_flags
                0x000000004a014fb0       0x12 drivers/built-in.o
                0x000000004a014fb0                dm_remove_devices_flags
 *fill*         0x000000004a014fc2        0x2 
 .text.dm_scan_platdata
                0x000000004a014fc4       0x20 drivers/built-in.o
                0x000000004a014fc4                dm_scan_platdata
 .text.dm_scan_fdt_dev
                0x000000004a014fe4       0x1c drivers/built-in.o
                0x000000004a014fe4                dm_scan_fdt_dev
 .text.dm_scan_fdt
                0x000000004a015000       0x14 drivers/built-in.o
                0x000000004a015000                dm_scan_fdt
 .text.dm_extended_scan_fdt
                0x000000004a015014       0x30 drivers/built-in.o
                0x000000004a015014                dm_extended_scan_fdt
 .text.dm_scan_other
                0x000000004a015044        0x4 drivers/built-in.o
                0x000000004a015044                dm_scan_other
 .text.dm_init_and_scan
                0x000000004a015048       0x2c drivers/built-in.o
                0x000000004a015048                dm_init_and_scan
 .text.uclass_find
                0x000000004a015074       0x2e drivers/built-in.o
                0x000000004a015074                uclass_find
 .text.uclass_get
                0x000000004a0150a2       0xaa drivers/built-in.o
                0x000000004a0150a2                uclass_get
 .text.dev_get_uclass_index
                0x000000004a01514c       0x36 drivers/built-in.o
                0x000000004a01514c                dev_get_uclass_index
 .text.uclass_find_device
                0x000000004a015182       0x42 drivers/built-in.o
                0x000000004a015182                uclass_find_device
 .text.uclass_find_first_device
                0x000000004a0151c4       0x22 drivers/built-in.o
                0x000000004a0151c4                uclass_find_first_device
 .text.uclass_find_next_device
                0x000000004a0151e6       0x18 drivers/built-in.o
                0x000000004a0151e6                uclass_find_next_device
 .text.uclass_find_device_by_seq
                0x000000004a0151fe       0x54 drivers/built-in.o
                0x000000004a0151fe                uclass_find_device_by_seq
 .text.uclass_find_device_by_of_offset
                0x000000004a015252       0x40 drivers/built-in.o
                0x000000004a015252                uclass_find_device_by_of_offset
 .text.uclass_find_device_by_ofnode
                0x000000004a015292       0x42 drivers/built-in.o
                0x000000004a015292                uclass_find_device_by_ofnode
 .text.uclass_get_device_tail
                0x000000004a0152d4       0x16 drivers/built-in.o
                0x000000004a0152d4                uclass_get_device_tail
 .text.uclass_get_device
                0x000000004a0152ea       0x1c drivers/built-in.o
                0x000000004a0152ea                uclass_get_device
 .text.uclass_get_device_by_seq
                0x000000004a015306       0x32 drivers/built-in.o
                0x000000004a015306                uclass_get_device_by_seq
 .text.uclass_get_device_by_of_offset
                0x000000004a015338       0x1c drivers/built-in.o
                0x000000004a015338                uclass_get_device_by_of_offset
 .text.uclass_get_device_by_ofnode
                0x000000004a015354       0x1c drivers/built-in.o
                0x000000004a015354                uclass_get_device_by_ofnode
 .text.uclass_first_device
                0x000000004a015370       0x1e drivers/built-in.o
                0x000000004a015370                uclass_first_device
 .text.uclass_next_device
                0x000000004a01538e       0x22 drivers/built-in.o
                0x000000004a01538e                uclass_next_device
 .text.uclass_first_device_check
                0x000000004a0153b0       0x1e drivers/built-in.o
                0x000000004a0153b0                uclass_first_device_check
 .text.uclass_next_device_check
                0x000000004a0153ce       0x1a drivers/built-in.o
                0x000000004a0153ce                uclass_next_device_check
 .text.uclass_bind_device