drv_hdmi.c:90:5:hdmi_get_work_mode	0	static
drv_hdmi.c:658:12:hdmi_suspend	0	static
drv_hdmi.c:689:12:hdmi_resume	0	static
drv_hdmi.c:161:12:hdmi_clk_disable	8	static
drv_hdmi.c:516:12:hdmi_get_video_timing_from_tv_mode	16	static
drv_hdmi.c:539:12:hdmi_get_video_timming_info	8	static
drv_hdmi.c:560:12:hdmi_get_input_csc	0	static
drv_hdmi.c:498:12:hdmi_get_HPD_status	8	static
drv_hdmi.c:443:12:hdmi_get_support_mode	48	static
drv_hdmi.c:468:12:hdmi_mode_support	0	static
drv_hdmi.c:295:12:hdmi_disable	8	static
drv_hdmi.c:274:12:hdmi_enable	24	static
drv_hdmi.c:360:12:hdmi_set_display_mode	8	static
drv_hdmi.c:47:6:hdmi_delay_ms	0	static
drv_hdmi.c:58:6:hdmi_delay_us	0	static
drv_hdmi.c:67:14:hdmi_get_soc_version	0	static
drv_hdmi.c:234:14:hdmi_clk_get_div	16	static
drv_hdmi.c:339:5:hdmi_get_vic	8	static
drv_hdmi.c:650:5:hdmi_hpd_event	0	static
drv_hdmi.c:917:5:hdmi_parse_dts_timing	24	static
drv_hdmi.c:1031:5:hdmi_init	168	static
drv_hdmi.c:1291:5:hdmi_exit	8	static
