hdmi_bsp_sun8iw11.c:122:13:hdmi_write	0	static
hdmi_bsp_sun8iw11.c:128:13:hdmi_writel	0	static
hdmi_bsp_sun8iw11.c:208:21:get_vid	0	static
hdmi_bsp_sun8iw11.c:92:13:hdmi_udelay	8	static
hdmi_bsp_sun8iw11.c:321:13:bsp_hdmi_inner_init	8	static
hdmi_bsp_sun8iw11.c:107:13:hdmi_mdelay	8	static
hdmi_bsp_sun8iw11.c:151:13:2	16	static
hdmi_bsp_sun8iw11.c:80:5:bsp_hdmi_set_func	0	static
hdmi_bsp_sun8iw11.c:144:5:bsp_hdmi_set_bias_source	0	static
hdmi_bsp_sun8iw11.c:310:6:bsp_hdmi_set_version	0	static
hdmi_bsp_sun8iw11.c:315:6:bsp_hdmi_set_addr	0	static
hdmi_bsp_sun8iw11.c:361:6:bsp_hdmi_init	8	static
hdmi_bsp_sun8iw11.c:370:6:bsp_hdmi_set_video_en	0	static
hdmi_bsp_sun8iw11.c:378:5:bsp_hdmi_video_get_div	0	static
hdmi_bsp_sun8iw11.c:394:5:bsp_hdmi_video	24	static
hdmi_bsp_sun8iw11.c:564:5:bsp_hdmi_audio	16	static
hdmi_bsp_sun8iw11.c:652:5:bsp_hdmi_ddc_read	40	static
hdmi_bsp_sun8iw11.c:718:14:bsp_hdmi_get_hpd	32	static
hdmi_bsp_sun8iw11.c:742:6:bsp_hdmi_standby	8	static
hdmi_bsp_sun8iw11.c:748:6:bsp_hdmi_hrst	8	static
hdmi_bsp_sun8iw11.c:754:6:bsp_hdmi_hdl	0	static
hdmi_bsp_sun8iw11.c:758:5:bsp_hdmi_hdcp_err_check	16	static
hdmi_bsp_sun8iw11.c:780:5:bsp_hdmi_cec_get_simple_msg	16	static
hdmi_bsp_sun8iw11.c:821:5:bsp_hdmi_cec_send	24	static
hdmi_bsp_sun8iw11.c:874:6:bsp_hdmi_cec_free_time_set	32	static
hdmi_bsp_sun8iw11.c:898:5:bsp_hdmi_cec_sta_check	8	static
