hdmi_core.c:84:12:hdmi_core_view_on	16	static
hdmi_core.c:96:5:hdmi_core_initial	16	static
hdmi_core.c:133:6:hdmi_core_exit	0	static
hdmi_core.c:138:6:hdmi_core_set_base_addr	0	static
hdmi_core.c:236:5:hdmi_core_hpd_check	0	static
hdmi_core.c:244:5:hdmi_core_get_video_info	8	static
hdmi_core.c:257:5:hdmi_core_get_audio_info	16	static
hdmi_core.c:316:5:hdmi_core_set_hdcp_enable	0	static
hdmi_core.c:323:5:hdmi_core_get_hdcp_enable	0	static
hdmi_core.c:328:5:hdmi_core_set_cts_enable	0	static
hdmi_core.c:335:5:hdmi_core_get_cts_enable	0	static
hdmi_core.c:340:5:hdmi_core_get_csc_type	8	static
hdmi_core.c:453:5:hdmi_core_get_video_mode	8	static
hdmi_core.c:465:5:hdmi_core_set_video_mode	16	static
hdmi_core.c:478:5:hdmi_core_set_video_enable	24	static
hdmi_core.c:169:5:hdmi_core_loop	32	static
hdmi_core.c:525:6:hdmi_core_get_video_enable	16	static
hdmi_core.c:534:5:hdmi_core_get_list_num	0	static
hdmi_core.c:604:5:hdmi_core_enter_lp	16	static
hdmi_core.c:615:5:hdmi_core_exit_lp	8	static
hdmi_core.c:622:5:hdmi_core_mode_support	8	static
hdmi_core.c:630:5:hdmi_core_dvi_support	8	static
hdmi_core.c:638:5:hdmi_core_cec_enable	0	static
hdmi_core.c:645:5:hdmi_core_update_detect_time	0	static
hdmi_core.c:652:5:hdmi_core_cec_get_simple_msg	16	static
hdmi_core.c:663:5:hdmi_core_get_supported_vic	8	static
