cpu_gg1p4062utsw.c:142:13:lcd_panel_exit	0	static
cpu_gg1p4062utsw.c:147:12:lcd_user_defined_func	0	static
cpu_gg1p4062utsw.c:91:12:lcd_close_flow	8	static
cpu_gg1p4062utsw.c:113:13:lcd_power_off	8	static
cpu_gg1p4062utsw.c:128:13:lcd_bl_close	8	static
cpu_gg1p4062utsw.c:77:12:lcd_open_flow	8	static
cpu_gg1p4062utsw.c:121:13:lcd_bl_open	8	static
cpu_gg1p4062utsw.c:105:13:lcd_power_on	8	static
cpu_gg1p4062utsw.c:18:13:lcd_cfg_panel_info	168	static
cpu_gg1p4062utsw.c:152:6:lcd_dbi_wr_dcs	24	static
cpu_gg1p4062utsw.c:163:6:lcd_cpu_panel_fr	24	static
cpu_gg1p4062utsw.c:135:13:lcd_panel_init	24	static
