sunxi_smc.c:179:21:smc_readl_normal	0	static
sunxi_smc.c:183:21:smc_writel_normal	0	static
sunxi_smc.c:63:5:sunxi_smc_call	8	static
sunxi_smc.c:131:5:arm_svc_write_sec_reg	16	static
sunxi_smc.c:126:5:arm_svc_read_sec_reg	16	static
sunxi_smc.c:81:5:arm_svc_set_cpu_on	16	static
sunxi_smc.c:86:5:arm_svc_set_cpu_off	16	static
sunxi_smc.c:91:5:arm_svc_set_cpu_wfi	16	static
sunxi_smc.c:96:5:arm_svc_version	32	static
sunxi_smc.c:111:5:arm_svc_call_count	16	static
sunxi_smc.c:116:5:arm_svc_uuid	16	static
sunxi_smc.c:121:5:arm_svc_run_os	16	static
sunxi_smc.c:138:5:arm_svc_arisc_startup	16	static
sunxi_smc.c:143:5:arm_svc_arisc_wait_ready	16	static
sunxi_smc.c:148:5:arm_svc_arisc_fake_poweroff	16	static
sunxi_smc.c:153:5:arm_svc_arisc_read_pmu	16	static
sunxi_smc.c:158:5:arm_svc_arisc_write_pmu	16	static
sunxi_smc.c:163:5:arm_svc_efuse_read	16	static
sunxi_smc.c:168:5:arm_svc_efuse_write	16	static
sunxi_smc.c:173:5:arm_svc_probe_secure_mode	16	static
sunxi_smc.c:192:5:smc_readl	8	static
sunxi_smc.c:197:6:smc_writel	8	static
sunxi_smc.c:202:5:smc_efuse_readl	8	static
sunxi_smc.c:208:5:smc_efuse_writel	8	static
sunxi_smc.c:215:5:smc_init	8	static
sunxi_smc.c:242:5:smc_tee_ssk_encrypt	72	static
sunxi_smc.c:283:5:smc_tee_ssk_decrypt	64	static
sunxi_smc.c:322:5:smc_tee_rssk_encrypt	72	static
sunxi_smc.c:363:5:smc_aes_rssk_decrypt_to_keysram	48	static
sunxi_smc.c:399:5:smc_aes_algorithm	72	static
sunxi_smc.c:450:5:smc_tee_keybox_store	56	static
sunxi_smc.c:490:5:smc_tee_probe_drm_configure	48	static
