board_common.c:44:27:sunxi_fastboot_status_read	0	static
board_common.c:48:27:mmc_request_update_boot0	0	static
board_common.c:52:28:mmc_update_config_for_sdly	0	static
board_common.c:56:28:mmc_update_config_for_dragonboard	0	static
board_common.c:60:35:find_mmc_device	0	static
board_common.c:64:27:update_fdt_dram_para	40	static
board_common.c:105:6:sunxi_update_subsequent_processing	8	static
board_common.c:315:5:switch_boot_partition	136	static
board_common.c:1405:12:do_switch_boot_partition	8	static
board_common.c:480:5:check_physical_key_early	88	static
board_common.c:659:5:disable_node	16	static
board_common.c:679:5:dragonboard_handler	0	static
board_common.c:729:5:update_fdt_para_for_kernel	40	static
board_common.c:915:7:set_bootcmd_from_misc	4112	static
board_common.c:1019:5:get_boot_work_mode	0	static
board_common.c:1024:5:get_boot_storage_type_ext	0	static
board_common.c:1030:5:get_boot_storage_type	0	static
board_common.c:600:5:update_bootcmd	160	static
board_common.c:371:5:update_setargs	520	static
board_common.c:175:6:sunxi_fastboot_init	1136	static
board_common.c:1041:6:set_boot_storage_type	0	static
board_common.c:1046:5:get_boot_dram_para_addr	0	static
board_common.c:1051:5:get_boot_dram_para_size	0	static
board_common.c:1056:5:get_parameter_addr	0	static
board_common.c:1061:5:get_boot_dram_update_flag	0	static
board_common.c:1073:6:set_boot_dram_update_flag	0	static
board_common.c:1084:5:get_pmu_byte_from_boot0	0	static
board_common.c:1105:5:get_debugmode_flag	16	static
board_common.c:1139:5:write_recovery_msg_to_misc	2064	static
board_common.c:1193:6:respond_physical_key_action	8	static
board_common.c:1240:5:update_dram_para_for_ota	16	static
board_common.c:1280:5:sunxi_update_rotpk_info	24	static
board_common.c:1292:5:board_late_init	8	static
board_common.c:1345:6:sunxi_generate_checksum	16	static
board_common.c:1374:5:sunxi_verify_checksum	8	static
board_common.c:1398:5:sunxi_led_init	16	static
