de_v3.c:65:12:board_display_update_para_for_kernel	32	static
de_v3.c:96:5:board_display_layer_request	0	static
de_v3.c:117:5:board_display_layer_release	0	static
de_v3.c:138:5:board_display_wait_lcd_open	32	static
de_v3.c:186:5:board_display_wait_lcd_close	32	static
de_v3.c:234:5:board_display_set_exit_mode	24	static
de_v3.c:272:5:board_display_eink_update	80	static
de_v3.c:358:5:board_display_layer_open	32	static
de_v3.c:395:5:board_display_layer_close	32	static
de_v3.c:429:5:board_display_layer_para_set	24	static
de_v3.c:457:5:board_display_show_until_lcd_open	8	static
de_v3.c:485:5:board_display_show	8	static
de_v3.c:509:5:board_display_framebuffer_set	72	static
de_v3.c:587:6:board_display_set_alpha_mode	0	static
de_v3.c:600:5:board_display_framebuffer_change	0	static
de_v3.c:605:5:board_display_device_open	96	static
de_v3.c:782:6:board_display_setenv	0	static
de_v3.c:790:5:borad_display_get_screen_width	24	static
de_v3.c:799:5:borad_display_get_screen_height	24	static
