sys_config_old.c:106:15:_test_str_length	0	static
sys_config_old.c:996:12:__script_parser_mainkey_get_gpio_count	64	static
sys_config_old.c:738:12:__script_parser_patch_all	32	static
sys_config_old.c:33:26:sw_cfg_get_subkey	40	static
sys_config_old.c:258:12:__script_parser_fetch_subkey_next	32	static
sys_config_old.c:1265:12:__script_probe_mainkey_gpio	80	static
sys_config_old.c:640:12:__script_parser_fetch_by_offset	72	static
sys_config_old.c:1068:12:__script_parser_mainkey_get_gpio_cfg	72	static
sys_config_old.c:819:12:__script_parser_patch	104	static
sys_config_old.c:447:12:__script_parser_fetch_ex	112	static
sys_config_old.c:322:12:__script_parser_fetch	112	static
sys_config_old.c:578:14:__script_parser_offset	56	static
sys_config_old.c:196:14:__script_parser_fetch_subkey_start	56	static
sys_config_old.c:144:14:__script_parser_subkey	32	static
sys_config_old.c:13:6:set_script_reloc_buf	0	static
sys_config_old.c:18:6:set_script_reloc_size	0	static
sys_config_old.c:23:7:get_script_reloc_buf	0	static
sys_config_old.c:28:7:get_script_reloc_size	0	static
sys_config_old.c:60:5:sw_cfg_get_int	8	static
sys_config_old.c:83:7:sw_cfg_get_str	16	static
sys_config_old.c:122:10:script_get_length	0	static
sys_config_old.c:133:5:script_parser_exit	0	static
sys_config_old.c:178:7:script_parser_subkey	32	static
sys_config_old.c:239:7:script_parser_fetch_subkey_start	16	static
sys_config_old.c:302:5:script_parser_fetch_subkey_next	32	static
sys_config_old.c:429:5:script_parser_fetch	32	static
sys_config_old.c:559:5:script_parser_fetch_ex	48	static
sys_config_old.c:622:7:script_parser_offset	16	static
sys_config_old.c:720:5:script_parser_fetch_by_offset	32	static
sys_config_old.c:800:5:script_parser_patch_all	32	static
sys_config_old.c:916:5:script_parser_patch	32	static
sys_config_old.c:935:5:script_parser_subkey_count	64	static
sys_config_old.c:981:5:script_parser_mainkey_count	0	static
sys_config_old.c:1049:5:script_parser_mainkey_get_gpio_count	16	static
sys_config_old.c:1137:5:script_parser_mainkey_get_gpio_cfg	32	static
sys_config_old.c:1156:5:script_probe_mainkey_gpio	32	static
sys_config_old.c:1176:7:gpio_request_ex	80	static
sys_config_old.c:1228:5:gpio_request_simple	1808	static
sys_config_old.c:1360:5:gpio_request_by_function	1808	static
sys_config_old.c:1397:6:script_parser_func_init	32	static
sys_config_old.c:1418:5:soc_script_parser_init	0	static
sys_config_old.c:1441:5:bd_script_parser_init	0	static
sys_config_old.c:1464:6:upper	0	static
sys_config_old.c:1488:6:lower	0	static
