sys_partition_gpt.c:54:5:gpt_partition_get_total_num	12	static
sys_partition_gpt.c:100:6:gpt_partition_get_offset	0	static
sys_partition_gpt.c:113:6:gpt_partition_get_size	0	static
sys_partition_gpt.c:192:7:gpt_partition_fetch_mbr	0	static
sys_partition_gpt.c:220:5:aw_partition_get_total_num	0	static
sys_partition_gpt.c:247:6:aw_partition_get_offset	0	static
sys_partition_gpt.c:259:6:aw_partition_get_size	0	static
sys_partition_gpt.c:359:7:aw_partition_fetch_mbr	0	static
sys_partition_gpt.c:336:5:aw_partition_get_info_byname	32	static
sys_partition_gpt.c:312:6:aw_partition_get_size_byname	24	static
sys_partition_gpt.c:291:5:aw_partition_get_partno_byname	16	static
sys_partition_gpt.c:271:6:aw_partition_get_offset_byname	24	static
sys_partition_gpt.c:369:5:aw_partition_refresh	8	static
sys_partition_gpt.c:202:5:gpt_partition_refresh	8	static
sys_partition_gpt.c:231:5:aw_partition_get_name	8	static
sys_partition_gpt.c:77:5:gpt_partition_get_name	56	static
sys_partition_gpt.c:387:5:sunxi_partition_get_total_num	8	static
sys_partition_gpt.c:392:5:sunxi_partition_get_name	8	static
sys_partition_gpt.c:397:6:sunxi_partition_get_offset	8	static
sys_partition_gpt.c:402:6:sunxi_partition_get_size	8	static
sys_partition_gpt.c:407:6:sunxi_partition_get_offset_byname	8	static
sys_partition_gpt.c:412:5:sunxi_partition_get_partno_byname	8	static
sys_partition_gpt.c:418:6:sunxi_partition_get_size_byname	8	static
sys_partition_gpt.c:427:5:sunxi_partition_get_info_byname	8	static
sys_partition_gpt.c:432:7:sunxi_partition_fetch_mbr	8	static
sys_partition_gpt.c:437:5:sunxi_partition_refresh	8	static
sys_partition_gpt.c:442:5:sunxi_partition_get_type	0	static
sys_partition_gpt.c:539:5:sunxi_is_gpt_valid	16	static
sys_partition_gpt.c:564:5:sunxi_is_awpart_valid	8	static
sys_partition_gpt.c:582:5:check_card0_partition	1040	static
sys_partition_gpt.c:447:5:sunxi_partition_init	24	static
sys_partition_gpt.c:620:5:char8_char16_compare	56	static
sys_partition_gpt.c:151:5:gpt_partition_get_info_byname	32	static
sys_partition_gpt.c:183:6:gpt_partition_get_size_byname	16	static
sys_partition_gpt.c:175:6:gpt_partition_get_offset_byname	16	static
sys_partition_gpt.c:125:5:gpt_partition_get_partno_byname	24	static
