sys_config.c:181:16:PIO_REG_CFG	0	static
sys_config.c:186:16:PIO_REG_PULL	0	static
sys_config.c:191:16:PIO_REG_DLEVEL	0	static
sys_config.c:198:16:PIO_REG_DATA	0	static
sys_config.c:203:5:PIO_REG_CFG_VALUE	0	static
sys_config.c:208:5:PIO_REG_DLEVEL_VALUE	0	static
sys_config.c:213:5:PIO_REG_PULL_VALUE	0	static
sys_config.c:218:5:PIO_REG_DATA_VALUE	0	static
sys_config.c:229:8:gpio_get_all_pin_status	64	static
sys_config.c:351:8:gpio_get_one_pin_status	32	static
sys_config.c:423:8:gpio_set_one_pin_status	40	static
sys_config.c:528:8:gpio_set_one_pin_io_status	24	static
sys_config.c:588:8:gpio_set_one_pin_pull	24	static
sys_config.c:647:8:gpio_set_one_pin_driver_level	24	static
sys_config.c:707:8:gpio_read_one_pin_value	24	static
sys_config.c:765:8:gpio_write_one_pin_value	24	static
sys_config.c:832:5:gpio_request_early	80	static
sys_config.c:1031:7:gpio_request	104	static
sys_config.c:1240:7:gpio_release	8	static
sys_config.c:1275:5:fdt_get_all_pin	2680	static
sys_config.c:1446:5:fdt_get_pin_num	88	static
sys_config.c:1502:5:fdt_set_all_pin	1808	static
sys_config.c:1540:5:fdt_set_all_pin_by_offset	1808	static
sys_config.c:1583:5:fdt_set_pin_byname	24	static
sys_config.c:1615:5:fdt_get_one_gpio_by_offset	56	static
sys_config.c:1656:5:fdt_get_one_gpio	64	static
sys_config.c:1704:5:fdt_set_one_gpio	64	static
sys_config.c:1715:5:fdt_set_normal_gpio	16	static
