board.c:59:6:s_init	0	static
board.c:66:6:reset_cpu	0	static
board.c:73:6:enable_caches	8	static
board.c:79:6:disable_caches	8	static
board.c:85:5:display_inner	8	static
board.c:157:5:script_init	8	static
board.c:183:7:sunxi_set_fel_flag	0	static
board.c:223:6:sunxi_clear_fel_flag	0	static
board.c:243:6:sunxi_set_rtc_flag	0	static
board.c:250:6:sunxi_board_close_source	8	static
board.c:265:13:sunxi_pmu_reset	0	static
board.c:270:5:sunxi_board_restart	8	static
board.c:300:5:sunxi_board_shutdown	8	static
board.c:331:5:sunxi_board_prepare_kernel	8	static
board.c:345:6:sunxi_flush_allcaches	8	static
board.c:355:5:sunxi_board_run_fel	8	static
board.c:373:5:sunxi_board_run_fel_eraly	8	static
board.c:386:5:sunxi_probe_secure_monitor	0	static
board.c:391:5:sunxi_probe_secure_os	0	static
board.c:396:5:sunxi_get_securemode	0	static
board.c:402:13:cpu_spin_lock	0	static
board.c:405:21:cpu_spin_trylock	0	static
board.c:409:13:cpu_spin_unlock	0	static
