sunxi_spinor.c:474:12:__spinor_read_id	24	static
sunxi_spinor.c:164:12:__spinor_wren	16	static
sunxi_spinor.c:191:12:__spinor_rdsr	24	static
sunxi_spinor.c:204:12:wait_till_ready	16	static
sunxi_spinor.c:1657:13:spinor_enter_4bytes_addr	16	static
sunxi_spinor.c:601:12:__spinor_sector_read	56	static
sunxi_spinor.c:281:12:__spinor_erase_block	24	static
sunxi_spinor.c:347:12:__spinor_erase_all	24	static
sunxi_spinor.c:401:12:1	320	static
sunxi_spinor.c:641:12:__spinor_sector_write	24	static
sunxi_spinor.c:1306:12:__spinor_boot_sector_write	24	static
sunxi_spinor.c:1146:12:__spinor_sprite_sector_write	24	static
sunxi_spinor.c:856:5:spinor_read	16	static
sunxi_spinor.c:1039:5:spinor_flush_cache	8	static
sunxi_spinor.c:903:5:spinor_write	40	static
sunxi_spinor.c:788:5:spinor_exit	8	static
sunxi_spinor.c:1070:5:spinor_erase_all_blocks	8	static
sunxi_spinor.c:1080:5:spinor_erase	32	static
sunxi_spinor.c:1129:5:spinor_size	16	static
sunxi_spinor.c:697:5:spinor_init	32	static
sunxi_spinor.c:1197:5:spinor_sprite_write	32	static
sunxi_spinor.c:1267:5:update_boot0_dram_para	16	static
sunxi_spinor.c:1358:5:spinor_boot_write	32	static
sunxi_spinor.c:1396:5:spinor_download_uboot	16	static
sunxi_spinor.c:1420:5:spinor_download_boot0	24	static
sunxi_spinor.c:1451:5:spinor_read_uboot	8	static
sunxi_spinor.c:1463:5:spinor_datafinish	24	static
sunxi_spinor.c:1639:5:try_spi_nor	16	static
