device.c:597:24:_device_find_global_by_ofnode	16	static
device.c:33:12:device_bind_common.isra.0	40	static
device.c:262:14:alloc_priv	16	static
device.c:217:5:device_bind_with_driver_data	24	static
device.c:226:5:device_bind	24	static
device.c:234:5:device_bind_ofnode	24	static
device.c:242:5:device_bind_by_name	40	static
device.c:306:5:device_probe	16	static
device.c:444:7:dev_get_platdata	8	static
device.c:454:7:dev_get_parent_platdata	8	static
device.c:464:7:dev_get_uclass_platdata	8	static
device.c:474:7:dev_get_priv	8	static
device.c:484:7:dev_get_uclass_priv	8	static
device.c:494:7:dev_get_parent_priv	8	static
device.c:519:5:device_get_child	16	static
device.c:531:5:device_find_child_by_seq	20	static
device.c:551:5:device_get_child_by_seq	24	static
device.c:569:5:device_find_child_by_of_offset	12	static
device.c:586:5:device_get_child_by_of_offset	24	static
device.c:614:5:device_find_global_by_ofnode	8	static
device.c:621:5:device_get_global_by_ofnode	16	static
device.c:629:5:device_find_first_child	0	static
device.c:641:5:device_find_next_child	0	static
device.c:656:17:dev_get_parent	0	static
device.c:661:7:dev_get_driver_data	0	static
device.c:666:13:dev_get_driver_ops	0	static
device.c:674:16:device_get_uclass_id	0	static
device.c:679:13:dev_get_uclass_name	0	static
device.c:687:6:device_has_children	0	static
device.c:692:6:device_has_active_children	16	static
device.c:706:6:device_is_last_sibling	0	static
device.c:715:6:device_set_name_alloced	0	static
device.c:720:5:device_set_name	8	static
device.c:731:6:device_is_compatible	8	static
device.c:736:6:of_machine_is_compatible	8	static
