ofnode.c:18:5:ofnode_read_u32	24	static
ofnode.c:42:5:ofnode_read_u32_default	16	static
ofnode.c:50:5:ofnode_read_s32_default	16	static
ofnode.c:58:5:ofnode_read_u64	24	static
ofnode.c:82:5:ofnode_read_u64_default	16	static
ofnode.c:104:13:ofnode_read_string	16	static
ofnode.c:137:8:ofnode_find_subnode	8	static
ofnode.c:163:5:ofnode_read_u32_array	16	static
ofnode.c:179:8:ofnode_first_subnode	8	static
ofnode.c:189:8:ofnode_next_subnode	8	static
ofnode.c:199:8:ofnode_get_parent	8	static
ofnode.c:213:13:ofnode_get_name	0	static
ofnode.c:222:8:ofnode_get_by_phandle	8	static
ofnode.c:235:5:ofnode_read_size	16	static
ofnode.c:426:12:decode_timing_property	32	static
ofnode.c:254:12:ofnode_get_addr_index	8	static
ofnode.c:284:12:ofnode_get_addr	0	static
ofnode.c:289:5:ofnode_stringlist_search	8	static
ofnode.c:310:5:ofnode_read_string_index	32	static
ofnode.c:327:5:ofnode_read_string_count	0	static
ofnode.c:355:5:ofnode_parse_phandle_with_args	104	static
ofnode.c:386:5:ofnode_count_phandle_with_args	32	static
ofnode.c:398:8:ofnode_path	8	static
ofnode.c:406:13:ofnode_get_chosen_prop	8	static
ofnode.c:415:8:ofnode_get_chosen_node	8	static
ofnode.c:514:13:ofnode_get_property	4	static
ofnode.c:90:6:ofnode_read_bool	8	static
ofnode.c:449:5:ofnode_decode_display_timing	32	static
ofnode.c:523:6:ofnode_is_available	8	static
ofnode.c:532:12:ofnode_get_addr_size	4	static
ofnode.c:554:16:ofnode_read_u8_array_ptr	4	static
ofnode.c:572:5:ofnode_read_pci_addr	32	static
ofnode.c:626:5:ofnode_read_pci_vendev	40	static
ofnode.c:662:5:ofnode_read_addr_cells	0	static
ofnode.c:670:5:ofnode_read_size_cells	0	static
ofnode.c:678:5:ofnode_read_simple_addr_cells	0	static
ofnode.c:686:5:ofnode_read_simple_size_cells	0	static
ofnode.c:694:6:ofnode_pre_reloc	8	static
ofnode.c:718:5:ofnode_read_resource	32	static
ofnode.c:738:5:ofnode_read_resource_byname	16	static
ofnode.c:750:5:ofnode_translate_address	0	static
ofnode.c:758:5:ofnode_device_is_compatible	8	static
ofnode.c:769:8:ofnode_by_compatible	8	static
ofnode.c:781:8:ofnode_by_prop_value	16	static
