uclass.c:22:16:uclass_find	8	static
uclass.c:104:5:uclass_destroy	16	static
uclass.c:138:5:uclass_get	24	static
uclass.c:151:13:uclass_get_name	16	static
uclass.c:160:16:uclass_get_by_name	16	static
uclass.c:174:5:dev_get_uclass_index	20	static
uclass.c:195:5:uclass_find_device	24	static
uclass.c:218:5:uclass_find_first_device	16	static
uclass.c:235:5:uclass_find_next_device	0	static
uclass.c:248:5:uclass_find_device_by_name	32	static
uclass.c:272:5:uclass_find_device_by_seq	32	static
uclass.c:301:5:uclass_find_device_by_of_offset	24	static
uclass.c:325:5:uclass_find_device_by_ofnode	24	static
uclass.c:390:5:uclass_get_device_by_driver	24	static
uclass.c:410:5:uclass_get_device_tail	16	static
uclass.c:425:5:uclass_get_device	16	static
uclass.c:435:5:uclass_get_device_by_name	16	static
uclass.c:446:5:uclass_get_device_by_seq	24	static
uclass.c:463:5:uclass_get_device_by_of_offset	16	static
uclass.c:474:5:uclass_get_device_by_ofnode	16	static
uclass.c:490:5:uclass_get_device_by_phandle_id	24	static
uclass.c:516:5:uclass_get_device_by_phandle	32	static
uclass.c:528:5:uclass_first_device	16	static
uclass.c:540:5:uclass_first_device_err	8	static
uclass.c:553:5:uclass_next_device	16	static
uclass.c:565:5:uclass_first_device_check	8	static
uclass.c:579:5:uclass_next_device_check	8	static
uclass.c:592:5:uclass_bind_device	8	static
uclass.c:619:5:uclass_unbind_device	8	static
uclass.c:636:5:uclass_resolve_seq	24	static
uclass.c:667:5:uclass_pre_probe_device	8	static
uclass.c:688:5:uclass_post_probe_device	0	static
uclass.c:699:5:uclass_pre_remove_device	0	static
