musb_gadget.c:1026:12:musb_gadget_enable	20	static
musb_gadget.c:1526:12:musb_gadget_fifo_status	0	static
musb_gadget.c:1549:13:musb_gadget_fifo_flush	12	static
musb_gadget.c:1611:12:musb_gadget_get_frame	0	static
musb_gadget.c:1618:12:musb_gadget_wakeup	0	static
musb_gadget.c:1697:1:musb_gadget_set_self_powered	0	static
musb_gadget.c:1736:12:musb_gadget_vbus_draw	0	static
musb_gadget.c:313:13:txstate	24	static
musb_gadget.c:1262:21:musb_alloc_request	8	static
musb_gadget.c:1285:6:musb_free_request	0	static
musb_gadget.c:1812:1:init_peripheral_ep	32	static
musb_gadget.c:1749:12:musb_gadget_pullup	12	static
musb_gadget.c:171:6:musb_g_giveback	16	static
musb_gadget.c:634:13:rxstate	32	static
musb_gadget.c:1370:12:musb_gadget_dequeue	16	static
musb_gadget.c:1211:12:musb_gadget_disable	16	static
musb_gadget.c:485:6:musb_g_tx	40	static
musb_gadget.c:904:6:musb_g_rx	8	static
musb_gadget.c:1302:6:musb_ep_restart	4	static
musb_gadget.c:1427:12:musb_gadget_set_halt	16	static
musb_gadget.c:1315:12:musb_gadget_queue	24	static
musb_gadget.c:1881:15:musb_gadget_setup	24	static
musb_gadget.c:1935:6:musb_gadget_cleanup	0	static
musb_gadget.c:1959:5:musb_gadget_start	8	static
musb_gadget.c:2137:6:musb_g_resume	0	static
musb_gadget.c:2161:6:musb_g_suspend	0	static
musb_gadget.c:2193:6:musb_g_wakeup	0	static
musb_gadget.c:2199:6:musb_g_disconnect	8	static
musb_gadget.c:2245:6:musb_g_reset	16	static
