nand_uboot_fun.c:53:5:__NAND_UpdatePhyArch	8	static
nand_uboot_fun.c:62:5:msg	8	static
nand_uboot_fun.c:69:5:NAND_PhyInit	8	static
nand_uboot_fun.c:92:5:NAND_PhyExit	8	static
nand_uboot_fun.c:100:5:NAND_LogicWrite	0	static
nand_uboot_fun.c:105:5:NAND_LogicRead	0	static
nand_uboot_fun.c:111:5:NAND_LogicInit	24	static
nand_uboot_fun.c:188:5:NAND_LogicExit	8	static
nand_uboot_fun.c:197:5:NAND_build_all_partition	16	static
nand_uboot_fun.c:233:5:NAND_VersionGet	8	static
nand_uboot_fun.c:247:5:NAND_VersionCheck	104	static
nand_uboot_fun.c:345:6:NAND_EraseBootBlocks	16	static
nand_uboot_fun.c:363:6:NAND_EraseChip	0	static
nand_uboot_fun.c:368:6:NAND_EraseChip_force	0	static
nand_uboot_fun.c:373:5:NAND_BadBlockScan	0	static
nand_uboot_fun.c:378:5:NAND_UbootInit	16	static
nand_uboot_fun.c:405:5:NAND_UbootExit	8	static
nand_uboot_fun.c:416:5:NAND_UbootProbe	8	static
nand_uboot_fun.c:432:6:NAND_UbootRead	0	static
nand_uboot_fun.c:437:6:NAND_UbootWrite	0	static
nand_uboot_fun.c:443:5:NAND_Uboot_Erase	8	static
nand_uboot_fun.c:479:5:NAND_Uboot_Force_Erase	8	static
nand_uboot_fun.c:496:5:NAND_BurnBoot0	0	static
nand_uboot_fun.c:501:5:NAND_ReadBoot0	0	static
nand_uboot_fun.c:506:5:NAND_BurnUboot	0	static
nand_uboot_fun.c:511:5:NAND_GetParam_store	24	static
nand_uboot_fun.c:533:5:NAND_FlushCache	0	static
