nand_osal_uboot.c:41:7:get_wvalue	0	static
nand_osal_uboot.c:46:6:put_wvalue	0	static
nand_osal_uboot.c:58:5:NAND_set_boot_mode	0	static
nand_osal_uboot.c:65:5:NAND_Print	16	static
nand_osal_uboot.c:79:5:NAND_Print_DBG	16	static
nand_osal_uboot.c:98:7:NAND_CleanFlushDCacheRegion	8	static
nand_osal_uboot.c:105:7:NAND_DMASingleMap	0	static
nand_osal_uboot.c:110:7:NAND_DMASingleUnmap	0	static
nand_osal_uboot.c:155:7:NAND_FreeMemoryForDMADescs	16	static
nand_osal_uboot.c:175:5:NAND_WaitDmaFinish	0	static
nand_osal_uboot.c:180:7:_Getpll6Clk	8	static
nand_osal_uboot.c:200:7:_get_ndfc_clk_v1	16	static
nand_osal_uboot.c:241:7:_change_ndfc_clk_v1	32	static
nand_osal_uboot.c:331:7:_close_ndfc_clk_v1	8	static
nand_osal_uboot.c:358:7:_open_ndfc_ahb_gate_and_reset_v1	8	static
nand_osal_uboot.c:399:7:_close_ndfc_ahb_gate_and_reset_v1	8	static
nand_osal_uboot.c:431:7:_cfg_ndfc_gpio_v1	16	static
nand_osal_uboot.c:455:5:NAND_ClkRequest	8	static
nand_osal_uboot.c:485:6:NAND_ClkRelease	8	static
nand_osal_uboot.c:523:5:NAND_SetClk	8	static
nand_osal_uboot.c:555:5:NAND_GetClk	8	static
nand_osal_uboot.c:577:7:NAND_PIORequest	8	static
nand_osal_uboot.c:620:7:NAND_PIOFuncChange_DQSc	8	static
nand_osal_uboot.c:649:7:NAND_PIOFuncChange_REc	8	static
nand_osal_uboot.c:678:6:NAND_PIORelease	0	static
nand_osal_uboot.c:688:6:NAND_Memset	0	static
nand_osal_uboot.c:693:6:NAND_Memcpy	0	static
nand_osal_uboot.c:725:8:NAND_Malloc	8	static
nand_osal_uboot.c:115:7:NAND_AllocMemoryForDMADescs	16	static
nand_osal_uboot.c:742:6:NAND_Free	0	static
nand_osal_uboot.c:751:7:OSAL_IrqUnLock	0	static
nand_osal_uboot.c:755:7:OSAL_IrqLock	0	static
nand_osal_uboot.c:760:5:NAND_WaitRbReady	0	static
nand_osal_uboot.c:765:7:NAND_IORemap	0	static
nand_osal_uboot.c:770:7:NAND_VA_TO_PA	0	static
nand_osal_uboot.c:775:7:NAND_GetIOBaseAddrCH0	0	static
nand_osal_uboot.c:780:7:NAND_GetIOBaseAddrCH1	0	static
nand_osal_uboot.c:785:7:NAND_GetNdfcVersion	0	static
nand_osal_uboot.c:790:7:NAND_GetNdfcDmaMode	0	static
nand_osal_uboot.c:801:5:NAND_PhysicLockInit	0	static
nand_osal_uboot.c:806:5:NAND_PhysicLock	0	static
nand_osal_uboot.c:811:5:NAND_PhysicUnLock	0	static
nand_osal_uboot.c:816:5:NAND_PhysicLockExit	0	static
nand_osal_uboot.c:821:7:NAND_GetMaxChannelCnt	0	static
nand_osal_uboot.c:826:7:NAND_GetPlatform	0	static
nand_osal_uboot.c:834:5:nand_request_dma	8	static
nand_osal_uboot.c:845:5:NAND_ReleaseDMA	8	static
nand_osal_uboot.c:857:5:nand_dma_config_start	40	static
nand_osal_uboot.c:909:7:NAND_GetNandExtPara	24	static
nand_osal_uboot.c:973:7:NAND_GetNandIDNumCtrl	16	static
nand_osal_uboot.c:991:6:nand_cond_resched	0	static
nand_osal_uboot.c:996:7:NAND_GetNandCapacityLevel	16	static
nand_osal_uboot.c:1022:7:nand_rb_wait_time_out	0	static
nand_osal_uboot.c:1027:7:nand_rb_wake_up	0	static
nand_osal_uboot.c:1039:7:nand_dma_wait_time_out	0	static
nand_osal_uboot.c:1044:7:nand_dma_wake_up	0	static
nand_osal_uboot.c:1055:5:NAND_IS_Secure_sys	8	static
nand_osal_uboot.c:1069:5:NAND_GetVoltage	0	static
nand_osal_uboot.c:1076:5:NAND_ReleaseVoltage	0	static
nand_osal_uboot.c:1083:6:NAND_Print_Version	16	static
nand_osal_uboot.c:1095:5:NAND_Get_Version	0	static
