de_dsi.c:14:5:dsi_delay_ms	8	static
de_dsi.c:21:5:dsi_delay_us	8	static
de_dsi.c:28:5:dsi_set_reg_base	0	static
de_dsi.c:36:5:dsi_get_reg_base	0	static
de_dsi.c:41:5:dsi_get_start_delay	12	static
de_dsi.c:58:5:dsi_get_cur_line	8	static
de_dsi.c:73:5:dsi_irq_enable	0	static
de_dsi.c:80:5:dsi_irq_disable	0	static
de_dsi.c:87:5:dsi_irq_query	0	static
de_dsi.c:100:5:dsi_inst_busy	0	static
de_dsi.c:105:5:dsi_start	0	static
de_dsi.c:161:5:dsi_open	8	static
de_dsi.c:177:5:dsi_close	8	static
de_dsi.c:198:7:dsi_mode_switch	0	static
de_dsi.c:203:7:dsi_gen_short_rd	0	static
de_dsi.c:208:5:dsi_tri_start	8	static
de_dsi.c:271:5:dsi_dcs_wr_index	0	static
de_dsi.c:276:5:dsi_dcs_wr_data	0	static
de_dsi.c:627:5:dsi_io_open	24	static
de_dsi.c:674:5:dsi_io_close	16	static
de_dsi.c:715:5:dsi_clk_enable	8	static
de_dsi.c:1044:5:dsi_exit	0	static
de_dsi.c:1049:4:dsi_ecc_pro	144	static
de_dsi.c:423:5:dsi_dcs_rd	32	static
de_dsi.c:411:5:dsi_set_max_ret_size	16	static
de_dsi.c:476:5:dsi_dcs_rd_memory	64	static
de_dsi.c:1087:5:dsi_crc_pro	16	static
de_dsi.c:373:5:dsi_gen_wr	32	static
de_dsi.c:222:5:dsi_dcs_wr	32	static
de_dsi.c:338:5:dsi_dcs_wr_memory	272	static
de_dsi.c:325:5:dsi_dcs_wr_5para	16	static
de_dsi.c:314:5:dsi_dcs_wr_4para	16	static
de_dsi.c:304:5:dsi_dcs_wr_3para	16	static
de_dsi.c:295:5:dsi_dcs_wr_2para	16	static
de_dsi.c:288:5:dsi_dcs_wr_1para	16	static
de_dsi.c:281:5:dsi_dcs_wr_0para	16	static
de_dsi.c:1111:5:dsi_crc_pro_pd_repeat	16	static
de_dsi.c:1036:5:dsi_cfg	56	static
