de_feat.c:1193:5:de_feat_get_num_screens	0	static
de_feat.c:1198:5:de_feat_get_num_devices	0	static
de_feat.c:1203:5:de_feat_get_num_chns	0	static
de_feat.c:1208:5:de_feat_get_num_vi_chns	0	static
de_feat.c:1213:5:de_feat_get_num_ui_chns	0	static
de_feat.c:1219:5:de_feat_get_num_layers	24	static
de_feat.c:1237:5:de_feat_get_num_layers_by_chn	24	static
de_feat.c:1253:5:de_feat_is_support_vep	24	static
de_feat.c:1271:5:de_feat_is_support_vep_by_chn	24	static
de_feat.c:1287:5:de_feat_is_support_smbl	0	static
de_feat.c:1292:5:de_feat_is_supported_output_types	0	static
de_feat.c:1298:5:de_feat_is_support_wb	0	static
de_feat.c:1303:5:de_feat_is_support_scale	24	static
de_feat.c:1321:5:de_feat_is_support_scale_by_chn	24	static
de_feat.c:1337:5:de_feat_get_scale_linebuf_for_yuv	24	static
de_feat.c:1353:5:de_feat_get_scale_linebuf_for_rgb	24	static
de_feat.c:1369:5:de_feat_get_scale_linebuf_for_ed	24	static
de_feat.c:1391:14:de_feat_get_tcon_type	0	static
de_feat.c:1405:5:de_feat_get_tcon_index	16	static
de_feat.c:1418:5:de_feat_init	0	static
