de_lcd.c:622:12:tcon0_cfg_mode_auto	12	static
de_lcd.c:1465:12:tcon_ceu_range_cut	0	static
de_lcd.c:1485:12:tcon_ceu_rect_multi	40	static
de_lcd.c:673:12:tcon0_cfg_mode_tri	24	static
de_lcd.c:1562:12:2	584	static
de_lcd.c:33:5:rgb_src_sel	0	static
de_lcd.c:47:5:dsi_src_sel	0	static
de_lcd.c:58:5:tcon0_out_to_gpio	0	static
de_lcd.c:72:5:tcon1_out_to_gpio	0	static
de_lcd.c:88:5:tcon1_tv_clk_enable	16	static
de_lcd.c:119:5:tcon1_hdmi_clk_enable	16	static
de_lcd.c:162:5:tcon0_dsi_clk_enable	0	static
de_lcd.c:180:5:tcon_de_attach	16	static
de_lcd.c:221:5:tcon_get_attach_by_de_index	0	static
de_lcd.c:233:5:tcon_top_set_reg_base	0	static
de_lcd.c:239:11:tcon_top_get_reg_base	0	static
de_lcd.c:290:5:lvds_open	24	static
de_lcd.c:339:5:lvds_close	16	static
de_lcd.c:358:5:tcon_get_cur_field	0	static
de_lcd.c:368:5:tcon_get_timing	48	static
de_lcd.c:423:5:tcon_set_reg_base	0	static
de_lcd.c:429:11:tcon_get_reg_base	0	static
de_lcd.c:434:5:tcon_init	0	static
de_lcd.c:447:5:tcon_exit	0	static
de_lcd.c:456:5:tcon_irq_enable	0	static
de_lcd.c:463:5:tcon_irq_disable	0	static
de_lcd.c:470:5:tcon_irq_query	0	static
de_lcd.c:484:5:tcon_get_start_delay	0	static
de_lcd.c:494:5:tcon0_get_cpu_tri2_start_delay	0	static
de_lcd.c:499:5:tcon_get_cur_line	0	static
de_lcd.c:510:5:tcon_get_status	0	static
de_lcd.c:527:5:tcon0_src_select	8	static
de_lcd.c:536:5:tcon0_src_get	0	static
de_lcd.c:541:5:tcon0_open	16	static
de_lcd.c:577:5:tcon0_close	8	static
de_lcd.c:601:5:tcon0_simple_close	8	static
de_lcd.c:614:5:tcon0_simple_open	8	static
de_lcd.c:982:5:tcon0_tri_busy	0	static
de_lcd.c:987:5:tcon0_cpu_set_auto_mode	0	static
de_lcd.c:996:5:tcon0_tri_start	0	static
de_lcd.c:1005:5:tcon0_frm	0	static
de_lcd.c:1034:5:tcon0_cpu_16b_to_24b	0	static
de_lcd.c:1042:5:tcon0_cpu_24b_to_16b	0	static
de_lcd.c:1050:5:tcon0_cpu_busy	0	static
de_lcd.c:1059:5:tcon0_cpu_wr_24b_index	16	static
de_lcd.c:1077:5:tcon0_cpu_wr_24b_data	16	static
de_lcd.c:1095:5:tcon0_cpu_wr_24b	16	static
de_lcd.c:1102:5:tcon0_cpu_rd_24b	0	static
de_lcd.c:1107:5:tcon0_cpu_rd_24b_data	32	static
de_lcd.c:1144:5:tcon0_cpu_wr_16b	16	static
de_lcd.c:1151:5:tcon0_cpu_wr_16b_index	8	static
de_lcd.c:1157:5:tcon0_cpu_wr_16b_data	8	static
de_lcd.c:1163:5:tcon0_cpu_rd_16b	0	static
de_lcd.c:1168:5:tcon0_set_dclk_div	0	static
de_lcd.c:1175:5:tcon0_get_dclk_div	0	static
de_lcd.c:1180:5:tcon1_open	8	static
de_lcd.c:1188:5:tcon1_close	8	static
de_lcd.c:1196:5:tcom1_cfg_correct	0	static
de_lcd.c:1209:5:tcon_set_sync_pol	0	static
de_lcd.c:1220:5:tcon1_cfg	32	static
de_lcd.c:1266:5:tcon1_cfg_ex	96	static
de_lcd.c:1288:5:tcon1_hdmi_color_remap	0	static
de_lcd.c:1375:5:tcon1_yuv_range	0	static
de_lcd.c:1413:5:tcon1_set_timming	8	static
de_lcd.c:1436:5:tcon1_set_tv_mode	0	static
de_lcd.c:1441:5:tcon1_src_select	8	static
de_lcd.c:1453:5:tcon1_src_get	0	static
de_lcd.c:1670:5:tcon_ceu	80	static
de_lcd.c:1760:5:tcon_gamma	12	static
de_lcd.c:1776:5:tcon_cmap	0	static
de_lcd.c:973:5:tcon0_cfg_ext	16	static
de_lcd.c:1825:5:tcon_set_fsync_pol	0	static
de_lcd.c:1851:5:tcon_set_fsync_active_time	0	static
de_lcd.c:750:5:tcon0_cfg	16	static
