disp_al.c:119:5:disp_al_set_eink_base	0	static
disp_al.c:124:5:disp_al_eink_irq_enable	0	static
disp_al.c:129:5:disp_al_eink_irq_disable	0	static
disp_al.c:135:5:disp_al_eink_irq_query	0	static
disp_al.c:142:5:disp_al_eink_config	8	static
disp_al.c:150:5:disp_al_eink_disable	0	static
disp_al.c:157:5:disp_al_eink_start_calculate_index	88	static
disp_al.c:193:5:disp_al_is_calculate_index_finish	0	static
disp_al.c:198:5:disp_al_get_update_area	0	static
disp_al.c:204:5:disp_al_eink_pipe_enable	0	static
disp_al.c:209:5:disp_al_eink_pipe_disable	0	static
disp_al.c:215:5:disp_al_eink_pipe_config	8	static
disp_al.c:222:5:disp_al_eink_pipe_config_wavefile	0	static
disp_al.c:229:5:disp_al_eink_start_decode	0	static
disp_al.c:236:5:disp_al_edma_init	0	static
disp_al.c:242:5:disp_al_eink_edma_cfg_addr	0	static
disp_al.c:248:5:disp_al_edma_config	0	static
disp_al.c:255:5:disp_al_edma_write	0	static
disp_al.c:261:5:disp_al_dbuf_rdy	0	static
disp_al.c:266:5:disp_al_eink_set_wb	0	static
disp_al.c:272:5:disp_al_init_waveform	0	static
disp_al.c:277:6:disp_al_free_waveform	0	static
disp_al.c:283:5:disp_al_get_waveform_data	0	static
disp_al.c:290:5:disp_al_get_eink_panel_bit_num	0	static
disp_al.c:296:5:disp_al_init_eink_ctrl_data_8	0	static
disp_al.c:304:5:disp_al_init_eink_ctrl_data_16	0	static
disp_al.c:409:5:disp_al_layer_apply	112	static
disp_al.c:448:5:disp_al_manager_init	0	static
disp_al.c:453:5:disp_al_manager_exit	0	static
disp_al.c:458:5:disp_al_de_clk_enable	0	static
disp_al.c:463:5:disp_al_de_clk_disable	0	static
disp_al.c:468:5:disp_al_manager_apply	16	static
disp_al.c:503:5:disp_al_manager_sync	0	static
disp_al.c:508:5:disp_al_manager_update_regs	0	static
disp_al.c:513:5:disp_al_manager_query_irq	0	static
disp_al.c:518:5:disp_al_manager_enable_irq	0	static
disp_al.c:523:5:disp_al_manager_disable_irq	0	static
disp_al.c:528:5:disp_al_enhance_apply	72	static
disp_al.c:541:5:disp_al_enhance_update_regs	0	static
disp_al.c:546:5:disp_al_enhance_sync	0	static
disp_al.c:551:5:disp_al_enhance_tasklet	0	static
disp_al.c:556:5:disp_al_capture_init	0	static
disp_al.c:561:5:disp_al_capture_exit	0	static
disp_al.c:566:5:disp_al_capture_sync	8	static
disp_al.c:574:5:disp_al_capture_apply	0	static
disp_al.c:579:5:disp_al_capture_get_status	0	static
disp_al.c:584:5:disp_al_write_back_clk_init	0	static
disp_al.c:589:5:disp_al_write_back_clk_exit	0	static
disp_al.c:594:5:disp_al_smbl_apply	0	static
disp_al.c:599:5:disp_al_smbl_update_regs	0	static
disp_al.c:604:5:disp_al_smbl_sync	0	static
disp_al.c:609:5:disp_al_smbl_tasklet	0	static
disp_al.c:614:5:disp_al_smbl_get_status	0	static
disp_al.c:633:5:disp_al_lcd_get_clk_info	40	static
disp_al.c:711:5:disp_al_lcd_cfg	48	static
disp_al.c:768:5:disp_al_lcd_cfg_ext	8	static
disp_al.c:775:5:disp_al_lcd_enable	16	static
disp_al.c:802:5:disp_al_lcd_disable	16	static
disp_al.c:834:5:disp_al_lcd_query_irq	0	static
disp_al.c:856:5:disp_al_lcd_enable_irq	0	static
disp_al.c:878:5:disp_al_lcd_disable_irq	0	static
disp_al.c:900:5:disp_al_lcd_tri_busy	16	static
disp_al.c:916:5:disp_al_lcd_tri_start	8	static
disp_al.c:925:5:disp_al_lcd_io_cfg	16	static
disp_al.c:946:5:disp_al_lcd_get_cur_line	0	static
disp_al.c:957:5:disp_al_lcd_get_start_delay	24	static
disp_al.c:974:5:disp_al_hdmi_enable	8	static
disp_al.c:982:5:disp_al_hdmi_disable	16	static
disp_al.c:993:5:disp_al_hdmi_cfg	24	static
disp_al.c:1032:5:disp_al_tv_enable	8	static
disp_al.c:1040:5:disp_al_tv_disable	16	static
disp_al.c:1051:5:disp_al_tv_cfg	24	static
disp_al.c:1081:5:disp_al_vga_enable	8	static
disp_al.c:1089:5:disp_al_vga_disable	16	static
disp_al.c:1099:5:disp_al_vga_cfg	24	static
disp_al.c:1119:5:disp_al_vdevice_cfg	328	static
disp_al.c:1176:5:disp_al_vdevice_enable	304	static
disp_al.c:1187:5:disp_al_vdevice_disable	16	static
disp_al.c:1198:5:disp_al_device_get_cur_line	0	static
disp_al.c:1205:5:disp_al_device_get_start_delay	0	static
disp_al.c:1213:5:disp_al_device_query_irq	0	static
disp_al.c:1225:5:disp_al_device_enable_irq	0	static
disp_al.c:1237:5:disp_al_device_disable_irq	0	static
disp_al.c:1249:5:disp_al_device_get_status	0	static
disp_al.c:1258:5:disp_al_device_src_select	0	static
disp_al.c:1265:5:disp_init_al	104	static
disp_al.c:1343:5:disp_al_get_fb_info	0	static
disp_al.c:1348:5:disp_al_get_display_size	0	static
