nvedit.c:818:12:do_env_delete	24	static
nvedit.c:1212:12:do_env	24	static
nvedit.c:84:12:env_print	56	static
nvedit.c:115:12:do_env_print	24	static
nvedit.c:1031:12:do_env_import	72	static
nvedit.c:780:12:do_env_default	16	static
nvedit.c:1149:12:do_env_exists	48	static
nvedit.c:212:12:_do_env_set.isra.1	72	static
nvedit.c:374:12:do_env_set	0	static
nvedit.c:73:5:get_env_id	0	static
nvedit.c:284:5:env_set	24	static
nvedit.c:305:5:env_set_ulong	8	static
nvedit.c:320:5:env_set_hex	32	static
nvedit.c:899:12:do_env_export	96	static
nvedit.c:343:6:eth_parse_enetaddr	24	static
nvedit.c:764:5:envmatch	24	static
nvedit.c:680:5:env_get_f	32	static
nvedit.c:656:7:env_get	48	static
nvedit.c:328:7:env_get_hex	24	static
nvedit.c:355:5:eth_env_get_enetaddr	8	static
nvedit.c:361:5:eth_env_set_enetaddr	40	static
nvedit.c:729:7:env_get_ulong	16	static
nvedit.c:614:12:do_env_edit.part.4	1056	static
nvedit.c:614:12:do_env_edit	0	static
