pxe.c:1014:13:eol_or_eof	0	static
pxe.c:1611:12:do_pxe	24	static
pxe.c:562:13:label_print	0	static
pxe.c:128:12:do_get_tftp	24	static
pxe.c:39:14:from_env	16	static
pxe.c:900:14:get_string	32	static
pxe.c:533:13:label_destroy	8	static
pxe.c:1384:13:destroy_pxe_menu	16	static
pxe.c:969:13:get_token	32	static
pxe.c:1031:12:parse_sliteral	24	static
pxe.c:1051:12:parse_integer	32	static
pxe.c:170:12:do_get_any	16	static
pxe.c:157:12:do_get_fat	8	static
pxe.c:144:12:do_get_ext2	8	static
pxe.c:62:12:format_mac_pxe.constprop	32	static
pxe.c:191:12:get_relfile	176	static
pxe.c:231:12:get_pxe_file	16	static
pxe.c:1081:12:handle_include	48	static
pxe.c:1305:12:parse_pxefile_top	88	static
pxe.c:1413:25:parse_pxefile	24	static
pxe.c:274:12:get_pxelinux_path	152	static
pxe.c:368:1:do_pxe_get	64	static
pxe.c:423:12:get_relfile_envaddr	24	static
pxe.c:615:12:label_boot	2272	static
pxe.c:1523:13:handle_pxe_menu	56	static
pxe.c:1566:1:do_pxe_boot	24	static
pxe.c:1645:12:do_sysboot	32	static
