board.c:227:5:__arch_cpu_init	0	static
board.c:174:12:init_func_i2c	8	static
board.c:125:12:display_banner	8	static
board.c:119:12:init_baudrate	8	static
board.c:86:13:__coloured_LED_init	0	static
board.c:89:13:__red_led_on	0	static
board.c:91:13:__red_led_off	0	static
board.c:93:13:__green_led_on	0	static
board.c:95:13:__green_led_off	0	static
board.c:97:13:__yellow_led_on	0	static
board.c:99:13:__yellow_led_off	0	static
board.c:101:13:__blue_led_on	0	static
board.c:103:13:__blue_led_off	0	static
board.c:219:6:__dram_init_banksize	0	static
board.c:467:6:board_init_r	8	static
board.c:660:6:hang	8	static
board.c:268:6:board_init_f	8	static
