console.c:104:12:console_setfile	16	static
console.c:311:5:fgetc.part.0	16	static
console.c:385:5:getc	0	static
console.c:491:6:putc	0	static
console.c:536:6:puts	0	static
console.c:293:5:serial_printf	1040	static
console.c:311:5:fgetc	0	static
console.c:344:5:ftstc	0	static
console.c:413:5:tstc	0	static
console.c:352:6:fputc	0	static
console.c:358:6:fputs	0	static
console.c:364:5:fprintf	1044	static
console.c:606:5:ctrlc	8	static
console.c:625:5:confirm_yesno	24	static
console.c:652:5:disable_ctrlc	0	static
console.c:660:5:had_ctrlc	0	static
console.c:665:6:clear_ctrlc	0	static
console.c:672:19:search_device	8	static
console.c:688:5:console_assign	8	static
console.c:726:5:console_announce_r	208	static
console.c:740:5:console_init_f	0	static
console.c:751:6:stdio_print_current_devices	8	static
console.c:872:5:console_init_r	16	static
