image.c:197:5:image_check_hcrc	72	static
image.c:212:5:image_check_dcrc	8	static
image.c:234:7:image_multi_count	0	static
image.c:267:6:image_multi_getimg	24	static
image.c:463:7:env_get_bootm_low	8	static
image.c:480:13:env_get_bootm_size	16	static
image.c:507:13:env_get_bootm_mapsize	8	static
image.c:523:6:memmove_wd	0	static
image.c:553:6:genimg_print_size	8	static
image.c:581:22:get_table_entry	0	static
image.c:702:20:genimg_get_short_name	8	static
image.c:612:13:genimg_get_cat_name	16	static
image.c:636:13:genimg_get_cat_short_name	16	static
image.c:650:5:genimg_get_cat_count	0	static
image.c:655:13:genimg_get_cat_desc	0	static
image.c:674:7:get_table_entry_name	8	static
image.c:686:13:genimg_get_os_name	0	static
image.c:691:13:genimg_get_arch_name	0	static
image.c:697:13:genimg_get_type_name	0	static
image.c:714:13:genimg_get_type_short_name	0	static
image.c:719:13:genimg_get_comp_name	0	static
image.c:327:6:image_print_contents	40	static
image.c:725:13:genimg_get_comp_short_name	0	static
image.c:730:13:genimg_get_os_short_name	0	static
image.c:735:13:genimg_get_arch_short_name	0	static
image.c:754:5:get_table_entry_id	16	static
image.c:772:5:genimg_get_os_id	0	static
image.c:777:5:genimg_get_arch_id	0	static
image.c:782:5:genimg_get_type_id	0	static
image.c:787:5:genimg_get_comp_id	0	static
image.c:808:7:genimg_get_kernel_addr_fit	0	static
image.c:842:7:genimg_get_kernel_addr	16	static
image.c:865:5:genimg_get_format	8	static
image.c:897:5:genimg_has_config	0	static
image.c:928:5:boot_get_ramdisk	40	static
image.c:1137:5:boot_ramdisk_high	32	static
image.c:1212:5:boot_get_setup	0	static
image.c:1484:5:image_setup_linux	0	static
