mmc.c:689:13:mmc_set_ios	8	static
mmc.c:2796:13:_mmc_life_time_est	0	static
mmc.c:2826:12:mmc_mmc_parse_health_report	16	static
mmc.c:50:12:board_mmc_getwp	0	static
mmc.c:55:5:mmc_getwp	8	static
mmc.c:71:5:__board_mmc_getcd	0	static
mmc.c:78:5:mmc_send_cmd	8	static
mmc.c:362:12:mmc_go_idle	40	static
mmc.c:2206:12:mmc_send_if_cond	48	static
mmc.c:386:12:sd_send_op_cond	64	static
mmc.c:462:12:mmc_send_op_cond_iter	16	static
mmc.c:1308:12:6	56	static
mmc.c:137:5:mmc_send_status	48	static
mmc.c:196:5:mmc_set_blocklen	40	static
mmc.c:219:5:mmc_send_manual_stop	48	static
mmc.c:235:13:find_mmc_device	8	static
mmc.c:254:5:_mmc_set_block_count	40	static
mmc.c:314:7:mmc_bread	80	static
mmc.c:489:5:mmc_send_op_cond	48	static
mmc.c:522:5:mmc_complete_op_cond	48	static
mmc.c:572:5:mmc_send_ext_csd	56	static
mmc.c:1291:12:mmc_chk_emmc_hw_rst	520	static
mmc.c:597:5:mmc_decode_ext_csd	16	static
mmc.c:682:5:mmc_update_phase	8	static
mmc.c:695:5:mmc_do_switch	48	static
mmc.c:768:5:7	16	static
mmc.c:1252:12:mmc_en_emmc_hw_rst	592	static
mmc.c:768:5:mmc_switch	16	static
mmc.c:774:5:mmc_mmc_switch_to_ds	592	static
mmc.c:815:5:mmc_mmc_switch_to_hs	592	static
mmc.c:856:5:mmc_mmc_switch_to_hs200	592	static
mmc.c:897:5:mmc_mmc_switch_to_hs400	592	static
mmc.c:938:5:mmc_mmc_switch_speed_mode	8	static
mmc.c:998:5:mmc_mmc_switch_bus_width	24	static
mmc.c:1053:5:mmc_mmc_switch_bus_mode	24	static
mmc.c:1236:5:mmc_getcd	8	static
mmc.c:1498:6:mmc_set_clock	0	static
mmc.c:1626:12:mmc_startup	1456	static
mmc.c:1517:5:mmc_switch_boot_bus_cond	600	static
mmc.c:1554:5:mmc_switch_boot_part	600	static
mmc.c:1588:5:mmc_switch_part	528	static
mmc.c:1211:5:mmc_select_hwpart	16	static
mmc.c:2235:18:mmc_register	8	static
mmc.c:2243:13:mmc_create	16	static
mmc.c:2286:6:mmc_destroy	0	static
mmc.c:2303:5:mmc_start_init	24	static
mmc.c:2464:6:mmc_update_config_for_dragonboard	160	static
mmc.c:2543:6:mmc_update_config_for_sdly	200	static
mmc.c:2895:5:mmc_init_boot	16	static
mmc.c:3025:5:mmc_init_product	24	static
mmc.c:3150:5:mmc_init	16	static
mmc.c:2293:19:mmc_get_dev	8	static
mmc.c:3193:5:mmc_set_dsr	0	static
mmc.c:3203:12:__def_mmc_init	0	static
mmc.c:3213:6:print_mmc_devices	16	static
mmc.c:3234:5:get_mmc_num	0	static
mmc.c:3239:6:mmc_set_preinit	0	static
mmc.c:3257:5:mmc_initialize	16	static
mmc.c:3273:5:mmc_exit	16	static
