sunxi_mmc_tuning.c:510:12:_skip_curr_freq	0	static
sunxi_mmc_tuning.c:549:12:_get_best_sdly	208	static
sunxi_mmc_tuning.c:136:5:get_mmc_gpio_bias	0	static
sunxi_mmc_tuning.c:141:5:gen_pat_bus4_1bit	28	static
sunxi_mmc_tuning.c:176:5:gen_pat_bus8_1bit	28	static
sunxi_mmc_tuning.c:211:5:gen_tuning_blk_bus8	24	static
sunxi_mmc_tuning.c:271:5:gen_tuning_blk_bus4	24	static
sunxi_mmc_tuning.c:332:5:sunxi_mmc_tuning_init	8	static
sunxi_mmc_tuning.c:364:5:sunxi_mmc_tuning_exit	8	static
sunxi_mmc_tuning.c:378:14:sunxi_select_freq	8	static
sunxi_mmc_tuning.c:903:5:sunxi_need_rty	16	static
sunxi_mmc_tuning.c:921:5:write_tuning_try_freq	32	static
sunxi_mmc_tuning.c:1010:5:sunxi_write_tuning	16	static
sunxi_mmc_tuning.c:1075:5:sunxi_execute_tuning	144	static
sunxi_mmc_tuning.c:1146:5:sunxi_pack_tuning_result	56	static
sunxi_mmc_tuning.c:1238:5:sunxi_bus_tuning	16	static
sunxi_mmc_tuning.c:1317:5:sunxi_switch_to_best_bus	616	static
sunxi_mmc_tuning.c:1515:5:mmc_request_update_boot0	8	static
sunxi_mmc_tuning.c:1530:5:mmc_write_info	96	static
