sunxi_mmc_interface.c:1470:5:mmc_get_boot_cap	8	static
sunxi_mmc_interface.c:32:13:mmc_align_wp_grp	32	static
sunxi_mmc_interface.c:1278:5:mmc_enable_bootop	24	static
sunxi_mmc_interface.c:1245:14:mmc_bread_mass_pro	24	static
sunxi_mmc_interface.c:1410:15:mmc_read_bootp	40	static
sunxi_mmc_interface.c:898:5:mmc_mmc_user_get_wp_grp_size	8	static
sunxi_mmc_interface.c:153:12:mmc_send_wp_type	64	static
sunxi_mmc_interface.c:392:12:mmc_get_current_wp_info	112	static
sunxi_mmc_interface.c:67:12:mmc_set_wp	48	static
sunxi_mmc_interface.c:179:5:mmc_switch_user_wp	0	static
sunxi_mmc_interface.c:248:12:mmc_set_one_permanent_wp	528	static
sunxi_mmc_interface.c:309:12:mmc_set_one_temporary_wp	528	static
sunxi_mmc_interface.c:184:12:mmc_set_one_poweron_wp	528	static
sunxi_mmc_interface.c:461:5:mmc_user_write_protect	56	static
sunxi_mmc_interface.c:846:5:mmc_mmc_user_write_protect	32	static
sunxi_mmc_interface.c:590:5:mmc_user_clr_tem_write_protect	88	static
sunxi_mmc_interface.c:685:5:mmc_clr_tem_wp	24	static
sunxi_mmc_interface.c:728:5:mmc_user_scan_wp_sta	144	static
sunxi_mmc_interface.c:1021:5:mmc_flush_cache	16	static
sunxi_mmc_interface.c:1049:5:mmc_cache_ctrl	24	static
sunxi_mmc_interface.c:921:14:mmc_do_burn_boot	32	static
sunxi_mmc_interface.c:1220:14:mmc_bwrite_mass_pro	32	static
sunxi_mmc_interface.c:1341:15:mmc_write_bootp	40	static
sunxi_mmc_interface.c:1750:5:mmc_init_blk_ops	0	static
