efi_boottime.c:554:21:efi_is_event	0	static
efi_boottime.c:123:20:indent_string	16	static
efi_boottime.c:69:5:__efi_entry_check	0	static
efi_boottime.c:81:5:__efi_exit_check	0	static
efi_boottime.c:161:13:efi_queue_event	8	static
efi_boottime.c:2438:20:efi_set_mem	16	static
efi_boottime.c:2419:20:efi_copy_mem	16	static
efi_boottime.c:2399:28:efi_calculate_crc32	16	static
efi_boottime.c:1915:28:efi_set_watchdog_timer	8	static
efi_boottime.c:1894:28:efi_stall	8	static
efi_boottime.c:1874:28:efi_get_next_monotonic_count	16	static
efi_boottime.c:1671:28:efi_start_image	24	static
efi_boottime.c:1229:28:efi_register_protocol_notify	8	static
efi_boottime.c:879:28:efi_close_event	16	static
efi_boottime.c:404:28:efi_free_pool_ext	8	static
efi_boottime.c:382:28:efi_allocate_pool_ext	16	static
efi_boottime.c:353:28:efi_get_memory_map_ext	24	static
efi_boottime.c:327:28:efi_free_pages_ext	16	static
efi_boottime.c:304:28:efi_allocate_pages_ext	16	static
efi_boottime.c:247:29:efi_raise_tpl	16	static
efi_boottime.c:91:6:efi_save_gd	0	static
efi_boottime.c:103:6:efi_restore_gd	0	static
efi_boottime.c:1735:28:efi_exit	8	static
efi_boottime.c:132:13:__efi_nesting	0	static
efi_boottime.c:137:13:__efi_nesting_inc	0	static
efi_boottime.c:142:13:__efi_nesting_dec	0	static
efi_boottime.c:180:14:is_valid_tpl	0	static
efi_boottime.c:204:6:efi_signal_event	24	static
efi_boottime.c:1804:28:efi_exit_boot_services	24	static
efi_boottime.c:859:28:efi_signal_event_ext	16	static
efi_boottime.c:419:6:efi_add_handle	0	static
efi_boottime.c:434:14:efi_create_handle	8	static
efi_boottime.c:583:14:efi_create_event	24	static
efi_boottime.c:646:21:efi_create_event_ex	24	static
efi_boottime.c:675:28:efi_create_event_ext	24	static
efi_boottime.c:697:6:efi_timer_check	24	static
efi_boottime.c:903:28:efi_check_event	16	static
efi_boottime.c:800:28:efi_wait_for_event	32	static
efi_boottime.c:272:20:efi_restore_tpl	8	static
efi_boottime.c:734:14:efi_set_timer	40	static
efi_boottime.c:779:28:efi_set_timer_ext	16	static
efi_boottime.c:925:20:efi_search_obj	8	static
efi_boottime.c:456:14:efi_search_protocol	24	static
efi_boottime.c:489:14:efi_remove_protocol	24	static
efi_boottime.c:2161:28:efi_locate_protocol	32	static
efi_boottime.c:1988:28:efi_open_protocol_information	32	static
efi_boottime.c:1939:28:efi_close_protocol	24	static
efi_boottime.c:1283:21:efi_locate_handle	32	static
efi_boottime.c:2115:28:efi_locate_handle_buffer	48	static
efi_boottime.c:2204:28:efi_locate_device_path	64	static
efi_boottime.c:1355:28:efi_locate_handle_ext	24	static
efi_boottime.c:514:14:efi_remove_all_protocols	16	static
efi_boottime.c:539:6:efi_delete_handle	8	static
efi_boottime.c:2051:28:efi_protocols_per_handle	24	static
efi_boottime.c:2926:28:efi_disconnect_controller	56	static
efi_boottime.c:2556:28:efi_open_protocol	40	static
efi_boottime.c:2637:21:efi_bind_controller	40	static
efi_boottime.c:2621:28:efi_handle_protocol	16	static
efi_boottime.c:1131:21:efi_disconnect_all_drivers	32	static
efi_boottime.c:2755:28:efi_connect_controller	56	static
efi_boottime.c:1776:28:efi_unload_image	8	static
efi_boottime.c:1171:28:efi_uninstall_protocol_interface	32	static
efi_boottime.c:980:14:efi_add_protocol	24	static
efi_boottime.c:1021:28:efi_install_protocol_interface	16	static
efi_boottime.c:2341:28:efi_uninstall_multiple_protocol_interfaces	24	static
efi_boottime.c:2282:28:efi_install_multiple_protocol_interfaces	32	static
efi_boottime.c:2823:28:efi_reinstall_protocol_interface	24	static
efi_boottime.c:1394:14:efi_install_configuration_table	32	static
efi_boottime.c:1454:28:efi_install_configuration_table_ext	8	static
efi_boottime.c:1473:14:efi_setup_loaded_image	32	static
efi_boottime.c:1537:14:efi_load_image_from_path	32	static
efi_boottime.c:1595:28:efi_load_image	48	static
efi_boottime.c:3085:14:efi_initialize_system_table	16	static
