efi_console.c:413:28:efi_cout_enable_cursor	8	static
efi_console.c:382:28:efi_cout_set_cursor_position	24	static
efi_console.c:356:28:efi_cout_clear_screen	8	static
efi_console.c:338:28:efi_cout_set_attribute	8	static
efi_console.c:306:28:efi_cout_set_mode	8	static
efi_console.c:172:28:efi_cout_test_string	8	static
efi_console.c:368:28:efi_cout_reset	8	static
efi_console.c:812:28:efi_cin_set_state	8	static
efi_console.c:110:28:efi_cout_output_string	32	static
efi_console.c:893:28:efi_cin_unregister_key_notify	16	static
efi_console.c:715:13:efi_cin_empty_buffer	8	static
efi_console.c:937:28:efi_cin_reset	8	static
efi_console.c:736:28:efi_cin_reset_ex	8	static
efi_console.c:842:28:efi_cin_register_key_notify	24	static
efi_console.c:285:28:efi_cout_query_mode	16	static
efi_console.c:460:6:set_shift_mask	0	static
efi_console.c:486:12:analyze_modifiers.constprop	24	static
efi_console.c:688:13:efi_cin_check	32	static
efi_console.c:969:28:efi_cin_read_key_stroke	16	static
efi_console.c:1023:20:efi_console_timer_notify	8	static
efi_console.c:768:28:efi_cin_read_key_stroke_ex	16	static
efi_console.c:1037:20:efi_key_notify	8	static
efi_console.c:1049:5:efi_console_register	48	static
