log.h:367:19:log_init	0	static
board_f.c:124:12:display_text_info	0	static
board_f.c:271:12:setup_mon_len	0	static
board_f.c:288:12:arch_cpu_init	0	static
board_f.c:371:12:reserve_round_4k	0	static
board_f.c:378:12:reserve_mmu	0	static
board_f.c:448:12:reserve_uboot	0	static
board_f.c:472:12:reserve_malloc	0	static
board_f.c:501:12:reserve_global_data	0	static
board_f.c:510:12:reserve_fdt	0	static
board_f.c:230:12:dram_init_banksize	8	static
board_f.c:669:12:setup_reloc	8	static
board_f.c:637:12:reloc_fdt	8	static
board_f.c:481:12:reserve_board	8	static
board_f.c:196:12:announce_dram_init	8	static
board_f.c:118:12:init_baud_rate	8	static
board_f.c:774:12:initf_dm	0	static
board_f.c:740:12:initf_bootstage	8	static
board_f.c:800:12:arch_cpu_init_dm	0	static
board_f.c:293:12:mach_cpu_init	0	static
board_f.c:405:12:reserve_video	0	static
board_f.c:436:12:reserve_trace	0	static
board_f.c:493:12:setup_machine	0	static
board_f.c:531:12:reserve_bootstage	0	static
board_f.c:563:12:display_new_sp	0	static
board_f.c:651:12:reloc_bootstage	0	static
board_f.c:765:12:initf_console_record	0	static
board_f.c:795:12:reserve_arch	0	static
board_f.c:68:13:coloured_LED_init	0	static
board_f.c:69:13:red_led_on	0	static
board_f.c:70:13:red_led_off	0	static
board_f.c:71:13:green_led_on	0	static
board_f.c:72:13:green_led_off	0	static
board_f.c:73:13:yellow_led_on	0	static
board_f.c:74:13:yellow_led_off	0	static
board_f.c:75:13:blue_led_on	0	static
board_f.c:76:13:blue_led_off	0	static
board_f.c:113:13:board_add_ram_info	0	static
board_f.c:202:12:show_dram_config	8	static
board_f.c:299:14:board_get_usable_ram_top	0	static
board_f.c:316:12:setup_dest_addr	16	static
board_f.c:545:12:arch_reserve_stacks	0	static
board_f.c:550:12:reserve_stacks	0	static
board_f.c:951:6:board_init_f	8	static
