log.h:367:19:log_init	0	static
board_r.c:85:12:initr_trace	0	static
board_r.c:94:12:initr_reloc	0	static
board_r.c:641:12:run_main_loop	8	static
board_r.c:571:12:initr_net	8	static
board_r.c:505:12:initr_ethaddr	8	static
board_r.c:497:12:initr_enable_interrupts	8	static
board_r.c:480:12:initr_jumptable	8	static
board_r.c:451:12:initr_env	8	static
board_r.c:167:12:initr_serial	8	static
board_r.c:281:12:initr_dm	0	static
board_r.c:306:12:initr_bootstage	8	static
board_r.c:233:12:initr_malloc	8	static
board_r.c:120:12:initr_reloc_global_data	8	static
board_r.c:107:12:initr_caches	8	static
bootstage.h:367:19:bootstage_relocate	0	static
board_r.c:224:12:initr_barrier	0	static
board_r.c:248:12:initr_console_record	0	static
board_r.c:313:12:power_init_board	0	static
board_r.c:318:12:initr_announce	0	static
board_r.c:57:12:board_flash_wp_on	0	static
board_r.c:67:13:cpu_secondary_init_r	0	static
board_r.c:71:12:initr_secondary_cpu	8	static
board_r.c:115:12:fixup_cpu	0	static
board_r.c:853:6:board_init_r	8	static
