console.c:195:12:console_tstc	32	static
console.c:218:13:console_putc	24	static
console.c:242:13:console_puts	24	static
console.c:443:13:pre_console_putc	0	static
console.c:24:12:on_console	24	static
console.c:293:5:serial_printf	1040	static
console.c:185:12:console_getc.isra.0	8	static
console.c:491:6:putc	8	static
console.c:413:5:tstc	0	static
console.c:385:5:getc	8	static
console.c:536:6:puts	8	static
console.c:460:13:print_pre_console_buffer	4128	static
console.c:311:5:fgetc	16	static
console.c:344:5:ftstc	0	static
console.c:352:6:fputc	0	static
console.c:358:6:fputs	0	static
console.c:364:5:fprintf	1044	static
console.c:606:5:ctrlc	8	static
console.c:625:5:confirm_yesno	24	static
console.c:652:5:disable_ctrlc	0	static
console.c:660:5:had_ctrlc	0	static
console.c:665:6:clear_ctrlc	0	static
console.c:672:19:search_device	8	static
console.c:688:5:console_assign	16	static
console.c:726:5:console_announce_r	0	static
console.c:740:5:console_init_f	8	static
console.c:751:6:stdio_print_current_devices	8	static
console.c:778:5:console_init_r	32	static
