fdt_support.c:1018:12:of_bus_default_map	28	static
fdt_support.c:1543:12:fdt_read_prop	16	static
fdt_support.c:1034:12:of_bus_default_translate	32	static
fdt_support.c:1001:6:fdt_support_default_count_cells	24	static
fdt_support.c:31:5:fdt_getprop_u32_default_node	24	static
fdt_support.c:61:5:fdt_getprop_u32_default	24	static
fdt_support.c:85:5:fdt_find_and_setprop	32	static
fdt_support.c:109:5:fdt_find_or_add_subnode	24	static
fdt_support.c:187:5:fdt_root	24	static
fdt_support.c:213:5:fdt_initrd	72	static
fdt_support.c:273:5:fdt_chosen	24	static
fdt_support.c:304:6:do_fixup_by_path	24	static
fdt_support.c:320:6:do_fixup_by_path_u32	24	static
fdt_support.c:327:6:do_fixup_by_prop	40	static
fdt_support.c:348:6:do_fixup_by_prop_u32	32	static
fdt_support.c:356:6:do_fixup_by_compat	40	static
fdt_support.c:375:6:do_fixup_by_compat_u32	24	static
fdt_support.c:416:5:fdt_fixup_memory_banks	120	static
fdt_support.c:476:5:fdt_fixup_memory	16	static
fdt_support.c:481:6:fdt_fixup_ethernet	80	static
fdt_support.c:559:5:fdt_record_loadable	48	static
fdt_support.c:599:5:fdt_shrink_to_minimum	56	static
fdt_support.c:712:5:fdt_increase_size	0	static
fdt_support.c:927:6:fdt_del_node_and_alias	16	static
fdt_support.c:1277:5:fdt_translate_address	96	static
fdt_support.c:1292:5:fdt_node_offset_by_compat_reg	40	static
fdt_support.c:1313:5:fdt_alloc_phandle	16	static
fdt_support.c:1333:5:fdt_set_phandle	40	static
fdt_support.c:1372:14:fdt_create_phandle	16	static
fdt_support.c:1402:5:fdt_set_node_status	40	static
fdt_support.c:1443:5:fdt_set_status_by_alias	16	static
fdt_support.c:1452:5:fdt_add_edid	40	static
fdt_support.c:1489:5:fdt_verify_alias_address	48	static
fdt_support.c:1530:5:fdt_get_base_address	24	static
fdt_support.c:1579:5:fdt_read_range	56	static
fdt_support.c:1647:5:fdt_setup_simplefb_node	104	static
fdt_support.c:1700:5:fdt_fixup_display	40	static
fdt_support.c:1735:5:fdt_overlay_apply_verbose	16	static
