miiphyutil.c:38:17:miiphy_get_dev_by_name	16	static
miiphyutil.c:61:6:miiphy_init	0	static
miiphyutil.c:67:17:mdio_alloc	8	static
miiphyutil.c:83:6:mdio_free	0	static
miiphyutil.c:88:5:mdio_register	16	static
miiphyutil.c:109:5:mdio_register_seq	8	static
miiphyutil.c:121:5:mdio_unregister	0	static
miiphyutil.c:135:6:mdio_list_devices	40	static
miiphyutil.c:160:5:miiphy_set_current_dev	8	static
miiphyutil.c:210:24:miiphy_get_active_dev	16	static
miiphyutil.c:175:17:mdio_get_current_dev	0	static
miiphyutil.c:180:20:mdio_phydev_for_ethname	24	static
miiphyutil.c:202:13:miiphy_get_current_dev	0	static
miiphyutil.c:234:5:miiphy_read	24	static
miiphyutil.c:262:5:miiphy_write	24	static
miiphyutil.c:278:6:miiphy_listdev	16	static
miiphyutil.c:307:5:miiphy_info	32	static
miiphyutil.c:349:5:miiphy_reset	32	static
miiphyutil.c:392:5:miiphy_speed	24	static
miiphyutil.c:450:5:miiphy_duplex	24	static
miiphyutil.c:515:5:miiphy_is_1000base_x	0	static
