usb_storage.c:327:12:usb_stor_irq	0	static
usb_storage.c:448:12:usb_stor_BBB_reset	40	static
usb_storage.c:502:12:usb_stor_CB_reset	56	static
usb_storage.c:697:12:usb_stor_BBB_clear_endpt_stall.isra.0	32	static
usb_storage.c:705:12:usb_stor_BBB_transport	312	static
usb_storage.c:581:12:usb_stor_CB_comdat	88	static
usb_storage.c:650:12:usb_stor_CBI_get_status.isra.2	32	static
usb_storage.c:828:12:usb_stor_CB_transport	288	static
usb_storage.c:997:12:usb_request_sense.constprop	16	static
usb_storage.c:1128:22:usb_stor_read	56	static
usb_storage.c:1209:22:usb_stor_write	56	static
usb_storage.c:136:5:usb_stor_info	24	static
usb_storage.c:289:6:usb_stor_reset	0	static
usb_storage.c:299:5:usb_stor_scan	8	static
usb_storage.c:1292:5:usb_storage_probe	32	static
usb_storage.c:1414:5:usb_stor_get_info	296	static
usb_storage.c:1502:12:usb_mass_storage_probe	192	static
