fs.c:28:19:fs_probe_unsupported	8	static
fs.c:35:19:fs_ls_unsupported	0	static
fs.c:69:19:fs_exists_unsupported	0	static
fs.c:74:19:fs_size_unsupported	0	static
fs.c:79:19:fs_read_unsupported	0	static
fs.c:93:20:fs_close_unsupported	0	static
fs.c:102:19:fs_opendir_unsupported	0	static
fs.c:280:28:fs_get_info.part.0	0	static
fs.c:375:13:fs_close	8	static
fs.c:86:19:fs_write_unsupported	0	static
fs.c:113:19:fs_mkdir_unsupported	0	static
fs.c:97:19:fs_uuid_unsupported	0	static
fs.c:108:19:fs_unlink_unsupported	0	static
fs.c:302:13:fs_get_type_name	8	static
fs.c:307:5:fs_set_blk_dev	40	static
fs.c:352:5:fs_set_blk_dev_with_part	24	static
fs.c:384:5:fs_uuid	8	static
fs.c:391:5:fs_ls	16	static
fs.c:405:5:fs_exists	8	static
fs.c:418:5:fs_size	16	static
fs.c:431:5:fs_read	40	static
fs.c:454:5:fs_write	48	static
fs.c:474:23:fs_opendir	24	static
fs.c:493:19:fs_readdir	16	static
fs.c:512:6:fs_closedir	8	static
fs.c:42:12:fs_ls_generic	40	static
fs.c:526:5:fs_unlink	16	static
fs.c:540:5:fs_mkdir	16	static
fs.c:554:5:do_size	24	static
fs.c:573:5:do_load	72	static
fs.c:643:5:do_ls	16	static
fs.c:660:5:file_exists	8	static
fs.c:669:5:do_save	64	static
fs.c:711:5:do_fs_uuid	56	static
fs.c:736:5:do_fs_type	16	static
fs.c:756:5:do_rm	8	static
fs.c:771:5:do_mkdir	8	static
