charset.c:29:12:get_code	16	static
charset.c:84:11:read_string	0	static
charset.c:103:11:read_console	8	static
charset.c:108:5:console_read_unicode	8	static
charset.c:120:5:utf8_get	0	static
charset.c:125:5:utf8_put	12	static
charset.c:154:8:utf8_utf16_strnlen	24	static
charset.c:191:5:utf16_get	0	static
charset.c:219:5:utf16_put	0	static
charset.c:175:5:utf8_utf16_strncpy	24	static
charset.c:237:8:utf16_strnlen	24	static
charset.c:255:8:utf16_utf8_strnlen	24	static
charset.c:279:5:utf16_utf8_strncpy	24	static
charset.c:295:5:utf_to_lower	0	static
charset.c:314:5:utf_to_upper	0	static
charset.c:333:8:u16_strlen	0	static
charset.c:340:8:u16_strnlen	0	static
charset.c:348:10:utf16_to_utf8	20	static
