swab.h:112:48:__fswab32	0	static
image.h:378:1:image_get_magic	0	static
image.h:381:1:image_get_size	0	static
image.c:172:5:image_check_hcrc	80	static
image.c:187:5:image_check_dcrc	16	static
image.c:209:7:image_multi_count	0	static
image.c:242:6:image_multi_getimg	32	static
image.c:419:5:getenv_yesno	8	static
image.c:425:7:getenv_bootm_low	8	static
image.c:442:13:getenv_bootm_size	8	static
image.c:464:13:getenv_bootm_mapsize	8	static
image.c:480:6:memmove_wd	0	static
image.c:500:6:genimg_print_size	8	static
image.c:542:7:get_table_entry_name	0	static
image.c:555:13:genimg_get_os_name	0	static
image.c:560:13:genimg_get_arch_name	0	static
image.c:566:13:genimg_get_type_name	0	static
image.c:571:13:genimg_get_comp_name	0	static
image.c:302:6:image_print_contents	40	static
image.c:591:5:get_table_entry_id	16	static
image.c:625:5:genimg_get_os_id	0	static
image.c:630:5:genimg_get_arch_id	0	static
image.c:635:5:genimg_get_type_id	0	static
image.c:640:5:genimg_get_comp_id	0	static
image.c:660:5:genimg_get_format	8	static
image.c:692:7:genimg_get_image	0	static
image.c:764:5:genimg_has_config	0	static
image.c:795:5:boot_get_ramdisk	40	static
image.c:1069:5:boot_ramdisk_high	24	static
image.c:1728:5:boot_get_cmdline	24	static
