clk-sun8iw11.c:155:12:get_factors_pll_audio	0	static
clk-sun8iw11.c:562:22:calc_rate_pll_periph	0	static
clk-sun8iw11.c:581:4:get_parent_pll_mipi	0	static
clk-sun8iw11.c:595:5:set_parent_pll_mipi	0	static
clk-sun8iw11.c:631:13:clk_disable_pll_mipi	0	static
clk-sun8iw11.c:549:22:calc_rate_pll_ddr1	16	static
clk-sun8iw11.c:571:22:calc_rate_pll_mipi	16	static
clk-sun8iw11.c:360:12:get_factors_pll_mipi	48	static
clk-sun8iw11.c:538:22:calc_rate_pll_sata	16	static
clk-sun8iw11.c:527:22:calc_rate_pll_ddr0	16	static
clk-sun8iw11.c:508:22:calc_rate_media	16	static
clk-sun8iw11.c:486:22:calc_rate_pll_audio	16	static
clk-sun8iw11.c:473:22:calc_rate_pll_cpu	16	static
clk-sun8iw11.c:452:12:get_factors_pll_ddr1	16	static
clk-sun8iw11.c:418:12:get_factors_pll_de	24	static
clk-sun8iw11.c:326:12:get_factors_pll_gpu	24	static
clk-sun8iw11.c:400:12:get_factors_pll_sata	16	static
clk-sun8iw11.c:292:12:get_factors_pll_video1	24	static
clk-sun8iw11.c:275:12:get_factors_pll_periph1	16	static
clk-sun8iw11.c:257:12:get_factors_pll_periph0	16	static
clk-sun8iw11.c:239:12:get_factors_pll_ddr0	16	static
clk-sun8iw11.c:205:12:get_factors_pll_ve	24	static
clk-sun8iw11.c:171:12:get_factors_pll_video0	24	static
clk-sun8iw11.c:136:12:get_factors_pll_cpu	16	static
clk-sun8iw11.c:609:12:clk_enable_pll_mipi	16	static
clk-sun8iw11_tbl.c:1558:6:sunxi_clk_factor_initlimits	0	static
clk-sun8iw11.c:1395:7:init_clocks	32	static
