clk.c:40:13:__clk_disable	8	static
clk.c:154:13:__clk_recalc_rates	8	static
clk.c:71:12:__clk_enable	16	static
clk.c:22:13:__clk_lookup	16	static
clk.c:57:15:__clk_get_rate	0	static
clk.c:215:5:__clk_init	24	static
clk.c:310:5:clk_disable	8	static
clk.c:321:5:clk_prepare_enable	0	static
clk.c:341:6:clk_round_rate	16	static
clk.c:359:13:clk_get_parent	0	static
clk.c:364:5:clk_set_parent	32	static
clk.c:399:15:clk_get_rate	8	static
clk.c:409:5:clk_set_rate	24	static
clk.c:455:13:clk_get	0	static
clk.c:463:6:clk_put	0	static
clk.c:467:7:clk_init	0	static
clk.c:472:13:clk_register	16	static
clk.c:502:5:of_pll_clk_config_setup	40	static
clk.c:568:5:of_periph_clk_config_setup	96	static
clk.c:651:13:of_clk_get	72	static
