Archive member included because of file (symbol)

/home/taga/NuttX/brandy/gcc-linaro/bin/../lib/gcc/arm-linux-gnueabi/4.6.3/libgcc.a(_udivsi3.o)
                              arch/arm/cpu/armv7/sun8iw11p1/built-in.o (__aeabi_uidiv)
/home/taga/NuttX/brandy/gcc-linaro/bin/../lib/gcc/arm-linux-gnueabi/4.6.3/libgcc.a(_divsi3.o)
                              arch/arm/cpu/armv7/sun8iw11p1/built-in.o (__aeabi_idiv)
/home/taga/NuttX/brandy/gcc-linaro/bin/../lib/gcc/arm-linux-gnueabi/4.6.3/libgcc.a(_lshrdi3.o)
                              fs/built-in.o (__aeabi_llsr)
/home/taga/NuttX/brandy/gcc-linaro/bin/../lib/gcc/arm-linux-gnueabi/4.6.3/libgcc.a(_ashrdi3.o)
                              drivers/built-in.o (__aeabi_lasr)
/home/taga/NuttX/brandy/gcc-linaro/bin/../lib/gcc/arm-linux-gnueabi/4.6.3/libgcc.a(_ashldi3.o)
                              drivers/mmc/built-in.o (__aeabi_llsl)
/home/taga/NuttX/brandy/gcc-linaro/bin/../lib/gcc/arm-linux-gnueabi/4.6.3/libgcc.a(_arm_addsubdf3.o)
                              common/built-in.o (__aeabi_dadd)
/home/taga/NuttX/brandy/gcc-linaro/bin/../lib/gcc/arm-linux-gnueabi/4.6.3/libgcc.a(_arm_muldivdf3.o)
                              common/built-in.o (__aeabi_dmul)
/home/taga/NuttX/brandy/gcc-linaro/bin/../lib/gcc/arm-linux-gnueabi/4.6.3/libgcc.a(_arm_fixdfsi.o)
                              drivers/power/built-in.o (__aeabi_d2iz)
/home/taga/NuttX/brandy/gcc-linaro/bin/../lib/gcc/arm-linux-gnueabi/4.6.3/libgcc.a(_arm_fixunsdfsi.o)
                              common/built-in.o (__aeabi_d2uiz)
/home/taga/NuttX/brandy/gcc-linaro/bin/../lib/gcc/arm-linux-gnueabi/4.6.3/libgcc.a(_arm_truncdfsf2.o)
                              board/sunxi/cartoon/built-in.o (__aeabi_d2f)
/home/taga/NuttX/brandy/gcc-linaro/bin/../lib/gcc/arm-linux-gnueabi/4.6.3/libgcc.a(_arm_addsubsf3.o)
                              board/sunxi/cartoon/built-in.o (__aeabi_fsub)
/home/taga/NuttX/brandy/gcc-linaro/bin/../lib/gcc/arm-linux-gnueabi/4.6.3/libgcc.a(_arm_muldivsf3.o)
                              board/sunxi/cartoon/built-in.o (__aeabi_fmul)
/home/taga/NuttX/brandy/gcc-linaro/bin/../lib/gcc/arm-linux-gnueabi/4.6.3/libgcc.a(_arm_fixsfsi.o)
                              board/sunxi/cartoon/built-in.o (__aeabi_f2iz)
/home/taga/NuttX/brandy/gcc-linaro/bin/../lib/gcc/arm-linux-gnueabi/4.6.3/libgcc.a(_dvmd_lnx.o)
                              /home/taga/NuttX/brandy/gcc-linaro/bin/../lib/gcc/arm-linux-gnueabi/4.6.3/libgcc.a(_udivsi3.o) (__aeabi_idiv0)

Discarded input sections

 .text          0x00000000        0x0 arch/arm/cpu/armv7/spare_head.o
 .data          0x00000000        0x0 arch/arm/cpu/armv7/spare_head.o
 .bss           0x00000000        0x0 arch/arm/cpu/armv7/spare_head.o
 .text          0x00000000        0x0 arch/arm/cpu/armv7/uboot_hash.o
 .data          0x00000000        0x0 arch/arm/cpu/armv7/uboot_hash.o
 .bss           0x00000000        0x0 arch/arm/cpu/armv7/uboot_hash.o
 .data          0x00000000        0x0 arch/arm/cpu/armv7/start.o
 .bss           0x00000000        0x0 arch/arm/cpu/armv7/start.o
 .text.mmu_page_table_flush
                0x00000000       0x24 arch/arm/cpu/armv7/built-in.o
 .text.cleanup_before_powerdown
                0x00000000       0x38 arch/arm/cpu/armv7/built-in.o
 .text.sdelay   0x00000000        0xc arch/arm/cpu/armv7/built-in.o
 .text.wait_on_value
                0x00000000       0x34 arch/arm/cpu/armv7/built-in.o
 .data          0x00000000        0x0 arch/arm/cpu/armv7/built-in.o
 .bss           0x00000000        0x0 arch/arm/cpu/armv7/built-in.o
 .text          0x00000000        0x0 arch/arm/cpu/armv7/sun8iw11p1/built-in.o
 .text.ccm_clock_disable
                0x00000000       0x4c arch/arm/cpu/armv7/sun8iw11p1/built-in.o
 .text.sunxi_set_bootmode_flag
                0x00000000       0x34 arch/arm/cpu/armv7/sun8iw11p1/built-in.o
 .text.sunxi_get_bootmode_flag
                0x00000000       0x10 arch/arm/cpu/armv7/sun8iw11p1/built-in.o
 .data          0x00000000        0x0 arch/arm/cpu/armv7/sun8iw11p1/built-in.o
 .bss           0x00000000        0x0 arch/arm/cpu/armv7/sun8iw11p1/built-in.o
 .text          0x00000000        0x0 arch/arm/cpu/armv7/sunxi-common/built-in.o
 .text.disable_caches
                0x00000000       0x10 arch/arm/cpu/armv7/sunxi-common/built-in.o
 .text.display_inner
                0x00000000       0x20 arch/arm/cpu/armv7/sunxi-common/built-in.o
 .text.sunxi_clear_fel_flag
                0x00000000       0x14 arch/arm/cpu/armv7/sunxi-common/built-in.o
 .text.sunxi_set_rtc_flag
                0x00000000       0x10 arch/arm/cpu/armv7/sunxi-common/built-in.o
 .text.cpu_spin_lock
                0x00000000        0x4 arch/arm/cpu/armv7/sunxi-common/built-in.o
 .text.cpu_spin_trylock
                0x00000000        0x8 arch/arm/cpu/armv7/sunxi-common/built-in.o
 .text.cpu_spin_unlock
                0x00000000        0x4 arch/arm/cpu/armv7/sunxi-common/built-in.o
[...]
Memory Configuration

Name             Origin             Length             Attributes
*default*        0x00000000         0xffffffff

Linker script and memory map

                0x4a000000                . = 0x4a000000
                0x4a000000                . = ALIGN (0x4)

.head           0x4a000000      0x600
 *(.__image_copy_start)
 .__image_copy_start
                0x4a000000        0x0 arch/arm/lib/built-in.o
                0x4a000000                __image_copy_start
 arch/arm/cpu/armv7/spare_head.o(.data*)
 .data.uboot_spare_head
                0x4a000000      0x600 arch/arm/cpu/armv7/spare_head.o
                0x4a000000                uboot_spare_head

.hash           0x4a000600       0x40
 arch/arm/cpu/armv7/uboot_hash.o(.data*)
 .data.uboot_hash_value
                0x4a000600       0x40 arch/arm/cpu/armv7/uboot_hash.o
                0x4a000600                uboot_hash_value
                0x4a000640                . = ALIGN (0x4)

.text           0x4a000640    0x93834
 *(.vectors)
 .vectors       0x4a000640      0x2c0 arch/arm/lib/built-in.o
                0x4a000640                _start
                0x4a000660                _reset_vec
                0x4a000664                _undefined_instruction
                0x4a000668                _software_interrupt
                0x4a00066c                _prefetch_abort
                0x4a000670                _data_abort
                0x4a000674                _not_used
                0x4a000678                _irq
                0x4a00067c                _fiq
                0x4a000680                IRQ_STACK_START_IN
                0x4a000684                IRQ_STACK_START
                0x4a000688                FIQ_STACK_START
 arch/arm/cpu/armv7/start.o(.text*)
 .text          0x4a000900       0xd8 arch/arm/cpu/armv7/start.o
                0x4a000900                _TEXT_BASE
                0x4a000904                reset
                0x4a000944                c_runtime_cpu_setup
                0x4a00095c                save_boot_params
                0x4a000960                cpu_init_cp15
                0x4a000998                cpu_init_crit
                0x4a00099c                get_core_pos
                0x4a0009b0                cpu0_set_irq_stack
 *(.text*)
 .text          0x4a0009d8       0x24 arch/arm/cpu/armv7/built-in.o
                0x4a0009d8                lowlevel_init
 .text.v7_maint_dcache_all
                0x4a0009fc       0xe8 arch/arm/cpu/armv7/built-in.o
 .text.v7_dcache_maint_range
                0x4a000ae4       0xc8 arch/arm/cpu/armv7/built-in.o
 .text.invalidate_icache_all
                0x4a000bac       0x18 arch/arm/cpu/armv7/built-in.o
                0x4a000bac                invalidate_icache_all
 .text.v7_outer_cache_enable
                0x4a000bc4        0x4 arch/arm/cpu/armv7/built-in.o
                0x4a000bc4                v7_outer_cache_enable
 .text.v7_outer_cache_disable
                0x4a000bc8        0x4 arch/arm/cpu/armv7/built-in.o
                0x4a000bc8                v7_outer_cache_disable
 .text.v7_outer_cache_flush_all
                0x4a000bcc        0x4 arch/arm/cpu/armv7/built-in.o
                0x4a000bcc                v7_outer_cache_flush_all
 .text.flush_dcache_all
                0x4a000bd0       0x14 arch/arm/cpu/armv7/built-in.o
                0x4a000bd0                flush_dcache_all
 .text.v7_outer_cache_inval_all
                0x4a000be4        0x4 arch/arm/cpu/armv7/built-in.o
                0x4a000be4                v7_outer_cache_inval_all
 .text.invalidate_dcache_all
                0x4a000be8       0x14 arch/arm/cpu/armv7/built-in.o
                0x4a000be8                invalidate_dcache_all
 .text.arm_init_before_mmu
                0x4a000bfc       0x28 arch/arm/cpu/armv7/built-in.o
                0x4a000bfc                arm_init_before_mmu
 .text.v7_outer_cache_flush_range
                0x4a000c24        0x4 arch/arm/cpu/armv7/built-in.o
                0x4a000c24                v7_outer_cache_flush_range
 .text.flush_dcache_range
                0x4a000c28       0x24 arch/arm/cpu/armv7/built-in.o
                0x4a000c28                flush_dcache_range
 .text.flush_cache
                0x4a000c4c        0x8 arch/arm/cpu/armv7/built-in.o
                0x4a000c4c                flush_cache
 .text.v7_outer_cache_inval_range
                0x4a000c54        0x4 arch/arm/cpu/armv7/built-in.o
                0x4a000c54                v7_outer_cache_inval_range
 .text.invalidate_dcache_range
                0x4a000c58       0x24 arch/arm/cpu/armv7/built-in.o
                0x4a000c58                invalidate_dcache_range
 .text.cpu_cache_initialization
                0x4a000c7c        0x4 arch/arm/cpu/armv7/built-in.o
                0x4a000c7c                cpu_cache_initialization
 .text.cleanup_before_linux
                0x4a000c80       0x28 arch/arm/cpu/armv7/built-in.o
                0x4a000c80                cleanup_before_linux
 .text.sunxi_clock_get_pll6
                0x4a000ca8       0x30 arch/arm/cpu/armv7/sun8iw11p1/built-in.o
                0x4a000ca8                sunxi_clock_get_pll6
 .text.sunxi_clock_get_corepll
                0x4a000cd8       0x6c arch/arm/cpu/armv7/sun8iw11p1/built-in.o
                0x4a000cd8                sunxi_clock_get_corepll
 .text.sunxi_clock_get_axi
                0x4a000d44       0x24 arch/arm/cpu/armv7/sun8iw11p1/built-in.o
                0x4a000d44                sunxi_clock_get_axi
 .text.sunxi_clock_get_ahb
                0x4a000d68       0x58 arch/arm/cpu/armv7/sun8iw11p1/built-in.o
                0x4a000d68                sunxi_clock_get_ahb
 .text.sunxi_clock_get_apb
                0x4a000dc0       0x28 arch/arm/cpu/armv7/sun8iw11p1/built-in.o
                0x4a000dc0                sunxi_clock_get_apb
 .text.sunxi_clock_get_mbus
                0x4a000de8       0x48 arch/arm/cpu/armv7/sun8iw11p1/built-in.o
                0x4a000de8                sunxi_clock_get_mbus
 .text.pll_lock_is_new_mode
                0x4a000e30       0x14 arch/arm/cpu/armv7/sun8iw11p1/built-in.o
                0x4a000e30                pll_lock_is_new_mode
 .text.enable_pll_lock_bit
                0x4a000e44       0x18 arch/arm/cpu/armv7/sun8iw11p1/built-in.o
                0x4a000e44                enable_pll_lock_bit
 .text.disable_pll_lock_bit
                0x4a000e5c       0x18 arch/arm/cpu/armv7/sun8iw11p1/built-in.o
                0x4a000e5c                disable_pll_lock_bit
 .text.sunxi_clock_set_corepll
                0x4a000e74      0x108 arch/arm/cpu/armv7/sun8iw11p1/built-in.o
                0x4a000e74                sunxi_clock_set_corepll
 .text.ccm_module_disable
                0x4a000f7c       0x24 arch/arm/cpu/armv7/sun8iw11p1/built-in.o
                0x4a000f7c                ccm_module_disable
 .text.ccm_module_enable
                0x4a000fa0       0x24 arch/arm/cpu/armv7/sun8iw11p1/built-in.o
                0x4a000fa0                ccm_module_enable
 .text.ccm_clock_enable
                0x4a000fc4       0x4c arch/arm/cpu/armv7/sun8iw11p1/built-in.o
                0x4a000fc4                ccm_clock_enable
 .text.ccm_module_reset
                0x4a001010       0x18 arch/arm/cpu/armv7/sun8iw11p1/built-in.o
                0x4a001010                ccm_module_reset
 .text.ccm_get_pll_periph_clk
                0x4a001028        0x4 arch/arm/cpu/armv7/sun8iw11p1/built-in.o
                0x4a001028                ccm_get_pll_periph_clk
 .text.power_source_init
                0x4a00102c      0x158 arch/arm/cpu/armv7/sun8iw11p1/built-in.o
                0x4a00102c                power_source_init
 .text.sunxi_probe_securemode
                0x4a001184       0x14 arch/arm/cpu/armv7/sun8iw11p1/built-in.o
                0x4a001184                sunxi_probe_securemode
 .text.sunxi_set_secure_mode
                0x4a001198        0x8 arch/arm/cpu/armv7/sun8iw11p1/built-in.o
                0x4a001198                sunxi_set_secure_mode
 .text.axp_usb_vbus_output
                0x4a0011a0       0x44 arch/arm/cpu/armv7/sun8iw11p1/built-in.o
                0x4a0011a0                axp_usb_vbus_output
 .text.usb_open_clock
                0x4a0011e4       0x80 arch/arm/cpu/armv7/sun8iw11p1/built-in.o
                0x4a0011e4                usb_open_clock
 .text.usb_close_clock
                0x4a001264       0x54 arch/arm/cpu/armv7/sun8iw11p1/built-in.o
                0x4a001264                usb_close_clock
 .text.s_init   0x4a0012b8       0x14 arch/arm/cpu/armv7/sunxi-common/built-in.o
                0x4a0012b8                s_init
 .text.reset_cpu
                0x4a0012cc       0x14 arch/arm/cpu/armv7/sunxi-common/built-in.o
                0x4a0012cc                reset_cpu
 .text.enable_caches
                0x4a0012e0       0x10 arch/arm/cpu/armv7/sunxi-common/built-in.o
                0x4a0012e0                enable_caches
 .text.script_init
                0x4a0012f0       0x40 arch/arm/cpu/armv7/sunxi-common/built-in.o
                0x4a0012f0                script_init
 .text.sunxi_set_fel_flag
                0x4a001330       0x1c arch/arm/cpu/armv7/sunxi-common/built-in.o
                0x4a001330                sunxi_set_fel_flag
 .text.sunxi_board_close_source
                0x4a00134c       0x2c arch/arm/cpu/armv7/sunxi-common/built-in.o
                0x4a00134c                sunxi_board_close_source
 .text.sunxi_pmu_reset
                0x4a001378        0xc arch/arm/cpu/armv7/sunxi-common/built-in.o
                0x4a001378                sunxi_pmu_reset
 .text.sunxi_board_restart
                0x4a001384       0x50 arch/arm/cpu/armv7/sunxi-common/built-in.o
                0x4a001384                sunxi_board_restart
 .text.sunxi_board_shutdown
                0x4a0013d4       0x58 arch/arm/cpu/armv7/sunxi-common/built-in.o
                0x4a0013d4                sunxi_board_shutdown
 .text.sunxi_board_prepare_kernel
                0x4a00142c       0x24 arch/arm/cpu/armv7/sunxi-common/built-in.o
                0x4a00142c                sunxi_board_prepare_kernel
 .text.sunxi_flush_allcaches
                0x4a001450       0x14 arch/arm/cpu/armv7/sunxi-common/built-in.o
                0x4a001450                sunxi_flush_allcaches
 .text.sunxi_board_run_fel
                0x4a001464       0x5c arch/arm/cpu/armv7/sunxi-common/built-in.o
                0x4a001464                sunxi_board_run_fel
 .text.sunxi_board_run_fel_eraly
                0x4a0014c0       0x44 arch/arm/cpu/armv7/sunxi-common/built-in.o
                0x4a0014c0                sunxi_board_run_fel_eraly
 .text.sunxi_probe_secure_monitor
                0x4a001504       0x1c arch/arm/cpu/armv7/sunxi-common/built-in.o
                0x4a001504                sunxi_probe_secure_monitor
 .text.sunxi_probe_secure_os
                0x4a001520       0x10 arch/arm/cpu/armv7/sunxi-common/built-in.o
                0x4a001520                sunxi_probe_secure_os
 .text.sunxi_get_securemode
                0x4a001530        0x8 arch/arm/cpu/armv7/sunxi-common/built-in.o
                0x4a001530                sunxi_get_securemode
 *fill*         0x4a001538        0x8 00
 .text          0x4a001540      0x58c arch/arm/lib/built-in.o
                0x4a001540                _main
                0x4a0015c4                relocate_code
                0x4a001660                memset
                0x4a001720                memcpy
 .text.arch_fixup_memory_node
                0x4a001acc       0x38 arch/arm/lib/built-in.o
                0x4a001acc                arch_fixup_memory_node
 .text.boot_jump_linux
                0x4a001b04       0xd8 arch/arm/lib/built-in.o
 .text.arch_lmb_reserve
                0x4a001bdc       0x24 arch/arm/lib/built-in.o
                0x4a001bdc                arch_lmb_reserve
 .text.setup_board_tags
                0x4a001c00        0x4 arch/arm/lib/built-in.o
                0x4a001c00                setup_board_tags
 .text.boot_prep_linux
                0x4a001c04      0x178 arch/arm/lib/built-in.o
 .text.do_bootm_linux
                0x4a001d7c       0x5c arch/arm/lib/built-in.o
                0x4a001d7c                do_bootm_linux
 .text.boot_prep_vxworks
                0x4a001dd8       0x4c arch/arm/lib/built-in.o
                0x4a001dd8                boot_prep_vxworks
 .text.boot_jump_vxworks
                0x4a001e24       0x14 arch/arm/lib/built-in.o
                0x4a001e24                boot_jump_vxworks
 .text.interrupt_init
                0x4a001e38       0x4c arch/arm/lib/built-in.o
                0x4a001e38                interrupt_init
 .text.interrupt_exit
                0x4a001e84        0x4 arch/arm/lib/built-in.o
                0x4a001e84                interrupt_exit
 .text.enable_interrupts
                0x4a001e88       0x10 arch/arm/lib/built-in.o
                0x4a001e88                enable_interrupts
 .text.interrupts_is_open
                0x4a001e98       0x14 arch/arm/lib/built-in.o
                0x4a001e98                interrupts_is_open
 .text.disable_interrupts
                0x4a001eac       0x1c arch/arm/lib/built-in.o
                0x4a001eac                disable_interrupts
 .text.bad_mode
                0x4a001ec8       0x10 arch/arm/lib/built-in.o
                0x4a001ec8                bad_mode
 .text.show_regs
                0x4a001ed8      0x140 arch/arm/lib/built-in.o
                0x4a001ed8                show_regs
 .text.do_undefined_instruction
                0x4a002018       0x20 arch/arm/lib/built-in.o
                0x4a002018                do_undefined_instruction
 .text.do_software_interrupt
                0x4a002038       0x20 arch/arm/lib/built-in.o
                0x4a002038                do_software_interrupt
 .text.do_prefetch_abort
                0x4a002058       0x20 arch/arm/lib/built-in.o
                0x4a002058                do_prefetch_abort
 .text.do_data_abort
                0x4a002078       0x20 arch/arm/lib/built-in.o
                0x4a002078                do_data_abort
 .text.do_not_used
                0x4a002098       0x20 arch/arm/lib/built-in.o
                0x4a002098                do_not_used
 .text.do_fiq   0x4a0020b8       0x20 arch/arm/lib/built-in.o
                0x4a0020b8                do_fiq
 .text.do_reset
                0x4a0020d8       0x2c arch/arm/lib/built-in.o
                0x4a0020d8                do_reset
 .text.cp_delay
                0x4a002104       0x30 arch/arm/lib/built-in.o
 .text.cache_disable
                0x4a002134       0x4c arch/arm/lib/built-in.o
 .text.arm_init_domains
                0x4a002180        0x4 arch/arm/lib/built-in.o
                0x4a002180                arm_init_domains
 .text.set_section_dcache
                0x4a002184       0x14 arch/arm/lib/built-in.o
                0x4a002184                set_section_dcache
 .text.dram_bank_mmu_setup
                0x4a002198       0x88 arch/arm/lib/built-in.o
                0x4a002198                dram_bank_mmu_setup
 .text.cache_enable
                0x4a002220       0x90 arch/arm/lib/built-in.o
 .text.icache_enable
                0x4a0022b0        0x8 arch/arm/lib/built-in.o
                0x4a0022b0                icache_enable
 .text.icache_disable
                0x4a0022b8        0x8 arch/arm/lib/built-in.o
                0x4a0022b8                icache_disable
 .text.dcache_enable
                0x4a0022c0        0x8 arch/arm/lib/built-in.o
                0x4a0022c0                dcache_enable
 .text.dcache_disable
                0x4a0022c8        0x8 arch/arm/lib/built-in.o
                0x4a0022c8                dcache_disable
 .text.dcache_status
                0x4a0022d0        0xc arch/arm/lib/built-in.o
                0x4a0022d0                dcache_status
 .text.sprite_cartoon_screen_set
                0x4a0022dc       0xa8 board/sunxi/cartoon/built-in.o
                0x4a0022dc                sprite_cartoon_screen_set
 .text.sprite_cartoon_test
                0x4a002384      0x1e4 board/sunxi/cartoon/built-in.o
                0x4a002384                sprite_cartoon_test
 .text.do_sunxi_screen_char
                0x4a002568       0x28 board/sunxi/cartoon/built-in.o
                0x4a002568                do_sunxi_screen_char
 .text.sprite_cartoon_create
                0x4a002590      0x14c board/sunxi/cartoon/built-in.o
                0x4a002590                sprite_cartoon_create
 .text.sprite_cartoon_upgrade
                0x4a0026dc       0x38 board/sunxi/cartoon/built-in.o
                0x4a0026dc                sprite_cartoon_upgrade
 .text.sprite_cartoon_progressbar_create
                0x4a002714       0xb8 board/sunxi/cartoon/built-in.o
                0x4a002714                sprite_cartoon_progressbar_create
 .text.sprite_cartoon_progressbar_config
                0x4a0027cc       0x90 board/sunxi/cartoon/built-in.o
                0x4a0027cc                sprite_cartoon_progressbar_config
 .text.sprite_cartoon_progressbar_active
                0x4a00285c       0x64 board/sunxi/cartoon/built-in.o
                0x4a00285c                sprite_cartoon_progressbar_active
 .text.sprite_cartoon_progressbar_upgrate
                0x4a0028c0      0x144 board/sunxi/cartoon/built-in.o
                0x4a0028c0                sprite_cartoon_progressbar_upgrate
 .text.sprite_cartoon_ui_draw_hollowrectangle
                0x4a002a04       0xd4 board/sunxi/cartoon/built-in.o
                0x4a002a04                sprite_cartoon_ui_draw_hollowrectangle
 .text.sprite_cartoon_ui_draw_solidrectangle
                0x4a002ad8       0xac board/sunxi/cartoon/built-in.o
                0x4a002ad8                sprite_cartoon_ui_draw_solidrectangle
 .text.sprite_cartoon_ui_set_color
                0x4a002b84       0x14 board/sunxi/cartoon/built-in.o
                0x4a002b84                sprite_cartoon_ui_set_color
 .text.sprite_cartoon_ui_get_color
                0x4a002b98       0x10 board/sunxi/cartoon/built-in.o
                0x4a002b98                sprite_cartoon_ui_get_color
 .text.uichar_change_newline
                0x4a002ba8       0x74 board/sunxi/cartoon/built-in.o
 .text.sprite_uichar_init
                0x4a002c1c      0x124 board/sunxi/cartoon/built-in.o
                0x4a002c1c                sprite_uichar_init
 .text.sprite_uichar_printf
                0x4a002d40      0x128 board/sunxi/cartoon/built-in.o
                0x4a002d40                sprite_uichar_printf
 .text.draw_pixel
                0x4a002e68       0x60 board/sunxi/cartoon/built-in.o
 .text.open_font
                0x4a002ec8       0xe0 board/sunxi/cartoon/built-in.o
                0x4a002ec8                open_font
 .text.check_change_line
                0x4a002fa8       0x60 board/sunxi/cartoon/built-in.o
                0x4a002fa8                check_change_line
 .text.draw_bmp_ulc
                0x4a003008       0xd4 board/sunxi/cartoon/built-in.o
                0x4a003008                draw_bmp_ulc
 .text.is_valid_face
                0x4a0030dc       0x28 board/sunxi/cartoon/built-in.o
 .text.release_hdl_res
                0x4a003104       0xb4 board/sunxi/cartoon/built-in.o
 .text.SFTE_New_Face
                0x4a0031b8      0x214 board/sunxi/cartoon/built-in.o
                0x4a0031b8                SFTE_New_Face
 .text.SFTE_Done_Face
                0x4a0033cc       0x40 board/sunxi/cartoon/built-in.o
                0x4a0033cc                SFTE_Done_Face
 .text.SFTE_Set_Pixel_Sizes
                0x4a00340c      0x170 board/sunxi/cartoon/built-in.o
                0x4a00340c                SFTE_Set_Pixel_Sizes
 .text.SFTE_Get_Glyph
                0x4a00357c      0x208 board/sunxi/cartoon/built-in.o
                0x4a00357c                SFTE_Get_Glyph
 .text.sunxi_dump
                0x4a003784       0x5c board/sunxi/common/built-in.o
                0x4a003784                sunxi_dump
 .text.PIO_REG_CFG
                0x4a0037e0       0x1c board/sunxi/common/built-in.o
                0x4a0037e0                PIO_REG_CFG
 .text.PIO_REG_PULL
                0x4a0037fc       0x20 board/sunxi/common/built-in.o
                0x4a0037fc                PIO_REG_PULL
 .text.PIO_REG_DLEVEL
                0x4a00381c       0x20 board/sunxi/common/built-in.o
                0x4a00381c                PIO_REG_DLEVEL
 .text.PIO_REG_CFG_VALUE
                0x4a00383c       0x18 board/sunxi/common/built-in.o
                0x4a00383c                PIO_REG_CFG_VALUE
 .text.gpio_set_one_pin_io_status
                0x4a003854       0xbc board/sunxi/common/built-in.o
                0x4a003854                gpio_set_one_pin_io_status
 .text.gpio_set_one_pin_pull
                0x4a003910       0xbc board/sunxi/common/built-in.o
                0x4a003910                gpio_set_one_pin_pull
 .text.gpio_write_one_pin_value
                0x4a0039cc       0xe0 board/sunxi/common/built-in.o
                0x4a0039cc                gpio_write_one_pin_value
 .text.gpio_request_early
                0x4a003aac      0x3c0 board/sunxi/common/built-in.o
                0x4a003aac                gpio_request_early
 .text.gpio_request
                0x4a003e6c      0x4a8 board/sunxi/common/built-in.o
                0x4a003e6c                gpio_request
 .text.gpio_release
                0x4a004314       0x30 board/sunxi/common/built-in.o
                0x4a004314                gpio_release
 .text.fdt_get_all_pin
                0x4a004344      0x420 board/sunxi/common/built-in.o
                0x4a004344                fdt_get_all_pin
 .text.fdt_set_all_pin
                0x4a004764       0x88 board/sunxi/common/built-in.o
                0x4a004764                fdt_set_all_pin
 .text.fdt_get_one_gpio
                0x4a0047ec       0xac board/sunxi/common/built-in.o
                0x4a0047ec                fdt_get_one_gpio
 .text._test_str_length
                0x4a004898       0x30 board/sunxi/common/built-in.o
 .text.__script_parser_mainkey_get_gpio_count
                0x4a0048c8       0xd0 board/sunxi/common/built-in.o
 .text.__script_parser_patch_all
                0x4a004998       0xc4 board/sunxi/common/built-in.o
 .text.__script_parser_fetch_subkey_next
                0x4a004a5c       0xac board/sunxi/common/built-in.o
 .text.__script_probe_mainkey_gpio
                0x4a004b08      0x1b4 board/sunxi/common/built-in.o
 .text.__script_parser_fetch_by_offset
                0x4a004cbc      0x13c board/sunxi/common/built-in.o
 .text.__script_parser_mainkey_get_gpio_cfg
                0x4a004df8      0x144 board/sunxi/common/built-in.o
 .text.__script_parser_patch
                0x4a004f3c      0x1f8 board/sunxi/common/built-in.o
 .text.__script_parser_fetch_ex
                0x4a005134      0x20c board/sunxi/common/built-in.o
 .text.__script_parser_fetch
                0x4a005340      0x1e8 board/sunxi/common/built-in.o
 .text.__script_parser_offset
                0x4a005528       0xa8 board/sunxi/common/built-in.o
 .text.__script_parser_fetch_subkey_start
                0x4a0055d0       0xa8 board/sunxi/common/built-in.o
 .text.__script_parser_subkey
                0x4a005678       0x98 board/sunxi/common/built-in.o
 .text.get_script_reloc_buf
                0x4a005710       0x14 board/sunxi/common/built-in.o
                0x4a005710                get_script_reloc_buf
 .text.script_parser_fetch_subkey_next
                0x4a005724       0x88 board/sunxi/common/built-in.o
                0x4a005724                script_parser_fetch_subkey_next
 .text.script_parser_fetch
                0x4a0057ac       0x5c board/sunxi/common/built-in.o
                0x4a0057ac                script_parser_fetch
 .text.script_parser_fetch_ex
                0x4a005808       0x68 board/sunxi/common/built-in.o
                0x4a005808                script_parser_fetch_ex
 .text.script_parser_offset
                0x4a005870       0x40 board/sunxi/common/built-in.o
                0x4a005870                script_parser_offset
 .text.script_parser_fetch_by_offset
                0x4a0058b0       0x58 board/sunxi/common/built-in.o
                0x4a0058b0                script_parser_fetch_by_offset
 .text.script_parser_patch
                0x4a005908       0x5c board/sunxi/common/built-in.o
                0x4a005908                script_parser_patch
 .text.script_parser_mainkey_get_gpio_count
                0x4a005964       0x40 board/sunxi/common/built-in.o
                0x4a005964                script_parser_mainkey_get_gpio_count
 .text.script_parser_mainkey_get_gpio_cfg
                0x4a0059a4       0x58 board/sunxi/common/built-in.o
                0x4a0059a4                script_parser_mainkey_get_gpio_cfg
 .text.gpio_request_ex
                0x4a0059fc       0xa0 board/sunxi/common/built-in.o
                0x4a0059fc                gpio_request_ex
 .text.gpio_request_simple
                0x4a005a9c       0xb4 board/sunxi/common/built-in.o
                0x4a005a9c                gpio_request_simple
 .text.script_parser_func_init
                0x4a005b50       0xd8 board/sunxi/common/built-in.o
                0x4a005b50                script_parser_func_init
 .text.soc_script_parser_init
                0x4a005c28       0x24 board/sunxi/common/built-in.o
                0x4a005c28                soc_script_parser_init
 .text.gpt_partition_get_total_num
                0x4a005c4c       0xdc board/sunxi/common/built-in.o
                0x4a005c4c                gpt_partition_get_total_num
 .text.gpt_partition_get_offset
                0x4a005d28       0x78 board/sunxi/common/built-in.o
                0x4a005d28                gpt_partition_get_offset
 .text.gpt_partition_get_size
                0x4a005da0       0x98 board/sunxi/common/built-in.o
                0x4a005da0                gpt_partition_get_size
 .text.gpt_partition_fetch_mbr
                0x4a005e38       0x1c board/sunxi/common/built-in.o
                0x4a005e38                gpt_partition_fetch_mbr
 .text.aw_partition_get_total_num
                0x4a005e54       0x3c board/sunxi/common/built-in.o
                0x4a005e54                aw_partition_get_total_num
 .text.aw_partition_get_offset
                0x4a005e90       0x74 board/sunxi/common/built-in.o
                0x4a005e90                aw_partition_get_offset
 .text.aw_partition_get_size
                0x4a005f04       0x74 board/sunxi/common/built-in.o
                0x4a005f04                aw_partition_get_size
 .text.aw_partition_fetch_mbr
                0x4a005f78       0x1c board/sunxi/common/built-in.o
                0x4a005f78                aw_partition_fetch_mbr
 .text.aw_partition_get_info_byname
                0x4a005f94       0xd4 board/sunxi/common/built-in.o
                0x4a005f94                aw_partition_get_info_byname
 .text.aw_partition_get_size_byname
                0x4a006068       0xa0 board/sunxi/common/built-in.o
                0x4a006068                aw_partition_get_size_byname
 .text.aw_partition_get_partno_byname
                0x4a006108       0x78 board/sunxi/common/built-in.o
                0x4a006108                aw_partition_get_partno_byname
 .text.aw_partition_get_offset_byname
                0x4a006180       0xa0 board/sunxi/common/built-in.o
                0x4a006180                aw_partition_get_offset_byname
 .text.aw_partition_refresh
                0x4a006220       0x4c board/sunxi/common/built-in.o
                0x4a006220                aw_partition_refresh
 .text.gpt_partition_refresh
                0x4a00626c       0x4c board/sunxi/common/built-in.o
                0x4a00626c                gpt_partition_refresh
 .text.aw_partition_get_name
                0x4a0062b8       0x50 board/sunxi/common/built-in.o
                0x4a0062b8                aw_partition_get_name
 .text.gpt_partition_get_name
                0x4a006308       0xb0 board/sunxi/common/built-in.o
                0x4a006308                gpt_partition_get_name
 .text.sunxi_partition_get_total_num
                0x4a0063b8       0x1c board/sunxi/common/built-in.o
                0x4a0063b8                sunxi_partition_get_total_num
 .text.sunxi_partition_get_name
                0x4a0063d4       0x1c board/sunxi/common/built-in.o
                0x4a0063d4                sunxi_partition_get_name
 .text.sunxi_partition_get_offset
                0x4a0063f0       0x1c board/sunxi/common/built-in.o
                0x4a0063f0                sunxi_partition_get_offset
 .text.sunxi_partition_get_size
                0x4a00640c       0x1c board/sunxi/common/built-in.o
                0x4a00640c                sunxi_partition_get_size
 .text.sunxi_partition_get_offset_byname
                0x4a006428       0x1c board/sunxi/common/built-in.o
                0x4a006428                sunxi_partition_get_offset_byname
 .text.sunxi_partition_get_partno_byname
                0x4a006444       0x1c board/sunxi/common/built-in.o
                0x4a006444                sunxi_partition_get_partno_byname
 .text.sunxi_partition_get_size_byname
                0x4a006460       0x1c board/sunxi/common/built-in.o
                0x4a006460                sunxi_partition_get_size_byname
 .text.sunxi_partition_get_type
                0x4a00647c       0x14 board/sunxi/common/built-in.o
                0x4a00647c                sunxi_partition_get_type
 .text.sunxi_is_gpt_valid
                0x4a006490       0xe8 board/sunxi/common/built-in.o
                0x4a006490                sunxi_is_gpt_valid
 .text.sunxi_is_awpart_valid
                0x4a006578       0x70 board/sunxi/common/built-in.o
                0x4a006578                sunxi_is_awpart_valid
 .text.check_card0_partition
                0x4a0065e8       0xbc board/sunxi/common/built-in.o
                0x4a0065e8                check_card0_partition
 .text.sunxi_partition_init
                0x4a0066a4      0x27c board/sunxi/common/built-in.o
                0x4a0066a4                sunxi_partition_init
 .text.char8_char16_compare
                0x4a006920       0x68 board/sunxi/common/built-in.o
                0x4a006920                char8_char16_compare
 .text.gpt_partition_get_info_byname
                0x4a006988       0xec board/sunxi/common/built-in.o
                0x4a006988                gpt_partition_get_info_byname
 .text.gpt_partition_get_size_byname
                0x4a006a74       0x24 board/sunxi/common/built-in.o
                0x4a006a74                gpt_partition_get_size_byname
 .text.gpt_partition_get_offset_byname
                0x4a006a98       0x24 board/sunxi/common/built-in.o
                0x4a006a98                gpt_partition_get_offset_byname
 .text.gpt_partition_get_partno_byname
                0x4a006abc       0x80 board/sunxi/common/built-in.o
                0x4a006abc                gpt_partition_get_partno_byname
 .text.sunxi_str_replace
                0x4a006b3c      0x1c8 board/sunxi/common/built-in.o
                0x4a006b3c                sunxi_str_replace
 .text.power_limit_init
                0x4a006d04        0xc board/sunxi/common/built-in.o
                0x4a006d04                power_limit_init
 .text.power_limit_for_vbus
                0x4a006d10        0x4 board/sunxi/common/built-in.o
                0x4a006d10                power_limit_for_vbus
 .text.EnterAndroidChargeMode
                0x4a006d14       0x28 board/sunxi/common/built-in.o
 .text.EnterNormalBootMode
                0x4a006d3c       0x20 board/sunxi/common/built-in.o
 .text.ProbePreSystemMode
                0x4a006d5c       0x4c board/sunxi/common/built-in.o
                0x4a006d5c                ProbePreSystemMode
 .text.PowerCheck
                0x4a006da8      0x2b4 board/sunxi/common/built-in.o
                0x4a006da8                PowerCheck
 .text.check_update_key
                0x4a00705c       0xc0 board/sunxi/common/built-in.o
                0x4a00705c                check_update_key
 .text.debug_mode_set
                0x4a00711c        0x8 board/sunxi/common/built-in.o
                0x4a00711c                debug_mode_set
 .text.debug_mode_update_info
                0x4a007124        0x4 board/sunxi/common/built-in.o
                0x4a007124                debug_mode_update_info
 .text.do_efuse_read
                0x4a007128       0xa8 board/sunxi/common/built-in.o
                0x4a007128                do_efuse_read
 .text.sunxi_keydata_burn_by_usb
                0x4a0071d0      0x148 board/sunxi/common/built-in.o
                0x4a0071d0                sunxi_keydata_burn_by_usb
 .text.get_serial_num_from_file
                0x4a007318      0x12c board/sunxi/common/built-in.o
                0x4a007318                get_serial_num_from_file
 .text.get_serial_num_from_chipid
                0x4a007444       0x64 board/sunxi/common/built-in.o
                0x4a007444                get_serial_num_from_chipid
 .text.sunxi_set_serial_num
                0x4a0074a8       0x88 board/sunxi/common/built-in.o
                0x4a0074a8                sunxi_set_serial_num
 .text.board_display_update_para_for_kernel
                0x4a007530       0xac board/sunxi/common/built-in.o
 .text.board_display_layer_request
                0x4a0075dc        0xc board/sunxi/common/built-in.o
                0x4a0075dc                board_display_layer_request
 .text.board_display_wait_lcd_open
                0x4a0075e8       0x64 board/sunxi/common/built-in.o
                0x4a0075e8                board_display_wait_lcd_open
 .text.board_display_wait_lcd_close
                0x4a00764c       0x64 board/sunxi/common/built-in.o
                0x4a00764c                board_display_wait_lcd_close
 .text.board_display_set_exit_mode
                0x4a0076b0       0x5c board/sunxi/common/built-in.o
                0x4a0076b0                board_display_set_exit_mode
 .text.board_display_layer_open
                0x4a00770c       0x58 board/sunxi/common/built-in.o
                0x4a00770c                board_display_layer_open
 .text.board_display_layer_close
                0x4a007764       0x5c board/sunxi/common/built-in.o
                0x4a007764                board_display_layer_close
 .text.board_display_layer_para_set
                0x4a0077c0       0x48 board/sunxi/common/built-in.o
                0x4a0077c0                board_display_layer_para_set
 .text.board_display_show_until_lcd_open
                0x4a007808       0x3c board/sunxi/common/built-in.o
                0x4a007808                board_display_show_until_lcd_open
 .text.board_display_show
                0x4a007844       0x14 board/sunxi/common/built-in.o
                0x4a007844                board_display_show
 .text.board_display_framebuffer_set
                0x4a007858      0x22c board/sunxi/common/built-in.o
                0x4a007858                board_display_framebuffer_set
 .text.board_display_set_alpha_mode
                0x4a007a84       0x18 board/sunxi/common/built-in.o
                0x4a007a84                board_display_set_alpha_mode
 .text.board_display_device_open
                0x4a007a9c      0x49c board/sunxi/common/built-in.o
                0x4a007a9c                board_display_device_open
 .text.borad_display_get_screen_width
                0x4a007f38       0x3c board/sunxi/common/built-in.o
                0x4a007f38                borad_display_get_screen_width
 .text.borad_display_get_screen_height
                0x4a007f74       0x3c board/sunxi/common/built-in.o
                0x4a007f74                borad_display_get_screen_height
 .text.update_fdt_dram_para
                0x4a007fb0      0x440 board/sunxi/common/built-in.o
                0x4a007fb0                update_fdt_dram_para
 .text.sunxi_update_subsequent_processing
                0x4a0083f0       0x8c board/sunxi/common/built-in.o
                0x4a0083f0                sunxi_update_subsequent_processing
 .text.switch_boot_partition
                0x4a00847c       0xd4 board/sunxi/common/built-in.o
                0x4a00847c                switch_boot_partition
 .text.do_switch_boot_partition
                0x4a008550       0x20 board/sunxi/common/built-in.o
 .text.disable_node
                0x4a008570       0x68 board/sunxi/common/built-in.o
                0x4a008570                disable_node
 .text.update_fdt_para_for_kernel
                0x4a0085d8      0x23c board/sunxi/common/built-in.o
                0x4a0085d8                update_fdt_para_for_kernel
 .text.set_bootcmd_from_misc
                0x4a008814      0x2d4 board/sunxi/common/built-in.o
                0x4a008814                set_bootcmd_from_misc
 .text.get_boot_work_mode
                0x4a008ae8       0x10 board/sunxi/common/built-in.o
                0x4a008ae8                get_boot_work_mode
 .text.get_boot_storage_type_ext
                0x4a008af8       0x10 board/sunxi/common/built-in.o
                0x4a008af8                get_boot_storage_type_ext
 .text.get_boot_storage_type
                0x4a008b08       0x1c board/sunxi/common/built-in.o
                0x4a008b08                get_boot_storage_type
 .text.update_bootcmd
                0x4a008b24      0x294 board/sunxi/common/built-in.o
                0x4a008b24                update_bootcmd
 .text.update_setargs
                0x4a008db8       0x70 board/sunxi/common/built-in.o
                0x4a008db8                update_setargs
 .text.sunxi_fastboot_init
                0x4a008e28      0x344 board/sunxi/common/built-in.o
                0x4a008e28                sunxi_fastboot_init
 .text.set_boot_storage_type
                0x4a00916c       0x10 board/sunxi/common/built-in.o
                0x4a00916c                set_boot_storage_type
 .text.set_boot_dram_update_flag
                0x4a00917c       0x10 board/sunxi/common/built-in.o
                0x4a00917c                set_boot_dram_update_flag
 .text.get_debugmode_flag
                0x4a00918c       0x60 board/sunxi/common/built-in.o
                0x4a00918c                get_debugmode_flag
 .text.sunxi_update_rotpk_info
                0x4a0091ec       0x50 board/sunxi/common/built-in.o
                0x4a0091ec                sunxi_update_rotpk_info
 .text.board_late_init
                0x4a00923c       0x48 board/sunxi/common/built-in.o
                0x4a00923c                board_late_init
 .text.sunxi_generate_checksum
                0x4a009284       0x84 board/sunxi/common/built-in.o
                0x4a009284                sunxi_generate_checksum
 .text.sunxi_verify_checksum
                0x4a009308       0x1c board/sunxi/common/built-in.o
                0x4a009308                sunxi_verify_checksum
 .text.sunxi_led_init
                0x4a009324       0x44 board/sunxi/common/built-in.o
                0x4a009324                sunxi_led_init
 .text.enable_smp
                0x4a009368       0x10 board/sunxi/sun8iw11p1/built-in.o
                0x4a009368                enable_smp
 .text.board_init
                0x4a009378       0x10 board/sunxi/sun8iw11p1/built-in.o
                0x4a009378                board_init
 .text.dram_init_banksize
                0x4a009388       0x1c board/sunxi/sun8iw11p1/built-in.o
                0x4a009388                dram_init_banksize
 .text.dram_init
                0x4a0093a4       0x5c board/sunxi/sun8iw11p1/built-in.o
                0x4a0093a4                dram_init
 .text.board_mmc_init
                0x4a009400       0x14 board/sunxi/sun8iw11p1/built-in.o
                0x4a009400                board_mmc_init
 .text.board_mmc_pre_init
                0x4a009414       0x14 board/sunxi/sun8iw11p1/built-in.o
                0x4a009414                board_mmc_pre_init
 .text.board_mmc_set_num
                0x4a009428        0x8 board/sunxi/sun8iw11p1/built-in.o
                0x4a009428                board_mmc_set_num
 .text.platform_axp_probe
                0x4a009430       0x6c board/sunxi/sun8iw11p1/built-in.o
                0x4a009430                platform_axp_probe
 .text.board_hardware_info
                0x4a00949c        0xc board/sunxi/sun8iw11p1/built-in.o
                0x4a00949c                board_hardware_info
 .text.__show_boot_progress
                0x4a0094a8        0x4 common/built-in.o
                0x4a0094a8                __show_boot_progress
                0x4a0094a8                show_boot_progress
 .text.main_loop
                0x4a0094ac       0x20 common/built-in.o
                0x4a0094ac                main_loop
 .text.find_cmd_tbl
                0x4a0094cc       0x9c common/built-in.o
                0x4a0094cc                find_cmd_tbl
 .text.find_cmd
                0x4a009568       0x28 common/built-in.o
                0x4a009568                find_cmd
 .text.cmd_usage
                0x4a009590       0x5c common/built-in.o
                0x4a009590                cmd_usage
 .text._do_help
                0x4a0095ec      0x188 common/built-in.o
                0x4a0095ec                _do_help
 .text.var_complete
                0x4a009774       0x84 common/built-in.o
                0x4a009774                var_complete
 .text.cmd_auto_complete
                0x4a0097f8      0x480 common/built-in.o
                0x4a0097f8                cmd_auto_complete
 .text.cmd_get_data_size
                0x4a009c78       0x50 common/built-in.o
                0x4a009c78                cmd_get_data_size
 .text.cmd_process
                0x4a009cc8       0xec common/built-in.o
                0x4a009cc8                cmd_process
 .text.dummy    0x4a009db4        0x4 common/built-in.o
 .text.get_version
                0x4a009db8        0x8 common/built-in.o
                0x4a009db8                get_version
 .text.jumptable_init
                0x4a009dc0      0x190 common/built-in.o
                0x4a009dc0                jumptable_init
 .text.hash_command
                0x4a009f50       0xa0 common/built-in.o
                0x4a009f50                hash_command
 .text.b_reset  0x4a009ff0       0x1c common/built-in.o
 .text.static_get
                0x4a00a00c       0x1c common/built-in.o
 .text.static_peek
                0x4a00a028        0xc common/built-in.o
 .text.file_peek
                0x4a00a034        0xc common/built-in.o
 .text.mapset   0x4a00a040       0x20 common/built-in.o
 .text.syntax_err
                0x4a00a060        0xc common/built-in.o
 .text.do_showvar
                0x4a00a06c       0xf0 common/built-in.o
 .text.free_pipe_list
                0x4a00a15c       0xe8 common/built-in.o
 .text.b_addchr
                0x4a00a244       0x78 common/built-in.o
 .text.b_addqchr
                0x4a00a2bc       0x4c common/built-in.o
 .text.is_assignment.part.0
                0x4a00a308       0x30 common/built-in.o
 .text.xmalloc  0x4a00a338       0x20 common/built-in.o
 .text.new_pipe
                0x4a00a358       0x28 common/built-in.o
 .text.file_get
                0x4a00a380      0x1c4 common/built-in.o
 .text.xrealloc
                0x4a00a544       0x20 common/built-in.o
 .text.done_command
                0x4a00a564       0x8c common/built-in.o
 .text.done_pipe
                0x4a00a5f0       0x48 common/built-in.o
 .text.done_word
                0x4a00a638      0x2cc common/built-in.o
 .text.get_local_var
                0x4a00a904       0x94 common/built-in.o
                0x4a00a904                get_local_var
 .text.set_local_var
                0x4a00a998      0x1bc common/built-in.o
                0x4a00a998                set_local_var
 .text.insert_var_value_sub
                0x4a00ab54      0x2c0 common/built-in.o
 .text.parse_string_outer
                0x4a00ae14       0xf0 common/built-in.o
                0x4a00ae14                parse_string_outer
 .text.run_list_real
                0x4a00af04      0x87c common/built-in.o
 .text.parse_stream_outer
                0x4a00b780      0x6e8 common/built-in.o
 .text.parse_file_outer
                0x4a00be68       0x44 common/built-in.o
                0x4a00be68                parse_file_outer
 .text.u_boot_hush_start
                0x4a00beac       0x54 common/built-in.o
                0x4a00beac                u_boot_hush_start
 .text.run_command
                0x4a00bf00        0x8 common/built-in.o
                0x4a00bf00                run_command
 .text.run_command_list
                0x4a00bf08       0x5c common/built-in.o
                0x4a00bf08                run_command_list
 .text.do_run   0x4a00bf64       0x78 common/built-in.o
                0x4a00bf64                do_run
 .text.cli_loop
                0x4a00bfdc        0xc common/built-in.o
                0x4a00bfdc                cli_loop
 .text.cli_init
                0x4a00bfe8        0x4 common/built-in.o
                0x4a00bfe8                cli_init
 .text.delete_char.part.0
                0x4a00bfec       0xd4 common/built-in.o
 .text.cread_add_char
                0x4a00c0c0       0xec common/built-in.o
 .text.cli_readline_into_buffer
                0x4a00c1ac      0x9b0 common/built-in.o
                0x4a00c1ac                cli_readline_into_buffer
 .text.cli_readline
                0x4a00cb5c       0x14 common/built-in.o
                0x4a00cb5c                cli_readline
 .text.common_diskboot
                0x4a00cb70      0x238 common/built-in.o
                0x4a00cb70                common_diskboot
 .text.bootdelay_process
                0x4a00cda8       0x48 common/built-in.o
                0x4a00cda8                bootdelay_process
 .text.autoboot_command
                0x4a00cdf0       0xf4 common/built-in.o
                0x4a00cdf0                autoboot_command
 .text.bootstage_relocate
                0x4a00cee4        0x8 common/built-in.o
 .text.initr_trace
                0x4a00ceec        0x8 common/built-in.o
 .text.initr_reloc_global_data
                0x4a00cef4       0x28 common/built-in.o
 .text.initr_announce
                0x4a00cf1c        0x8 common/built-in.o
 .text.usb_net_init
                0x4a00cf24        0x8 common/built-in.o
 .text.show_platform_info
                0x4a00cf2c        0x8 common/built-in.o
                0x4a00cf2c                show_platform_info
 .text.run_main_loop
                0x4a00cf34       0x1c common/built-in.o
 .text.initr_sunxi_base
                0x4a00cf50       0x10 common/built-in.o
 .text.initr_env
                0x4a00cf60       0x54 common/built-in.o
 .text.sunxi_burn_key
                0x4a00cfb4       0x20 common/built-in.o
 .text.platform_dma_init
                0x4a00cfd4       0x10 common/built-in.o
 .text.initr_enable_interrupts
                0x4a00cfe4       0x10 common/built-in.o
 .text.initr_jumptable
                0x4a00cff4       0x10 common/built-in.o
 .text.initr_malloc
                0x4a00d004       0x30 common/built-in.o
 .text.initr_caches
                0x4a00d034       0x10 common/built-in.o
 .text.initr_serial
                0x4a00d044       0x10 common/built-in.o
 .text.initr_reloc
                0x4a00d054       0x28 common/built-in.o
 .text.power_init_board
                0x4a00d07c       0x10 common/built-in.o
                0x4a00d07c                power_init_board
 .text.sunxi_hdcp_keybox_install
                0x4a00d08c        0x8 common/built-in.o
                0x4a00d08c                sunxi_hdcp_keybox_install
 .text.sunxi_widevine_keybox_install
                0x4a00d094        0x8 common/built-in.o
                0x4a00d094                sunxi_widevine_keybox_install
 .text.sunxi_get_hdcp_cfg
                0x4a00d09c        0x8 common/built-in.o
                0x4a00d09c                sunxi_get_hdcp_cfg
 .text.sunxi_keymaster_keybox_install
                0x4a00d0a4        0x8 common/built-in.o
                0x4a00d0a4                sunxi_keymaster_keybox_install
 .text.initr_sunxi_flash
                0x4a00d0ac       0x58 common/built-in.o
 .text.initr_sunxi_display
                0x4a00d104       0x70 common/built-in.o
                0x4a00d104                initr_sunxi_display
 .text.initr_single_core
                0x4a00d174       0x44 common/built-in.o
 .text.intr_vector_fix
                0x4a00d1b8       0xa8 common/built-in.o
                0x4a00d1b8                intr_vector_fix
 .text.board_init_r
                0x4a00d260       0x1c common/built-in.o
                0x4a00d260                board_init_r
 .text.print_cpuinfo
                0x4a00d27c        0x8 common/built-in.o
 .text.trace_early_init
                0x4a00d284        0x8 common/built-in.o
 .text.setup_mon_len
                0x4a00d28c       0x24 common/built-in.o
 .text.arch_cpu_init
                0x4a00d2b0        0x8 common/built-in.o
                0x4a00d2b0                arch_cpu_init
 .text.reserve_debugbuffer
                0x4a00d2b8       0x14 common/built-in.o
 .text.reserve_round_4k
                0x4a00d2cc       0x18 common/built-in.o
 .text.reserve_mmu
                0x4a00d2e4       0x38 common/built-in.o
 .text.reserve_trace
                0x4a00d31c        0x8 common/built-in.o
 .text.reserve_uboot
                0x4a00d324       0x30 common/built-in.o
 .text.reserve_malloc
                0x4a00d354       0x3c common/built-in.o
 .text.setup_machine
                0x4a00d390       0x14 common/built-in.o
 .text.reserve_global_data
                0x4a00d3a4       0x1c common/built-in.o
 .text.reserve_sysconfig
                0x4a00d3c0        0x8 common/built-in.o
 .text.reserve_parameter
                0x4a00d3c8        0x8 common/built-in.o
 .text.reserve_stacks
                0x4a00d3d0       0x4c common/built-in.o
 .text.display_new_sp
                0x4a00d41c        0x8 common/built-in.o
 .text.setup_dram_config
                0x4a00d424       0x10 common/built-in.o
 .text.reloc_sysconfig
                0x4a00d434        0x8 common/built-in.o
 .text.reloc_parameter
                0x4a00d43c        0x8 common/built-in.o
 .text.reserve_board
                0x4a00d444       0x30 common/built-in.o
 .text.setup_reloc
                0x4a00d474       0x38 common/built-in.o
 .text.announce_dram_init
                0x4a00d4ac       0x18 common/built-in.o
 .text.display_text_info
                0x4a00d4c4       0x20 common/built-in.o
 .text.reloc_fdt
                0x4a00d4e4       0x70 common/built-in.o
 .text.reserve_fdt
                0x4a00d554       0x84 common/built-in.o
 .text.init_func_pmubus
                0x4a00d5d8       0x30 common/built-in.o
 .text.mark_bootstage
                0x4a00d608       0x14 common/built-in.o
 .text.init_baud_rate
                0x4a00d61c       0x2c common/built-in.o
 .text.setup_fdt
                0x4a00d648       0x40 common/built-in.o
 .text.__coloured_LED_init
                0x4a00d688        0x4 common/built-in.o
                0x4a00d688                __coloured_LED_init
                0x4a00d688                coloured_LED_init
 .text.__red_led_on
                0x4a00d68c        0x4 common/built-in.o
                0x4a00d68c                red_led_on
                0x4a00d68c                __red_led_on
 .text.board_get_usable_ram_top
                0x4a00d690        0x8 common/built-in.o
                0x4a00d690                board_get_usable_ram_top
 .text.setup_dest_addr
                0x4a00d698       0x40 common/built-in.o
 .text.board_init_f
                0x4a00d6d8       0x64 common/built-in.o
                0x4a00d6d8                board_init_f
 .text.do_go_exec
                0x4a00d73c       0x18 common/built-in.o
                0x4a00d73c                do_go_exec
 .text.do_go    0x4a00d754       0x6c common/built-in.o
                0x4a00d754                do_go
 .text.do_bootd
                0x4a00d7c0       0x20 common/built-in.o
                0x4a00d7c0                do_bootd
 .text.update_bootargs
                0x4a00d7e0      0x390 common/built-in.o
                0x4a00d918                update_bootargs
 .text.do_bootm
                0x4a00db70       0xfc common/built-in.o
                0x4a00db70                do_bootm
 .text.bootm_maybe_autostart
                0x4a00dc6c       0x74 common/built-in.o
                0x4a00dc6c                bootm_maybe_autostart
 .text.bootm_find_ramdisk_fdt
                0x4a00dce0       0x88 common/built-in.o
                0x4a00dce0                bootm_find_ramdisk_fdt
 .text.do_bootm_states
                0x4a00dd68      0x7fc common/built-in.o
                0x4a00dd68                do_bootm_states
 .text.copy_args
                0x4a00e564       0x4c common/built-in.o
 .text.do_bootm_rtems
                0x4a00e5b0       0x40 common/built-in.o
 .text.do_bootm_plan9
                0x4a00e5f0       0xa4 common/built-in.o
 .text.do_bootm_standalone
                0x4a00e694       0x64 common/built-in.o
 .text.do_bootm_qnxelf
                0x4a00e6f8       0x5c common/built-in.o
 .text.do_bootm_netbsd
                0x4a00e754       0xf4 common/built-in.o
 .text.do_bootvx_fdt
                0x4a00e848      0x104 common/built-in.o
                0x4a00e848                do_bootvx_fdt
 .text.do_bootm_vxworks
                0x4a00e94c       0x24 common/built-in.o
 .text.__arch_preboot_os
                0x4a00e970        0x4 common/built-in.o
                0x4a00e970                arch_preboot_os
 .text.boot_selected_os
                0x4a00e974       0x58 common/built-in.o
                0x4a00e974                boot_selected_os
 .text.bootm_os_get_boot_func
                0x4a00e9cc       0x10 common/built-in.o
                0x4a00e9cc                bootm_os_get_boot_func
 .text.do_help  0x4a00e9dc       0x44 common/built-in.o
 .text.do_version
                0x4a00ea20       0x38 common/built-in.o
 .text.clean_timestamp_counter
                0x4a00ea58       0x10 common/built-in.o
                0x4a00ea58                clean_timestamp_counter
 .text.do_boota_linux
                0x4a00ea68       0xb4 common/built-in.o
                0x4a00ea68                do_boota_linux
 .text.memcpy2  0x4a00eb1c       0x54 common/built-in.o
                0x4a00eb1c                memcpy2
 .text.do_boota
                0x4a00eb70      0x13c common/built-in.o
                0x4a00eb70                do_boota
 .text.get_partition_flash_info
                0x4a00ecac       0x68 common/built-in.o
 .text.do_sunxi_flash
                0x4a00ed14      0x61c common/built-in.o
                0x4a00ed14                do_sunxi_flash
 .text.do_sprite_test
                0x4a00f330      0x104 common/built-in.o
                0x4a00f330                do_sprite_test
 .text.timer1_test_func
                0x4a00f434       0x30 common/built-in.o
 .text.timer0_test_func
                0x4a00f464       0x30 common/built-in.o
 .text.do_delay_test
                0x4a00f494       0x50 common/built-in.o
                0x4a00f494                do_delay_test
 .text.do_timer_test1
                0x4a00f4e4       0x84 common/built-in.o
                0x4a00f4e4                do_timer_test1
 .text.do_timer_test
                0x4a00f568       0x84 common/built-in.o
                0x4a00f568                do_timer_test
 .text.do_efex  0x4a00f5ec       0x1c common/built-in.o
                0x4a00f5ec                do_efex
 .text.do_shutdown
                0x4a00f608        0x4 common/built-in.o
                0x4a00f608                do_shutdown
 .text.memtester_pagesize
                0x4a00f60c       0x18 common/built-in.o
                0x4a00f60c                memtester_pagesize
 .text.usage    0x4a00f624       0x10 common/built-in.o
                0x4a00f624                usage
 .text.do_memtester
                0x4a00f634      0x310 common/built-in.o
 .text.do_sunxi_bmp_info
                0x4a00f944      0x198 common/built-in.o
 .text.sunxi_bmp_show
                0x4a00fadc       0x40 common/built-in.o
 .text.sunxi_bmp_decode
                0x4a00fb1c      0x298 common/built-in.o
                0x4a00fb1c                sunxi_bmp_decode
 .text.do_sunxi_bmp_display
                0x4a00fdb4      0x188 common/built-in.o
 .text.sunxi_bmp_display
                0x4a00ff3c      0x104 common/built-in.o
                0x4a00ff3c                sunxi_bmp_display
 .text.do_sunxi_logo
                0x4a010040        0xc common/built-in.o
                0x4a010040                do_sunxi_logo
 .text.do_read_from_boot
                0x4a01004c        0x8 common/built-in.o
                0x4a01004c                do_read_from_boot
 .text.do_burn_from_boot
                0x4a010054      0x220 common/built-in.o
                0x4a010054                do_burn_from_boot
 .text.reverse_strstr.part.0
                0x4a010274       0x50 common/built-in.o
 .text.env_attr_walk
                0x4a0102c4      0x10c common/built-in.o
                0x4a0102c4                env_attr_walk
 .text.env_attr_lookup
                0x4a0103d0      0x144 common/built-in.o
                0x4a0103d0                env_attr_lookup
 .text.clear_callback
                0x4a010514       0x10 common/built-in.o
 .text.on_callbacks
                0x4a010524       0x48 common/built-in.o
 .text.find_env_callback
                0x4a01056c       0x64 common/built-in.o
 .text.set_callback
                0x4a0105d0       0x94 common/built-in.o
 .text.env_callback_init
                0x4a010664       0xc0 common/built-in.o
                0x4a010664                env_callback_init
 .text.clear_flags
                0x4a010724       0x10 common/built-in.o
 .text.on_flags
                0x4a010734       0x48 common/built-in.o
 .text.skip_num.constprop.0
                0x4a01077c       0x70 common/built-in.o
 .text.env_flags_parse_vartype
                0x4a0107ec       0x4c common/built-in.o
                0x4a0107ec                env_flags_parse_vartype
 .text.env_flags_parse_varaccess
                0x4a010838       0x54 common/built-in.o
                0x4a010838                env_flags_parse_varaccess
 .text.set_flags
                0x4a01088c       0xac common/built-in.o
 .text.env_flags_init
                0x4a010938       0xd0 common/built-in.o
                0x4a010938                env_flags_init
 .text.env_flags_validate
                0x4a010a08      0x214 common/built-in.o
                0x4a010a08                env_flags_validate
 .text.env_get_char_spec
                0x4a010c1c        0xc common/built-in.o
                0x4a010c1c                env_get_char_spec
 .text.env_init
                0x4a010c28       0x1c common/built-in.o
                0x4a010c28                env_init
 .text.saveenv  0x4a010c44       0xf8 common/built-in.o
                0x4a010c44                saveenv
 .text.recover_env
                0x4a010d3c       0x78 common/built-in.o
                0x4a010d3c                recover_env
 .text.flash_env_relocate_spec
                0x4a010db4      0x260 common/built-in.o
 .text.env_relocate_spec
                0x4a011014       0x10 common/built-in.o
                0x4a011014                env_relocate_spec
 .text.load_elf_image_shdr
                0x4a011024       0x90 common/built-in.o
 .text.do_bootelf_exec
                0x4a0110b4       0x44 common/built-in.o
                0x4a0110b4                do_bootelf_exec
 .text.valid_elf_image
                0x4a0110f8       0x4c common/built-in.o
                0x4a0110f8                valid_elf_image
 .text.do_bootvx
                0x4a011144      0x254 common/built-in.o
                0x4a011144                do_bootvx
 .text.do_bootelf
                0x4a011398      0x154 common/built-in.o
                0x4a011398                do_bootelf
 .text.do_exit  0x4a0114ec       0x30 common/built-in.o
 .text.do_ext4_ls
                0x4a01151c       0x14 common/built-in.o
                0x4a01151c                do_ext4_ls
 .text.do_ext4_load
                0x4a011530       0x14 common/built-in.o
                0x4a011530                do_ext4_load
 .text.do_fat_ls
                0x4a011544       0x14 common/built-in.o
 .text.do_fat_fsload
                0x4a011558       0x14 common/built-in.o
                0x4a011558                do_fat_fsload
 .text.do_fat_fsinfo
                0x4a01156c       0x90 common/built-in.o
 .text.get_cells_len
                0x4a0115fc       0x3c common/built-in.o
 .text.fdt_find_or_add_subnode.constprop.6
                0x4a011638       0x6c common/built-in.o
 .text.set_working_fdt_addr
                0x4a0116a4       0x1c common/built-in.o
                0x4a0116a4                set_working_fdt_addr
 .text.fdt_getprop_u32
                0x4a0116c0       0xb4 common/built-in.o
                0x4a0116c0                fdt_getprop_u32
 .text.fdt_getprop_u64
                0x4a011774       0xa4 common/built-in.o
                0x4a011774                fdt_getprop_u64
 .text.fdt_getprop_string
                0x4a011818       0x64 common/built-in.o
                0x4a011818                fdt_getprop_string
 .text.fdt_find_and_setprop
                0x4a01187c       0x70 common/built-in.o
                0x4a01187c                fdt_find_and_setprop
 .text.fdt_initrd
                0x4a0118ec      0x1e4 common/built-in.o
                0x4a0118ec                fdt_initrd
 .text.fdt_chosen
                0x4a011ad0       0xa0 common/built-in.o
                0x4a011ad0                fdt_chosen
 .text.do_fixup_by_path
                0x4a011b70       0x54 common/built-in.o
                0x4a011b70                do_fixup_by_path
 .text.fdt_fixup_memory_banks
                0x4a011bc4      0x1cc common/built-in.o
                0x4a011bc4                fdt_fixup_memory_banks
 .text.fdt_fixup_memory
                0x4a011d90       0x20 common/built-in.o
                0x4a011d90                fdt_fixup_memory
 .text.fdt_fixup_ethernet
                0x4a011db0      0x158 common/built-in.o
                0x4a011db0                fdt_fixup_ethernet
 .text.fdt_resize
                0x4a011f08       0xd0 common/built-in.o
                0x4a011f08                fdt_resize
 .text.fdt_set_node_status
                0x4a011fd8      0x10c common/built-in.o
                0x4a011fd8                fdt_set_node_status
 .text.do_fdt_test
                0x4a0120e4      0x390 common/built-in.o
 .text.fdt_valid
                0x4a012474       0xc4 common/built-in.o
 .text.is_printable_string
                0x4a012538       0x98 common/built-in.o
 .text.print_data
                0x4a0125d0      0x174 common/built-in.o
 .text.save_fdt_to_flash
                0x4a012744       0x38 common/built-in.o
                0x4a012744                save_fdt_to_flash
 .text.do_fdt   0x4a01277c      0xf5c common/built-in.o
 .text.do_interrupts
                0x4a0136d8       0x44 common/built-in.o
 .text.do_mem_loop
                0x4a01371c      0x104 common/built-in.o
 .text.do_mem_mw
                0x4a013820       0xb8 common/built-in.o
 .text.do_mem_base
                0x4a0138d8       0x40 common/built-in.o
 .text.do_mem_cmp
                0x4a013918      0x160 common/built-in.o
 .text.do_mem_crc
                0x4a013a78       0x44 common/built-in.o
 .text.do_mem_cp
                0x4a013abc       0xdc common/built-in.o
 .text.do_mem_md
                0x4a013b98       0xe4 common/built-in.o
 .text.mod_mem.isra.2
                0x4a013c7c      0x15c common/built-in.o
 .text.do_mem_nm
                0x4a013dd8        0x8 common/built-in.o
 .text.do_mem_mm
                0x4a013de0        0x8 common/built-in.o
 .text.do_mmcops
                0x4a013de8       0xb8 common/built-in.o
 .text.do_mmc_list
                0x4a013ea0       0x14 common/built-in.o
 .text.init_mmc_device
                0x4a013eb4       0x50 common/built-in.o
 .text.do_mmc_rescan
                0x4a013f04       0x24 common/built-in.o
 .text.do_mmcinfo
                0x4a013f28      0x16c common/built-in.o
 .text.do_mmc_dev
                0x4a014094       0xec common/built-in.o
 .text.do_mmc_part
                0x4a014180       0x64 common/built-in.o
 .text.do_mmc_erase
                0x4a0141e4       0xec common/built-in.o
 .text.do_mmc_write
                0x4a0142d0      0x104 common/built-in.o
 .text.do_mmc_read
                0x4a0143d4       0xe8 common/built-in.o
 .text.do_mmc_setdsr
                0x4a0144bc       0xa8 common/built-in.o
 .text.do_card1_probe
                0x4a014564       0x8c common/built-in.o
                0x4a014564                do_card1_probe
 .text.do_card0_probe
                0x4a0145f0       0x8c common/built-in.o
                0x4a0145f0                do_card0_probe
 .text.do_false
                0x4a01467c        0x8 common/built-in.o
 .text.do_true  0x4a014684        0x8 common/built-in.o
 .text.do_test  0x4a01468c      0x330 common/built-in.o
 .text.usb_get_class_desc
                0x4a0149bc       0xac common/built-in.o
 .text.do_usbboot
                0x4a014a68        0xc common/built-in.o
 .text.usb_display_class_sub
                0x4a014a74      0x174 common/built-in.o
 .text.usb_find_device
                0x4a014be8       0x3c common/built-in.o
 .text.usb_show_tree_graph
                0x4a014c24      0x218 common/built-in.o
 .text.usb_display_string
                0x4a014e3c       0x44 common/built-in.o
 .text.usb_display_config
                0x4a014e80      0x220 common/built-in.o
 .text.usb_display_desc.part.1
                0x4a0150a0      0x11c common/built-in.o
 .text.do_usb   0x4a0151bc      0x764 common/built-in.o
 .text.usb_set_maxpacket_ep
                0x4a015920       0x6c common/built-in.o
 .text.usb_stop
                0x4a01598c       0x5c common/built-in.o
                0x4a01598c                usb_stop
 .text.usb_disable_asynch
                0x4a0159e8       0x20 common/built-in.o
                0x4a0159e8                usb_disable_asynch
 .text.usb_control_msg
                0x4a015a08       0xc0 common/built-in.o
                0x4a015a08                usb_control_msg
 .text.usb_get_descriptor
                0x4a015ac8       0x50 common/built-in.o
 .text.usb_get_string
                0x4a015b18       0x68 common/built-in.o
 .text.usb_string_sub
                0x4a015b80      0x104 common/built-in.o
 .text.usb_bulk_msg
                0x4a015c84       0x74 common/built-in.o
                0x4a015c84                usb_bulk_msg
 .text.usb_maxpacket
                0x4a015cf8       0x1c common/built-in.o
                0x4a015cf8                usb_maxpacket
 .text.usb_clear_halt
                0x4a015d14       0xa0 common/built-in.o
                0x4a015d14                usb_clear_halt
 .text.usb_get_configuration_no
                0x4a015db4       0xb8 common/built-in.o
                0x4a015db4                usb_get_configuration_no
 .text.usb_set_interface
                0x4a015e6c       0xb4 common/built-in.o
                0x4a015e6c                usb_set_interface
 .text.usb_string
                0x4a015f20      0x100 common/built-in.o
                0x4a015f20                usb_string
 .text.usb_get_dev_index
                0x4a016020       0x24 common/built-in.o
                0x4a016020                usb_get_dev_index
 .text.usb_alloc_new_device
                0x4a016044       0x84 common/built-in.o
                0x4a016044                usb_alloc_new_device
 .text.usb_free_device
                0x4a0160c8       0x48 common/built-in.o
                0x4a0160c8                usb_free_device
 .text.usb_alloc_device
                0x4a016110        0x8 common/built-in.o
                0x4a016110                usb_alloc_device
 .text.usb_new_device
                0x4a016118      0x608 common/built-in.o
                0x4a016118                usb_new_device
 .text.usb_init
                0x4a016720      0x130 common/built-in.o
                0x4a016720                usb_init
 .text.usb_get_hub_descriptor
                0x4a016850       0x50 common/built-in.o
 .text.usb_get_port_status
                0x4a0168a0       0x4c common/built-in.o
 .text.usb_set_port_feature
                0x4a0168ec       0x4c common/built-in.o
 .text.usb_clear_port_feature
                0x4a016938       0x4c common/built-in.o
 .text.usb_hub_power_on
                0x4a016984       0xac common/built-in.o
 .text.usb_hub_reset_devices
                0x4a016a30        0x4 common/built-in.o
                0x4a016a30                usb_hub_reset_devices
 .text.usb_hub_reset
                0x4a016a34       0x14 common/built-in.o
                0x4a016a34                usb_hub_reset
 .text.hub_port_reset
                0x4a016a48       0xac common/built-in.o
                0x4a016a48                hub_port_reset
 .text.usb_hub_port_connect_change
                0x4a016af4      0x124 common/built-in.o
                0x4a016af4                usb_hub_port_connect_change
 .text.usb_hub_configure
                0x4a016c18      0x2dc common/built-in.o
 .text.usb_hub_probe
                0x4a016ef4       0x58 common/built-in.o
                0x4a016ef4                usb_hub_probe
 .text.usb_stor_irq
                0x4a016f4c       0x1c common/built-in.o
 .text.usb_request_sense
                0x4a016f68       0x68 common/built-in.o
 .text.usb_stor_BBB_clear_endpt_stall
                0x4a016fd0       0x44 common/built-in.o
 .text.usb_stor_BBB_reset
                0x4a017014       0xd0 common/built-in.o
 .text.usb_stor_CB_reset
                0x4a0170e4       0xcc common/built-in.o
 .text.usb_stor_BBB_transport
                0x4a0171b0      0x264 common/built-in.o
 .text.usb_stor_CB_comdat
                0x4a017414      0x220 common/built-in.o
 .text.usb_stor_CBI_get_status.isra.0
                0x4a017634       0xc8 common/built-in.o
 .text.usb_stor_CB_transport
                0x4a0176fc      0x208 common/built-in.o
 .text.usb_stor_write
                0x4a017904      0x1b0 common/built-in.o
                0x4a017904                usb_stor_write
 .text.usb_stor_read
                0x4a017ab4      0x1b0 common/built-in.o
                0x4a017ab4                usb_stor_read
 .text.usb_stor_get_dev
                0x4a017c64       0x28 common/built-in.o
                0x4a017c64                usb_stor_get_dev
 .text.usb_stor_info
                0x4a017c8c       0x74 common/built-in.o
                0x4a017c8c                usb_stor_info
 .text.usb_storage_probe
                0x4a017d00      0x218 common/built-in.o
                0x4a017d00                usb_storage_probe
 .text.usb_stor_get_info
                0x4a017f18      0x324 common/built-in.o
                0x4a017f18                usb_stor_get_info
 .text.usb_stor_scan
                0x4a01823c      0x1ec common/built-in.o
                0x4a01823c                usb_stor_scan
 .text.do_fastboot
                0x4a018428       0x38 common/built-in.o
 .text.do_env_delete
                0x4a018460       0xa8 common/built-in.o
 .text.env_print
                0x4a018508       0xc8 common/built-in.o
 .text.do_env_print
                0x4a0185d0       0xc4 common/built-in.o
 .text.do_env   0x4a018694       0x60 common/built-in.o
 .text.do_env_import
                0x4a0186f4      0x270 common/built-in.o
 .text.do_env_default
                0x4a018964       0xb4 common/built-in.o
 .text.do_env_save
                0x4a018a18       0x2c common/built-in.o
 .text._do_env_set.isra.1
                0x4a018a44      0x1d8 common/built-in.o
 .text.do_env_set
                0x4a018c1c       0x1c common/built-in.o
 .text.setenv   0x4a018c38       0x58 common/built-in.o
                0x4a018c38                setenv
 .text.setenv_ulong
                0x4a018c90       0x20 common/built-in.o
                0x4a018c90                setenv_ulong
 .text.setenv_hex
                0x4a018cb0       0x34 common/built-in.o
                0x4a018cb0                setenv_hex
 .text.do_env_export
                0x4a018ce4      0x26c common/built-in.o
 .text.envmatch
                0x4a018f50       0x6c common/built-in.o
                0x4a018f50                envmatch
 .text.getenv_f
                0x4a018fbc       0xbc common/built-in.o
                0x4a018fbc                getenv_f
 .text.getenv   0x4a019078       0x78 common/built-in.o
                0x4a019078                getenv
 .text.getenv_ulong
                0x4a0190f0       0x30 common/built-in.o
                0x4a0190f0                getenv_ulong
 .text.getenv_hex
                0x4a019120       0x34 common/built-in.o
                0x4a019120                getenv_hex
 .text.env_get_addr
                0x4a019154       0x24 common/built-in.o
                0x4a019154                env_get_addr
 .text.env_get_char_memory
                0x4a019178       0x10 common/built-in.o
                0x4a019178                env_get_char_memory
 .text.env_get_char
                0x4a019188       0x30 common/built-in.o
                0x4a019188                env_get_char
 .text.getenv_yesno
                0x4a0191b8       0x54 common/built-in.o
                0x4a0191b8                getenv_yesno
 .text.getenv_default
                0x4a01920c       0x30 common/built-in.o
                0x4a01920c                getenv_default
 .text.set_default_env
                0x4a01923c       0xb8 common/built-in.o
                0x4a01923c                set_default_env
 .text.set_default_vars
                0x4a0192f4       0x34 common/built-in.o
                0x4a0192f4                set_default_vars
 .text.env_import
                0x4a019328       0xdc common/built-in.o
                0x4a019328                env_import
 .text.env_export
                0x4a019404       0xa4 common/built-in.o
                0x4a019404                env_export
 .text.env_relocate
                0x4a0194a8       0x30 common/built-in.o
                0x4a0194a8                env_relocate
 .text.env_complete
                0x4a0194d8       0xe4 common/built-in.o
                0x4a0194d8                env_complete
 .text.console_setfile
                0x4a0195bc       0xa4 common/built-in.o
 .text.fgetc    0x4a019660       0x2c common/built-in.o
                0x4a019660                fgetc
 .text.ftstc    0x4a01968c       0x2c common/built-in.o
                0x4a01968c                ftstc
 .text.fputc    0x4a0196b8       0x28 common/built-in.o
                0x4a0196b8                fputc
 .text.fputs    0x4a0196e0       0x28 common/built-in.o
                0x4a0196e0                fputs
 .text.fprintf  0x4a019708       0x48 common/built-in.o
                0x4a019708                fprintf
 .text.getc     0x4a019750       0x24 common/built-in.o
                0x4a019750                getc
 .text.tstc     0x4a019774       0x24 common/built-in.o
                0x4a019774                tstc
 .text.putc     0x4a019798       0x28 common/built-in.o
                0x4a019798                putc
 .text.puts     0x4a0197c0       0x28 common/built-in.o
                0x4a0197c0                puts
 .text.printf   0x4a0197e8       0xe4 common/built-in.o
                0x4a0197e8                printf
 .text.uprintf  0x4a0198cc       0xf8 common/built-in.o
                0x4a0198cc                uprintf
 .text.tick_printf
                0x4a0199c4       0x9c common/built-in.o
                0x4a0199c4                tick_printf
 .text.vprintf  0x4a019a60       0x40 common/built-in.o
                0x4a019a60                vprintf
 .text.ctrlc    0x4a019aa0       0x54 common/built-in.o
                0x4a019aa0                ctrlc
 .text.had_ctrlc
                0x4a019af4       0x10 common/built-in.o
                0x4a019af4                had_ctrlc
 .text.clear_ctrlc
                0x4a019b04       0x14 common/built-in.o
                0x4a019b04                clear_ctrlc
 .text.search_device
                0x4a019b18       0x28 common/built-in.o
                0x4a019b18                search_device
 .text.console_assign
                0x4a019b40       0x40 common/built-in.o
                0x4a019b40                console_assign
 .text.on_console
                0x4a019b80       0xc4 common/built-in.o
 .text.console_init_f
                0x4a019c44       0xc0 common/built-in.o
                0x4a019c44                console_init_f
 .text.stdio_print_current_devices
                0x4a019d04       0x58 common/built-in.o
                0x4a019d04                stdio_print_current_devices
 .text.console_init_r
                0x4a019d5c       0xe0 common/built-in.o
                0x4a019d5c                console_init_r
 .text.sbrk     0x4a019e3c       0x6c common/built-in.o
                0x4a019e3c                sbrk
 .text.mem_malloc_init
                0x4a019ea8       0x34 common/built-in.o
                0x4a019ea8                mem_malloc_init
 .text.malloc_trim
                0x4a019edc       0xd8 common/built-in.o
                0x4a019edc                malloc_trim
 .text.__free   0x4a019fb4      0x228 common/built-in.o
 .text.free     0x4a01a1dc        0x4 common/built-in.o
                0x4a01a1dc                free
 .text.__malloc
                0x4a01a1e0      0x5f8 common/built-in.o
 .text.malloc   0x4a01a7d8        0x4 common/built-in.o
                0x4a01a7d8                malloc
 .text.calloc   0x4a01a7dc       0xd4 common/built-in.o
                0x4a01a7dc                calloc
 .text.memalign
                0x4a01a8b0      0x110 common/built-in.o
                0x4a01a8b0                memalign
 .text.realloc  0x4a01a9c0      0x408 common/built-in.o
                0x4a01a9c0                realloc
 .text.on_loadaddr
                0x4a01adc8       0x38 common/built-in.o
 .text.image_check_hcrc
                0x4a01ae00       0x4c common/built-in.o
                0x4a01ae00                image_check_hcrc
 .text.image_check_dcrc
                0x4a01ae4c       0x38 common/built-in.o
                0x4a01ae4c                image_check_dcrc
 .text.image_multi_count
                0x4a01ae84       0x24 common/built-in.o
                0x4a01ae84                image_multi_count
 .text.image_multi_getimg
                0x4a01aea8       0x7c common/built-in.o
                0x4a01aea8                image_multi_getimg
 .text.getenv_bootm_low
                0x4a01af24       0x30 common/built-in.o
                0x4a01af24                getenv_bootm_low
 .text.getenv_bootm_size
                0x4a01af54       0x5c common/built-in.o
                0x4a01af54                getenv_bootm_size
 .text.getenv_bootm_mapsize
                0x4a01afb0       0x30 common/built-in.o
                0x4a01afb0                getenv_bootm_mapsize
 .text.memmove_wd
                0x4a01afe0        0xc common/built-in.o
                0x4a01afe0                memmove_wd
 .text.genimg_print_size
                0x4a01afec       0x30 common/built-in.o
                0x4a01afec                genimg_print_size
 .text.get_table_entry_name
                0x4a01b01c       0x2c common/built-in.o
                0x4a01b01c                get_table_entry_name
 .text.genimg_get_os_name
                0x4a01b048       0x18 common/built-in.o
                0x4a01b048                genimg_get_os_name
 .text.genimg_get_arch_name
                0x4a01b060       0x18 common/built-in.o
                0x4a01b060                genimg_get_arch_name
 .text.genimg_get_type_name
                0x4a01b078       0x18 common/built-in.o
                0x4a01b078                genimg_get_type_name
 .text.genimg_get_comp_name
                0x4a01b090       0x18 common/built-in.o
                0x4a01b090                genimg_get_comp_name
 .text.image_print_contents
                0x4a01b0a8      0x170 common/built-in.o
                0x4a01b0a8                image_print_contents
 .text.genimg_get_format
                0x4a01b218       0x50 common/built-in.o
                0x4a01b218                genimg_get_format
 .text.genimg_get_image
                0x4a01b268        0x4 common/built-in.o
                0x4a01b268                genimg_get_image
 .text.boot_get_ramdisk
                0x4a01b26c      0x268 common/built-in.o
                0x4a01b26c                boot_get_ramdisk
 .text.boot_ramdisk_high
                0x4a01b4d4      0x120 common/built-in.o
                0x4a01b4d4                boot_ramdisk_high
 .text.boot_get_cmdline
                0x4a01b5f4       0x80 common/built-in.o
                0x4a01b5f4                boot_get_cmdline
 .text.image_setup_linux
                0x4a01b674       0xb4 common/built-in.o
                0x4a01b674                image_setup_linux
 .text.android_image_get_kernel
                0x4a01b728      0x1a4 common/built-in.o
                0x4a01b728                android_image_get_kernel
 .text.android_image_check_header
                0x4a01b8cc       0x14 common/built-in.o
                0x4a01b8cc                android_image_check_header
 .text.android_image_get_end
                0x4a01b8e0       0x48 common/built-in.o
                0x4a01b8e0                android_image_get_end
 .text.android_image_get_kload
                0x4a01b928        0x8 common/built-in.o
                0x4a01b928                android_image_get_kload
 .text.android_image_get_ramdisk
                0x4a01b930       0x48 common/built-in.o
                0x4a01b930                android_image_get_ramdisk
 .text.fdt_error
                0x4a01b978       0x2c common/built-in.o
 .text.boot_fdt_add_mem_rsv_regions
                0x4a01b9a4       0x88 common/built-in.o
                0x4a01b9a4                boot_fdt_add_mem_rsv_regions
 .text.boot_relocate_fdt
                0x4a01ba2c      0x19c common/built-in.o
                0x4a01ba2c                boot_relocate_fdt
 .text.ft_verify_fdt
                0x4a01bbc8        0x8 common/built-in.o
                0x4a01bbc8                ft_verify_fdt
 .text.image_setup_libfdt
                0x4a01bbd0       0xcc common/built-in.o
                0x4a01bbd0                image_setup_libfdt
 .text.get_ram_size
                0x4a01bc9c      0x108 common/built-in.o
                0x4a01bc9c                get_ram_size
 .text.get_effective_memsize
                0x4a01bda4        0x8 common/built-in.o
                0x4a01bda4                get_effective_memsize
 .text.stdio_get_list
                0x4a01bdac        0xc common/built-in.o
                0x4a01bdac                stdio_get_list
 .text.stdio_get_by_name
                0x4a01bdb8       0x54 common/built-in.o
                0x4a01bdb8                stdio_get_by_name
 .text.stdio_clone
                0x4a01be0c       0x38 common/built-in.o
                0x4a01be0c                stdio_clone
 .text.stdio_register
                0x4a01be44       0x44 common/built-in.o
                0x4a01be44                stdio_register
 .text.stdio_init
                0x4a01be88       0x8c common/built-in.o
                0x4a01be88                stdio_init
 .text.mem_noncache_malloc_init
                0x4a01bf14       0x30 common/built-in.o
                0x4a01bf14                mem_noncache_malloc_init
 .text.malloc_noncache
                0x4a01bf44       0x7c common/built-in.o
                0x4a01bf44                malloc_noncache
 .text.free_noncache
                0x4a01bfc0       0x40 common/built-in.o
                0x4a01bfc0                free_noncache
 .text.user_data_list
                0x4a01c000       0xec common/built-in.o
 .text.do_check_userdata
                0x4a01c0ec       0x28 common/built-in.o
                0x4a01c0ec                do_check_userdata
 .text.save_user_private_data
                0x4a01c114      0x23c common/built-in.o
                0x4a01c114                save_user_private_data
 .text.do_save_user_data
                0x4a01c350       0x50 common/built-in.o
                0x4a01c350                do_save_user_data
 .text.erase_all_private_data
                0x4a01c3a0       0xe0 common/built-in.o
                0x4a01c3a0                erase_all_private_data
 .text.erase_private_data
                0x4a01c480       0x28 common/built-in.o
                0x4a01c480                erase_private_data
 .text.read_private_key_by_name
                0x4a01c4a8      0x134 common/built-in.o
                0x4a01c4a8                read_private_key_by_name
 .text.print_part_header
                0x4a01c5dc       0xd4 disk/built-in.o
 .text.get_dev_hwpart
                0x4a01c6b0       0xb4 disk/built-in.o
                0x4a01c6b0                get_dev_hwpart
 .text.dev_print
                0x4a01c764      0x218 disk/built-in.o
                0x4a01c764                dev_print
 .text.init_part
                0x4a01c97c       0x34 disk/built-in.o
                0x4a01c97c                init_part
 .text.print_part
                0x4a01c9b0       0x68 disk/built-in.o
                0x4a01c9b0                print_part
 .text.get_partition_info
                0x4a01ca18       0x3c disk/built-in.o
                0x4a01ca18                get_partition_info
 .text.get_device
                0x4a01ca54      0x110 disk/built-in.o
                0x4a01ca54                get_device
 .text.get_device_and_partition
                0x4a01cb64      0x424 disk/built-in.o
                0x4a01cb64                get_device_and_partition
 .text.test_block_type
                0x4a01cf88       0x88 disk/built-in.o
 .text.print_partition_extended
                0x4a01d010      0x250 disk/built-in.o
 .text.get_partition_info_extended.constprop.1
                0x4a01d260      0x2ec disk/built-in.o
 .text.test_part_dos
                0x4a01d54c       0x60 disk/built-in.o
                0x4a01d54c                test_part_dos
 .text.print_part_dos
                0x4a01d5ac       0x30 disk/built-in.o
                0x4a01d5ac                print_part_dos
 .text.get_partition_info_dos
                0x4a01d5dc       0x1c disk/built-in.o
                0x4a01d5dc                get_partition_info_dos
 .text.print_efiname
                0x4a01d5f8       0x58 disk/built-in.o
 .text.is_gpt_valid
                0x4a01d650      0x424 disk/built-in.o
 .text.is_pte_valid
                0x4a01da74       0x58 disk/built-in.o
 .text.print_part_efi
                0x4a01dacc      0x274 disk/built-in.o
                0x4a01dacc                print_part_efi
 .text.get_partition_info_efi
                0x4a01dd40      0x1f4 disk/built-in.o
                0x4a01dd40                get_partition_info_efi
 .text.test_part_efi
                0x4a01df34       0xe0 disk/built-in.o
                0x4a01df34                test_part_efi
 .text.drv_lcd_open_callback
                0x4a01e014       0xcc drivers/built-in.o
 .text.disp_blank
                0x4a01e0e0       0x60 drivers/built-in.o
 .text.disp_getprop_regbase
                0x4a01e140       0xd8 drivers/built-in.o
                0x4a01e140                disp_getprop_regbase
 .text.disp_getprop_irq
                0x4a01e218       0xe0 drivers/built-in.o
                0x4a01e218                disp_getprop_irq
 .text.disp_set_hdmi_func
                0x4a01e2f8        0x4 drivers/built-in.o
                0x4a01e2f8                disp_set_hdmi_func
 .text.disp_tv_register
                0x4a01e2fc        0x4 drivers/built-in.o
                0x4a01e2fc                disp_tv_register
 .text.drv_disp_init
                0x4a01e300      0x3cc drivers/built-in.o
                0x4a01e300                drv_disp_init
 .text.drv_disp_exit
                0x4a01e6cc       0x48 drivers/built-in.o
                0x4a01e6cc                drv_disp_exit
 .text.sunxi_disp_get_source_ops
                0x4a01e714      0x148 drivers/built-in.o
                0x4a01e714                sunxi_disp_get_source_ops
 .text.disp_ioctl
                0x4a01e85c      0xa14 drivers/built-in.o
                0x4a01e85c                disp_ioctl
 .text.disp_sys_register_irq
                0x4a01f270       0x18 drivers/built-in.o
                0x4a01f270                disp_sys_register_irq
 .text.disp_sys_unregister_irq
                0x4a01f288        0x4 drivers/built-in.o
                0x4a01f288                disp_sys_unregister_irq
 .text.disp_sys_enable_irq
                0x4a01f28c        0x4 drivers/built-in.o
                0x4a01f28c                disp_sys_enable_irq
 .text.disp_sys_disable_irq
                0x4a01f290        0x4 drivers/built-in.o
                0x4a01f290                disp_sys_disable_irq
 .text.spin_lock_init
                0x4a01f294        0x4 drivers/built-in.o
                0x4a01f294                spin_lock_init
 .text.mutex_init
                0x4a01f298        0x4 drivers/built-in.o
                0x4a01f298                mutex_init
 .text.mutex_lock
                0x4a01f29c        0x4 drivers/built-in.o
                0x4a01f29c                mutex_lock
 .text.mutex_unlock
                0x4a01f2a0        0x4 drivers/built-in.o
                0x4a01f2a0                mutex_unlock
 .text.tasklet_init
                0x4a01f2a4       0x30 drivers/built-in.o
                0x4a01f2a4                tasklet_init
 .text.tasklet_schedule
                0x4a01f2d4       0x30 drivers/built-in.o
                0x4a01f2d4                tasklet_schedule
 .text.kmalloc  0x4a01f304       0x28 drivers/built-in.o
                0x4a01f304                kmalloc
 .text.kfree    0x4a01f32c        0x4 drivers/built-in.o
                0x4a01f32c                kfree
 .text.disp_fdt_init
                0x4a01f330       0x54 drivers/built-in.o
                0x4a01f330                disp_fdt_init
 .text.disp_fdt_nodeoffset
                0x4a01f384       0x54 drivers/built-in.o
                0x4a01f384                disp_fdt_nodeoffset
 .text.disp_sys_script_get_item
                0x4a01f3d8       0x34 drivers/built-in.o
                0x4a01f3d8                disp_sys_script_get_item
 .text.disp_sys_gpio_request
                0x4a01f40c       0x40 drivers/built-in.o
                0x4a01f40c                disp_sys_gpio_request
 .text.disp_sys_gpio_request_simple
                0x4a01f44c       0x44 drivers/built-in.o
                0x4a01f44c                disp_sys_gpio_request_simple
 .text.disp_sys_gpio_release
                0x4a01f490       0x1c drivers/built-in.o
                0x4a01f490                disp_sys_gpio_release
 .text.disp_sys_gpio_set_direction
                0x4a01f4ac        0x4 drivers/built-in.o
                0x4a01f4ac                disp_sys_gpio_set_direction
 .text.disp_sys_gpio_set_value
                0x4a01f4b0        0x4 drivers/built-in.o
                0x4a01f4b0                disp_sys_gpio_set_value
 .text.disp_sys_pin_set_state
                0x4a01f4b4       0x34 drivers/built-in.o
                0x4a01f4b4                disp_sys_pin_set_state
 .text.disp_sys_power_enable
                0x4a01f4e8       0x44 drivers/built-in.o
                0x4a01f4e8                disp_sys_power_enable
 .text.disp_sys_power_disable
                0x4a01f52c       0x34 drivers/built-in.o
                0x4a01f52c                disp_sys_power_disable
 .text.disp_sys_pwm_request
                0x4a01f560       0x1c drivers/built-in.o
                0x4a01f560                disp_sys_pwm_request
 .text.disp_sys_pwm_enable
                0x4a01f57c        0x8 drivers/built-in.o
                0x4a01f57c                disp_sys_pwm_enable
 .text.disp_sys_pwm_disable
                0x4a01f584       0x14 drivers/built-in.o
                0x4a01f584                disp_sys_pwm_disable
 .text.disp_sys_pwm_config
                0x4a01f598        0x8 drivers/built-in.o
                0x4a01f598                disp_sys_pwm_config
 .text.disp_sys_pwm_set_polarity
                0x4a01f5a0        0x8 drivers/built-in.o
                0x4a01f5a0                disp_sys_pwm_set_polarity
 .text.disp_tasklet
                0x4a01f5a8       0x40 drivers/built-in.o
                0x4a01f5a8                disp_tasklet
 .text.bsp_disp_shadow_protect
                0x4a01f5e8       0xe8 drivers/built-in.o
                0x4a01f5e8                bsp_disp_shadow_protect
 .text.bsp_disp_exit
                0x4a01f6d0        0x8 drivers/built-in.o
                0x4a01f6d0                bsp_disp_exit
 .text.bsp_disp_open
                0x4a01f6d8        0x8 drivers/built-in.o
                0x4a01f6d8                bsp_disp_open
 .text.bsp_disp_close
                0x4a01f6e0        0x8 drivers/built-in.o
                0x4a01f6e0                bsp_disp_close
 .text.disp_device_attached_and_enable
                0x4a01f6e8      0x1d4 drivers/built-in.o
                0x4a01f6e8                disp_device_attached_and_enable
 .text.bsp_disp_device_switch
                0x4a01f8bc       0x88 drivers/built-in.o
                0x4a01f8bc                bsp_disp_device_switch
 .text.bsp_disp_device_set_config
                0x4a01f944       0x5c drivers/built-in.o
                0x4a01f944                bsp_disp_device_set_config
 .text.disp_init_connections
                0x4a01f9a0      0x19c drivers/built-in.o
                0x4a01f9a0                disp_init_connections
 .text.bsp_disp_init
                0x4a01fb3c       0xe4 drivers/built-in.o
                0x4a01fb3c                bsp_disp_init
 .text.bsp_disp_vsync_event_enable
                0x4a01fc20       0x1c drivers/built-in.o
                0x4a01fc20                bsp_disp_vsync_event_enable
 .text.sync_event_proc
                0x4a01fc3c      0x134 drivers/built-in.o
                0x4a01fc3c                sync_event_proc
 .text.bsp_disp_get_output_type
                0x4a01fd70       0x48 drivers/built-in.o
                0x4a01fd70                bsp_disp_get_output_type
 .text.bsp_disp_set_hdmi_func
                0x4a01fdb8       0x88 drivers/built-in.o
                0x4a01fdb8                bsp_disp_set_hdmi_func
 .text.bsp_disp_hdmi_get_support_mode
                0x4a01fe40       0x58 drivers/built-in.o
                0x4a01fe40                bsp_disp_hdmi_get_support_mode