sunxi_dma.c:120:13:sunxi_dma_int_func	32	static
sunxi_dma.c:164:6:sunxi_dma_init	32	static
sunxi_dma.c:258:7:sunxi_dma_request_from_last	0	static
sunxi_dma.c:288:7:sunxi_dma_request	0	static
sunxi_dma.c:357:5:sunxi_dma_setting	0	static
sunxi_dma.c:403:5:sunxi_dma_start	0	static
sunxi_dma.c:442:5:sunxi_dma_stop	0	static
sunxi_dma.c:471:5:sunxi_dma_querystatus	0	static
sunxi_dma.c:501:5:sunxi_dma_install_int	8	static
sunxi_dma.c:552:5:sunxi_dma_enable_int	8	static
sunxi_dma.c:607:5:sunxi_dma_disable_int	8	static
sunxi_dma.c:666:5:sunxi_dma_free_int	0	static
sunxi_dma.c:320:5:sunxi_dma_release	8	static
sunxi_dma.c:220:6:sunxi_dma_exit	32	static
