sprite_card.c:273:12:__download_normal_part	1080	static
sprite_card.c:77:6:sprite_card_firmware_start	0	static
sprite_card.c:97:5:sprite_card_firmware_probe	8	static
sprite_card.c:124:5:sprite_card_fetch_download_map	16	static
sprite_card.c:159:5:sprite_card_fetch_mbr	24	static
sprite_card.c:672:5:sunxi_sprite_deal_part	72	static
sprite_card.c:793:5:sunxi_sprite_deal_uboot	4194320	static
sprite_card.c:863:5:sunxi_sprite_deal_boot0	1048592	static
sprite_card.c:918:5:sunxi_sprite_deal_recorvery_boot	5242896	static
sprite_card.c:1026:5:card_verify_uboot	16	static
sprite_card.c:1102:5:card_download_uboot	16	static
sprite_card.c:1142:5:card_verify_boot0	16	static
sprite_card.c:1211:5:card_download_boot0	24	static
sprite_card.c:1401:5:card_download_standard_mbr	544	static
sprite_card.c:1495:5:card_erase	64	static
sprite_card.c:1619:5:sunxi_card_fill_boot0_magic	33816	static
sprite_card.c:1688:5:sunxi_sprite_deal_part_from_sysrevoery	32	static
sprite_card.c:1766:5:__imagehd	0	static
sprite_card.c:1888:5:sunxi_sprite_deal_fullimg	40	static
