Archive member included because of file (symbol)

nand_sunxi/sun8iw5/libnand-sun8iw5(nftl_uboot_interface.o)
                              nand_sunxi/sun8iw5/nand_interface/libnand_interface.o (get_nftl_cap)
nand_sunxi/sun8iw5/libnand-sun8iw5(nand_format.o)
                              nand_sunxi/sun8iw5/osal/libnand_osal.o (ClearNandStruct)
nand_sunxi/sun8iw5/libnand-sun8iw5(nand_phy.o)
                              nand_sunxi/sun8iw5/osal/libnand_osal.o (PHY_SimpleRead_Seq)
nand_sunxi/sun8iw5/libnand-sun8iw5(nand_physic_interface.o)
                              nand_sunxi/sun8iw5/osal/libnand_osal.o (NandHwInit)
nand_sunxi/sun8iw5/libnand-sun8iw5(nand_scan.o)
                              nand_sunxi/sun8iw5/osal/libnand_osal.o (NAND_GetBlankBlockFlag)
nand_sunxi/sun8iw5/libnand-sun8iw5(nand_simple_r.o)
                              nand_sunxi/sun8iw5/libnand-sun8iw5(nand_phy.o) (_add_cmd_list)
nand_sunxi/sun8iw5/libnand-sun8iw5(nand_simple_w.o)
                              nand_sunxi/sun8iw5/libnand-sun8iw5(nand_phy.o) (_write_single_page_first)
nand_sunxi/sun8iw5/libnand-sun8iw5(nfc_reg.o)
                              nand_sunxi/sun8iw5/libnand-sun8iw5(nand_simple_r.o) (NDFC_READ_REG_CTL)
nand_sunxi/sun8iw5/libnand-sun8iw5(nfc_r.o)
                              nand_sunxi/sun8iw5/libnand-sun8iw5(nand_phy.o) (NFC_InitDDRParam)
nand_sunxi/sun8iw5/libnand-sun8iw5(nfc_w.o)
                              nand_sunxi/sun8iw5/libnand-sun8iw5(nand_phy.o) (NFC_GetUniqueId)
nand_sunxi/sun8iw5/libnand-sun8iw5(nand_info_init_v2.o)
                              nand_sunxi/sun8iw5/osal/libnand_osal.o (nand_info_init)
nand_sunxi/sun8iw5/libnand-sun8iw5(build_phy_partition_v2.o)
                              nand_sunxi/sun8iw5/libnand-sun8iw5(nand_info_init_v2.o) (print_partition)
nand_sunxi/sun8iw5/libnand-sun8iw5(build_nand_partition.o)
                              nand_sunxi/sun8iw5/libnand-sun8iw5(nftl_uboot_interface.o) (build_nand_partition)
nand_sunxi/sun8iw5/libnand-sun8iw5(build_phy_partition.o)
                              nand_sunxi/sun8iw5/libnand-sun8iw5(build_phy_partition_v2.o) (BlockErase)
nand_sunxi/sun8iw5/libnand-sun8iw5(nand_info_init.o)
                              nand_sunxi/sun8iw5/libnand-sun8iw5(nand_info_init_v2.o) (nand_info_init_v1)
nand_sunxi/sun8iw5/libnand-sun8iw5(nftl_common.o)
                              nand_sunxi/sun8iw5/libnand-sun8iw5(nftl_uboot_interface.o) (set_physic_op_par)
nand_sunxi/sun8iw5/libnand-sun8iw5(nftl_build.o)
                              nand_sunxi/sun8iw5/libnand-sun8iw5(nftl_uboot_interface.o) (erase_block)
nand_sunxi/sun8iw5/libnand-sun8iw5(nftl_interface.o)
                              nand_sunxi/sun8iw5/libnand-sun8iw5(nftl_build.o) (print_smart)
nand_sunxi/sun8iw5/libnand-sun8iw5(nftl_init.o)
                              nand_sunxi/sun8iw5/libnand-sun8iw5(nftl_uboot_interface.o) (nftl_malloc)
nand_sunxi/sun8iw5/libnand-sun8iw5(nand_id.o)
                              nand_sunxi/sun8iw5/libnand-sun8iw5(nand_scan.o) (DefaultNandTbl)
nand_sunxi/sun8iw5/libnand-sun8iw5(nftl_list.o)
                              nand_sunxi/sun8iw5/libnand-sun8iw5(nftl_build.o) (print_free_list)
nand_sunxi/sun8iw5/libnand-sun8iw5(nftl_logic.o)
                              nand_sunxi/sun8iw5/libnand-sun8iw5(nftl_build.o) (new_block_init_for_write)
nand_sunxi/sun8iw5/libnand-sun8iw5(nftl_gc.o)
                              nand_sunxi/sun8iw5/libnand-sun8iw5(nftl_build.o) (add_prio_gc)
nand_sunxi/sun8iw5/libnand-sun8iw5(nftl_cache.o)
                              nand_sunxi/sun8iw5/libnand-sun8iw5(nftl_build.o) (nftl_cache_init)
nand_sunxi/sun8iw5/libnand-sun8iw5(nftl_start.o)
                              nand_sunxi/sun8iw5/libnand-sun8iw5(nftl_init.o) (nftl_start)
nand_sunxi/sun8iw5/libnand-sun8iw5(nftl_hw_interface.o)
                              nand_sunxi/sun8iw5/libnand-sun8iw5(nftl_logic.o) (_nftl_nand_erase_superblk)
/home/taga/NuttX/brandy-dev-moon/gcc-linaro/bin/../lib/gcc/arm-linux-gnueabi/4.6.3/libgcc.a(_lshrdi3.o)
                              lib/libgeneric.o (__aeabi_llsr)
/home/taga/NuttX/brandy-dev-moon/gcc-linaro/bin/../lib/gcc/arm-linux-gnueabi/4.6.3/libgcc.a(_ashrdi3.o)
                              drivers/video_sunxi/libvideo_sunxi.o (__aeabi_lasr)
/home/taga/NuttX/brandy-dev-moon/gcc-linaro/bin/../lib/gcc/arm-linux-gnueabi/4.6.3/libgcc.a(_ashldi3.o)
                              drivers/mmc/libmmc.o (__aeabi_llsl)
/home/taga/NuttX/brandy-dev-moon/gcc-linaro/bin/../lib/gcc/arm-linux-gnueabi/4.6.3/libgcc.a(_arm_addsubdf3.o)
                              board/sunxi/libsunxi.o (__aeabi_i2d)
/home/taga/NuttX/brandy-dev-moon/gcc-linaro/bin/../lib/gcc/arm-linux-gnueabi/4.6.3/libgcc.a(_arm_muldivdf3.o)
                              board/sunxi/libsunxi.o (__aeabi_ddiv)
/home/taga/NuttX/brandy-dev-moon/gcc-linaro/bin/../lib/gcc/arm-linux-gnueabi/4.6.3/libgcc.a(_arm_truncdfsf2.o)
                              board/sunxi/libsunxi.o (__aeabi_d2f)
[...]
Memory Configuration

Name             Origin             Length             Attributes
*default*        0x00000000         0xffffffff

Linker script and memory map

                0x47000000                . = 0x47000000
                0x47000000                . = ALIGN (0x4)

.head           0x47000000      0x500
 arch/arm/cpu/armv7/sun8iw5/spare_head.o(.data)
 .data          0x47000000      0x500 arch/arm/cpu/armv7/sun8iw5/spare_head.o
                0x47000000                uboot_spare_head

.hash           0x47000500       0x40
 arch/arm/cpu/armv7/sun8iw5/../uboot_hash.o(.data)
 .data          0x47000500       0x40 arch/arm/cpu/armv7/sun8iw5/../uboot_hash.o
                0x47000500                uboot_hash_value
                0x47000540                . = ALIGN (0x1)

.text           0x47000540    0x8cc80
                0x47000540                __int_vector_start = .
 arch/arm/cpu/armv7/start.o(.text*)
 .text          0x47000540      0x4e0 arch/arm/cpu/armv7/start.o
                0x47000540                _start
                0x47000580                _TEXT_BASE
                0x47000580                _end_vect
                0x47000584                _bss_start_ofs
                0x47000588                _image_copy_end_ofs
                0x4700058c                _bss_end_ofs
                0x47000590                _end_ofs
                0x47000594                __int_vector_start__
                0x47000598                __int_vector_end__
                0x4700059c                IRQ_STACK_START
                0x470005a0                FIQ_STACK_START
                0x470005a4                IRQ_STACK_START_IN
                0x470005dc                relocate_code
                0x47000a20                __int_vector_end = .
 *(.text)
 .text          0x47000a20        0x0 arch/arm/cpu/armv7/sun8iw5/spare_head.o
 .text          0x47000a20        0x0 arch/arm/cpu/armv7/sun8iw5/../uboot_hash.o
 .text          0x47000a20      0x338 arch/arm/cpu/armv7/libarmv7.o
                0x47000bd0                invalidate_dcache_all
                0x47000be4                flush_dcache_all
                0x47000bf8                flush_icache_all
                0x47000c04                invalidate_dcache_range
                0x47000c28                flush_dcache_range
                0x47000c4c                arm_init_before_mmu
                0x47000c74                flush_cache
                0x47000c7c                invalidate_icache_all
                0x47000c94                __v7_outer_cache_enable
                0x47000c98                __v7_outer_cache_disable
                0x47000c98                v7_outer_cache_disable
                0x47000c9c                __v7_outer_cache_flush_all
                0x47000c9c                v7_outer_cache_flush_all
                0x47000ca0                __v7_outer_cache_inval_all
                0x47000ca4                __v7_outer_cache_flush_range
                0x47000ca8                __v7_outer_cache_inval_range
                0x47000ca8                v7_outer_cache_inval_range
                0x47000cac                save_boot_params
                0x47000cac                save_boot_params_default
                0x47000cb0                cleanup_before_linux
                0x47000cd0                __cpu0_set_detected_paras
                0x47000cd4                arch_cpu_init
                0x47000cf4                sdelay
                0x47000d00                sr32
                0x47000d24                wait_on_value
 .text          0x47000d58     0x2fb4 arch/arm/cpu/armv7/sun8iw5/libsun8iw5.o
                0x47000ec8                irq_enable
                0x47000f40                irq_disable
                0x47000fb8                irq_install_handler
                0x47001000                irq_free_handler
                0x47001038                do_irq
                0x47001124                arch_interrupt_init
                0x47001160                arch_interrupt_exit
                0x47001174                sunxi_clock_get_corepll
                0x470011bc                sunxi_clock_get_axi
                0x4700121c                sunxi_clock_get_apb2
                0x47001224                sunxi_clock_set_corepll
                0x470012f0                sunxi_clock_get_pll6
                0x47001320                sunxi_clock_get_ahb
                0x47001374                sunxi_clock_get_apb1
                0x470013ac                timer1_func
                0x4700140c                timer0_func
                0x4700146c                timer_init
                0x470014a4                timer_exit
                0x470014ec                watchdog_disable
                0x47001500                watchdog_enable
                0x47001518                get_timer
                0x47001534                runtime_tick
                0x47001544                get_timer_masked
                0x47001554                __usdelay
                0x4700157c                __msdelay
                0x4700159c                get_ticks
                0x470015b8                get_tbclk
                0x470015c0                init_timer
                0x470015c4                add_timer
                0x470016e0                del_timer
                0x4700175c                stick_printf
                0x47001780                tick0_printf
                0x470017d4                print_boot_type
                0x47001850                get_base
                0x4700185c                s_init
                0x47001860                reset_cpu
                0x4700186c                v7_outer_cache_enable
                0x47001870                v7_outer_cache_inval_all
                0x47001874                v7_outer_cache_flush_range
                0x47001878                enable_caches
                0x47001888                disable_caches
                0x47001898                display_inner
                0x470018b8                script_init
                0x470018f4                power_source_init
                0x47001a08                sunxi_key_init
                0x47001a38                sunxi_key_exit
                0x47001a58                sunxi_key_read
                0x47001aa8                do_key_test
                0x47001af0                USBC_GetVbusStatus
                0x47001b20                USBC_OTG_SelectMode
                0x47001b24                USBC_ReadLenFromFifo
                0x47001b50                USBC_WritePacket
                0x47001bbc                USBC_ReadPacket
                0x47001c28                USBC_ConfigFIFO_Base
                0x47001c64                USBC_GetPortFifoStartAddr
                0x47001c94                USBC_GetPortFifoSize
                0x47001cb8                USBC_SelectFIFO
                0x47001cc8                __USBC_ConfigFifo_TxEp
                0x47001d18                __USBC_ConfigFifo_RxEp_Default
                0x47001d28                __USBC_ConfigFifo_RxEp
                0x47001d78                USBC_ConfigFifo_Default
                0x47001db0                USBC_ConfigFifo
                0x47001dec                USBC_GetLastFrameNumber
                0x47001dfc                USBC_GetStatus_Dp
                0x47001e10                USBC_GetStatus_Dm
                0x47001e24                USBC_GetStatus_DpDm
                0x47001e44                USBC_GetOtgMode_Form_ID
                0x47001e5c                USBC_GetOtgMode_Form_BDevice
                0x47001e74                USBC_SelectBus
                0x47001eb8                USBC_INT_EpPending
                0x47001ef4                USBC_INT_ClearEpPending
                0x47001f48                USBC_INT_ClearEpPendingAll
                0x47001f80                USBC_INT_MiscPending
                0x47001f90                USBC_INT_ClearMiscPending
                0x47001fa4                USBC_INT_ClearMiscPendingAll
                0x47001fb8                USBC_INT_EnableEp
                0x4700200c                USBC_INT_EnableUsbMiscUint
                0x47002028                USBC_INT_DisableEp
                0x47002074                USBC_INT_DisableUsbMiscUint
                0x4700208c                USBC_INT_DisableEpAll
                0x470020bc                USBC_INT_DisableUsbMiscAll
                0x470020d0                USBC_GetActiveEp
                0x470020e0                USBC_SelectActiveEp
                0x470020f0                USBC_EnhanceSignal
                0x470020f4                USBC_EnterMode_TestPacket
                0x4700210c                USBC_EnterMode_Test_K
                0x47002124                USBC_EnterMode_Test_J
                0x4700213c                USBC_EnterMode_Test_SE0_NAK
                0x47002154                USBC_EnterMode_Idle
                0x470021a0                USBC_SetWakeUp_Default
                0x470021a4                USBC_EnableIdPullUp
                0x470021bc                USBC_DisableIdPullUp
                0x470021d4                USBC_EnableDpDmPullUp
                0x470021ec                USBC_DisableDpDmPullUp
                0x47002204                USBC_ForceId
                0x4700223c                USBC_ForceVbusValid
                0x47002284                USBC_A_valid_InputSelect
                0x47002288                USBC_EnableUsbLineStateBypass
                0x4700228c                USBC_DisableUsbLineStateBypass
                0x47002290                USBC_EnableHosc
                0x470022a8                USBC_DisableHosc
                0x470022bc                USBC_IsVbusChange
                0x470022d8                USBC_IsIdChange
                0x470022f4                USBC_IsDpDmChange
                0x47002310                USBC_DisableWakeIrq
                0x47002324                USBC_DisableVbusChange
                0x47002338                USBC_DisableIdChange
                0x4700234c                USBC_DisableDpDmChange
                0x47002360                USBC_EnableWakeIrq
                0x47002378                USBC_EnableVbusChange
                0x47002390                USBC_EnableIdChange
                0x470023a8                USBC_EnableDpDmChange
                0x470023c0                USBC_TestMode_ReadReg
                0x470023fc                USBC_PrintAllReg
                0x47002758                USBC_open_otg
                0x4700279c                USBC_close_otg
                0x470027c4                USBC_init
                0x470027cc                USBC_exit
                0x47002814                USBC_Dev_SetAddress_default
                0x47002828                USBC_Dev_SetAddress
                0x47002838                USBC_Dev_QueryTransferMode
                0x47002858                USBC_Dev_ConfigTransferMode
                0x470028c8                USBC_Dev_ConectSwitch
                0x470028ec                USBC_Dev_QueryPowerStatus
                0x47002900                USBC_Dev_ConfigEp
                0x47002a0c                USBC_Dev_ConfigEp_Default
                0x47002a74                USBC_Dev_ConfigEpDma
                0x47002adc                USBC_Dev_ClearEpDma
                0x47002b4c                USBC_Dev_IsEpStall
                0x47002b94                USBC_Dev_EpSendStall
                0x47002bfc                USBC_Dev_EpClearStall
                0x47002c94                USBC_Dev_Ctrl_IsSetupEnd
                0x47002ca8                USBC_Dev_Ctrl_ClearSetupEnd
                0x47002cc0                USBC_Dev_WriteDataStatus
                0x47002d4c                USBC_Dev_ReadDataStatus
                0x47002dcc                USBC_Dev_IsReadDataReady
                0x47002e0c                USBC_Dev_IsWriteDataReady
                0x47002e48                USBC_Dev_IsWriteDataReady_FifoEmpty
                0x47002e84                USBC_Dev_IsoUpdateEnable
                0x47002ea4                USBC_Dev_FlushFifo
                0x47002eec                USBC_Host_SetFunctionAddress_Deafult
                0x47002f48                USBC_Host_SetFunctionAddress
                0x47002fd0                USBC_Host_SetHubAddress_Deafult
                0x47003000                USBC_Host_SetHubAddress
                0x47003048                USBC_Host_SetHPortAddress_Deafult
                0x47003078                USBC_Host_SetHPortAddress
                0x470030a0                USBC_Host_QueryTransferMode
                0x470030c0                USBC_Host_ConfigTransferMode
                0x470030f4                USBC_Host_ResetPort
                0x4700310c                USBC_Host_ClearResetPortFlag
                0x47003124                USBC_Host_RusumePort
                0x4700313c                USBC_Host_ClearRusumePortFlag
                0x47003154                USBC_Host_SuspendPort
                0x4700316c                USBC_Host_QueryPowerStatus
                0x4700317c                USBC_Host_StartSession
                0x47003194                USBC_Host_EndSession
                0x470031ac                USBC_Host_PeripheralType
                0x470031cc                USBC_Host_FlushFifo
                0x47003214                USBC_Host_ConfigEp_Default
                0x47003298                USBC_Host_ConfigEp
                0x470033f4                USBC_Host_ConfigEpDma
                0x47003438                USBC_Host_ClearEpDma
                0x47003488                USBC_Host_IsEpNakTimeOut
                0x470034cc                USBC_Host_ClearEpNakTimeOut
                0x4700351c                USBC_Host_IsEpError
                0x47003570                USBC_Host_ClearEpError
                0x470035d0                USBC_Host_IsEpStall
                0x4700361c                USBC_Host_ClearEpStall
                0x4700367c                USBC_Host_ClearEpCSR
                0x470036b8                USBC_Host_IsReadDataReady
                0x470036f8                USBC_Host_IsWriteDataReady
                0x47003740                USBC_Host_ReadDataStatus
                0x470037dc                USBC_Host_WriteDataStatus
                0x47003860                USBC_Host_IsReqPktSet
                0x470038a0                USBC_Host_StartInToken
                0x470038e4                USBC_Host_StopInToken
                0x47003930                USBC_Host_ConfigRqPktCount
                0x47003944                USBC_Host_ClearRqPktCount
                0x47003958                USBC_Host_EnablePing
                0x47003974                USBC_Host_DisablePing
                0x4700398c                USBC_Host_SendCtrlStatus
                0x470039b0                USBC_Host_SendSetupPkt
                0x470039fc                USBC_PHY_SetCommonConfig
                0x47003a00                USBC_PHY_SetPrivateConfig
                0x47003a04                USBC_PHY_GetCommonConfig
                0x47003a0c                USBC_phy_Standby
                0x47003a60                USBC_Phy_Standby_Recover
                0x47003a64                usb_open_clock
                0x47003ab8                usb_close_clock
                0x47003b0c                usb_probe_vbus_type
                0x47003b70                USBC_Dma_Set_ChannalPara
                0x47003bb4                USBC_Dma_Set_PktLen
                0x47003bf4                USBC_Dma_Start
                0x47003c74                USBC_Dma_Int_Stop
                0x47003ca8                USBC_Dma_Int_Query
                0x47003cc4                USBC_Dma_Int_Clear
                0x47003cec                lowlevel_init
 .text          0x47003d0c     0x14e4 arch/arm/lib/libarm.o
                0x47003d0c                memcpy
                0x47004174                __coloured_LED_init
                0x47004174                coloured_LED_init
                0x47004178                red_LED_on
                0x47004178                __red_LED_on
                0x4700417c                red_LED_off
                0x4700417c                __red_LED_off
                0x47004180                __green_LED_on
                0x47004180                green_LED_on
                0x47004184                green_LED_off
                0x47004184                __green_LED_off
                0x47004188                yellow_LED_on
                0x47004188                __yellow_LED_on
                0x4700418c                __yellow_LED_off
                0x4700418c                yellow_LED_off
                0x47004190                __blue_LED_on
                0x47004190                blue_LED_on
                0x47004194                __blue_LED_off
                0x47004194                blue_LED_off
                0x47004198                __dram_init_banksize
                0x470041b4                __sunxi_probe_securemode
                0x470041b4                sunxi_probe_securemode
                0x470041bc                __smc_init
                0x470041c4                board_init_f
                0x4700431c                board_init_r
                0x470044c8                hang
                0x47004648                arch_lmb_reserve
                0x4700466c                do_bootm_linux
                0x470049bc                do_boota_linux
                0x47004d64                __flush_cache
                0x47004d68                __flush_dcache_all
                0x47004d74                __enable_caches
                0x47004f0c                __arm_init_before_mmu
                0x47004f10                icache_enable
                0x47004f18                icache_disable
                0x47004f20                icache_status
                0x47004f2c                dcache_enable
                0x47004f34                dcache_disable
                0x47004f3c                dcache_status
                0x47004f48                interrupt_init
                0x47004f88                interrupt_exit
                0x47004f8c                enable_interrupts
                0x47004f9c                disable_interrupts
                0x47004fb8                bad_mode
                0x47004fc8                show_regs
                0x47005108                do_undefined_instruction
                0x47005128                do_software_interrupt
                0x47005148                do_prefetch_abort
                0x47005168                do_data_abort
                0x47005188                do_not_used
                0x470051a8                do_fiq
                0x470051c8                do_reset
 .text          0x470051f0     0xd23c common/libcommon.o
                0x470051f0                do_go_exec
                0x47005208                do_go
                0x4700527c                __do_sunxi_boot_signature
                0x47005284                memcpy2
                0x470052d8                do_boota
                0x470053c0                do_bootd
                0x47005a48                arch_preboot_os
                0x47005a48                __arch_preboot_os
                0x47005a4c                do_bootm_subcommand
                0x47005c90                do_bootm
                0x47005f24                bootm_maybe_autostart
                0x47005f98                do_probe_secure_storage
                0x47005fd0                do_burn_from_boot
                0x4700623c                do_exit
                0x4700626c                do_fat_fsinfo
                0x47006344                do_fat_ls
                0x4700644c                do_fat_fsdown
                0x470065bc                do_fat_fsload
                0x47006728                fat_fsload_file
                0x470067d0                do_efex
                0x470067ec                do_help
                0x47006830                do_sysconfig
                0x47006970                do_delay_test
                0x470069c0                do_memcpy_test
                0x470069f4                do_efex_test
                0x47006a30                do_mass_test
                0x47006a6c                do_fastboot_test
                0x47006aa8                do_sprite_test
                0x47006c34                do_power_probe
                0x47006c98                do_timer_test1
                0x47006d18                do_timer_test
                0x47006d98                do_mem_base
                0x47006dd8                do_mem_mtest
                0x47006f78                do_mem_loop
                0x4700706c                do_mem_md
                0x47007140                do_mem_crc
                0x470071e8                do_mem_cp
                0x470072c8                do_mem_cmp
                0x47007454                do_mem_mw
                0x4700764c                do_mem_nm
                0x47007664                do_mem_mm
                0x4700767c                do_mmcops
                0x47007a6c                do_mmcinfo
                0x47007fa0                do_modify_cfg
                0x470080bc                do_savecfg
                0x470083fc                do_nfs
                0x47008408                do_tftpb
                0x47008414                do_bootp
                0x47008420                do_ping
                0x470087b0                do_env_save
                0x47008874                do_env_print
                0x470088f8                get_env_id
                0x47008908                _do_env_set
                0x47008cd0                do_env_set
                0x47008cec                setenv
                0x47008f4c                envmatch
                0x47008fb0                getenv_f
                0x4700906c                getenv
                0x470090d8                do_onekey_sprite_recovery
                0x470091e0                do_shutdown
                0x470091e4                do_standby
                0x470093b4                sunxi_bmp_decode
                0x4700975c                sunxi_bmp_display
                0x47009854                do_sunxi_logo
                0x47009860                do_sunxi_flash
                0x47009bb4                memtester_pagesize
                0x47009bcc                usage
                0x47009ee8                probe_high_level_power_mod
                0x47009f24                rsa_init
                0x47009fa4                rsa_dump
                0x4700a028                rsa_encrypt
                0x4700a068                rsa_decrypt
                0x4700a0ac                prepareCryptTable
                0x4700a0b0                HashString
                0x4700a4fc                HashString_init
                0x4700a510                signature_erase_all
                0x4700a63c                sunxi_oem_op_lock
                0x4700a9d8                do_sunxi_boot_signature
                0x4700abbc                erase_private_data
                0x4700ac94                save_user_private_data
                0x4700ae74                do_save_user_data
                0x4700aea8                user_data_list
                0x4700af94                do_check_userdata
                0x4700afbc                check_user_data
                0x4700b168                update_user_data
                0x4700b2c0                do_false
                0x4700b2c8                do_true
                0x4700b2d0                do_test
                0x4700b73c                do_version
                0x4700b774                find_cmd_tbl
                0x4700b810                find_cmd
                0x4700b838                cmd_usage
                0x4700b894                _do_help
                0x4700ba18                var_complete
                0x4700baa0                cmd_auto_complete
                0x4700bf1c                cmd_get_data_size
                0x4700c010                serial_printf
                0x4700c050                fgetc
                0x4700c07c                ftstc
                0x4700c0a8                fputc
                0x4700c0d0                fputs
                0x4700c0f8                fprintf
                0x4700c140                getc
                0x4700c158                tstc
                0x4700c170                putc
                0x4700c18c                puts
                0x4700c1a8                printf
                0x4700c1f4                tick_printf
                0x4700c270                vprintf
                0x4700c2a4                ctrlc
                0x4700c2f0                disable_ctrlc
                0x4700c308                had_ctrlc
                0x4700c318                clear_ctrlc
                0x4700c32c                dbg
                0x4700c338                search_device
                0x4700c360                console_assign
                0x4700c3a0                console_init_f
                0x4700c3b0                stdio_print_current_devices
                0x4700c464                console_init_r
                0x4700c544                sbrk
                0x4700c5a0                mem_malloc_init
                0x4700c5c4                malloc_trim
                0x4700c694                free
                0x4700c8b4                cfree
                0x4700c8b8                malloc
                0x4700ce84                calloc
                0x4700cf58                memalign
                0x4700d060                pvalloc
                0x4700d078                valloc
                0x4700d084                realloc
                0x4700d48c                malloc_usable_size
                0x4700d4c8                mallopt
                0x4700d53c                env_get_addr
                0x4700d560                env_get_char_memory
                0x4700d570                env_get_char
                0x4700d5a4                set_default_env
                0x4700d644                env_import
                0x4700d714                env_relocate
                0x4700d744                env_complete
                0x4700d9f4                env_get_char_spec
                0x4700da00                env_init
                0x4700da1c                saveenv
                0x4700da40                env_relocate_spec
                0x4700da54                get_version
                0x4700da5c                jumptable_init
                0x4700de88                do_showvar
                0x4700e3cc                simple_itoa
                0x4700e410                get_local_var
                0x4700e5d4                set_local_var
                0x4700e790                unset_local_var
                0x4700e830                new_pipe
                0x4700e8a0                reserved_word
                0x4700eb64                mapset
                0x4700eb88                update_ifs_map
                0x4700ebf8                parse_string_outer
                0x4700fae4                parse_file_outer
                0x4700fb28                u_boot_hush_start
                0x4700fbb0                image_check_hcrc
                0x4700fc00                image_check_dcrc
                0x4700fc3c                image_multi_count
                0x4700fc60                image_multi_getimg
                0x4700fce4                getenv_yesno
                0x4700fd0c                getenv_bootm_low
                0x4700fd3c                getenv_bootm_size
                0x4700fd98                getenv_bootm_mapsize
                0x4700fdc8                memmove_wd
                0x4700fdd4                genimg_print_size
                0x4700fe04                get_table_entry_name
                0x4700fe30                genimg_get_os_name
                0x4700fe48                genimg_get_arch_name
                0x4700fe60                genimg_get_type_name
                0x4700fe78                genimg_get_comp_name
                0x4700fe90                image_print_contents
                0x47010008                get_table_entry_id
                0x47010054                genimg_get_os_id
                0x4701006c                genimg_get_arch_id
                0x47010084                genimg_get_type_id
                0x4701009c                genimg_get_comp_id
                0x470100b4                genimg_get_format
                0x470100c8                genimg_get_image
                0x470100cc                genimg_has_config
                0x470100d4                boot_get_ramdisk
                0x47010304                boot_ramdisk_high
                0x47010424                boot_get_cmdline
                0x47010664                __show_boot_progress
                0x47010664                show_boot_progress
                0x47010668                main_loop
                0x47010764                readline_into_buffer
                0x4701108c                readline
                0x470110a8                parse_line
                0x47011134                run_command
                0x470114e0                do_run
                0x47011554                get_ram_size
                0x470116c8                srec_decode
                0x47011928                stdio_get_list
                0x47011934                stdio_get_by_name
                0x47011988                stdio_clone
                0x470119d0                stdio_register
                0x47011a14                stdio_init
                0x47011a9c                mem_noncache_malloc_init
                0x47011ac8                malloc_noncache
                0x47011b44                free_noncache
                0x47011b84                CYGACC_COMM_IF_GETC_TIMEOUT
                0x47011e68                CYGACC_COMM_IF_PUTC
                0x47011e70                parse_num
                0x47011f8c                xyzModem_stream_open
                0x470120d8                xyzModem_stream_read
                0x47012328                xyzModem_stream_close
                0x47012378                xyzModem_stream_terminate
                0x4701240c                xyzModem_error
 .text          0x4701242c      0x8b4 disk/libdisk.o
                0x4701242c                get_dev
                0x4701248c                dev_print
                0x47012680                init_part
                0x4701269c                get_partition_info
                0x470126c4                print_part
                0x47012c30                test_part_dos
                0x47012c98                print_part_dos
                0x47012cc4                get_partition_info_dos
 .text          0x47012ce0      0x590 drivers/dma/libdma.o
                0x47012d7c                sunxi_dma_init
                0x47012e24                __sunxi_disable_dma_clock
                0x47012e24                sunxi_disable_dma_clock
                0x47012e28                sunxi_dma_request
                0x47012e7c                sunxi_dma_setting
                0x47012ed4                sunxi_dma_start
                0x47012f0c                sunxi_dma_stop
                0x47012f28                sunxi_dma_querystatus
                0x47012f50                sunxi_dma_install_int
                0x47012fc8                sunxi_dma_enable_int
                0x47013080                sunxi_dma_disable_int
                0x4701313c                sunxi_dma_free_int
                0x470131ac                sunxi_dma_release
                0x470131e8                sunxi_dma_exit
 .text          0x47013270     0x5df8 drivers/mmc/libmmc.o
                0x47013278                __board_mmc_getcd
                0x47013278                board_mmc_getcd
                0x47013280                mmc_update_phase
                0x47013290                mmc_send_cmd
                0x470132a0                mmc_send_status
                0x47013374                mmc_set_blocklen
                0x470133c0                mmc_set_erase_start_addr
                0x47013444                mmc_set_erase_end_addr
                0x470134c8                mmc_launch_erase
                0x47013500                mmc_sd_erase_timeout
                0x47013508                mmc_mmc_def_erase_timeout
                0x470135a0                mmc_mmc_erase_timeout
                0x4701365c                mmc_erase_timeout
                0x47013674                mmc_erase_group_aligned
                0x470136ac                mmc_align_erase_group
                0x47013720                mmc_add_skip_space
                0x47013748                mmc_send_manual_stop
                0x470138d0                find_mmc_device
                0x47013bc8                mmc_read_blocks
                0x47013e7c                mmc_go_idle
                0x47013ee0                sd_send_op_cond
                0x4701405c                mmc_send_op_cond
                0x470141dc                mmc_send_ext_csd
                0x47014248                mmc_mmc_update_timeout
                0x47014344                mmc_do_erase
                0x4701440c                mmc_erase
                0x4701452c                mmc_mmc_secure_trim
                0x47014624                mmc_mmc_discard
                0x4701471c                mmc_mmc_trim
                0x4701480c                mmc_insecure_secure_erase
                0x47014940                mmc_mmc_secure_erase
                0x47014a34                mmc_do_switch
                0x47014ac4                mmc_do_sanitize
                0x47014b24                mmc_mmc_sanitize
                0x47014b90                mmc_mmc_erase
                0x47014d1c                mmc_do_secure_wipe
                0x47014f74                mmc_secure_wipe
                0x47015050                mmc_switch
                0x47015064                mmc_change_freq
                0x4701518c                mmc_switch_boot_bus_cond
                0x47015264                mmc_switch_boot_part
                0x47015458                mmc_switch_part
                0x47015510                sd_switch
                0x47015580                sd_change_freq
                0x470157a0                mmc_set_ios
                0x470157b0                mmc_set_clock
                0x47015a04                mmc_set_bus_width
                0x47015a18                mmc_startup
                0x4701648c                mmc_send_if_cond
                0x4701651c                mmc_register
                0x4701660c                mmc_unregister
                0x47016614                mmc_get_dev
                0x47016628                sunxi_need_rty
                0x47016684                mmc_write_info
                0x47016720                mmc_init
                0x4701707c                cpu_mmc_init
                0x47017084                print_mmc_devices
                0x470170e8                get_mmc_num
                0x470170ec                mmc_initialize
                0x47017118                mmc_exit
                0x47017298                sunxi_detail_errno
                0x47017b4c                sunxi_decide_rty
                0x47018134                sunxi_update_sdly
                0x47018208                mmc_dump_errinfo
                0x4701831c                sunxi_mci_regs_save
                0x470183b8                sunxi_mci_regs_restore
                0x47018ce4                sunxi_mmc_init
                0x47019018                sunxi_mmc_exit
 .text          0x47019068        0x0 drivers/pcmcia/libpcmcia.o
 .text          0x47019068     0x29a0 drivers/power/libpower.o
                0x47019068                axp_probe
                0x470190d8                axp_reinit
                0x47019110                axp_get_power_vol_level
                0x47019118                axp_probe_startup_cause
                0x4701922c                axp_set_hardware_poweron_vol
                0x47019288                axp_set_hardware_poweroff_vol
                0x470192e4                axp_set_power_off
                0x47019300                axp_probe_factory_mode
                0x470193ac                axp_set_next_poweron_status
                0x470193c8                axp_probe_pre_sys_mode
                0x470193e4                axp_power_get_dcin_battery_exist
                0x47019420                axp_probe_power_source
                0x47019458                axp_probe_battery_vol
                0x47019474                axp_probe_rest_battery_capacity
                0x47019490                axp_probe_key
                0x470194ac                axp_probe_charge_current
                0x470194c8                axp_set_charge_current
                0x470194e4                axp_set_charge_control
                0x47019500                axp_set_vbus_limit_dc
                0x47019534                axp_set_vbus_limit_pc
                0x47019568                axp_set_all_limit
                0x47019638                axp_set_suspend_chgcur
                0x47019658                axp_set_runtime_chgcur
                0x47019678                axp_set_charge_vol_limit
                0x470196e0                axp_set_power_supply_output
                0x470197d0                axp_slave_set_power_supply_output
                0x47019924                axp_probe_power_supply_condition
                0x47019a18                axp_int_enable
                0x47019a54                axp_int_disable
                0x47019a78                axp_int_query
                0x47019a94                axp_set_supply_status
                0x47019abc                axp_set_supply_status_byname
                0x47019b30                axp_probe_supply_status
                0x47019b58                axp_probe_supply_status_byname
                0x47019bbc                axp_set_supply_status_byregulator
                0x47019dd0                axp_probe_supply_pmu_name
                0x47019e34                axp_probe_vbus_cur_limit
                0x47019e74                axp22_set_next_sys_mode
                0x47019e90                axp22_set_int_enable
                0x47019ee4                axp22_probe_vbus_cur_limit
                0x47019f58                axp22_set_coulombmeter_onoff
                0x47019fa8                axp22_set_charge_control
                0x4701a018                axp22_probe_battery_ratio
                0x4701a03c                axp22_probe_power_status
                0x4701a074                axp22_probe_battery_exist
                0x4701a0a4                axp22_probe_battery_vol
                0x4701a0f8                axp22_probe_key
                0x4701a144                axp22_probe_pre_sys_mode
                0x4701a164                axp22_probe_this_poweron_cause
                0x4701a188                axp22_set_power_off
                0x4701a1c4                axp22_set_power_onoff_vol
                0x4701a24c                axp22_set_charge_current
                0x4701a2b8                axp22_probe_charge_current
                0x4701a2e8                axp22_set_vbus_cur_limit
                0x4701a348                axp22_set_vbus_vol_limit
                0x4701a3c0                axp22_probe_int_pending
                0x4701a430                axp22_probe_int_enable
                0x4701a470                axp22_probe
                0x4701b30c                axp22_set_supply_status
                0x4701b408                axp22_set_supply_status_byname
                0x4701b55c                axp22_probe_supply_status
                0x4701b564                axp22_probe_supply_status_byname
                0x4701b948                axpnull_set_coulombmeter_onoff
                0x4701b950                axpnull_set_charge_control
                0x4701b958                axpnull_probe_battery_ratio
                0x4701b960                axpnull_probe_power_status
                0x4701b968                axpnull_probe_battery_exist
                0x4701b970                axpnull_probe_battery_vol
                0x4701b978                axpnull_probe_key
                0x4701b980                axpnull_probe_pre_sys_mode
                0x4701b988                axpnull_set_next_sys_mode
                0x4701b990                axpnull_probe_this_poweron_cause
                0x4701b998                axpnull_set_power_off
                0x4701b9a0                axpnull_set_power_onoff_vol
                0x4701b9a8                axpnull_set_charge_current
                0x4701b9b0                axpnull_probe_charge_current
                0x4701b9b8                axpnull_set_vbus_cur_limit
                0x4701b9c0                axpnull_set_vbus_vol_limit
                0x4701b9c8                axpnull_probe_int_pending
                0x4701b9d0                axpnull_probe_int_enable
                0x4701b9d8                axpnull_set_int_enable
                0x4701b9e0                axpnull_probe_vbus_cur_limit
                0x4701b9e8                axpnull_set_supply_status
                0x4701b9f0                axpnull_set_supply_status_byname
                0x4701b9f8                axpnull_probe_supply_status
                0x4701ba00                axpnull_probe_supply_status_byname
 .text          0x4701ba08      0x3a4 drivers/pwm/libsunxi_pwm.o
                0x4701ba08                sunxi_pwm_read_reg
                0x4701ba18                sunxi_pwm_write_reg
                0x4701ba2c                sunxi_pwm_get_sys_config
                0x4701bb14                sunxi_pwm_set_polarity
                0x4701bb68                sunxi_pwm_config
                0x4701bccc                sunxi_pwm_enable
                0x4701bd38                sunxi_pwm_disable
                0x4701bd94                sunxi_pwm_init
 .text          0x4701bdac      0x944 drivers/rsb/librsb.o
                0x4701c424                sunxi_rsb_init
                0x4701c6a0                sunxi_rsb_exit
                0x4701c6a8                sunxi_rsb_config
                0x4701c6c0                sunxi_rsb_read
                0x4701c6d8                sunxi_rsb_write
 .text          0x4701c6f0        0x0 drivers/rtc/librtc.o
 .text          0x4701c6f0      0x278 drivers/serial/libserial.o
                0x4701c6f0                NS16550_init
                0x4701c738                NS16550_reinit
                0x4701c784                NS16550_putc
                0x4701c798                NS16550_getc
                0x4701c7ac                NS16550_tstc
                0x4701c7d8                serial_init
                0x4701c81c                _serial_putc
                0x4701c854                _serial_putc_raw
                0x4701c870                _serial_puts
                0x4701c898                _serial_getc
                0x4701c8b4                _serial_tstc
                0x4701c8c8                _serial_setbrg
                0x4701c8f0                serial_putc
                0x4701c904                serial_putc_raw
                0x4701c918                serial_puts
                0x4701c92c                serial_getc
                0x4701c940                serial_tstc
                0x4701c954                serial_setbrg
 .text          0x4701c968       0x5c drivers/smc/libsmc.o
                0x4701c968                smc_init
                0x4701c970                sunxi_smc_call
 .text          0x4701c9c4      0x768 drivers/spi/libspi.o
                0x4701c9c4                ccm_module_disable_bak
                0x4701c9f8                ccm_module_enable_bak
                0x4701ca2c                ccm_clock_enable_bak
                0x4701ca84                ccm_clock_disable_bak
                0x4701cadc                ccm_module_reset_bak
                0x4701cafc                ccm_get_pll_periph_clk
                0x4701cb30                pattern_goto
                0x4701cb34                spi_cfg_mclk
                0x4701cc08                spi_get_mlk
                0x4701cc18                spi_gpio_cfg
                0x4701cc48                spi_onoff
                0x4701cc7c                spic_set_clk
                0x4701ccfc                spic_init
                0x4701cec0                spic_rw
                0x4701d0e8                spic_exit
 .text          0x4701d12c      0xf00 drivers/spinor/libspinor.o
                0x4701d4e8                spinor_init
                0x4701d5cc                spinor_exit
                0x4701d644                spinor_read
                0x4701d718                spinor_write
                0x4701d80c                spinor_flush_cache
                0x4701d86c                spinor_erase_all_blocks
                0x4701d884                spinor_size
                0x4701d88c                spinor_sprite_write
                0x4701d8c8                update_boot0_dram_para
                0x4701d9b0                sunxi_sprite_store_private_data
                0x4701db38                sunxi_sprite_restore_private_data
                0x4701dc80                spinor_datafinish
                0x4701dd40                spi_nor_rw_test
                0x4701dfac                try_spi_nor
 .text          0x4701e02c      0xdb0 drivers/storage_type/libstorage_type.o
                0x4701e0f0                sunxi_flash_mmc_phyread
                0x4701e124                sunxi_flash_mmc_phywrite
                0x4701e1dc                sunxi_sprite_mmc_phyread
                0x4701e210                sunxi_sprite_mmc_phywrite
                0x4701e244                sunxi_sprite_mmc_force_erase
                0x4701e294                sunxi_flash_mmc_secread
                0x4701e2c8                sunxi_flash_mmc_secread_backup
                0x4701e2fc                sunxi_flash_mmc_secwrite
                0x4701e330                sunxi_sprite_mmc_secwrite
                0x4701e370                sunxi_sprite_mmc_secread
                0x4701e3b0                sunxi_sprite_mmc_secread_backup
                0x4701e3f0                sunxi_sprite_mmc_phyerase
                0x4701e450                sunxi_sprite_mmc_phywipe
                0x4701e4b0                sunxi_sprite_setdata_finish
                0x4701e4c8                sunxi_flash_read
                0x4701e4e0                sunxi_flash_part_read
                0x4701e52c                sunxi_flash_write
                0x4701e544                sunxi_flash_part_write
                0x4701e590                sunxi_flash_size
                0x4701e5a8                sunxi_flash_exit
                0x4701e5c0                sunxi_flash_flush
                0x4701e5d8                sunxi_flash_phyread
                0x4701e5f0                sunxi_flash_phywrite
                0x4701e608                sunxi_sprite_init
                0x4701e620                sunxi_sprite_read
                0x4701e638                sunxi_sprite_write
                0x4701e650                sunxi_sprite_erase
                0x4701e668                sunxi_sprite_size
                0x4701e680                sunxi_sprite_exit
                0x4701e698                sunxi_sprite_flush
                0x4701e6b0                sunxi_sprite_phyread
                0x4701e6c8                sunxi_sprite_phywrite
                0x4701e6e0                sunxi_sprite_force_erase
                0x4701e6f8                sunxi_flash_get_dev
                0x4701e718                sunxi_flash_init_uboot
                0x4701e76c                sunxi_flash_sprite_handler
                0x4701ea54                sunxi_flash_boot_handler
                0x4701ed84                sunxi_flash_handle_init
 .text          0x4701eddc     0x2898 drivers/usb/gadget/libusb_gadget.o
                0x4701f444                usb_eth_halt
                0x47020004                strlcpy
                0x470206d4                usb_eth_initialize
                0x47020738                usb_ep_autoconfig
                0x4702092c                usb_ep_autoconfig_reset
                0x47020968                usb_descriptor_fillbuf
                0x470209c8                usb_gadget_config_buf
                0x47020a4c                usb_gadget_get_string
                0x47020c5c                rndis_signal_connect
                0x47020ce4                rndis_signal_disconnect
                0x47020d04                rndis_set_host_mac
                0x47020d1c                rndis_get_state
                0x47020d38                rndis_msg_parser
                0x470213ac                rndis_register
                0x470213d4                rndis_deregister
                0x470213f4                rndis_set_param_dev
                0x4702142c                rndis_set_param_vendor
                0x47021454                rndis_set_param_medium
                0x47021470                rndis_add_hdr
                0x470214c4                rndis_free_response
                0x4702152c                rndis_get_next_response
                0x470215a0                rndis_uninit
                0x470215ec                rndis_rm_hdr
                0x47021640                rndis_init
                0x47021670                rndis_exit
 .text          0x47021674     0x2b44 drivers/usb/sunxi_usb/libusb_sunxi_usb.o
                0x47022b6c                usb_gadget_register_driver
                0x47022cb0                usb_gadget_unregister_driver
                0x47022d64                sunxi_udc_dma_completion
                0x47022fb8                sunxi_udc_probe
                0x47023108                usb_gadget_handle_interrupts
                0x47023e1c                sunxi_udc_bsp_init
                0x47023ec8                sunxi_udc_io_init
                0x47023f0c                sunxi_udc_io_exit
                0x47023f60                dma_map_single
                0x47023f64                dma_unmap_single
                0x47023f68                dma_sync_single_for_device
                0x47023f6c                dma_sync_single_for_cpu
                0x47023f70                sunxi_udc_switch_bus_to_dma
                0x47023f74                sunxi_udc_switch_bus_to_pio
                0x47023f78                sunxi_udc_enable_dma_channel_irq
                0x47023f7c                sunxi_udc_disable_dma_channel_irq
                0x47023f80                sunxi_udc_dma_request
                0x47023fc4                sunxi_udc_dma_release
                0x4702401c                sunxi_dma_set_config
                0x470240d0                sunxi_udc_dma_set_config
                0x47024190                sunxi_udc_dma_start
                0x47024194                sunxi_udc_dma_stop
                0x47024198                sunxi_udc_dma_transmit_length
                0x470241a0                sunxi_udc_dma_is_busy
                0x470241a8                sunxi_udc_dma_probe
                0x470241b0                sunxi_udc_dma_remove
 .text          0x470241b8    0x1b58c drivers/video_sunxi/libvideo_sunxi.o
                0x47024448                drv_disp_init
                0x47024578                drv_disp_exit
                0x470245ac                sunxi_disp_get_source_ops
                0x47024674                disp_ioctl
                0x47024b90                drv_disp_standby
                0x47024c48                osal_ccmu_get_clk_by_name
                0x47024ce8                osal_init_clk_pll
                0x47024cec                OSAL_CCMU_SetSrcFreq
                0x47024d34                OSAL_CCMU_GetSrcFreq
                0x47024d70                OSAL_CCMU_OpenMclk
                0x47024d74                OSAL_CCMU_CloseMclk
                0x47024d7c                OSAL_CCMU_SetMclkSrc
                0x47024d80                OSAL_CCMU_GetMclkSrc
                0x47024d84                OSAL_CCMU_SetMclkFreq
                0x47024d88                OSAL_CCMU_GetMclkFreq
                0x47024d8c                OSAL_CCMU_MclkOnOff
                0x47024d90                OSAL_RegISR
                0x47024da8                OSAL_UnRegISR
                0x47024dac                OSAL_InterruptEnable
                0x47024db0                OSAL_InterruptDisable
                0x47024db4                OSAL_CacheRangeFlush
                0x47024db8                OSAL_malloc
                0x47024de0                OSAL_free
                0x47024de4                OSAL_PhyAlloc
                0x47024de8                OSAL_PhyFree
                0x47024dec                OSAL_VAtoPA
                0x47024df0                OSAL_PAtoVA
                0x47024df4                OSAL_putchar
                0x47024dfc                OSAL_puts
                0x47024e04                OSAL_getchar
                0x47024e0c                OSAL_gets
                0x47024e14                OSAL_strtol
                0x47024e1c                OSAL_int2str_dec
                0x47024e20                OSAL_int2str_hex
                0x47024e24                OSAL_uint2str_dec
                0x47024e28                OSAL_GPIO_Request
                0x47024e90                OSAL_GPIO_Request_early
                0x47024ed4                OSAL_GPIO_Request_Ex
                0x47024ed8                OSAL_GPIO_Release
                0x47024ef4                OSAL_GPIO_DevGetAllPins_Status
                0x47024ef8                OSAL_GPIO_DevGetONEPins_Status
                0x47024efc                OSAL_GPIO_DevSetONEPin_Status
                0x47024f00                OSAL_GPIO_DevSetONEPIN_IO_STATUS
                0x47024f04                OSAL_GPIO_DevSetONEPIN_PULL_STATUS
                0x47024f08                OSAL_GPIO_DevREAD_ONEPIN_DATA
                0x47024f0c                OSAL_GPIO_DevWRITE_ONEPIN_DATA
                0x47024f10                OSAL_Script_FetchParser_Data
                0x47024f80                OSAL_Script_FetchParser_Data_Ex
                0x47024fbc                OSAL_sw_get_ic_ver
                0x47024fc4                OSAL_Pwm_request
                0x47024fcc                OSAL_Pwm_free
                0x47024fd4                OSAL_Pwm_Enable
                0x47024fdc                OSAL_Pwm_Disable
                0x47024fe4                OSAL_Pwm_Config
                0x47024fec                OSAL_Pwm_Set_Polarity
                0x47024ff4                OSAL_Power_Enable
                0x470250b8                OSAL_Power_Disable
                0x4702517c                DE_Set_Reg_Base
                0x47025190                DE_Get_Reg_Base
                0x470251a0                DE_BE_Reg_Init
                0x470251dc                DE_BE_Set_SystemPalette
                0x47025220                DE_BE_Get_SystemPalette
                0x4702526c                DE_BE_Enable
                0x4702529c                DE_BE_Disable
                0x470252cc                DE_BE_Output_Select
                0x47025310                DE_BE_Set_BkColor
                0x47025348                DE_BE_Set_ColorKey
                0x470253c0                DE_BE_reg_auto_load_en
                0x470253e4                DE_BE_Cfg_Ready
                0x47025404                DE_BE_Sprite_Enable
                0x47025428                DE_BE_Sprite_Disable
                0x47025448                DE_BE_Sprite_Set_Format
                0x47025468                DE_BE_Sprite_Global_Alpha_Enable
                0x47025480                DE_BE_Sprite_Set_Global_Alpha
                0x470254a4                DE_BE_Sprite_Block_Set_Pos
                0x470254c8                DE_BE_Sprite_Block_Set_Size
                0x47025500                DE_BE_Sprite_Block_Set_fb
                0x47025530                DE_BE_Sprite_Block_Set_Next_Id
                0x47025558                DE_BE_Sprite_Set_Palette_Table
                0x4702559c                DE_BE_Set_Enhance_ex
                0x47026ee0                DE_BE_enhance_enable
                0x47026ef8                DE_BE_deflicker_enable
                0x47026f1c                DE_BE_Set_Outitl_enable
                0x47026f40                DE_BE_set_display_size
                0x47026f64                DE_BE_get_display_width
                0x47026f80                DE_BE_get_display_height
                0x47026f9c                DE_BE_EnableINT
                0x47026fbc                DE_BE_DisableINT
                0x47026fdc                DE_BE_QueryINT
                0x47026ff0                DE_BE_ClearINT
                0x47027008                DE_SCAL_Set_Reg_Base
                0x4702701c                DE_SCAL_Get_Reg_Base
                0x4702702c                DE_SCAL_Config_Src
                0x470276f8                DE_SCAL_Set_Fb_Addr
                0x4702773c                DE_SCAL_Set_Init_Phase
                0x47027a04                DE_SCAL_Agth_Config
                0x47027b68                DE_SCAL_Set_Scaling_Factor
                0x47027cc0                DE_SCAL_Set_Scaling_Coef
                0x47028038                DE_SCAL_Set_CSC_Coef
                0x47028148                DE_SCAL_Set_Out_Format
                0x470281a0                DE_SCAL_Set_Out_Size
                0x47028280                DE_SCAL_Set_Trig_Line
                0x470282ac                DE_SCAL_Set_Int_En
                0x47028304                DE_SCAL_Set_Di_Ctrl
                0x47028358                DE_SCAL_Set_Di_PreFrame_Addr
                0x47028384                DE_SCAL_Set_Di_MafFlag_Src
                0x470283a4                DE_SCAL_Start
                0x470283c4                DE_SCAL_Set_Filtercoef_Ready
                0x470283e4                DE_SCAL_Set_Reg_Rdy
                0x47028404                DE_SCAL_Reset
                0x47028448                DE_SCAL_Input_Select
                0x47028468                DE_SCAL_Output_Select
                0x470284b4                DE_SCAL_Writeback_Enable
                0x470284d4                DE_SCAL_Writeback_Disable
                0x470284f4                DE_SCAL_Writeback_Linestride_Enable
                0x47028510                DE_SCAL_Writeback_Linestride_Disable
                0x47028528                DE_SCAL_Enable
                0x47028554                DE_SCAL_Disable
                0x47028574                DE_SCAL_Set_Writeback_Addr
                0x470285a0                DE_SCAL_Get_Input_Format
                0x470285b8                DE_SCAL_Get_Input_Mode
                0x470285d0                DE_SCAL_Get_Output_Format
                0x470285e8                DE_SCAL_Get_Input_Width
                0x47028608                DE_SCAL_Get_Input_Height
                0x47028624                DE_SCAL_Get_Output_Width
                0x47028644                DE_SCAL_Get_Output_Height
                0x47028660                DE_SCAL_Get_Start_Status
                0x47028694                DE_SCAL_Get_Field_Status
                0x470286ac                iDE_SCAL_Matrix_Mul
                0x470291ec                iDE_SCAL_Csc_Lmt
                0x47029270                DE_SCAL_Set_CSC_Coef_Enhance
                0x4702a4a8                DE_SCAL_Get_3D_In_Single_Size
                0x4702a584                DE_SCAL_Get_3D_Out_Single_Size
                0x4702a604                DE_SCAL_Get_3D_Out_Full_Size
                0x4702a684                DE_SCAL_Set_3D_Fb_Addr
                0x4702a730                DE_SCAL_Set_3D_Di_PreFrame_Addr
                0x4702a7b0                DE_SCAL_Set_3D_Ctrl
                0x4702a8f0                DE_SCAL_Config_3D_Src
                0x4702b9f0                DE_SCAL_EnableINT
                0x4702ba10                DE_SCAL_DisableINT
                0x4702ba30                DE_SCAL_QueryINT
                0x4702ba44                DE_SCAL_ClearINT
                0x4702ba64                DE_SCAL_Set_Writeback_Addr_ex
                0x4702bbac                DE_BE_HWC_Enable
                0x4702bbd0                DE_BE_HWC_Set_Pos
                0x4702bc14                DE_BE_HWC_Get_Pos
                0x4702bc40                DE_BE_HWC_Set_Palette
                0x4702bc80                DE_BE_HWC_Set_Src
                0x4702bd7c                dif
                0x4702bd8c                calc_src_coef3
                0x4702bef4                calc_src_coef2
                0x4702bfa8                de_get_pll_rate
                0x4702c170                de_set_pll_rate
                0x4702c3d8                de_clk_init_pll
                0x4702c40c                de_set_mclk_src
                0x4702c524                de_get_mclk_src
                0x4702c5d8                de_set_mclk_freq
                0x4702c6fc                de_get_mclk_freq
                0x4702c7b0                de_pll_enable
                0x4702c8c0                de_mclk_enable
                0x4702cb14                DE_BE_Format_To_Bpp
                0x4702cb2c                DE_BE_Offset_To_Addr
                0x4702cb4c                DE_BE_Addr_To_Offset
                0x4702cb78                DE_BE_Layer_Set_Work_Mode
                0x4702cba0                DE_BE_Layer_Set_Format
                0x4702cbf8                DE_BE_Layer_Set_Framebuffer
                0x4702ccc8                DE_BE_Layer_Set_Screen_Win
                0x4702cd28                DE_BE_Layer_Video_Enable
                0x4702cd50                DE_BE_Layer_Video_Ch_Sel
                0x4702cd78                DE_BE_Layer_Yuv_Ch_Enable
                0x4702cda0                DE_BE_Layer_Set_Prio
                0x4702cdc8                DE_BE_Layer_Set_Pipe
                0x4702cdf0                DE_BE_Layer_ColorKey_Enable
                0x4702ce1c                DE_BE_Layer_Alpha_Enable
                0x4702ce48                DE_BE_Layer_Set_Alpha_Value
                0x4702ce70                DE_BE_Layer_Enable
                0x4702cea0                DE_BE_YUV_CH_Set_Src
                0x4702d008                DE_BE_YUV_CH_Enable
                0x4702d030                hmdi_src_sel
                0x4702d050                dsi_src_sel
                0x4702d070                lvds_open
                0x4702d244                lvds_close
                0x4702d2e4                tcon_get_timing
                0x4702d3e4                tcon_set_reg_base
                0x4702d3f8                tcon_get_reg_base
                0x4702d408                tcon_init
                0x4702d460                tcon_exit
                0x4702d48c                tcon_irq_enable
                0x4702d4b4                tcon_irq_disable
                0x4702d4d8                tcon_irq_query
                0x4702d510                tcon_get_start_delay
                0x4702d54c                tcon_get_cur_line
                0x4702d58c                tcon0_src_select
                0x4702d5ac                tcon0_src_get
                0x4702d5c4                tcon0_open
                0x4702d654                tcon0_close
                0x4702d6a4                tcon0_cfg_mode_auto
                0x4702d870                tcon0_cfg_mode_tri
                0x4702dacc                tcon0_tri_busy
                0x4702dae4                tcon0_tri_start
                0x4702db10                tcon0_frm
                0x4702dc28                tcon0_cpu_16b_to_24b
                0x4702dc50                tcon0_cpu_24b_to_16b
                0x4702dc74                tcon0_cpu_busy
                0x4702dc98                tcon0_cpu_wr_24b_index
                0x4702dcf8                tcon0_cpu_wr_24b_data
                0x4702dd58                tcon0_cpu_wr_24b
                0x4702dd7c                tcon0_cpu_rd_24b
                0x4702dd84                tcon0_cpu_wr_16b
                0x4702ddbc                tcon0_cpu_wr_16b_index
                0x4702dde0                tcon0_cpu_wr_16b_data
                0x4702de04                tcon0_cpu_rd_16b
                0x4702de0c                tcon0_set_dclk_div
                0x4702de2c                tcon0_get_dclk_div
                0x4702de44                tcon1_open
                0x4702de70                tcon1_close
                0x4702de9c                tcon1_cfg
                0x4702e0d8                tcon1_cfg_ex
                0x4702e0e0                tcon1_set_hdmi_mode
                0x4702e168                tcon1_set_tv_mode
                0x4702e170                tcon1_src_select
                0x4702e198                tcon1_src_get
                0x4702e1b0                tcon_ceu_range_cut
                0x4702e1dc                tcon_ceu_reg_corr
                0x4702e1ec                tcon_ceu_rect_multi
                0x4702e28c                tcon_ceu_rect_calc
                0x4702e3fc                tcon_ceu_calc
                0x4702e5d8                tcon_ceu
                0x4702ea08                tcon_gamma
                0x4702ea64                tcon_cmap
                0x4702ebb4                tcon0_cfg
                0x4702eec8                dsi_set_reg_base
                0x4702eee8                dsi_get_reg_base
                0x4702eef8                dsi_dphy_get_reg_base
                0x4702ef0c                dsi_get_start_delay
                0x4702ef78                dsi_get_cur_line
                0x4702efd8                dsi_irq_enable
                0x4702f000                dsi_irq_disable
                0x4702f024                dsi_irq_query
                0x4702f064                dsi_inst_busy
                0x4702f07c                dsi_start
                0x4702f144                dsi_open
                0x4702f174                dsi_close
                0x4702f1ac                dsi_tri_start
                0x4702f1c0                DSI_delay_ms
                0x4702f1c4                dsi_dcs_wr_index
                0x4702f1cc                dsi_dcs_wr_data
                0x4702f1d4                dsi_dphy_cfg
                0x4702f28c                dsi_io_open
                0x4702f490                dsi_io_close
                0x4702f644                dsi_clk_enable
                0x4702f660                dsi_basic_cfg
                0x4702fb94                dsi_exit
                0x4702fb9c                dsi_ecc_pro
                0x4702fe38                dsi_dcs_rd
                0x4702ff8c                dsi_set_max_ret_size
                0x4702ffdc                dsi_dcs_rd_memory
                0x470300a0                dsi_crc_pro
                0x4703010c                dsi_dcs_wr
                0x47030254                dsi_dcs_wr_memory
                0x470302f0                dsi_dcs_wr_5para
                0x4703032c                dsi_dcs_wr_4para
                0x47030360                dsi_dcs_wr_3para
                0x4703038c                dsi_dcs_wr_2para
                0x470303b0                dsi_dcs_wr_1para
                0x470303d4                dsi_dcs_wr_0para
                0x470303f0                dsi_crc_pro_pd_repeat
                0x4703045c                dsi_packet_cfg
                0x47030934                dsi_cfg
                0x47030964                TVE_set_reg_base
                0x4703098c                TVE_open
                0x470309b4                TVE_close
                0x470309fc                TVE_set_tv_mode
                0x47031b1c                TVE_set_vga_mode
                0x47031bb0                TVE_query_int
                0x47031bd4                TVE_clear_int
                0x47031c10                TVE_get_dac_status
                0x47031c70                TVE_dac_int_enable
                0x47031cb8                TVE_dac_int_disable
                0x47031d00                TVE_dac_autocheck_enable
                0x47031d44                TVE_dac_autocheck_disable
                0x47031d88                TVE_exit
                0x47031df4                TVE_dac_enable
                0x47031e50                TVE_dac_disable
                0x47031e90                TVE_dac_set_source
                0x47031f1c                TVE_dac_get_source
                0x47031f68                TVE_dac_set_de_bounce
                0x47031ff4                TVE_dac_get_de_bounce
                0x47032048                TVE_dac_sel
                0x470321c8                TVE_csc_init
                0x47032220                TVE_init
                0x47032380                TVE_csc_enable
                0x470323ac                TVE_csc_disable
                0x470323d8                WB_EBIOS_Set_Reg_Base
                0x470323ec                WB_EBIOS_Get_Reg_Base
                0x470323fc                WB_EBIOS_Enable
                0x4703241c                WB_EBIOS_Reset
                0x4703243c                WB_EBIOS_Set_Reg_Rdy
                0x4703245c                WB_EBIOS_Set_Capture_Mode
                0x47032488                WB_EBIOS_Init
                0x470324d4                WB_EBIOS_Writeback_Enable
                0x470324f4                WB_EBIOS_Writeback_Disable
                0x47032514                WB_EBIOS_Set_Para
                0x470327d8                WB_EBIOS_Set_Addr
                0x47032810                WB_EBIOS_Get_Status
                0x47032854                WB_EBIOS_EnableINT
                0x47032874                WB_EBIOS_DisableINT
                0x47032894                WB_EBIOS_QueryINT
                0x470328a8                WB_EBIOS_ClearINT
                0x470328c8                drc_init
                0x4703297c                drc_proc
                0x47032c7c                drc_close_proc
                0x47032cb4                drc_enable
                0x47032ce0                IEP_Drc_Init
                0x47032e08                IEP_Drc_Exit
                0x47032e2c                IEP_Drc_Enable
                0x47032e3c                IEP_Drc_Set_Winodw
                0x47032e7c                IEP_Drc_Operation_In_Vblanking
                0x47032e8c                IEP_Drc_Set_Reg_Base
                0x47032e9c                IEP_Drc_Set_Mode
                0x47032eb8                IEP_Drc_Get_Cur_Backlight
                0x47032ed0                IEP_Drc_Update_Backlight
                0x47032eec                IEP_Drc_Get_Backlight_Dimming
                0x47032f04                IEP_Drc_Set_Backlight_Dimming
                0x47032f20                IEP_Drc_Early_Suspend
                0x47032f28                iep_drc_suspend
                0x47032f30                iep_drc_resume
                0x47032f38                IEP_Drc_Late_Resume
                0x47032f40                IEP_Drc_Set_Imgsize
                0x47032f68                disp_al_get_priv
                0x47032f94                disp_al_sat_notifier_callback
                0x47032fe8                disp_al_be_notifier_callback
                0x47033094                disp_al_drc_notifier_callback
                0x470330f8                disp_al_notifier_init
                0x47033114                disp_al_notifier_register
                0x47033160                disp_al_notifier_unregister
                0x470331d4                disp_al_notifier_call_chain
                0x47033234                disp_al_query_mod
                0x4703326c                disp_al_query_be_mod
                0x47033294                disp_al_query_fe_mod
                0x470332bc                disp_al_query_lcd_mod
                0x470332e4                disp_al_query_smart_color_mod
                0x470332ec                disp_al_query_drc_mod
                0x47033324                disp_al_query_dsi_mod
                0x4703334c                disp_al_query_edp_mod
                0x47033354                disp_al_check_csc
                0x4703335c                disp_al_check_display_size
                0x47033364                disp_al_lcd_clk_init
                0x47033394                disp_al_lcd_clk_exit
                0x470333b8                disp_al_lcd_cfg
                0x470334b4                disp_al_edp_init
                0x470334bc                disp_al_edp_disable_cfg
                0x470334c4                disp_al_edp_cfg
                0x470334cc                disp_al_edp_int
                0x470334d4                disp_al_lcd_init
                0x470334d8                disp_al_lcd_exit
                0x470334dc                disp_al_lcd_clk_enable
                0x47033500                disp_al_lcd_clk_disable
                0x47033524                disp_al_lcd_enable
                0x47033600                disp_al_lcd_set_src
                0x47033674                disp_al_lcd_query_irq
                0x470336b8                disp_al_lcd_tri_busy
                0x470336d8                disp_al_lcd_tri_start
                0x47033714                disp_al_lcd_io_cfg
                0x47033748                disp_al_lcd_set_clk_div
                0x47033750                disp_al_lcd_get_clk_div
                0x47033754                disp_al_lcd_get_cur_line
                0x470337a4                disp_al_lcd_get_start_delay
                0x470337e4                disp_al_manager_clk_init
                0x47033828                disp_al_manager_clk_exit
                0x4703384c                disp_al_manager_clk_enable
                0x47033870                disp_al_manager_clk_disable
                0x47033894                disp_al_manager_init
                0x47033898                disp_al_mnanger_exit
                0x470338a0                disp_al_manager_set_display_size
                0x470338dc                disp_al_manager_get_display_size
                0x47033920                disp_al_manager_set_backcolor
                0x47033928                disp_al_manager_set_color_key
                0x47033948                disp_al_manager_sync
                0x4703396c                disp_al_manager_query_irq
                0x47033998                disp_al_get_pixel_type
                0x470339a8                scaler_sw_para_to_reg
                0x47033a8c                scaler_3d_sw_para_to_reg
                0x47033b5c                scaler_clk_init
                0x47033bb0                scaler_clk_exit
                0x47033bec                scaler_clk_on
                0x47033c20                scaler_clk_off
                0x47033c50                scaler_init
                0x47033ccc                scaler_exit
                0x47033cfc                scaler_open
                0x47033d68                scaler_close
                0x47033dd4                disp_al_manager_enable
                0x47033ed4                scaler_request
                0x47033f54                scaler_release
                0x47033fe0                scaler_sync
                0x47034028                disp_al_fe_notifier_callback
                0x470340bc                scaler_output_select
                0x470340fc                scaler_alpha_is_support
                0x4703412c                scaler_set_para
                0x470344c0                disp_al_be_sw_para_to_reg
                0x47034538                disp_al_format_to_bpp
                0x47034554                disp_al_layer_set_pipe
                0x47034560                disp_al_layer_set_zorder
                0x47034594                disp_al_layer_set_alpha_mode
                0x470345d0                disp_al_layer_color_key_enable
                0x470345dc                disp_al_layer_set_screen_window
                0x470345e4                disp_al_layer_set_framebuffer
                0x47034684                disp_al_layer_enable
                0x470346bc                disp_al_layer_set_extra_info
                0x47034814                disp_al_layer_sync
                0x4703482c                disp_al_capture_init
                0x4703483c                disp_al_capture_screen
                0x470349cc                disp_al_capture_screen_stop
                0x47034a04                disp_al_capture_screen_switch_buff
                0x47034b38                disp_al_capture_screen_proc
                0x47034b9c                disp_al_capture_screen_get_buffer_id
                0x47034bac                disp_al_capture_sync
                0x47034c00                disp_al_smbl_enable
                0x47034c04                disp_al_smbl_set_window
                0x47034c60                disp_al_smbl_sync
                0x47034c64                disp_al_smbl_update_backlight
                0x47034c68                disp_al_smbl_get_backlight_dimming
                0x47034c6c                disp_al_smcl_set_para
                0x47034c74                disp_al_smcl_set_window
                0x47034cb4                disp_al_smcl_enable
                0x47034d10                disp_al_smcl_sync
                0x47034d14                disp_init_al
                0x47034e0c                DRC_EBIOS_Set_Reg_Base
                0x47034e20                DRC_EBIOS_Get_Reg_Base
                0x47034e30                DRC_EBIOS_Enable
                0x47034e50                DRC_EBIOS_Disable
                0x47034e70                DRC_EBIOS_Set_Mode
                0x47034e90                DRC_EBIOS_Bist_Enable
                0x47034eb0                DRC_EBIOS_Set_Reg_Refresh_Edge
                0x47034ed0                DRC_EBIOS_Set_Csc_Coeff
                0x470350c4                DRC_EBIOS_Set_Display_Size
                0x470350f8                DRC_EBIOS_Win_Enable
                0x47035118                DRC_EBIOS_Set_Win_Para
                0x47035160                DRC_EBIOS_Drc_Cfg_Rdy
                0x4703518c                DRC_EBIOS_Drc_Set_Lgc_Addr
                0x470351a8                DRC_EBIOS_Drc_Set_Lgc_Autoload_Disable
                0x470351c8                DRC_EBIOS_Drc_Adjust_Enable
                0x470351e8                DRC_EBIOS_Drc_Set_Adjust_Para
                0x47035210                DRC_EBIOS_Drc_Set_Spa_Coeff
                0x4703526c                DRC_EBIOS_Drc_Set_Int_Coeff
                0x470352bc                DRC_EBIOS_Drc_Set_Mode
                0x470352f0                DRC_EBIOS_Lh_Set_Mode
                0x47035310                DRC_EBIOS_Lh_Clr_Rec
                0x47035330                DRC_EBIOS_Lh_Set_Thres
                0x4703537c                DRC_EBIOS_Lh_Get_Sum_Rec
                0x470353ac                DRC_EBIOS_Lh_Get_Cnt_Rec
                0x470353dc                SAT_Set_Reg_Base
                0x470353f0                SAT_Get_Reg_Base
                0x47035400                SAT_Enable_Disable
                0x47035418                SAT_Set_Display_Size
                0x47035434                SAT_Set_Window
                0x47035478                SAT_Set_Sync_Para
                0x470358d0                bsp_disp_feat_get_num_screens
                0x470358e4                bsp_disp_feat_get_num_layers
                0x470358fc                bsp_disp_feat_get_num_scalers
                0x47035910                bsp_disp_feat_get_num_captures
                0x47035924                bsp_disp_feat_get_num_smart_backlights
                0x47035938                bsp_disp_feat_get_num_color_managers
                0x4703594c                bsp_disp_feat_get_supported_output_types
                0x47035964                bsp_disp_feat_get_layer_feats
                0x4703598c                bsp_disp_feat_get_smart_backlight_support
                0x470359a4                bsp_disp_feat_get_image_enhance_support
                0x470359bc                disp_init_feat
                0x470359d8                disp_get_lcd
                0x47035a1c                disp_lcd_get_priv
                0x47035a58                disp_lcd_gpio_set_value
                0x47035ae8                disp_lcd_gpio_set_direction
                0x47035b78                disp_lcd_event_proc
                0x47035c78                disp_lcd_get_panel_info
                0x47035ccc                disp_lcd_get_timing
                0x47035d90                disp_lcd_get_input_csc
                0x47035dd0                disp_lcd_get_physical_size
                0x47035e24                disp_lcd_get_resolution
                0x47035e78                disp_lcd_get_bright
                0x47035ec4                disp_lcd_is_enabled
                0x47035f08                disp_lcd_pre_disable
                0x47035fbc                disp_lcd_post_enable
                0x47036044                disp_lcd_get_close_flow
                0x47036078                disp_lcd_get_open_flow
                0x470360a4                disp_lcd_set_panel_funs
                0x4703612c                disp_lcd_set_close_func
                0x47036194                disp_lcd_set_open_func
                0x470361f8                disp_lcd_tcon_disable
                0x47036240                disp_lcd_tcon_enable
                0x47036284                disp_lcd_get_driver_name
                0x470362ec                disp_lcd_pin_cfg
                0x47036440                disp_lcd_is_used
                0x47036478                disp_lcd_power_disable
                0x47036544                disp_lcd_power_enable
                0x470365f8                disp_lcd_pwm_disable
                0x47036668                disp_lcd_pwm_enable
                0x470366c0                disp_lcd_backlight_disable
                0x47036794                disp_lcd_backlight_enable
                0x47036864                disp_lcd_set_bright
                0x470369cc                lcd_parse_panel_para
                0x47036ffc                lcd_get_sys_config
                0x470374d4                lcd_clk_init
                0x47037660                lcd_clk_exit
                0x470377b8                disp_lcd_exit
                0x47037888                lcd_clk_enable
                0x47037b24                disp_lcd_pre_enable
                0x47037c10                lcd_clk_disable
                0x47037d54                disp_lcd_post_disable
                0x47037dcc                disp_lcd_update_bright_dimming
                0x47037e14                disp_lcd_notifier_callback
                0x47037e64                disp_lcd_gpio_init
                0x47037f84                disp_lcd_init
                0x470381b4                disp_lcd_gpio_exit
                0x470382e4                disp_lcd_gpio_get_value
                0x4703836c                disp_init_lcd
                0x4703878c                disp_get_layer
                0x47038820                disp_lyr_get_priv
                0x470388a8                disp_lyr_set_manager
                0x470388f0                disp_lyr_get_frame_id
                0x47038924                disp_lyr_get_info
                0x47038978                disp_lyr_sync
                0x470389d8                disp_lyr_is_enabled
                0x47038a0c                disp_lyr_disable
                0x47038a84                disp_lyr_enable
                0x47038af8                disp_lyr_exit
                0x47038b2c                disp_lyr_init
                0x47038b60                disp_lyr_shadow_protect
                0x47038bb4                disp_lyr_update_regs
                0x47038d30                disp_lyr_clear_regs
                0x47038d84                disp_lyr_apply
                0x47038df4                disp_lyr_set_info
                0x47038e58                disp_lyr_force_update_regs
                0x47038e98                disp_init_lyr
                0x470390b0                disp_get_layer_manager
                0x4703911c                disp_mgr_get_priv
                0x47039180                disp_mgr_is_enabled
                0x470391b4                disp_mgr_add_layer
                0x47039214                disp_mgr_get_screen_size
                0x470392ac                disp_mgr_set_screen_size
                0x470392f8                disp_mgr_sync
                0x47039380                disp_mgr_get_output_type
                0x470393d8                disp_mgr_set_output_type
                0x4703941c                disp_mgr_get_color_key
                0x47039470                disp_mgr_set_color_key
                0x470394cc                disp_mgr_get_back_color
                0x47039520                disp_mgr_set_back_color
                0x4703957c                disp_mgr_clk_init
                0x470395c0                disp_mgr_init
                0x4703960c                disp_mgr_clk_exit
                0x4703965c                disp_mgr_exit
                0x470396d0                disp_mgr_clk_enable
                0x47039720                disp_mgr_clk_disable
                0x47039770                disp_mgr_shadow_protect
                0x470397c4                disp_mgr_update_regs
                0x47039868                disp_mgr_clear_regs
                0x470398f4                disp_mgr_disable
                0x47039958                disp_mgr_apply
                0x470399c8                disp_mgr_force_update_regs
                0x47039a3c                disp_mgr_enable
                0x47039aa0                disp_init_mgr
                0x47039cf4                bsp_disp_delay_ms
                0x47039d04                bsp_disp_delay_us
                0x47039d48                disp_notifier_init
                0x47039d64                disp_notifier_register
                0x47039db0                disp_notifier_unregister
                0x47039e18                disp_notifier_call_chain
                0x47039e70                disp_smbl_set_manager
                0x47039e90                disp_get_smbl
                0x47039ee0                disp_smbl_get_priv
                0x47039f38                disp_smbl_exit
                0x47039f5c                disp_smbl_init
                0x47039fd8                disp_smbl_is_enabled
                0x4703a00c                disp_smbl_apply
                0x4703a06c                disp_smbl_set_window
                0x4703a0c4                disp_smbl_disable
                0x4703a108                disp_smbl_enable
                0x4703a14c                disp_smbl_force_update_regs
                0x4703a18c                disp_smbl_notifier_callback
                0x4703a210                disp_smbl_update_regs
                0x4703a2bc                disp_smbl_sync
                0x4703a32c                disp_smbl_shadow_protect
                0x4703a370                disp_init_smbl
                0x4703a518                disp_smcl_set_manager
                0x4703a538                disp_get_smcl
                0x4703a588                disp_smcl_get_priv
                0x4703a5e0                disp_smcl_exit
                0x4703a604                disp_smcl_init
                0x4703a674                disp_smcl_is_enabled
                0x4703a698                disp_smcl_sync
                0x4703a6dc                disp_smcl_shadow_protect
                0x4703a720                disp_smcl_update_regs
                0x4703a7f8                disp_smcl_apply
                0x4703a85c                disp_smcl_set_window
                0x4703a8b4                disp_smcl_set_mode
                0x4703a8fc                disp_smcl_set_hue
                0x4703a944                disp_smcl_set_saturation
                0x4703a98c                disp_smcl_set_bright
                0x4703a9d4                disp_smcl_disable
                0x4703aa1c                disp_smcl_enable
                0x4703aa64                disp_smcl_force_update_regs
                0x4703aaa4                disp_smcl_notifier_callback
                0x4703aaf8                disp_init_smcl
                0x4703accc                bsp_disp_exit
                0x4703ad8c                bsp_disp_open
                0x4703ad94                bsp_disp_close
                0x4703ad9c                disp_init_connections
                0x4703aebc                bsp_disp_init
                0x4703af40                bsp_disp_cfg_get
                0x4703af54                bsp_disp_vsync_event_enable
                0x4703af6c                disp_sync_all
                0x4703afec                sync_event_proc
                0x4703b048                bsp_disp_get_output_type
                0x4703b094                bsp_disp_shadow_protect
                0x4703b204                bsp_disp_get_screen_width
                0x4703b248                bsp_disp_get_screen_height
                0x4703b28c                bsp_disp_get_screen_physical_width
                0x4703b2c8                bsp_disp_get_screen_physical_height
                0x4703b304                bsp_disp_get_screen_width_from_output_type
                0x4703b3b4                bsp_disp_get_screen_height_from_output_type
                0x4703b46c                bsp_disp_get_timming
                0x4703b4e4                bsp_disp_get_panel_info
                0x4703b530                bsp_disp_lcd_pre_enable
                0x4703b61c                bsp_disp_lcd_post_enable
                0x4703b660                bsp_disp_lcd_pre_disable
                0x4703b690                bsp_disp_lcd_post_disable
                0x4703b71c                bsp_disp_lcd_backlight_enable
                0x4703b74c                bsp_disp_lcd_backlight_disable
                0x4703b77c                bsp_disp_lcd_pwm_enable
                0x4703b7ac                bsp_disp_lcd_pwm_disable
                0x4703b7dc                bsp_disp_lcd_power_enable
                0x4703b814                bsp_disp_lcd_power_disable
                0x4703b850                bsp_disp_lcd_set_bright
                0x4703b888                bsp_disp_lcd_get_bright
                0x4703b8bc                bsp_disp_lcd_get_open_flow
                0x4703b8ec                bsp_disp_lcd_get_close_flow
                0x4703b91c                bsp_disp_lcd_set_panel_funs
                0x4703b9d4                LCD_OPEN_FUNC
                0x4703ba08                LCD_CLOSE_FUNC
                0x4703ba3c                bsp_disp_lcd_is_used
                0x4703ba6c                bsp_disp_lcd_tcon_enable
                0x4703ba9c                bsp_disp_lcd_tcon_disable
                0x4703bacc                bsp_disp_lcd_pin_cfg
                0x4703bb04                bsp_disp_lcd_delay_ms
                0x4703bb08                bsp_disp_lcd_delay_us
                0x4703bb0c                bsp_disp_lcd_gpio_set_value
                0x4703bb4c                bsp_disp_lcd_gpio_set_direction
                0x4703bb8c                bsp_disp_get_lcd_registered
                0x4703bba0                bsp_disp_get_hdmi_registered
                0x4703bbb0                bsp_disp_layer_set_info
                0x4703bc14                bsp_disp_layer_get_info
                0x4703bc78                bsp_disp_layer_enable
                0x4703bcd4                bsp_disp_layer_disable
                0x4703bd30                bsp_disp_layer_is_enabled
                0x4703bd8c                bsp_disp_layer_get_frame_id
                0x4703bde8                bsp_disp_set_back_color
                0x4703be38                bsp_disp_smcl_enable
                0x4703be80                bsp_disp_smcl_disable
                0x4703bec8                bsp_disp_smcl_is_enabled
                0x4703bf10                bsp_disp_smcl_set_bright
                0x4703bf60                bsp_disp_smcl_get_bright
                0x4703bfa8                bsp_disp_smcl_set_saturation
                0x4703bff8                bsp_disp_smcl_get_saturation
                0x4703c040                bsp_disp_smcl_set_contrast
                0x4703c090                bsp_disp_smcl_get_contrast
                0x4703c0d8                bsp_disp_smcl_set_hue
                0x4703c128                bsp_disp_smcl_get_hue
                0x4703c170                bsp_disp_smcl_set_mode
                0x4703c1c0                bsp_disp_smcl_get_mode
                0x4703c208                bsp_disp_smcl_set_window
                0x4703c258                bsp_disp_smcl_get_window
                0x4703c2a8                bsp_disp_smbl_enable
                0x4703c2f0                bsp_disp_smbl_disable
                0x4703c338                bsp_disp_smbl_is_enabled
                0x4703c380                bsp_disp_smbl_set_window
                0x4703c3d0                bsp_disp_smbl_get_window
                0x4703c420                LCD_set_panel_funs
                0x4703c448                lcd_init
                0x4703c464                sunxi_lcd_delay_ms
                0x4703c48c                sunxi_lcd_delay_us
                0x4703c4b4                sunxi_lcd_tcon_enable
                0x4703c4d4                sunxi_lcd_tcon_disable
                0x4703c4f4                sunxi_lcd_backlight_enable