axp.c:53:6:sunxi_axp_dummy_init	8	static
axp.c:64:5:axp_probe	8	static
axp.c:82:5:axp_reinit	8	static
axp.c:104:5:axp_get_power_vol_level	0	static
axp.c:109:5:axp_probe_startup_cause	8	static
axp.c:154:5:axp_set_hardware_poweron_vol	16	static
axp.c:166:5:axp_set_hardware_poweroff_vol	16	static
axp.c:178:6:axp_set_power_off	8	static
axp.c:114:5:axp_probe_factory_mode	8	static
axp.c:194:5:axp_set_next_poweron_status	8	static
axp.c:199:5:axp_probe_pre_sys_mode	8	static
axp.c:208:6:axp_power_get_dcin_battery_exist	16	static
axp.c:216:6:axp_probe_battery_exist	8	static
axp.c:222:5:axp_probe_power_source	8	static
axp.c:229:6:axp_probe_battery_vol	8	static
axp.c:241:6:axp_probe_rest_battery_capacity	8	static
axp.c:246:6:axp_probe_key	8	static
axp.c:251:6:axp_probe_charge_current	8	static
axp.c:256:6:axp_set_charge_current	8	static
axp.c:261:6:axp_set_charge_control	8	static
axp.c:266:5:axp_set_vbus_limit_dc	8	static
axp.c:277:5:axp_set_vbus_limit_pc	8	static
axp.c:288:5:axp_set_all_limit	8	static
axp.c:296:5:axp_set_suspend_chgcur	8	static
axp.c:301:5:axp_set_runtime_chgcur	8	static
axp.c:306:5:axp_set_charge_vol_limit	16	static
axp.c:330:5:axp_set_power_supply_output	80	static
axp.c:374:5:axp_slave_set_power_supply_output	64	static
axp.c:443:5:axp_probe_power_supply_condition	24	static
axp.c:490:5:axp_int_enable	0	static
axp.c:495:5:axp_int_disable	0	static
axp.c:501:5:axp_int_query	0	static
axp.c:509:5:axp_set_supply_status	8	static
axp.c:514:5:axp_set_supply_status_byname	16	static
axp.c:532:5:axp_probe_supply_status	8	static
axp.c:537:5:axp_probe_supply_status_byname	16	static
axp.c:583:5:axp_set_supply_status_byregulator	440	static
axp.c:667:5:axp_probe_supply_pmu_name	8	static
axp.c:688:5:axp_probe_vbus_cur_limit	8	static
axp.c:693:5:axp_set_coulombmeter_onoff	8	static
axp.c:699:12:axp_probe_vbus_type	0	static
