axp20.c:176:5:axp20_probe_battery_exist	24	static
axp20.c:208:5:axp20_probe_battery_ratio	24	static
axp20.c:242:5:axp20_probe_power_status	24	static
axp20.c:277:5:axp20_probe_battery_vol	32	static
axp20.c:348:5:axp20_probe_pre_sys_mode	24	static
axp20.c:398:5:axp20_probe_this_poweron_cause	24	static
axp20.c:536:5:axp20_probe_charge_current	24	static
axp20.c:729:5:axp20_probe_int_enable	24	static
axp20.c:95:5:axp20_set_coulombmeter_onoff	24	static
axp20.c:131:5:axp20_set_charge_control	32	static
axp20.c:314:5:axp20_probe_key	32	static
axp20.c:374:5:axp20_set_next_sys_mode	24	static
axp20.c:493:5:axp20_set_charge_current	32	static
axp20.c:566:5:axp20_set_vbus_cur_limit	24	static
axp20.c:644:5:axp20_set_vbus_vol_limit	32	static
axp20.c:692:5:axp20_probe_int_pending	40	static
axp20.c:759:5:axp20_set_int_enable	32	static
axp20.c:598:5:axp20_probe_vbus_cur_limit	24	static
axp20.c:424:5:axp20_set_power_off	24	static
axp20.c:59:5:axp20_probe	24	static
axp20.c:777:5:axp20_config_charge_current	0	static
axp20.c:829:7:axp20_set_power_on_vol	32	static
axp20.c:863:7:axp20_set_power_off_vol	32	static
axp20.c:462:5:axp20_set_power_onoff_vol	0	static
