axp_null.c:50:5:axpnull_set_coulombmeter_onoff	0	static
axp_null.c:70:5:axpnull_set_charge_control	0	static
axp_null.c:91:5:axpnull_probe_battery_ratio	0	static
axp_null.c:112:5:axpnull_probe_power_status	0	static
axp_null.c:134:5:axpnull_probe_battery_exist	0	static
axp_null.c:155:5:axpnull_probe_battery_vol	0	static
axp_null.c:185:5:axpnull_probe_key	0	static
axp_null.c:206:5:axpnull_probe_pre_sys_mode	0	static
axp_null.c:227:5:axpnull_set_next_sys_mode	0	static
axp_null.c:248:5:axpnull_probe_this_poweron_cause	0	static
axp_null.c:269:5:axpnull_set_power_off	0	static
axp_null.c:290:5:axpnull_set_power_onoff_vol	0	static
axp_null.c:311:5:axpnull_set_charge_current	0	static
axp_null.c:332:5:axpnull_probe_charge_current	0	static
axp_null.c:353:5:axpnull_set_vbus_cur_limit	0	static
axp_null.c:374:5:axpnull_set_vbus_vol_limit	0	static
axp_null.c:395:5:axpnull_probe_int_pending	0	static
axp_null.c:416:5:axpnull_probe_int_enable	0	static
axp_null.c:437:5:axpnull_set_int_enable	0	static
axp_null.c:443:5:axpnull_probe_vbus_cur_limit	0	static
axp_null.c:465:27:PowerCheck	0	static
axp_null.c:470:27:power_limit_init	0	static
