sdmmc.c:22:1:sunxi_flash_mmc_read	8	static
sdmmc.c:32:1:sunxi_flash_mmc_write	8	static
sdmmc.c:41:1:sunxi_flash_mmc_size	0	static
sdmmc.c:47:1:sunxi_flash_mmc_init	0	static
sdmmc.c:58:5:sunxi_flash_mmc_phyread	8	static
sdmmc.c:63:5:sunxi_flash_mmc_phywrite	8	static
sdmmc.c:71:1:sunxi_sprite_mmc_read	8	static
sdmmc.c:80:1:sunxi_sprite_mmc_write	8	static
sdmmc.c:95:1:sunxi_sprite_mmc_size	0	static
sdmmc.c:101:1:sunxi_sprite_mmc_init	0	static
sdmmc.c:106:1:sunxi_sprite_mmc_exit	0	static
sdmmc.c:111:5:sunxi_sprite_mmc_phyread	8	static
sdmmc.c:116:5:sunxi_sprite_mmc_phywrite	8	static
sdmmc.c:52:1:sunxi_flash_mmc_exit	0	static
sdmmc.c:89:1:sunxi_sprite_mmc_erase	0	static
sdmmc.c:139:5:sunxi_sprite_mmc_force_erase	8	static
sdmmc.c:471:12:check_secure_storage_map	16	static
sdmmc.c:455:12:check_secure_storage_key	16	static
sdmmc.c:121:5:sunxi_sprite_mmc_phyerase	16	static
sdmmc.c:130:5:sunxi_sprite_mmc_phywipe	16	static
sdmmc.c:149:5:sunxi_flash_mmc_secread	8	static
sdmmc.c:154:5:sunxi_flash_mmc_secread_backup	8	static
sdmmc.c:159:5:sunxi_flash_mmc_secwrite	8	static
sdmmc.c:164:5:sunxi_sprite_mmc_secwrite	8	static
sdmmc.c:196:5:mmc_secure_storage_write	16	static
sdmmc.c:172:5:sunxi_sprite_mmc_secread	8	static
sdmmc.c:180:5:sunxi_sprite_mmc_secread_backup	8	static
sdmmc.c:188:5:mmc_secure_storage_read	40	static
sdmmc.c:228:5:sdmmc_init_for_boot	8	static
sdmmc.c:323:5:sdmmc_init_for_sprite	16	static
sdmmc.c:380:5:sdmmc_init_card0_for_sprite	8	static
sdmmc.c:428:5:card_read_boot0	16	static
