disp_manager.c:101:40:disp_lyr_get_priv	8	static
disp_manager.c:563:12:disp_lyr_dump	272	static
disp_manager.c:481:12:disp_lyr_dirty_clear	8	static
disp_manager.c:465:12:disp_lyr_is_dirty	8	static
disp_manager.c:374:12:disp_lyr_check2	8	static
disp_manager.c:362:12:disp_lyr_check	8	static
disp_manager.c:533:12:disp_lyr_apply	8	static
disp_manager.c:545:12:disp_lyr_force_apply	16	static
disp_manager.c:344:12:disp_lyr_unset_manager	8	static
disp_manager.c:326:12:disp_lyr_set_manager	16	static
disp_manager.c:691:42:disp_mgr_get_priv	8	static
disp_manager.c:1234:12:disp_mgr_tasklet	16	static
disp_manager.c:989:12:disp_mgr_update_color_space	16	static
disp_manager.c:1184:12:disp_mgr_sync	32	static
disp_manager.c:712:12:disp_mgr_shadow_protect	16	static
disp_manager.c:1305:12:disp_mgr_apply	120	static
disp_manager.c:1358:12:disp_mgr_force_apply	24	static
disp_manager.c:1467:12:disp_mgr_sw_enable	32	static
disp_manager.c:1395:12:disp_mgr_enable	80	static
disp_manager.c:835:12:disp_mgr_get_clk_rate	8	static
disp_manager.c:1562:12:disp_mgr_dump	8	static
disp_manager.c:977:12:disp_mgr_get_output_color_range	8	static
disp_manager.c:956:12:disp_mgr_set_output_color_range	16	static
disp_manager.c:1549:12:disp_mgr_is_enabled	8	static
disp_manager.c:902:12:disp_mgr_get_back_color	16	static
disp_manager.c:882:12:disp_mgr_set_back_color	24	static
disp_manager.c:939:12:disp_mgr_get_color_key	16	static
disp_manager.c:919:12:disp_mgr_set_color_key	24	static
disp_manager.c:1272:12:disp_mgr_update_regs	24	static
disp_manager.c:867:12:disp_mgr_exit	16	static
disp_manager.c:854:12:disp_mgr_init	16	static
disp_manager.c:1574:12:disp_mgr_blank	24	static
disp_manager.c:38:20:disp_get_layer	40	static
disp_manager.c:1149:1:disp_mgr_get_layer_config2	32	static
disp_manager.c:1099:1:disp_mgr_set_layer_config2	32	static
disp_manager.c:1068:12:disp_mgr_get_layer_config	32	static
disp_manager.c:1019:12:disp_mgr_set_layer_config	32	static
disp_manager.c:68:20:disp_get_layer_1	24	static
disp_manager.c:113:5:__disp_config_transfer2inner	16	static
disp_manager.c:387:12:disp_lyr_save_and_dirty_check	16	static
disp_manager.c:164:5:__disp_config2_transfer2inner	16	static
disp_manager.c:423:12:disp_lyr_save_and_dirty_check2	16	static
disp_manager.c:223:5:__disp_inner_transfer2config	16	static
disp_manager.c:514:12:disp_lyr_get_config	16	static
disp_manager.c:269:5:__disp_inner_transfer2config2	16	static
disp_manager.c:495:12:disp_lyr_get_config2	16	static
disp_manager.c:678:22:disp_get_layer_manager	8	static
disp_manager.c:817:5:disp_mgr_clk_disable	16	static
disp_manager.c:1518:12:disp_mgr_disable	16	static
disp_manager.c:1597:5:disp_init_mgr	56	static
