disp_vga.c:9:38:disp_vga_get_priv	8	static
disp_vga.c:122:12:vga_calc_judge_line	32	static
disp_vga.c:297:5:disp_vga_disable	32	static
disp_vga.c:560:12:disp_vga_get_fps	8	static
disp_vga.c:543:12:disp_set_enhance_mode	16	static
disp_vga.c:475:12:disp_vga_get_input_csc	8	static
disp_vga.c:514:12:disp_vga_check_support_mode	16	static
disp_vga.c:600:1:disp_vga_check_config_dirty	16	static
disp_vga.c:578:12:disp_vga_get_static_config	16	static
disp_vga.c:452:12:disp_vga_get_mode	16	static
disp_vga.c:430:12:disp_vga_set_mode	16	static
disp_vga.c:572:12:disp_vga_set_static_config	0	static
disp_vga.c:376:12:disp_vga_is_enabled	8	static
disp_vga.c:490:12:disp_vga_set_func	16	static
disp_vga.c:409:12:disp_vga_resume	16	static
disp_vga.c:388:12:disp_vga_suspend	16	static
disp_vga.c:96:12:vga_clk_enable	8	static
disp_vga.c:237:12:disp_vga_sw_enable	32	static
disp_vga.c:164:12:disp_vga_enable	32	static
disp_vga.c:24:12:disp_vga_event_proc	16	static
disp_vga.c:345:12:disp_vga_init	16	static
disp_vga.c:359:12:disp_vga_exit	16	static
disp_vga.c:624:5:disp_init_vga	80	static
