disp_lcd.c:2497:12:disp_lcd_set_static_config	0	static
disp_lcd.c:75:38:disp_lcd_get_priv	8	static
disp_lcd.c:85:12:disp_lcd_is_used	8	static
disp_lcd.c:1230:12:disp_lcd_bright_curve_init	848	static
disp_lcd.c:2137:24:disp_lcd_get_close_flow	16	static
disp_lcd.c:2108:24:disp_lcd_get_open_flow	16	static
disp_lcd.c:2407:12:disp_lcd_init	104	static
disp_lcd.c:953:12:lcd_clk_disable	16	static
disp_lcd.c:987:12:lcd_calc_judge_line	24	static
disp_lcd.c:1378:12:disp_lcd_event_proc	24	static
disp_lcd.c:890:12:lcd_clk_enable	104	static
disp_lcd.c:2166:12:disp_lcd_set_panel_funs	80	static
disp_lcd.c:1052:12:disp_lcd_pin_cfg	56	static
disp_lcd.c:1154:12:disp_lcd_backlight_disable	80	static
disp_lcd.c:1964:12:disp_lcd_sw_enable	104	static
disp_lcd.c:2396:12:disp_lcd_get_fps	8	static
disp_lcd.c:2302:12:disp_lcd_get_dimensions	16	static
disp_lcd.c:2090:12:disp_lcd_set_close_func	16	static
disp_lcd.c:2072:12:disp_lcd_set_open_func	16	static
disp_lcd.c:2479:13:disp_lcd_check_config_dirty	8	static
disp_lcd.c:2503:12:disp_lcd_get_static_config	16	static
disp_lcd.c:2060:5:disp_lcd_is_enabled	8	static
disp_lcd.c:1330:5:disp_lcd_get_bright	8	static
disp_lcd.c:1218:12:disp_lcd_bright_get_adjust_value	16	static
disp_lcd.c:1275:5:disp_lcd_set_bright	24	static
disp_lcd.c:1121:12:disp_lcd_backlight_enable	80	static
disp_lcd.c:2534:12:disp_lcd_exit	16	static
disp_lcd.c:1342:12:disp_lcd_set_bright_dimming	16	static
disp_lcd.c:2374:12:disp_lcd_disable_gamma	8	static
disp_lcd.c:2353:12:disp_lcd_enable_gamma	8	static
disp_lcd.c:2328:12:disp_lcd_set_gamma_tbl	24	static
disp_lcd.c:1360:12:disp_lcd_get_panel_info	16	static
disp_lcd.c:2316:12:disp_lcd_get_status	8	static
disp_lcd.c:1199:12:disp_lcd_power_disable	24	static
disp_lcd.c:1180:12:disp_lcd_power_enable	24	static
disp_lcd.c:1040:12:disp_lcd_tcon_disable	8	static
disp_lcd.c:1028:12:disp_lcd_tcon_enable	8	static
disp_lcd.c:1104:12:disp_lcd_pwm_disable	16	static
disp_lcd.c:1087:12:disp_lcd_pwm_enable	16	static
disp_lcd.c:2288:5:disp_lcd_gpio_set_value	48	static
disp_lcd.c:2260:5:disp_lcd_gpio_set_direction	48	static
disp_lcd.c:63:21:disp_get_lcd	8	static
disp_lcd.c:1817:13:disp_lcd_pre_disable_ex	16	static
disp_lcd.c:1565:13:disp_lcd_post_enable_ex	8	static
disp_lcd.c:2194:5:disp_lcd_gpio_init	96	static
disp_lcd.c:1554:13:disp_lcd_pre_enable_ex	32	static
disp_lcd.c:1576:12:__disp_lcd_enable	40	static
disp_lcd.c:1743:12:disp_lcd_fake_enable	0	static
disp_lcd.c:1737:12:disp_lcd_enable	0	static
disp_lcd.c:2225:5:disp_lcd_gpio_exit	96	static
disp_lcd.c:1828:13:disp_lcd_post_disable_ex	24	static
disp_lcd.c:1891:12:disp_lcd_disable	32	static
disp_lcd.c:2274:5:disp_lcd_gpio_get_value	40	static
disp_lcd.c:2548:5:disp_init_lcd	64	static
