disp_display.c:567:6:disp_tasklet	8	static
disp_display.c:405:5:bsp_disp_shadow_protect	24	static
disp_display.c:45:5:bsp_disp_exit	0	static
disp_display.c:62:5:bsp_disp_open	0	static
disp_display.c:67:5:bsp_disp_close	0	static
disp_display.c:72:5:disp_device_attached	40	static
disp_display.c:107:5:disp_device_attached_and_enable	40	static
disp_display.c:193:5:disp_device_detach	24	static
disp_display.c:220:5:bsp_disp_device_switch	72	static
disp_display.c:250:5:bsp_disp_device_set_config	24	static
disp_display.c:271:5:bsp_disp_eink_update	64	static
disp_display.c:283:5:disp_init_connections	32	static
disp_display.c:4:5:bsp_disp_init	32	static
disp_display.c:352:5:bsp_disp_sync_with_hw	32	static
disp_display.c:454:5:bsp_disp_vsync_event_enable	0	static
disp_display.c:521:6:sync_event_proc	16	static
disp_display.c:555:5:bsp_disp_get_output_type	8	static
disp_display.c:688:5:bsp_disp_set_print_level	0	static
disp_display.c:695:5:bsp_disp_get_print_level	0	static
disp_display.c:700:5:bsp_disp_get_screen_physical_width	16	static
disp_display.c:713:5:bsp_disp_get_screen_physical_height	16	static
disp_display.c:726:5:bsp_disp_get_screen_width	0	static
disp_display.c:733:5:bsp_disp_get_screen_height	0	static
disp_display.c:742:5:bsp_disp_get_screen_width_from_output_type	16	static
disp_display.c:858:5:bsp_disp_get_screen_height_from_output_type	16	static
disp_display.c:973:5:bsp_disp_set_hdmi_func	24	static
disp_display.c:1002:5:bsp_disp_set_edp_func	24	static
disp_display.c:1033:5:bsp_disp_hdmi_get_support_mode	16	static
disp_display.c:1051:5:bsp_disp_hdmi_get_work_mode	16	static
disp_display.c:1069:5:bsp_disp_hdmi_check_support_mode	16	static
disp_display.c:1087:5:bsp_disp_hdmi_get_hpd_status	16	static
disp_display.c:1105:5:bsp_disp_tv_get_hpd_status	16	static
disp_display.c:1123:5:bsp_disp_hdmi_set_detect	16	static
disp_display.c:1142:5:bsp_disp_tv_set_hpd	24	static
disp_display.c:1172:5:bsp_disp_tv_register	24	static
disp_display.c:1212:17:bsp_disp_lcd_get_open_flow	8	static
disp_display.c:1224:17:bsp_disp_lcd_get_close_flow	8	static
disp_display.c:1236:5:bsp_disp_lcd_set_panel_funs	32	static
disp_display.c:1258:6:LCD_OPEN_FUNC	16	static
disp_display.c:1269:6:LCD_CLOSE_FUNC	16	static
disp_display.c:1280:5:bsp_disp_get_lcd_registered	0	static
disp_display.c:1285:5:bsp_disp_get_hdmi_registered	0	static
disp_display.c:1290:5:bsp_disp_get_tv_registered	0	static
disp_display.c:1295:5:bsp_disp_lcd_backlight_enable	8	static
disp_display.c:1311:5:bsp_disp_lcd_backlight_disable	8	static
disp_display.c:1327:5:bsp_disp_lcd_pwm_enable	8	static
disp_display.c:1343:5:bsp_disp_lcd_pwm_disable	8	static
disp_display.c:1359:5:bsp_disp_lcd_power_enable	8	static
disp_display.c:1375:5:bsp_disp_lcd_power_disable	8	static
disp_display.c:1391:5:bsp_disp_lcd_set_bright	8	static
disp_display.c:1407:5:bsp_disp_lcd_get_bright	8	static
disp_display.c:1419:5:bsp_disp_lcd_tcon_enable	16	static
disp_display.c:1465:5:bsp_disp_lcd_tcon_disable	16	static
disp_display.c:1506:5:bsp_disp_lcd_pin_cfg	8	static
disp_display.c:1518:5:bsp_disp_lcd_gpio_set_value	16	static
disp_display.c:1530:5:bsp_disp_lcd_gpio_set_direction	16	static
disp_display.c:1542:5:bsp_disp_get_panel_info	16	static
disp_display.c:1555:5:bsp_disp_get_fb_info	0	static
disp_display.c:1560:5:bsp_disp_get_display_size	0	static
disp_display.c:1573:5:bsp_disp_lcd_dsi_mode_switch	24	static
disp_display.c:1601:5:bsp_disp_lcd_dsi_clk_enable	24	static
disp_display.c:1628:5:bsp_disp_lcd_dsi_dcs_wr	32	static
disp_display.c:1657:5:bsp_disp_lcd_dsi_gen_wr	32	static
disp_display.c:1685:5:bsp_disp_lcd_dsi_gen_short_read	8	static
disp_display.c:1699:5:bsp_disp_lcd_dsi_dcs_read	8	static
disp_display.c:1712:5:bsp_disp_lcd_set_max_ret_size	0	static
