disp_enhance.c:31:42:disp_enhance_get_priv	0	static
disp_enhance.c:162:13:disp_enhance_is_enabled	8	static
disp_enhance.c:288:12:disp_enhance_get_mode	8	static
disp_enhance.c:321:12:disp_enhance_get_bright	8	static
disp_enhance.c:355:12:disp_enhance_get_saturation	8	static
disp_enhance.c:389:12:disp_enhance_get_contrast	8	static
disp_enhance.c:423:12:disp_enhance_get_edge	8	static
disp_enhance.c:457:12:disp_enhance_get_detail	8	static
disp_enhance.c:491:12:disp_enhance_get_denoise	8	static
disp_enhance.c:504:12:disp_enhance_set_manager	0	static
disp_enhance.c:520:12:disp_enhance_unset_manager	0	static
disp_enhance.c:538:12:disp_enhance_shadow_protect	16	static
disp_enhance.c:573:12:disp_enhance_init	8	static
disp_enhance.c:585:12:disp_enhance_exit	8	static
disp_enhance.c:553:12:disp_enhance_dump	128	static
disp_enhance.c:77:12:disp_enhance_update_regs	24	static
disp_enhance.c:101:12:disp_enhance_apply	128	static
disp_enhance.c:470:12:disp_enhance_set_denoise	16	static
disp_enhance.c:436:12:disp_enhance_set_detail	16	static
disp_enhance.c:402:12:disp_enhance_set_edge	16	static
disp_enhance.c:368:12:disp_enhance_set_contrast	16	static
disp_enhance.c:334:12:disp_enhance_set_saturation	16	static
disp_enhance.c:300:12:disp_enhance_set_bright	16	static
disp_enhance.c:269:12:disp_enhance_set_mode	16	static
disp_enhance.c:251:12:disp_enhance_demo_disable	16	static
disp_enhance.c:233:12:disp_enhance_demo_enable	16	static
disp_enhance.c:211:12:disp_enhance_disable	16	static
disp_enhance.c:174:12:disp_enhance_enable	16	static
disp_enhance.c:598:5:disp_enhance_set_para	16	static
disp_enhance.c:59:12:disp_enhance_tasklet	16	static
disp_enhance.c:41:12:disp_enhance_sync	16	static
disp_enhance.c:135:12:disp_enhance_force_apply	16	static
disp_enhance.c:18:22:disp_get_enhance	8	static
disp_enhance.c:650:5:disp_init_enhance	32	static
