disp_tv.c:12:41:disp_tv_get_priv	8	static
disp_tv.c:496:5:disp_tv_set_func	24	static
disp_tv.c:129:12:tv_calc_judge_line	32	static
disp_tv.c:248:5:disp_tv_sw_enable	24	static
disp_tv.c:175:5:disp_tv_enable	24	static
disp_tv.c:540:12:disp_tv_get_fps	8	static
disp_tv.c:594:13:disp_tv_check_config_dirty	16	static
disp_tv.c:620:12:disp_tv_get_static_config	16	static
disp_tv.c:349:12:disp_tv_init	8	static
disp_tv.c:577:5:disp_set_enhance_mode	16	static
disp_tv.c:526:5:disp_tv_check_support_mode	16	static
disp_tv.c:511:5:disp_tv_detect	8	static
disp_tv.c:480:5:disp_tv_get_input_csc	8	static
disp_tv.c:455:5:disp_tv_get_mode	16	static
disp_tv.c:432:5:disp_tv_set_mode	16	static
disp_tv.c:614:12:disp_tv_set_static_config	0	static
disp_tv.c:413:5:disp_tv_resume	16	static
disp_tv.c:395:5:disp_tv_suspend	16	static
disp_tv.c:381:5:disp_tv_is_enabled	8	static
disp_tv.c:27:12:disp_tv_event_proc	16	static
disp_tv.c:552:5:disp_init_tv_para	8	static
disp_tv.c:562:5:disp_tv_set_hpd	16	static
disp_tv.c:305:5:disp_tv_disable	16	static
disp_tv.c:364:5:disp_tv_exit	16	static
disp_tv.c:641:5:disp_init_tv	72	static
