disp_hdmi.c:273:12:disp_hdmi_event_proc	16	static
disp_hdmi.c:47:41:disp_hdmi_get_priv	8	static
disp_hdmi.c:736:13:disp_hdmi_check_config_dirty	16	static
disp_hdmi.c:832:12:disp_hdmi_set_dynamic_config	16	static
disp_hdmi.c:559:12:disp_hdmi_set_detect	24	static
disp_hdmi.c:447:12:disp_hdmi_disable	24	static
disp_hdmi.c:212:12:hdmi_calc_judge_line	32	static
disp_hdmi.c:400:12:disp_hdmi_sw_enable	24	static
disp_hdmi.c:330:5:disp_hdmi_enable	48	static
disp_hdmi.c:724:12:disp_hdmi_get_fps	8	static
disp_hdmi.c:546:12:disp_hdmi_detect	8	static
disp_hdmi.c:640:12:disp_hdmi_get_input_csc	8	static
disp_hdmi.c:655:12:disp_hdmi_get_input_color_range	8	static
disp_hdmi.c:609:12:disp_hdmi_get_work_mode	8	static
disp_hdmi.c:624:12:disp_hdmi_get_support_mode	16	static
disp_hdmi.c:594:12:disp_hdmi_check_support_mode	16	static
disp_hdmi.c:534:12:disp_hdmi_get_mode	8	static
disp_hdmi.c:498:12:disp_hdmi_is_enabled	8	static
disp_hdmi.c:316:12:disp_hdmi_exit	16	static
disp_hdmi.c:511:5:disp_hdmi_set_mode	16	static
disp_hdmi.c:711:12:disp_hdmi_get_status	8	static
disp_hdmi.c:690:12:disp_hdmi_resume	16	static
disp_hdmi.c:669:12:disp_hdmi_suspend	16	static
disp_hdmi.c:795:12:disp_hdmi_get_static_config	16	static
disp_hdmi.c:774:12:disp_hdmi_set_static_config	16	static
disp_hdmi.c:253:12:disp_hdmi_set_func	16	static
disp_hdmi.c:303:12:disp_hdmi_init	16	static
disp_hdmi.c:34:21:disp_get_hdmi	8	static
disp_hdmi.c:850:5:disp_init_hdmi	40	static
