net.c:361:13:net_clear_handlers	0	static
net.c:682:13:start_again_timeout_handler	0	static
net.c:746:13:dummy_handler	0	static
net.c:219:12:on_ipaddr	8	static
net.c:231:12:on_gatewayip	8	static
net.c:243:12:on_netmask	8	static
net.c:255:12:on_serverip	8	static
net.c:353:13:net_init_loop.part.0	8	static
net.c:373:6:net_init	8	static
net.c:687:5:net_start_again	16	static
net.c:752:11:net_get_udp_handler	0	static
net.c:757:6:net_set_udp_handler	0	static
net.c:766:11:net_get_arp_handler	0	static
net.c:771:6:net_set_arp_handler	0	static
net.c:787:6:net_set_timeout_handler	8	static
net.c:1052:6:net_process_received_packet	40	static
net.c:1398:1:net_eth_hdr_size	0	static
net.c:1410:5:net_set_ether	24	static
net.c:1435:5:net_update_ether	16	static
net.c:1458:6:net_set_ip_header	16	static
net.c:1479:6:net_set_udp_header	24	static
net.c:802:5:net_send_udp_packet	40	static
net.c:1503:6:copy_filename	0	static
net.c:1515:5:is_serverip_in_cmd	8	static
net.c:1310:12:net_check_prereq	8	static
net.c:309:6:net_auto_load	8	static
net.c:404:5:net_loop	48	static
net.c:1520:5:net_parse_bootfile	24	static
net.c:1548:14:random_port	8	static
net.c:1554:6:ip_to_string	16	static
net.c:1565:6:vlan_to_string	0	static
net.c:1578:8:string_to_vlan	8	static
net.c:267:12:on_nvlan	8	static
net.c:279:12:on_vlan	8	static
net.c:1593:8:env_get_vlan	8	static
