nand_for_uboot.c:57:6:nand_get_mbr	32	static
nand_for_uboot.c:102:5:nand_uboot_init	16	static
nand_for_uboot.c:116:5:nand_uboot_init_force_sprite	8	static
nand_for_uboot.c:122:5:nand_uboot_exit	16	static
nand_for_uboot.c:143:5:nand_uboot_probe	0	static
nand_for_uboot.c:150:6:nand_uboot_read	8	static
nand_for_uboot.c:160:6:nand_uboot_write	8	static
nand_for_uboot.c:171:5:nand_read_boot0	0	static
nand_for_uboot.c:176:5:nand_verify_boot0	16	static
nand_for_uboot.c:235:5:nand_download_boot0	16	static
nand_for_uboot.c:265:5:nand_write_boot0	16	static
nand_for_uboot.c:278:5:nand_verify_uboot	16	static
nand_for_uboot.c:344:5:nand_download_uboot	16	static
nand_for_uboot.c:371:5:nand_force_download_uboot	16	static
nand_for_uboot.c:384:5:nand_uboot_erase	0	static
nand_for_uboot.c:390:6:nand_uboot_get_flash_info	0	static
nand_for_uboot.c:395:6:nand_uboot_set_flash_info	0	static
nand_for_uboot.c:400:6:nand_uboot_get_flash_size	0	static
nand_for_uboot.c:405:5:nand_uboot_flush	0	static
