f_mass_storage.c:456:13:raise_exception	0	static
f_mass_storage.c:470:12:ep0_queue	8	static
f_mass_storage.c:489:13:bulk_in_complete	16	static
f_mass_storage.c:506:13:bulk_out_complete	16	static
f_mass_storage.c:2261:12:fsg_set_alt	8	static
f_mass_storage.c:2269:13:fsg_disable	0	static
f_mass_storage.c:529:12:fsg_setup	16	static
f_mass_storage.c:2633:13:fsg_unbind	8	static
storage_common.c:597:13:store_cdrom_address	16	static
f_mass_storage.c:432:12:fsg_set_halt.isra.7	0	static
f_mass_storage.c:583:13:start_transfer.isra.9	16	static
f_mass_storage.c:1378:12:halt_bulk_in_endpoint.isra.14	8	static
f_mass_storage.c:647:12:sleep_thread.isra.17	24	static
f_mass_storage.c:683:12:do_read	40	static
f_mass_storage.c:810:12:do_write	56	static
f_mass_storage.c:1597:12:send_status	24	static
f_mass_storage.c:1657:12:check_command.isra.19	48	static
f_mass_storage.c:1229:12:do_mode_sense.isra.21	40	static
f_mass_storage.c:2742:5:fsg_add	48	static
f_mass_storage.c:2170:12:do_set_interface	32	static
f_mass_storage.c:2386:5:fsg_main_thread	56	static
f_mass_storage.c:2597:1:usb_copy_descriptors	24	static
f_mass_storage.c:2648:12:fsg_bind	24	static
f_mass_storage.c:2760:5:fsg_init	0	static
