composite.c:246:12:count_configs	12	static
composite.c:483:13:collect_langs	16	static
composite.c:684:13:composite_setup_complete	0	static
composite.c:1014:1:composite_suspend	16	static
composite.c:1033:1:composite_resume	16	static
g_dnl.c:92:12:g_dnl_unbind	8	static
composite.c:502:12:lookup_string	24	static
composite.c:921:13:composite_unbind	24	static
composite.c:968:12:composite_bind	24	static
g_dnl.c:115:12:g_dnl_do_config	16	static
composite.c:290:13:reset_config.isra.0	16	static
composite.c:911:13:composite_disconnect	8	static
composite.c:699:1:composite_setup	48	static
composite.c:31:5:usb_add_function	16	static
composite.c:86:5:usb_function_deactivate	8	static
composite.c:109:5:usb_function_activate	0	static
composite.c:148:5:usb_interface_id	0	static
composite.c:415:5:usb_add_config	24	static
composite.c:609:5:usb_string_id	0	static
composite.c:639:5:usb_string_ids_tab	0	static
composite.c:673:5:usb_string_ids_n	0	static
composite.c:1080:5:usb_composite_register	8	static
composite.c:1105:6:usb_composite_unregister	8	static
g_dnl.c:50:6:g_dnl_set_serialnumber	16	static
g_dnl.c:211:12:on_serialno	8	static
g_dnl.c:150:5:board_usb_init	0	static
g_dnl.c:156:5:board_usb_cleanup	0	static
g_dnl.c:162:5:g_dnl_bind_fixup	0	static
g_dnl.c:167:12:g_dnl_get_board_bcd_device_number	0	static
g_dnl.c:219:12:g_dnl_bind	24	static
g_dnl.c:172:12:g_dnl_board_usb_cable_connected	0	static
g_dnl.c:179:6:g_dnl_detach	0	static
g_dnl.c:184:6:g_dnl_trigger_detach	0	static
g_dnl.c:189:6:g_dnl_clear_detach	0	static
g_dnl.c:290:5:g_dnl_register	8	static
g_dnl.c:305:6:g_dnl_unregister	0	static
